ARM GAS  /tmp/cc2nBuoj.s 			page 1


   1              		.cpu cortex-m3
   2              		.arch armv7-m
   3              		.fpu softvfp
   4              		.eabi_attribute 20, 1
   5              		.eabi_attribute 21, 1
   6              		.eabi_attribute 23, 3
   7              		.eabi_attribute 24, 1
   8              		.eabi_attribute 25, 1
   9              		.eabi_attribute 26, 1
  10              		.eabi_attribute 30, 1
  11              		.eabi_attribute 34, 1
  12              		.eabi_attribute 18, 4
  13              		.file	"main.c"
  14              		.text
  15              	.Ltext0:
  16              		.cfi_sections	.debug_frame
  17              		.file 1 "Core/Src/main.c"
  18              		.section	.text.MX_GPIO_Init,"ax",%progbits
  19              		.align	1
  20              		.syntax unified
  21              		.thumb
  22              		.thumb_func
  24              	MX_GPIO_Init:
  25              	.LFB69:
   1:Core/Src/main.c **** /* USER CODE BEGIN Header */
   2:Core/Src/main.c **** /**
   3:Core/Src/main.c ****   ******************************************************************************
   4:Core/Src/main.c ****   * @file           : main.c
   5:Core/Src/main.c ****   * @brief          : Main program body
   6:Core/Src/main.c ****   ******************************************************************************
   7:Core/Src/main.c ****   * @attention
   8:Core/Src/main.c ****   *
   9:Core/Src/main.c ****   * Copyright (c) 2025 STMicroelectronics.
  10:Core/Src/main.c ****   * All rights reserved.
  11:Core/Src/main.c ****   *
  12:Core/Src/main.c ****   * This software is licensed under terms that can be found in the LICENSE file
  13:Core/Src/main.c ****   * in the root directory of this software component.
  14:Core/Src/main.c ****   * If no LICENSE file comes with this software, it is provided AS-IS.
  15:Core/Src/main.c ****   *
  16:Core/Src/main.c ****   ******************************************************************************
  17:Core/Src/main.c ****   */
  18:Core/Src/main.c **** /* USER CODE END Header */
  19:Core/Src/main.c **** /* Includes ------------------------------------------------------------------*/
  20:Core/Src/main.c **** #include "main.h"
  21:Core/Src/main.c **** 
  22:Core/Src/main.c **** /* Private includes ----------------------------------------------------------*/
  23:Core/Src/main.c **** /* USER CODE BEGIN Includes */
  24:Core/Src/main.c **** 
  25:Core/Src/main.c **** /* USER CODE END Includes */
  26:Core/Src/main.c **** 
  27:Core/Src/main.c **** /* Private typedef -----------------------------------------------------------*/
  28:Core/Src/main.c **** /* USER CODE BEGIN PTD */
  29:Core/Src/main.c **** 
  30:Core/Src/main.c **** /* USER CODE END PTD */
  31:Core/Src/main.c **** 
  32:Core/Src/main.c **** /* Private define ------------------------------------------------------------*/
  33:Core/Src/main.c **** /* USER CODE BEGIN PD */
ARM GAS  /tmp/cc2nBuoj.s 			page 2


  34:Core/Src/main.c **** 
  35:Core/Src/main.c **** /* USER CODE END PD */
  36:Core/Src/main.c **** 
  37:Core/Src/main.c **** /* Private macro -------------------------------------------------------------*/
  38:Core/Src/main.c **** /* USER CODE BEGIN PM */
  39:Core/Src/main.c **** 
  40:Core/Src/main.c **** /* USER CODE END PM */
  41:Core/Src/main.c **** 
  42:Core/Src/main.c **** /* Private variables ---------------------------------------------------------*/
  43:Core/Src/main.c **** TIM_HandleTypeDef htim2;
  44:Core/Src/main.c **** TIM_HandleTypeDef htim3;
  45:Core/Src/main.c **** 
  46:Core/Src/main.c **** /* USER CODE BEGIN PV */
  47:Core/Src/main.c **** 
  48:Core/Src/main.c **** /* USER CODE END PV */
  49:Core/Src/main.c **** 
  50:Core/Src/main.c **** /* Private function prototypes -----------------------------------------------*/
  51:Core/Src/main.c **** void SystemClock_Config(void);
  52:Core/Src/main.c **** static void MX_GPIO_Init(void);
  53:Core/Src/main.c **** static void MX_TIM2_Init(void);
  54:Core/Src/main.c **** static void MX_TIM3_Init(void);
  55:Core/Src/main.c **** /* USER CODE BEGIN PFP */
  56:Core/Src/main.c **** 
  57:Core/Src/main.c **** /* USER CODE END PFP */
  58:Core/Src/main.c **** 
  59:Core/Src/main.c **** /* Private user code ---------------------------------------------------------*/
  60:Core/Src/main.c **** /* USER CODE BEGIN 0 */
  61:Core/Src/main.c **** 
  62:Core/Src/main.c **** /* USER CODE END 0 */
  63:Core/Src/main.c **** 
  64:Core/Src/main.c **** /**
  65:Core/Src/main.c ****   * @brief  The application entry point.
  66:Core/Src/main.c ****   * @retval int
  67:Core/Src/main.c ****   */
  68:Core/Src/main.c **** int main(void)
  69:Core/Src/main.c **** {
  70:Core/Src/main.c **** 
  71:Core/Src/main.c ****   /* USER CODE BEGIN 1 */
  72:Core/Src/main.c **** 
  73:Core/Src/main.c ****   /* USER CODE END 1 */
  74:Core/Src/main.c **** 
  75:Core/Src/main.c ****   /* MCU Configuration--------------------------------------------------------*/
  76:Core/Src/main.c **** 
  77:Core/Src/main.c ****   /* Reset of all peripherals, Initializes the Flash interface and the Systick. */
  78:Core/Src/main.c ****   HAL_Init();
  79:Core/Src/main.c **** 
  80:Core/Src/main.c ****   /* USER CODE BEGIN Init */
  81:Core/Src/main.c **** 
  82:Core/Src/main.c ****   /* USER CODE END Init */
  83:Core/Src/main.c **** 
  84:Core/Src/main.c ****   /* Configure the system clock */
  85:Core/Src/main.c ****   SystemClock_Config();
  86:Core/Src/main.c **** 
  87:Core/Src/main.c ****   /* USER CODE BEGIN SysInit */
  88:Core/Src/main.c **** 
  89:Core/Src/main.c ****   /* USER CODE END SysInit */
  90:Core/Src/main.c **** 
ARM GAS  /tmp/cc2nBuoj.s 			page 3


  91:Core/Src/main.c ****   /* Initialize all configured peripherals */
  92:Core/Src/main.c ****   MX_GPIO_Init();
  93:Core/Src/main.c ****   MX_TIM2_Init();
  94:Core/Src/main.c ****   MX_TIM3_Init();
  95:Core/Src/main.c ****   /* USER CODE BEGIN 2 */
  96:Core/Src/main.c ****   HAL_TIM_Base_Start_IT(&htim2);
  97:Core/Src/main.c ****   HAL_TIM_Base_Start_IT(&htim3);
  98:Core/Src/main.c ****   /* USER CODE END 2 */
  99:Core/Src/main.c **** 
 100:Core/Src/main.c ****   /* Infinite loop */
 101:Core/Src/main.c ****   /* USER CODE BEGIN WHILE */
 102:Core/Src/main.c ****   while (1)
 103:Core/Src/main.c ****   {
 104:Core/Src/main.c ****     /* USER CODE END WHILE */
 105:Core/Src/main.c **** 
 106:Core/Src/main.c ****     /* USER CODE BEGIN 3 */
 107:Core/Src/main.c ****   }
 108:Core/Src/main.c ****   /* USER CODE END 3 */
 109:Core/Src/main.c **** }
 110:Core/Src/main.c **** 
 111:Core/Src/main.c **** /**
 112:Core/Src/main.c ****   * @brief System Clock Configuration
 113:Core/Src/main.c ****   * @retval None
 114:Core/Src/main.c ****   */
 115:Core/Src/main.c **** void SystemClock_Config(void)
 116:Core/Src/main.c **** {
 117:Core/Src/main.c ****   RCC_OscInitTypeDef RCC_OscInitStruct = {0};
 118:Core/Src/main.c ****   RCC_ClkInitTypeDef RCC_ClkInitStruct = {0};
 119:Core/Src/main.c **** 
 120:Core/Src/main.c ****   /** Initializes the RCC Oscillators according to the specified parameters
 121:Core/Src/main.c ****   * in the RCC_OscInitTypeDef structure.
 122:Core/Src/main.c ****   */
 123:Core/Src/main.c ****   RCC_OscInitStruct.OscillatorType = RCC_OSCILLATORTYPE_HSE;
 124:Core/Src/main.c ****   RCC_OscInitStruct.HSEState = RCC_HSE_ON;
 125:Core/Src/main.c ****   RCC_OscInitStruct.HSEPredivValue = RCC_HSE_PREDIV_DIV1;
 126:Core/Src/main.c ****   RCC_OscInitStruct.HSIState = RCC_HSI_ON;
 127:Core/Src/main.c ****   RCC_OscInitStruct.PLL.PLLState = RCC_PLL_ON;
 128:Core/Src/main.c ****   RCC_OscInitStruct.PLL.PLLSource = RCC_PLLSOURCE_HSE;
 129:Core/Src/main.c ****   RCC_OscInitStruct.PLL.PLLMUL = RCC_PLL_MUL9;
 130:Core/Src/main.c ****   if (HAL_RCC_OscConfig(&RCC_OscInitStruct) != HAL_OK)
 131:Core/Src/main.c ****   {
 132:Core/Src/main.c ****     Error_Handler();
 133:Core/Src/main.c ****   }
 134:Core/Src/main.c **** 
 135:Core/Src/main.c ****   /** Initializes the CPU, AHB and APB buses clocks
 136:Core/Src/main.c ****   */
 137:Core/Src/main.c ****   RCC_ClkInitStruct.ClockType = RCC_CLOCKTYPE_HCLK|RCC_CLOCKTYPE_SYSCLK
 138:Core/Src/main.c ****                               |RCC_CLOCKTYPE_PCLK1|RCC_CLOCKTYPE_PCLK2;
 139:Core/Src/main.c ****   RCC_ClkInitStruct.SYSCLKSource = RCC_SYSCLKSOURCE_PLLCLK;
 140:Core/Src/main.c ****   RCC_ClkInitStruct.AHBCLKDivider = RCC_SYSCLK_DIV1;
 141:Core/Src/main.c ****   RCC_ClkInitStruct.APB1CLKDivider = RCC_HCLK_DIV2;
 142:Core/Src/main.c ****   RCC_ClkInitStruct.APB2CLKDivider = RCC_HCLK_DIV1;
 143:Core/Src/main.c **** 
 144:Core/Src/main.c ****   if (HAL_RCC_ClockConfig(&RCC_ClkInitStruct, FLASH_LATENCY_2) != HAL_OK)
 145:Core/Src/main.c ****   {
 146:Core/Src/main.c ****     Error_Handler();
 147:Core/Src/main.c ****   }
ARM GAS  /tmp/cc2nBuoj.s 			page 4


 148:Core/Src/main.c **** }
 149:Core/Src/main.c **** 
 150:Core/Src/main.c **** /**
 151:Core/Src/main.c ****   * @brief TIM2 Initialization Function
 152:Core/Src/main.c ****   * @param None
 153:Core/Src/main.c ****   * @retval None
 154:Core/Src/main.c ****   */
 155:Core/Src/main.c **** static void MX_TIM2_Init(void)
 156:Core/Src/main.c **** {
 157:Core/Src/main.c **** 
 158:Core/Src/main.c ****   /* USER CODE BEGIN TIM2_Init 0 */
 159:Core/Src/main.c **** 
 160:Core/Src/main.c ****   /* USER CODE END TIM2_Init 0 */
 161:Core/Src/main.c **** 
 162:Core/Src/main.c ****   TIM_ClockConfigTypeDef sClockSourceConfig = {0};
 163:Core/Src/main.c ****   TIM_MasterConfigTypeDef sMasterConfig = {0};
 164:Core/Src/main.c **** 
 165:Core/Src/main.c ****   /* USER CODE BEGIN TIM2_Init 1 */
 166:Core/Src/main.c **** 
 167:Core/Src/main.c ****   /* USER CODE END TIM2_Init 1 */
 168:Core/Src/main.c ****   htim2.Instance = TIM2;
 169:Core/Src/main.c ****   htim2.Init.Prescaler = 7200;
 170:Core/Src/main.c ****   htim2.Init.CounterMode = TIM_COUNTERMODE_UP;
 171:Core/Src/main.c ****   htim2.Init.Period = 30000;
 172:Core/Src/main.c ****   htim2.Init.ClockDivision = TIM_CLOCKDIVISION_DIV1;
 173:Core/Src/main.c ****   htim2.Init.AutoReloadPreload = TIM_AUTORELOAD_PRELOAD_DISABLE;
 174:Core/Src/main.c ****   if (HAL_TIM_Base_Init(&htim2) != HAL_OK)
 175:Core/Src/main.c ****   {
 176:Core/Src/main.c ****     Error_Handler();
 177:Core/Src/main.c ****   }
 178:Core/Src/main.c ****   sClockSourceConfig.ClockSource = TIM_CLOCKSOURCE_INTERNAL;
 179:Core/Src/main.c ****   if (HAL_TIM_ConfigClockSource(&htim2, &sClockSourceConfig) != HAL_OK)
 180:Core/Src/main.c ****   {
 181:Core/Src/main.c ****     Error_Handler();
 182:Core/Src/main.c ****   }
 183:Core/Src/main.c ****   sMasterConfig.MasterOutputTrigger = TIM_TRGO_RESET;
 184:Core/Src/main.c ****   sMasterConfig.MasterSlaveMode = TIM_MASTERSLAVEMODE_DISABLE;
 185:Core/Src/main.c ****   if (HAL_TIMEx_MasterConfigSynchronization(&htim2, &sMasterConfig) != HAL_OK)
 186:Core/Src/main.c ****   {
 187:Core/Src/main.c ****     Error_Handler();
 188:Core/Src/main.c ****   }
 189:Core/Src/main.c ****   /* USER CODE BEGIN TIM2_Init 2 */
 190:Core/Src/main.c **** 
 191:Core/Src/main.c ****   /* USER CODE END TIM2_Init 2 */
 192:Core/Src/main.c **** 
 193:Core/Src/main.c **** }
 194:Core/Src/main.c **** 
 195:Core/Src/main.c **** /**
 196:Core/Src/main.c ****   * @brief TIM3 Initialization Function
 197:Core/Src/main.c ****   * @param None
 198:Core/Src/main.c ****   * @retval None
 199:Core/Src/main.c ****   */
 200:Core/Src/main.c **** static void MX_TIM3_Init(void)
 201:Core/Src/main.c **** {
 202:Core/Src/main.c **** 
 203:Core/Src/main.c ****   /* USER CODE BEGIN TIM3_Init 0 */
 204:Core/Src/main.c **** 
ARM GAS  /tmp/cc2nBuoj.s 			page 5


 205:Core/Src/main.c ****   /* USER CODE END TIM3_Init 0 */
 206:Core/Src/main.c **** 
 207:Core/Src/main.c ****   TIM_ClockConfigTypeDef sClockSourceConfig = {0};
 208:Core/Src/main.c ****   TIM_MasterConfigTypeDef sMasterConfig = {0};
 209:Core/Src/main.c **** 
 210:Core/Src/main.c ****   /* USER CODE BEGIN TIM3_Init 1 */
 211:Core/Src/main.c **** 
 212:Core/Src/main.c ****   /* USER CODE END TIM3_Init 1 */
 213:Core/Src/main.c ****   htim3.Instance = TIM3;
 214:Core/Src/main.c ****   htim3.Init.Prescaler = 7200;
 215:Core/Src/main.c ****   htim3.Init.CounterMode = TIM_COUNTERMODE_UP;
 216:Core/Src/main.c ****   htim3.Init.Period = 20000;
 217:Core/Src/main.c ****   htim3.Init.ClockDivision = TIM_CLOCKDIVISION_DIV1;
 218:Core/Src/main.c ****   htim3.Init.AutoReloadPreload = TIM_AUTORELOAD_PRELOAD_DISABLE;
 219:Core/Src/main.c ****   if (HAL_TIM_Base_Init(&htim3) != HAL_OK)
 220:Core/Src/main.c ****   {
 221:Core/Src/main.c ****     Error_Handler();
 222:Core/Src/main.c ****   }
 223:Core/Src/main.c ****   sClockSourceConfig.ClockSource = TIM_CLOCKSOURCE_INTERNAL;
 224:Core/Src/main.c ****   if (HAL_TIM_ConfigClockSource(&htim3, &sClockSourceConfig) != HAL_OK)
 225:Core/Src/main.c ****   {
 226:Core/Src/main.c ****     Error_Handler();
 227:Core/Src/main.c ****   }
 228:Core/Src/main.c ****   sMasterConfig.MasterOutputTrigger = TIM_TRGO_RESET;
 229:Core/Src/main.c ****   sMasterConfig.MasterSlaveMode = TIM_MASTERSLAVEMODE_DISABLE;
 230:Core/Src/main.c ****   if (HAL_TIMEx_MasterConfigSynchronization(&htim3, &sMasterConfig) != HAL_OK)
 231:Core/Src/main.c ****   {
 232:Core/Src/main.c ****     Error_Handler();
 233:Core/Src/main.c ****   }
 234:Core/Src/main.c ****   /* USER CODE BEGIN TIM3_Init 2 */
 235:Core/Src/main.c **** 
 236:Core/Src/main.c ****   /* USER CODE END TIM3_Init 2 */
 237:Core/Src/main.c **** 
 238:Core/Src/main.c **** }
 239:Core/Src/main.c **** 
 240:Core/Src/main.c **** /**
 241:Core/Src/main.c ****   * @brief GPIO Initialization Function
 242:Core/Src/main.c ****   * @param None
 243:Core/Src/main.c ****   * @retval None
 244:Core/Src/main.c ****   */
 245:Core/Src/main.c **** static void MX_GPIO_Init(void)
 246:Core/Src/main.c **** {
  26              		.loc 1 246 1 view -0
  27              		.cfi_startproc
  28              		@ args = 0, pretend = 0, frame = 24
  29              		@ frame_needed = 0, uses_anonymous_args = 0
  30 0000 70B5     		push	{r4, r5, r6, lr}
  31              		.cfi_def_cfa_offset 16
  32              		.cfi_offset 4, -16
  33              		.cfi_offset 5, -12
  34              		.cfi_offset 6, -8
  35              		.cfi_offset 14, -4
  36 0002 86B0     		sub	sp, sp, #24
  37              		.cfi_def_cfa_offset 40
 247:Core/Src/main.c ****   GPIO_InitTypeDef GPIO_InitStruct = {0};
  38              		.loc 1 247 3 view .LVU1
  39              		.loc 1 247 20 is_stmt 0 view .LVU2
ARM GAS  /tmp/cc2nBuoj.s 			page 6


  40 0004 02AD     		add	r5, sp, #8
  41 0006 0024     		movs	r4, #0
  42 0008 0294     		str	r4, [sp, #8]
  43 000a 0394     		str	r4, [sp, #12]
  44 000c 0494     		str	r4, [sp, #16]
  45 000e 0594     		str	r4, [sp, #20]
 248:Core/Src/main.c **** /* USER CODE BEGIN MX_GPIO_Init_1 */
 249:Core/Src/main.c **** /* USER CODE END MX_GPIO_Init_1 */
 250:Core/Src/main.c **** 
 251:Core/Src/main.c ****   /* GPIO Ports Clock Enable */
 252:Core/Src/main.c ****   __HAL_RCC_GPIOD_CLK_ENABLE();
  46              		.loc 1 252 3 is_stmt 1 view .LVU3
  47              	.LBB4:
  48              		.loc 1 252 3 view .LVU4
  49              		.loc 1 252 3 view .LVU5
  50 0010 124B     		ldr	r3, .L3
  51 0012 9A69     		ldr	r2, [r3, #24]
  52 0014 42F02002 		orr	r2, r2, #32
  53 0018 9A61     		str	r2, [r3, #24]
  54              		.loc 1 252 3 view .LVU6
  55 001a 9A69     		ldr	r2, [r3, #24]
  56 001c 02F02002 		and	r2, r2, #32
  57 0020 0092     		str	r2, [sp]
  58              		.loc 1 252 3 view .LVU7
  59 0022 009A     		ldr	r2, [sp]
  60              	.LBE4:
  61              		.loc 1 252 3 view .LVU8
 253:Core/Src/main.c ****   __HAL_RCC_GPIOA_CLK_ENABLE();
  62              		.loc 1 253 3 view .LVU9
  63              	.LBB5:
  64              		.loc 1 253 3 view .LVU10
  65              		.loc 1 253 3 view .LVU11
  66 0024 9A69     		ldr	r2, [r3, #24]
  67 0026 42F00402 		orr	r2, r2, #4
  68 002a 9A61     		str	r2, [r3, #24]
  69              		.loc 1 253 3 view .LVU12
  70 002c 9B69     		ldr	r3, [r3, #24]
  71 002e 03F00403 		and	r3, r3, #4
  72 0032 0193     		str	r3, [sp, #4]
  73              		.loc 1 253 3 view .LVU13
  74 0034 019B     		ldr	r3, [sp, #4]
  75              	.LBE5:
  76              		.loc 1 253 3 view .LVU14
 254:Core/Src/main.c **** 
 255:Core/Src/main.c ****   /*Configure GPIO pin Output Level */
 256:Core/Src/main.c ****   HAL_GPIO_WritePin(GPIOA, led_red_Pin|led_green_Pin, GPIO_PIN_RESET);
  77              		.loc 1 256 3 view .LVU15
  78 0036 0A4E     		ldr	r6, .L3+4
  79 0038 2246     		mov	r2, r4
  80 003a 4821     		movs	r1, #72
  81 003c 3046     		mov	r0, r6
  82 003e FFF7FEFF 		bl	HAL_GPIO_WritePin
  83              	.LVL0:
 257:Core/Src/main.c **** 
 258:Core/Src/main.c ****   /*Configure GPIO pins : led_red_Pin led_green_Pin */
 259:Core/Src/main.c ****   GPIO_InitStruct.Pin = led_red_Pin|led_green_Pin;
  84              		.loc 1 259 3 view .LVU16
ARM GAS  /tmp/cc2nBuoj.s 			page 7


  85              		.loc 1 259 23 is_stmt 0 view .LVU17
  86 0042 4823     		movs	r3, #72
  87 0044 0293     		str	r3, [sp, #8]
 260:Core/Src/main.c ****   GPIO_InitStruct.Mode = GPIO_MODE_OUTPUT_PP;
  88              		.loc 1 260 3 is_stmt 1 view .LVU18
  89              		.loc 1 260 24 is_stmt 0 view .LVU19
  90 0046 0123     		movs	r3, #1
  91 0048 0393     		str	r3, [sp, #12]
 261:Core/Src/main.c ****   GPIO_InitStruct.Pull = GPIO_NOPULL;
  92              		.loc 1 261 3 is_stmt 1 view .LVU20
  93              		.loc 1 261 24 is_stmt 0 view .LVU21
  94 004a 0494     		str	r4, [sp, #16]
 262:Core/Src/main.c ****   GPIO_InitStruct.Speed = GPIO_SPEED_FREQ_LOW;
  95              		.loc 1 262 3 is_stmt 1 view .LVU22
  96              		.loc 1 262 25 is_stmt 0 view .LVU23
  97 004c 0223     		movs	r3, #2
  98 004e 0593     		str	r3, [sp, #20]
 263:Core/Src/main.c ****   HAL_GPIO_Init(GPIOA, &GPIO_InitStruct);
  99              		.loc 1 263 3 is_stmt 1 view .LVU24
 100 0050 2946     		mov	r1, r5
 101 0052 3046     		mov	r0, r6
 102 0054 FFF7FEFF 		bl	HAL_GPIO_Init
 103              	.LVL1:
 264:Core/Src/main.c **** 
 265:Core/Src/main.c **** /* USER CODE BEGIN MX_GPIO_Init_2 */
 266:Core/Src/main.c **** /* USER CODE END MX_GPIO_Init_2 */
 267:Core/Src/main.c **** }
 104              		.loc 1 267 1 is_stmt 0 view .LVU25
 105 0058 06B0     		add	sp, sp, #24
 106              		.cfi_def_cfa_offset 16
 107              		@ sp needed
 108 005a 70BD     		pop	{r4, r5, r6, pc}
 109              	.L4:
 110              		.align	2
 111              	.L3:
 112 005c 00100240 		.word	1073876992
 113 0060 00080140 		.word	1073809408
 114              		.cfi_endproc
 115              	.LFE69:
 117              		.section	.text.HAL_TIM_PeriodElapsedCallback,"ax",%progbits
 118              		.align	1
 119              		.global	HAL_TIM_PeriodElapsedCallback
 120              		.syntax unified
 121              		.thumb
 122              		.thumb_func
 124              	HAL_TIM_PeriodElapsedCallback:
 125              	.LVL2:
 126              	.LFB70:
 268:Core/Src/main.c **** 
 269:Core/Src/main.c **** /* USER CODE BEGIN 4 */
 270:Core/Src/main.c **** void HAL_TIM_PeriodElapsedCallback(TIM_HandleTypeDef *htim)
 271:Core/Src/main.c **** {
 127              		.loc 1 271 1 is_stmt 1 view -0
 128              		.cfi_startproc
 129              		@ args = 0, pretend = 0, frame = 0
 130              		@ frame_needed = 0, uses_anonymous_args = 0
 131              		.loc 1 271 1 is_stmt 0 view .LVU27
ARM GAS  /tmp/cc2nBuoj.s 			page 8


 132 0000 10B5     		push	{r4, lr}
 133              		.cfi_def_cfa_offset 8
 134              		.cfi_offset 4, -8
 135              		.cfi_offset 14, -4
 136 0002 0446     		mov	r4, r0
 272:Core/Src/main.c ****   if(htim==&htim2)
 137              		.loc 1 272 3 is_stmt 1 view .LVU28
 138              		.loc 1 272 5 is_stmt 0 view .LVU29
 139 0004 084B     		ldr	r3, .L11
 140 0006 9842     		cmp	r0, r3
 141 0008 03D0     		beq	.L9
 142              	.LVL3:
 143              	.L6:
 273:Core/Src/main.c ****     HAL_GPIO_TogglePin(GPIOA, led_red_Pin);
 274:Core/Src/main.c ****   if(htim==&htim3)
 144              		.loc 1 274 3 is_stmt 1 view .LVU30
 145              		.loc 1 274 5 is_stmt 0 view .LVU31
 146 000a 084B     		ldr	r3, .L11+4
 147 000c 9C42     		cmp	r4, r3
 148 000e 05D0     		beq	.L10
 149              	.L5:
 275:Core/Src/main.c ****     HAL_GPIO_TogglePin(GPIOA, led_green_Pin);
 276:Core/Src/main.c **** }
 150              		.loc 1 276 1 view .LVU32
 151 0010 10BD     		pop	{r4, pc}
 152              	.LVL4:
 153              	.L9:
 273:Core/Src/main.c ****     HAL_GPIO_TogglePin(GPIOA, led_red_Pin);
 154              		.loc 1 273 5 is_stmt 1 view .LVU33
 155 0012 0821     		movs	r1, #8
 156 0014 0648     		ldr	r0, .L11+8
 157              	.LVL5:
 273:Core/Src/main.c ****     HAL_GPIO_TogglePin(GPIOA, led_red_Pin);
 158              		.loc 1 273 5 is_stmt 0 view .LVU34
 159 0016 FFF7FEFF 		bl	HAL_GPIO_TogglePin
 160              	.LVL6:
 161 001a F6E7     		b	.L6
 162              	.L10:
 275:Core/Src/main.c ****     HAL_GPIO_TogglePin(GPIOA, led_green_Pin);
 163              		.loc 1 275 5 is_stmt 1 view .LVU35
 164 001c 4021     		movs	r1, #64
 165 001e 0448     		ldr	r0, .L11+8
 166 0020 FFF7FEFF 		bl	HAL_GPIO_TogglePin
 167              	.LVL7:
 168              		.loc 1 276 1 is_stmt 0 view .LVU36
 169 0024 F4E7     		b	.L5
 170              	.L12:
 171 0026 00BF     		.align	2
 172              	.L11:
 173 0028 00000000 		.word	htim2
 174 002c 00000000 		.word	htim3
 175 0030 00080140 		.word	1073809408
 176              		.cfi_endproc
 177              	.LFE70:
 179              		.section	.text.Error_Handler,"ax",%progbits
 180              		.align	1
 181              		.global	Error_Handler
ARM GAS  /tmp/cc2nBuoj.s 			page 9


 182              		.syntax unified
 183              		.thumb
 184              		.thumb_func
 186              	Error_Handler:
 187              	.LFB71:
 277:Core/Src/main.c **** 
 278:Core/Src/main.c **** /* USER CODE END 4 */
 279:Core/Src/main.c **** 
 280:Core/Src/main.c **** /**
 281:Core/Src/main.c ****   * @brief  This function is executed in case of error occurrence.
 282:Core/Src/main.c ****   * @retval None
 283:Core/Src/main.c ****   */
 284:Core/Src/main.c **** void Error_Handler(void)
 285:Core/Src/main.c **** {
 188              		.loc 1 285 1 is_stmt 1 view -0
 189              		.cfi_startproc
 190              		@ Volatile: function does not return.
 191              		@ args = 0, pretend = 0, frame = 0
 192              		@ frame_needed = 0, uses_anonymous_args = 0
 193              		@ link register save eliminated.
 286:Core/Src/main.c ****   /* USER CODE BEGIN Error_Handler_Debug */
 287:Core/Src/main.c ****   /* User can add his own implementation to report the HAL error return state */
 288:Core/Src/main.c ****   __disable_irq();
 194              		.loc 1 288 3 view .LVU38
 195              	.LBB6:
 196              	.LBI6:
 197              		.file 2 "Drivers/CMSIS/Include/cmsis_gcc.h"
   1:Drivers/CMSIS/Include/cmsis_gcc.h **** /**************************************************************************//**
   2:Drivers/CMSIS/Include/cmsis_gcc.h ****  * @file     cmsis_gcc.h
   3:Drivers/CMSIS/Include/cmsis_gcc.h ****  * @brief    CMSIS compiler GCC header file
   4:Drivers/CMSIS/Include/cmsis_gcc.h ****  * @version  V5.0.4
   5:Drivers/CMSIS/Include/cmsis_gcc.h ****  * @date     09. April 2018
   6:Drivers/CMSIS/Include/cmsis_gcc.h ****  ******************************************************************************/
   7:Drivers/CMSIS/Include/cmsis_gcc.h **** /*
   8:Drivers/CMSIS/Include/cmsis_gcc.h ****  * Copyright (c) 2009-2018 Arm Limited. All rights reserved.
   9:Drivers/CMSIS/Include/cmsis_gcc.h ****  *
  10:Drivers/CMSIS/Include/cmsis_gcc.h ****  * SPDX-License-Identifier: Apache-2.0
  11:Drivers/CMSIS/Include/cmsis_gcc.h ****  *
  12:Drivers/CMSIS/Include/cmsis_gcc.h ****  * Licensed under the Apache License, Version 2.0 (the License); you may
  13:Drivers/CMSIS/Include/cmsis_gcc.h ****  * not use this file except in compliance with the License.
  14:Drivers/CMSIS/Include/cmsis_gcc.h ****  * You may obtain a copy of the License at
  15:Drivers/CMSIS/Include/cmsis_gcc.h ****  *
  16:Drivers/CMSIS/Include/cmsis_gcc.h ****  * www.apache.org/licenses/LICENSE-2.0
  17:Drivers/CMSIS/Include/cmsis_gcc.h ****  *
  18:Drivers/CMSIS/Include/cmsis_gcc.h ****  * Unless required by applicable law or agreed to in writing, software
  19:Drivers/CMSIS/Include/cmsis_gcc.h ****  * distributed under the License is distributed on an AS IS BASIS, WITHOUT
  20:Drivers/CMSIS/Include/cmsis_gcc.h ****  * WARRANTIES OR CONDITIONS OF ANY KIND, either express or implied.
  21:Drivers/CMSIS/Include/cmsis_gcc.h ****  * See the License for the specific language governing permissions and
  22:Drivers/CMSIS/Include/cmsis_gcc.h ****  * limitations under the License.
  23:Drivers/CMSIS/Include/cmsis_gcc.h ****  */
  24:Drivers/CMSIS/Include/cmsis_gcc.h **** 
  25:Drivers/CMSIS/Include/cmsis_gcc.h **** #ifndef __CMSIS_GCC_H
  26:Drivers/CMSIS/Include/cmsis_gcc.h **** #define __CMSIS_GCC_H
  27:Drivers/CMSIS/Include/cmsis_gcc.h **** 
  28:Drivers/CMSIS/Include/cmsis_gcc.h **** /* ignore some GCC warnings */
  29:Drivers/CMSIS/Include/cmsis_gcc.h **** #pragma GCC diagnostic push
  30:Drivers/CMSIS/Include/cmsis_gcc.h **** #pragma GCC diagnostic ignored "-Wsign-conversion"
ARM GAS  /tmp/cc2nBuoj.s 			page 10


  31:Drivers/CMSIS/Include/cmsis_gcc.h **** #pragma GCC diagnostic ignored "-Wconversion"
  32:Drivers/CMSIS/Include/cmsis_gcc.h **** #pragma GCC diagnostic ignored "-Wunused-parameter"
  33:Drivers/CMSIS/Include/cmsis_gcc.h **** 
  34:Drivers/CMSIS/Include/cmsis_gcc.h **** /* Fallback for __has_builtin */
  35:Drivers/CMSIS/Include/cmsis_gcc.h **** #ifndef __has_builtin
  36:Drivers/CMSIS/Include/cmsis_gcc.h ****   #define __has_builtin(x) (0)
  37:Drivers/CMSIS/Include/cmsis_gcc.h **** #endif
  38:Drivers/CMSIS/Include/cmsis_gcc.h **** 
  39:Drivers/CMSIS/Include/cmsis_gcc.h **** /* CMSIS compiler specific defines */
  40:Drivers/CMSIS/Include/cmsis_gcc.h **** #ifndef   __ASM
  41:Drivers/CMSIS/Include/cmsis_gcc.h ****   #define __ASM                                  __asm
  42:Drivers/CMSIS/Include/cmsis_gcc.h **** #endif
  43:Drivers/CMSIS/Include/cmsis_gcc.h **** #ifndef   __INLINE
  44:Drivers/CMSIS/Include/cmsis_gcc.h ****   #define __INLINE                               inline
  45:Drivers/CMSIS/Include/cmsis_gcc.h **** #endif
  46:Drivers/CMSIS/Include/cmsis_gcc.h **** #ifndef   __STATIC_INLINE
  47:Drivers/CMSIS/Include/cmsis_gcc.h ****   #define __STATIC_INLINE                        static inline
  48:Drivers/CMSIS/Include/cmsis_gcc.h **** #endif
  49:Drivers/CMSIS/Include/cmsis_gcc.h **** #ifndef   __STATIC_FORCEINLINE                 
  50:Drivers/CMSIS/Include/cmsis_gcc.h ****   #define __STATIC_FORCEINLINE                   __attribute__((always_inline)) static inline
  51:Drivers/CMSIS/Include/cmsis_gcc.h **** #endif                                           
  52:Drivers/CMSIS/Include/cmsis_gcc.h **** #ifndef   __NO_RETURN
  53:Drivers/CMSIS/Include/cmsis_gcc.h ****   #define __NO_RETURN                            __attribute__((__noreturn__))
  54:Drivers/CMSIS/Include/cmsis_gcc.h **** #endif
  55:Drivers/CMSIS/Include/cmsis_gcc.h **** #ifndef   __USED
  56:Drivers/CMSIS/Include/cmsis_gcc.h ****   #define __USED                                 __attribute__((used))
  57:Drivers/CMSIS/Include/cmsis_gcc.h **** #endif
  58:Drivers/CMSIS/Include/cmsis_gcc.h **** #ifndef   __WEAK
  59:Drivers/CMSIS/Include/cmsis_gcc.h ****   #define __WEAK                                 __attribute__((weak))
  60:Drivers/CMSIS/Include/cmsis_gcc.h **** #endif
  61:Drivers/CMSIS/Include/cmsis_gcc.h **** #ifndef   __PACKED
  62:Drivers/CMSIS/Include/cmsis_gcc.h ****   #define __PACKED                               __attribute__((packed, aligned(1)))
  63:Drivers/CMSIS/Include/cmsis_gcc.h **** #endif
  64:Drivers/CMSIS/Include/cmsis_gcc.h **** #ifndef   __PACKED_STRUCT
  65:Drivers/CMSIS/Include/cmsis_gcc.h ****   #define __PACKED_STRUCT                        struct __attribute__((packed, aligned(1)))
  66:Drivers/CMSIS/Include/cmsis_gcc.h **** #endif
  67:Drivers/CMSIS/Include/cmsis_gcc.h **** #ifndef   __PACKED_UNION
  68:Drivers/CMSIS/Include/cmsis_gcc.h ****   #define __PACKED_UNION                         union __attribute__((packed, aligned(1)))
  69:Drivers/CMSIS/Include/cmsis_gcc.h **** #endif
  70:Drivers/CMSIS/Include/cmsis_gcc.h **** #ifndef   __UNALIGNED_UINT32        /* deprecated */
  71:Drivers/CMSIS/Include/cmsis_gcc.h ****   #pragma GCC diagnostic push
  72:Drivers/CMSIS/Include/cmsis_gcc.h ****   #pragma GCC diagnostic ignored "-Wpacked"
  73:Drivers/CMSIS/Include/cmsis_gcc.h ****   #pragma GCC diagnostic ignored "-Wattributes"
  74:Drivers/CMSIS/Include/cmsis_gcc.h ****   struct __attribute__((packed)) T_UINT32 { uint32_t v; };
  75:Drivers/CMSIS/Include/cmsis_gcc.h ****   #pragma GCC diagnostic pop
  76:Drivers/CMSIS/Include/cmsis_gcc.h ****   #define __UNALIGNED_UINT32(x)                  (((struct T_UINT32 *)(x))->v)
  77:Drivers/CMSIS/Include/cmsis_gcc.h **** #endif
  78:Drivers/CMSIS/Include/cmsis_gcc.h **** #ifndef   __UNALIGNED_UINT16_WRITE
  79:Drivers/CMSIS/Include/cmsis_gcc.h ****   #pragma GCC diagnostic push
  80:Drivers/CMSIS/Include/cmsis_gcc.h ****   #pragma GCC diagnostic ignored "-Wpacked"
  81:Drivers/CMSIS/Include/cmsis_gcc.h ****   #pragma GCC diagnostic ignored "-Wattributes"
  82:Drivers/CMSIS/Include/cmsis_gcc.h ****   __PACKED_STRUCT T_UINT16_WRITE { uint16_t v; };
  83:Drivers/CMSIS/Include/cmsis_gcc.h ****   #pragma GCC diagnostic pop
  84:Drivers/CMSIS/Include/cmsis_gcc.h ****   #define __UNALIGNED_UINT16_WRITE(addr, val)    (void)((((struct T_UINT16_WRITE *)(void *)(addr))-
  85:Drivers/CMSIS/Include/cmsis_gcc.h **** #endif
  86:Drivers/CMSIS/Include/cmsis_gcc.h **** #ifndef   __UNALIGNED_UINT16_READ
  87:Drivers/CMSIS/Include/cmsis_gcc.h ****   #pragma GCC diagnostic push
ARM GAS  /tmp/cc2nBuoj.s 			page 11


  88:Drivers/CMSIS/Include/cmsis_gcc.h ****   #pragma GCC diagnostic ignored "-Wpacked"
  89:Drivers/CMSIS/Include/cmsis_gcc.h ****   #pragma GCC diagnostic ignored "-Wattributes"
  90:Drivers/CMSIS/Include/cmsis_gcc.h ****   __PACKED_STRUCT T_UINT16_READ { uint16_t v; };
  91:Drivers/CMSIS/Include/cmsis_gcc.h ****   #pragma GCC diagnostic pop
  92:Drivers/CMSIS/Include/cmsis_gcc.h ****   #define __UNALIGNED_UINT16_READ(addr)          (((const struct T_UINT16_READ *)(const void *)(add
  93:Drivers/CMSIS/Include/cmsis_gcc.h **** #endif
  94:Drivers/CMSIS/Include/cmsis_gcc.h **** #ifndef   __UNALIGNED_UINT32_WRITE
  95:Drivers/CMSIS/Include/cmsis_gcc.h ****   #pragma GCC diagnostic push
  96:Drivers/CMSIS/Include/cmsis_gcc.h ****   #pragma GCC diagnostic ignored "-Wpacked"
  97:Drivers/CMSIS/Include/cmsis_gcc.h ****   #pragma GCC diagnostic ignored "-Wattributes"
  98:Drivers/CMSIS/Include/cmsis_gcc.h ****   __PACKED_STRUCT T_UINT32_WRITE { uint32_t v; };
  99:Drivers/CMSIS/Include/cmsis_gcc.h ****   #pragma GCC diagnostic pop
 100:Drivers/CMSIS/Include/cmsis_gcc.h ****   #define __UNALIGNED_UINT32_WRITE(addr, val)    (void)((((struct T_UINT32_WRITE *)(void *)(addr))-
 101:Drivers/CMSIS/Include/cmsis_gcc.h **** #endif
 102:Drivers/CMSIS/Include/cmsis_gcc.h **** #ifndef   __UNALIGNED_UINT32_READ
 103:Drivers/CMSIS/Include/cmsis_gcc.h ****   #pragma GCC diagnostic push
 104:Drivers/CMSIS/Include/cmsis_gcc.h ****   #pragma GCC diagnostic ignored "-Wpacked"
 105:Drivers/CMSIS/Include/cmsis_gcc.h ****   #pragma GCC diagnostic ignored "-Wattributes"
 106:Drivers/CMSIS/Include/cmsis_gcc.h ****   __PACKED_STRUCT T_UINT32_READ { uint32_t v; };
 107:Drivers/CMSIS/Include/cmsis_gcc.h ****   #pragma GCC diagnostic pop
 108:Drivers/CMSIS/Include/cmsis_gcc.h ****   #define __UNALIGNED_UINT32_READ(addr)          (((const struct T_UINT32_READ *)(const void *)(add
 109:Drivers/CMSIS/Include/cmsis_gcc.h **** #endif
 110:Drivers/CMSIS/Include/cmsis_gcc.h **** #ifndef   __ALIGNED
 111:Drivers/CMSIS/Include/cmsis_gcc.h ****   #define __ALIGNED(x)                           __attribute__((aligned(x)))
 112:Drivers/CMSIS/Include/cmsis_gcc.h **** #endif
 113:Drivers/CMSIS/Include/cmsis_gcc.h **** #ifndef   __RESTRICT
 114:Drivers/CMSIS/Include/cmsis_gcc.h ****   #define __RESTRICT                             __restrict
 115:Drivers/CMSIS/Include/cmsis_gcc.h **** #endif
 116:Drivers/CMSIS/Include/cmsis_gcc.h **** 
 117:Drivers/CMSIS/Include/cmsis_gcc.h **** 
 118:Drivers/CMSIS/Include/cmsis_gcc.h **** /* ###########################  Core Function Access  ########################### */
 119:Drivers/CMSIS/Include/cmsis_gcc.h **** /** \ingroup  CMSIS_Core_FunctionInterface
 120:Drivers/CMSIS/Include/cmsis_gcc.h ****     \defgroup CMSIS_Core_RegAccFunctions CMSIS Core Register Access Functions
 121:Drivers/CMSIS/Include/cmsis_gcc.h ****   @{
 122:Drivers/CMSIS/Include/cmsis_gcc.h ****  */
 123:Drivers/CMSIS/Include/cmsis_gcc.h **** 
 124:Drivers/CMSIS/Include/cmsis_gcc.h **** /**
 125:Drivers/CMSIS/Include/cmsis_gcc.h ****   \brief   Enable IRQ Interrupts
 126:Drivers/CMSIS/Include/cmsis_gcc.h ****   \details Enables IRQ interrupts by clearing the I-bit in the CPSR.
 127:Drivers/CMSIS/Include/cmsis_gcc.h ****            Can only be executed in Privileged modes.
 128:Drivers/CMSIS/Include/cmsis_gcc.h ****  */
 129:Drivers/CMSIS/Include/cmsis_gcc.h **** __STATIC_FORCEINLINE void __enable_irq(void)
 130:Drivers/CMSIS/Include/cmsis_gcc.h **** {
 131:Drivers/CMSIS/Include/cmsis_gcc.h ****   __ASM volatile ("cpsie i" : : : "memory");
 132:Drivers/CMSIS/Include/cmsis_gcc.h **** }
 133:Drivers/CMSIS/Include/cmsis_gcc.h **** 
 134:Drivers/CMSIS/Include/cmsis_gcc.h **** 
 135:Drivers/CMSIS/Include/cmsis_gcc.h **** /**
 136:Drivers/CMSIS/Include/cmsis_gcc.h ****   \brief   Disable IRQ Interrupts
 137:Drivers/CMSIS/Include/cmsis_gcc.h ****   \details Disables IRQ interrupts by setting the I-bit in the CPSR.
 138:Drivers/CMSIS/Include/cmsis_gcc.h ****            Can only be executed in Privileged modes.
 139:Drivers/CMSIS/Include/cmsis_gcc.h ****  */
 140:Drivers/CMSIS/Include/cmsis_gcc.h **** __STATIC_FORCEINLINE void __disable_irq(void)
 198              		.loc 2 140 27 view .LVU39
 199              	.LBB7:
 141:Drivers/CMSIS/Include/cmsis_gcc.h **** {
 142:Drivers/CMSIS/Include/cmsis_gcc.h ****   __ASM volatile ("cpsid i" : : : "memory");
ARM GAS  /tmp/cc2nBuoj.s 			page 12


 200              		.loc 2 142 3 view .LVU40
 201              		.syntax unified
 202              	@ 142 "Drivers/CMSIS/Include/cmsis_gcc.h" 1
 203 0000 72B6     		cpsid i
 204              	@ 0 "" 2
 205              		.thumb
 206              		.syntax unified
 207              	.L14:
 208              	.LBE7:
 209              	.LBE6:
 289:Core/Src/main.c ****   while (1)
 210              		.loc 1 289 3 view .LVU41
 290:Core/Src/main.c ****   {
 291:Core/Src/main.c ****   }
 211              		.loc 1 291 3 view .LVU42
 289:Core/Src/main.c ****   while (1)
 212              		.loc 1 289 9 view .LVU43
 213 0002 FEE7     		b	.L14
 214              		.cfi_endproc
 215              	.LFE71:
 217              		.section	.text.MX_TIM2_Init,"ax",%progbits
 218              		.align	1
 219              		.syntax unified
 220              		.thumb
 221              		.thumb_func
 223              	MX_TIM2_Init:
 224              	.LFB67:
 156:Core/Src/main.c **** 
 225              		.loc 1 156 1 view -0
 226              		.cfi_startproc
 227              		@ args = 0, pretend = 0, frame = 24
 228              		@ frame_needed = 0, uses_anonymous_args = 0
 229 0000 00B5     		push	{lr}
 230              		.cfi_def_cfa_offset 4
 231              		.cfi_offset 14, -4
 232 0002 87B0     		sub	sp, sp, #28
 233              		.cfi_def_cfa_offset 32
 162:Core/Src/main.c ****   TIM_MasterConfigTypeDef sMasterConfig = {0};
 234              		.loc 1 162 3 view .LVU45
 162:Core/Src/main.c ****   TIM_MasterConfigTypeDef sMasterConfig = {0};
 235              		.loc 1 162 26 is_stmt 0 view .LVU46
 236 0004 0023     		movs	r3, #0
 237 0006 0293     		str	r3, [sp, #8]
 238 0008 0393     		str	r3, [sp, #12]
 239 000a 0493     		str	r3, [sp, #16]
 240 000c 0593     		str	r3, [sp, #20]
 163:Core/Src/main.c **** 
 241              		.loc 1 163 3 is_stmt 1 view .LVU47
 163:Core/Src/main.c **** 
 242              		.loc 1 163 27 is_stmt 0 view .LVU48
 243 000e 0093     		str	r3, [sp]
 244 0010 0193     		str	r3, [sp, #4]
 168:Core/Src/main.c ****   htim2.Init.Prescaler = 7200;
 245              		.loc 1 168 3 is_stmt 1 view .LVU49
 168:Core/Src/main.c ****   htim2.Init.Prescaler = 7200;
 246              		.loc 1 168 18 is_stmt 0 view .LVU50
 247 0012 1448     		ldr	r0, .L23
ARM GAS  /tmp/cc2nBuoj.s 			page 13


 248 0014 4FF08042 		mov	r2, #1073741824
 249 0018 0260     		str	r2, [r0]
 169:Core/Src/main.c ****   htim2.Init.CounterMode = TIM_COUNTERMODE_UP;
 250              		.loc 1 169 3 is_stmt 1 view .LVU51
 169:Core/Src/main.c ****   htim2.Init.CounterMode = TIM_COUNTERMODE_UP;
 251              		.loc 1 169 24 is_stmt 0 view .LVU52
 252 001a 4FF4E152 		mov	r2, #7200
 253 001e 4260     		str	r2, [r0, #4]
 170:Core/Src/main.c ****   htim2.Init.Period = 30000;
 254              		.loc 1 170 3 is_stmt 1 view .LVU53
 170:Core/Src/main.c ****   htim2.Init.Period = 30000;
 255              		.loc 1 170 26 is_stmt 0 view .LVU54
 256 0020 8360     		str	r3, [r0, #8]
 171:Core/Src/main.c ****   htim2.Init.ClockDivision = TIM_CLOCKDIVISION_DIV1;
 257              		.loc 1 171 3 is_stmt 1 view .LVU55
 171:Core/Src/main.c ****   htim2.Init.ClockDivision = TIM_CLOCKDIVISION_DIV1;
 258              		.loc 1 171 21 is_stmt 0 view .LVU56
 259 0022 47F23052 		movw	r2, #30000
 260 0026 C260     		str	r2, [r0, #12]
 172:Core/Src/main.c ****   htim2.Init.AutoReloadPreload = TIM_AUTORELOAD_PRELOAD_DISABLE;
 261              		.loc 1 172 3 is_stmt 1 view .LVU57
 172:Core/Src/main.c ****   htim2.Init.AutoReloadPreload = TIM_AUTORELOAD_PRELOAD_DISABLE;
 262              		.loc 1 172 28 is_stmt 0 view .LVU58
 263 0028 0361     		str	r3, [r0, #16]
 173:Core/Src/main.c ****   if (HAL_TIM_Base_Init(&htim2) != HAL_OK)
 264              		.loc 1 173 3 is_stmt 1 view .LVU59
 173:Core/Src/main.c ****   if (HAL_TIM_Base_Init(&htim2) != HAL_OK)
 265              		.loc 1 173 32 is_stmt 0 view .LVU60
 266 002a 8361     		str	r3, [r0, #24]
 174:Core/Src/main.c ****   {
 267              		.loc 1 174 3 is_stmt 1 view .LVU61
 174:Core/Src/main.c ****   {
 268              		.loc 1 174 7 is_stmt 0 view .LVU62
 269 002c FFF7FEFF 		bl	HAL_TIM_Base_Init
 270              	.LVL8:
 174:Core/Src/main.c ****   {
 271              		.loc 1 174 6 discriminator 1 view .LVU63
 272 0030 90B9     		cbnz	r0, .L20
 178:Core/Src/main.c ****   if (HAL_TIM_ConfigClockSource(&htim2, &sClockSourceConfig) != HAL_OK)
 273              		.loc 1 178 3 is_stmt 1 view .LVU64
 178:Core/Src/main.c ****   if (HAL_TIM_ConfigClockSource(&htim2, &sClockSourceConfig) != HAL_OK)
 274              		.loc 1 178 34 is_stmt 0 view .LVU65
 275 0032 4FF48053 		mov	r3, #4096
 276 0036 0293     		str	r3, [sp, #8]
 179:Core/Src/main.c ****   {
 277              		.loc 1 179 3 is_stmt 1 view .LVU66
 179:Core/Src/main.c ****   {
 278              		.loc 1 179 7 is_stmt 0 view .LVU67
 279 0038 02A9     		add	r1, sp, #8
 280 003a 0A48     		ldr	r0, .L23
 281 003c FFF7FEFF 		bl	HAL_TIM_ConfigClockSource
 282              	.LVL9:
 179:Core/Src/main.c ****   {
 283              		.loc 1 179 6 discriminator 1 view .LVU68
 284 0040 60B9     		cbnz	r0, .L21
 183:Core/Src/main.c ****   sMasterConfig.MasterSlaveMode = TIM_MASTERSLAVEMODE_DISABLE;
 285              		.loc 1 183 3 is_stmt 1 view .LVU69
ARM GAS  /tmp/cc2nBuoj.s 			page 14


 183:Core/Src/main.c ****   sMasterConfig.MasterSlaveMode = TIM_MASTERSLAVEMODE_DISABLE;
 286              		.loc 1 183 37 is_stmt 0 view .LVU70
 287 0042 0023     		movs	r3, #0
 288 0044 0093     		str	r3, [sp]
 184:Core/Src/main.c ****   if (HAL_TIMEx_MasterConfigSynchronization(&htim2, &sMasterConfig) != HAL_OK)
 289              		.loc 1 184 3 is_stmt 1 view .LVU71
 184:Core/Src/main.c ****   if (HAL_TIMEx_MasterConfigSynchronization(&htim2, &sMasterConfig) != HAL_OK)
 290              		.loc 1 184 33 is_stmt 0 view .LVU72
 291 0046 0193     		str	r3, [sp, #4]
 185:Core/Src/main.c ****   {
 292              		.loc 1 185 3 is_stmt 1 view .LVU73
 185:Core/Src/main.c ****   {
 293              		.loc 1 185 7 is_stmt 0 view .LVU74
 294 0048 6946     		mov	r1, sp
 295 004a 0648     		ldr	r0, .L23
 296 004c FFF7FEFF 		bl	HAL_TIMEx_MasterConfigSynchronization
 297              	.LVL10:
 185:Core/Src/main.c ****   {
 298              		.loc 1 185 6 discriminator 1 view .LVU75
 299 0050 30B9     		cbnz	r0, .L22
 193:Core/Src/main.c **** 
 300              		.loc 1 193 1 view .LVU76
 301 0052 07B0     		add	sp, sp, #28
 302              		.cfi_remember_state
 303              		.cfi_def_cfa_offset 4
 304              		@ sp needed
 305 0054 5DF804FB 		ldr	pc, [sp], #4
 306              	.L20:
 307              		.cfi_restore_state
 176:Core/Src/main.c ****   }
 308              		.loc 1 176 5 is_stmt 1 view .LVU77
 309 0058 FFF7FEFF 		bl	Error_Handler
 310              	.LVL11:
 311              	.L21:
 181:Core/Src/main.c ****   }
 312              		.loc 1 181 5 view .LVU78
 313 005c FFF7FEFF 		bl	Error_Handler
 314              	.LVL12:
 315              	.L22:
 187:Core/Src/main.c ****   }
 316              		.loc 1 187 5 view .LVU79
 317 0060 FFF7FEFF 		bl	Error_Handler
 318              	.LVL13:
 319              	.L24:
 320              		.align	2
 321              	.L23:
 322 0064 00000000 		.word	htim2
 323              		.cfi_endproc
 324              	.LFE67:
 326              		.section	.text.MX_TIM3_Init,"ax",%progbits
 327              		.align	1
 328              		.syntax unified
 329              		.thumb
 330              		.thumb_func
 332              	MX_TIM3_Init:
 333              	.LFB68:
 201:Core/Src/main.c **** 
ARM GAS  /tmp/cc2nBuoj.s 			page 15


 334              		.loc 1 201 1 view -0
 335              		.cfi_startproc
 336              		@ args = 0, pretend = 0, frame = 24
 337              		@ frame_needed = 0, uses_anonymous_args = 0
 338 0000 00B5     		push	{lr}
 339              		.cfi_def_cfa_offset 4
 340              		.cfi_offset 14, -4
 341 0002 87B0     		sub	sp, sp, #28
 342              		.cfi_def_cfa_offset 32
 207:Core/Src/main.c ****   TIM_MasterConfigTypeDef sMasterConfig = {0};
 343              		.loc 1 207 3 view .LVU81
 207:Core/Src/main.c ****   TIM_MasterConfigTypeDef sMasterConfig = {0};
 344              		.loc 1 207 26 is_stmt 0 view .LVU82
 345 0004 0023     		movs	r3, #0
 346 0006 0293     		str	r3, [sp, #8]
 347 0008 0393     		str	r3, [sp, #12]
 348 000a 0493     		str	r3, [sp, #16]
 349 000c 0593     		str	r3, [sp, #20]
 208:Core/Src/main.c **** 
 350              		.loc 1 208 3 is_stmt 1 view .LVU83
 208:Core/Src/main.c **** 
 351              		.loc 1 208 27 is_stmt 0 view .LVU84
 352 000e 0093     		str	r3, [sp]
 353 0010 0193     		str	r3, [sp, #4]
 213:Core/Src/main.c ****   htim3.Init.Prescaler = 7200;
 354              		.loc 1 213 3 is_stmt 1 view .LVU85
 213:Core/Src/main.c ****   htim3.Init.Prescaler = 7200;
 355              		.loc 1 213 18 is_stmt 0 view .LVU86
 356 0012 1448     		ldr	r0, .L33
 357 0014 144A     		ldr	r2, .L33+4
 358 0016 0260     		str	r2, [r0]
 214:Core/Src/main.c ****   htim3.Init.CounterMode = TIM_COUNTERMODE_UP;
 359              		.loc 1 214 3 is_stmt 1 view .LVU87
 214:Core/Src/main.c ****   htim3.Init.CounterMode = TIM_COUNTERMODE_UP;
 360              		.loc 1 214 24 is_stmt 0 view .LVU88
 361 0018 4FF4E152 		mov	r2, #7200
 362 001c 4260     		str	r2, [r0, #4]
 215:Core/Src/main.c ****   htim3.Init.Period = 20000;
 363              		.loc 1 215 3 is_stmt 1 view .LVU89
 215:Core/Src/main.c ****   htim3.Init.Period = 20000;
 364              		.loc 1 215 26 is_stmt 0 view .LVU90
 365 001e 8360     		str	r3, [r0, #8]
 216:Core/Src/main.c ****   htim3.Init.ClockDivision = TIM_CLOCKDIVISION_DIV1;
 366              		.loc 1 216 3 is_stmt 1 view .LVU91
 216:Core/Src/main.c ****   htim3.Init.ClockDivision = TIM_CLOCKDIVISION_DIV1;
 367              		.loc 1 216 21 is_stmt 0 view .LVU92
 368 0020 44F62062 		movw	r2, #20000
 369 0024 C260     		str	r2, [r0, #12]
 217:Core/Src/main.c ****   htim3.Init.AutoReloadPreload = TIM_AUTORELOAD_PRELOAD_DISABLE;
 370              		.loc 1 217 3 is_stmt 1 view .LVU93
 217:Core/Src/main.c ****   htim3.Init.AutoReloadPreload = TIM_AUTORELOAD_PRELOAD_DISABLE;
 371              		.loc 1 217 28 is_stmt 0 view .LVU94
 372 0026 0361     		str	r3, [r0, #16]
 218:Core/Src/main.c ****   if (HAL_TIM_Base_Init(&htim3) != HAL_OK)
 373              		.loc 1 218 3 is_stmt 1 view .LVU95
 218:Core/Src/main.c ****   if (HAL_TIM_Base_Init(&htim3) != HAL_OK)
 374              		.loc 1 218 32 is_stmt 0 view .LVU96
ARM GAS  /tmp/cc2nBuoj.s 			page 16


 375 0028 8361     		str	r3, [r0, #24]
 219:Core/Src/main.c ****   {
 376              		.loc 1 219 3 is_stmt 1 view .LVU97
 219:Core/Src/main.c ****   {
 377              		.loc 1 219 7 is_stmt 0 view .LVU98
 378 002a FFF7FEFF 		bl	HAL_TIM_Base_Init
 379              	.LVL14:
 219:Core/Src/main.c ****   {
 380              		.loc 1 219 6 discriminator 1 view .LVU99
 381 002e 90B9     		cbnz	r0, .L30
 223:Core/Src/main.c ****   if (HAL_TIM_ConfigClockSource(&htim3, &sClockSourceConfig) != HAL_OK)
 382              		.loc 1 223 3 is_stmt 1 view .LVU100
 223:Core/Src/main.c ****   if (HAL_TIM_ConfigClockSource(&htim3, &sClockSourceConfig) != HAL_OK)
 383              		.loc 1 223 34 is_stmt 0 view .LVU101
 384 0030 4FF48053 		mov	r3, #4096
 385 0034 0293     		str	r3, [sp, #8]
 224:Core/Src/main.c ****   {
 386              		.loc 1 224 3 is_stmt 1 view .LVU102
 224:Core/Src/main.c ****   {
 387              		.loc 1 224 7 is_stmt 0 view .LVU103
 388 0036 02A9     		add	r1, sp, #8
 389 0038 0A48     		ldr	r0, .L33
 390 003a FFF7FEFF 		bl	HAL_TIM_ConfigClockSource
 391              	.LVL15:
 224:Core/Src/main.c ****   {
 392              		.loc 1 224 6 discriminator 1 view .LVU104
 393 003e 60B9     		cbnz	r0, .L31
 228:Core/Src/main.c ****   sMasterConfig.MasterSlaveMode = TIM_MASTERSLAVEMODE_DISABLE;
 394              		.loc 1 228 3 is_stmt 1 view .LVU105
 228:Core/Src/main.c ****   sMasterConfig.MasterSlaveMode = TIM_MASTERSLAVEMODE_DISABLE;
 395              		.loc 1 228 37 is_stmt 0 view .LVU106
 396 0040 0023     		movs	r3, #0
 397 0042 0093     		str	r3, [sp]
 229:Core/Src/main.c ****   if (HAL_TIMEx_MasterConfigSynchronization(&htim3, &sMasterConfig) != HAL_OK)
 398              		.loc 1 229 3 is_stmt 1 view .LVU107
 229:Core/Src/main.c ****   if (HAL_TIMEx_MasterConfigSynchronization(&htim3, &sMasterConfig) != HAL_OK)
 399              		.loc 1 229 33 is_stmt 0 view .LVU108
 400 0044 0193     		str	r3, [sp, #4]
 230:Core/Src/main.c ****   {
 401              		.loc 1 230 3 is_stmt 1 view .LVU109
 230:Core/Src/main.c ****   {
 402              		.loc 1 230 7 is_stmt 0 view .LVU110
 403 0046 6946     		mov	r1, sp
 404 0048 0648     		ldr	r0, .L33
 405 004a FFF7FEFF 		bl	HAL_TIMEx_MasterConfigSynchronization
 406              	.LVL16:
 230:Core/Src/main.c ****   {
 407              		.loc 1 230 6 discriminator 1 view .LVU111
 408 004e 30B9     		cbnz	r0, .L32
 238:Core/Src/main.c **** 
 409              		.loc 1 238 1 view .LVU112
 410 0050 07B0     		add	sp, sp, #28
 411              		.cfi_remember_state
 412              		.cfi_def_cfa_offset 4
 413              		@ sp needed
 414 0052 5DF804FB 		ldr	pc, [sp], #4
 415              	.L30:
ARM GAS  /tmp/cc2nBuoj.s 			page 17


 416              		.cfi_restore_state
 221:Core/Src/main.c ****   }
 417              		.loc 1 221 5 is_stmt 1 view .LVU113
 418 0056 FFF7FEFF 		bl	Error_Handler
 419              	.LVL17:
 420              	.L31:
 226:Core/Src/main.c ****   }
 421              		.loc 1 226 5 view .LVU114
 422 005a FFF7FEFF 		bl	Error_Handler
 423              	.LVL18:
 424              	.L32:
 232:Core/Src/main.c ****   }
 425              		.loc 1 232 5 view .LVU115
 426 005e FFF7FEFF 		bl	Error_Handler
 427              	.LVL19:
 428              	.L34:
 429 0062 00BF     		.align	2
 430              	.L33:
 431 0064 00000000 		.word	htim3
 432 0068 00040040 		.word	1073742848
 433              		.cfi_endproc
 434              	.LFE68:
 436              		.section	.text.SystemClock_Config,"ax",%progbits
 437              		.align	1
 438              		.global	SystemClock_Config
 439              		.syntax unified
 440              		.thumb
 441              		.thumb_func
 443              	SystemClock_Config:
 444              	.LFB66:
 116:Core/Src/main.c ****   RCC_OscInitTypeDef RCC_OscInitStruct = {0};
 445              		.loc 1 116 1 view -0
 446              		.cfi_startproc
 447              		@ args = 0, pretend = 0, frame = 64
 448              		@ frame_needed = 0, uses_anonymous_args = 0
 449 0000 10B5     		push	{r4, lr}
 450              		.cfi_def_cfa_offset 8
 451              		.cfi_offset 4, -8
 452              		.cfi_offset 14, -4
 453 0002 90B0     		sub	sp, sp, #64
 454              		.cfi_def_cfa_offset 72
 117:Core/Src/main.c ****   RCC_ClkInitTypeDef RCC_ClkInitStruct = {0};
 455              		.loc 1 117 3 view .LVU117
 117:Core/Src/main.c ****   RCC_ClkInitTypeDef RCC_ClkInitStruct = {0};
 456              		.loc 1 117 22 is_stmt 0 view .LVU118
 457 0004 06AC     		add	r4, sp, #24
 458 0006 2822     		movs	r2, #40
 459 0008 0021     		movs	r1, #0
 460 000a 2046     		mov	r0, r4
 461 000c FFF7FEFF 		bl	memset
 462              	.LVL20:
 118:Core/Src/main.c **** 
 463              		.loc 1 118 3 is_stmt 1 view .LVU119
 118:Core/Src/main.c **** 
 464              		.loc 1 118 22 is_stmt 0 view .LVU120
 465 0010 0023     		movs	r3, #0
 466 0012 0193     		str	r3, [sp, #4]
ARM GAS  /tmp/cc2nBuoj.s 			page 18


 467 0014 0293     		str	r3, [sp, #8]
 468 0016 0393     		str	r3, [sp, #12]
 469 0018 0493     		str	r3, [sp, #16]
 470 001a 0593     		str	r3, [sp, #20]
 123:Core/Src/main.c ****   RCC_OscInitStruct.HSEState = RCC_HSE_ON;
 471              		.loc 1 123 3 is_stmt 1 view .LVU121
 123:Core/Src/main.c ****   RCC_OscInitStruct.HSEState = RCC_HSE_ON;
 472              		.loc 1 123 36 is_stmt 0 view .LVU122
 473 001c 0122     		movs	r2, #1
 474 001e 0692     		str	r2, [sp, #24]
 124:Core/Src/main.c ****   RCC_OscInitStruct.HSEPredivValue = RCC_HSE_PREDIV_DIV1;
 475              		.loc 1 124 3 is_stmt 1 view .LVU123
 124:Core/Src/main.c ****   RCC_OscInitStruct.HSEPredivValue = RCC_HSE_PREDIV_DIV1;
 476              		.loc 1 124 30 is_stmt 0 view .LVU124
 477 0020 4FF48033 		mov	r3, #65536
 478 0024 0793     		str	r3, [sp, #28]
 125:Core/Src/main.c ****   RCC_OscInitStruct.HSIState = RCC_HSI_ON;
 479              		.loc 1 125 3 is_stmt 1 view .LVU125
 126:Core/Src/main.c ****   RCC_OscInitStruct.PLL.PLLState = RCC_PLL_ON;
 480              		.loc 1 126 3 view .LVU126
 126:Core/Src/main.c ****   RCC_OscInitStruct.PLL.PLLState = RCC_PLL_ON;
 481              		.loc 1 126 30 is_stmt 0 view .LVU127
 482 0026 0A92     		str	r2, [sp, #40]
 127:Core/Src/main.c ****   RCC_OscInitStruct.PLL.PLLSource = RCC_PLLSOURCE_HSE;
 483              		.loc 1 127 3 is_stmt 1 view .LVU128
 127:Core/Src/main.c ****   RCC_OscInitStruct.PLL.PLLSource = RCC_PLLSOURCE_HSE;
 484              		.loc 1 127 34 is_stmt 0 view .LVU129
 485 0028 0222     		movs	r2, #2
 486 002a 0D92     		str	r2, [sp, #52]
 128:Core/Src/main.c ****   RCC_OscInitStruct.PLL.PLLMUL = RCC_PLL_MUL9;
 487              		.loc 1 128 3 is_stmt 1 view .LVU130
 128:Core/Src/main.c ****   RCC_OscInitStruct.PLL.PLLMUL = RCC_PLL_MUL9;
 488              		.loc 1 128 35 is_stmt 0 view .LVU131
 489 002c 0E93     		str	r3, [sp, #56]
 129:Core/Src/main.c ****   if (HAL_RCC_OscConfig(&RCC_OscInitStruct) != HAL_OK)
 490              		.loc 1 129 3 is_stmt 1 view .LVU132
 129:Core/Src/main.c ****   if (HAL_RCC_OscConfig(&RCC_OscInitStruct) != HAL_OK)
 491              		.loc 1 129 32 is_stmt 0 view .LVU133
 492 002e 4FF4E013 		mov	r3, #1835008
 493 0032 0F93     		str	r3, [sp, #60]
 130:Core/Src/main.c ****   {
 494              		.loc 1 130 3 is_stmt 1 view .LVU134
 130:Core/Src/main.c ****   {
 495              		.loc 1 130 7 is_stmt 0 view .LVU135
 496 0034 2046     		mov	r0, r4
 497 0036 FFF7FEFF 		bl	HAL_RCC_OscConfig
 498              	.LVL21:
 130:Core/Src/main.c ****   {
 499              		.loc 1 130 6 discriminator 1 view .LVU136
 500 003a 78B9     		cbnz	r0, .L39
 137:Core/Src/main.c ****                               |RCC_CLOCKTYPE_PCLK1|RCC_CLOCKTYPE_PCLK2;
 501              		.loc 1 137 3 is_stmt 1 view .LVU137
 137:Core/Src/main.c ****                               |RCC_CLOCKTYPE_PCLK1|RCC_CLOCKTYPE_PCLK2;
 502              		.loc 1 137 31 is_stmt 0 view .LVU138
 503 003c 0F23     		movs	r3, #15
 504 003e 0193     		str	r3, [sp, #4]
 139:Core/Src/main.c ****   RCC_ClkInitStruct.AHBCLKDivider = RCC_SYSCLK_DIV1;
ARM GAS  /tmp/cc2nBuoj.s 			page 19


 505              		.loc 1 139 3 is_stmt 1 view .LVU139
 139:Core/Src/main.c ****   RCC_ClkInitStruct.AHBCLKDivider = RCC_SYSCLK_DIV1;
 506              		.loc 1 139 34 is_stmt 0 view .LVU140
 507 0040 0221     		movs	r1, #2
 508 0042 0291     		str	r1, [sp, #8]
 140:Core/Src/main.c ****   RCC_ClkInitStruct.APB1CLKDivider = RCC_HCLK_DIV2;
 509              		.loc 1 140 3 is_stmt 1 view .LVU141
 140:Core/Src/main.c ****   RCC_ClkInitStruct.APB1CLKDivider = RCC_HCLK_DIV2;
 510              		.loc 1 140 35 is_stmt 0 view .LVU142
 511 0044 0023     		movs	r3, #0
 512 0046 0393     		str	r3, [sp, #12]
 141:Core/Src/main.c ****   RCC_ClkInitStruct.APB2CLKDivider = RCC_HCLK_DIV1;
 513              		.loc 1 141 3 is_stmt 1 view .LVU143
 141:Core/Src/main.c ****   RCC_ClkInitStruct.APB2CLKDivider = RCC_HCLK_DIV1;
 514              		.loc 1 141 36 is_stmt 0 view .LVU144
 515 0048 4FF48062 		mov	r2, #1024
 516 004c 0492     		str	r2, [sp, #16]
 142:Core/Src/main.c **** 
 517              		.loc 1 142 3 is_stmt 1 view .LVU145
 142:Core/Src/main.c **** 
 518              		.loc 1 142 36 is_stmt 0 view .LVU146
 519 004e 0593     		str	r3, [sp, #20]
 144:Core/Src/main.c ****   {
 520              		.loc 1 144 3 is_stmt 1 view .LVU147
 144:Core/Src/main.c ****   {
 521              		.loc 1 144 7 is_stmt 0 view .LVU148
 522 0050 01A8     		add	r0, sp, #4
 523 0052 FFF7FEFF 		bl	HAL_RCC_ClockConfig
 524              	.LVL22:
 144:Core/Src/main.c ****   {
 525              		.loc 1 144 6 discriminator 1 view .LVU149
 526 0056 18B9     		cbnz	r0, .L40
 148:Core/Src/main.c **** 
 527              		.loc 1 148 1 view .LVU150
 528 0058 10B0     		add	sp, sp, #64
 529              		.cfi_remember_state
 530              		.cfi_def_cfa_offset 8
 531              		@ sp needed
 532 005a 10BD     		pop	{r4, pc}
 533              	.L39:
 534              		.cfi_restore_state
 132:Core/Src/main.c ****   }
 535              		.loc 1 132 5 is_stmt 1 view .LVU151
 536 005c FFF7FEFF 		bl	Error_Handler
 537              	.LVL23:
 538              	.L40:
 146:Core/Src/main.c ****   }
 539              		.loc 1 146 5 view .LVU152
 540 0060 FFF7FEFF 		bl	Error_Handler
 541              	.LVL24:
 542              		.cfi_endproc
 543              	.LFE66:
 545              		.section	.text.main,"ax",%progbits
 546              		.align	1
 547              		.global	main
 548              		.syntax unified
 549              		.thumb
ARM GAS  /tmp/cc2nBuoj.s 			page 20


 550              		.thumb_func
 552              	main:
 553              	.LFB65:
  69:Core/Src/main.c **** 
 554              		.loc 1 69 1 view -0
 555              		.cfi_startproc
 556              		@ Volatile: function does not return.
 557              		@ args = 0, pretend = 0, frame = 0
 558              		@ frame_needed = 0, uses_anonymous_args = 0
 559 0000 08B5     		push	{r3, lr}
 560              		.cfi_def_cfa_offset 8
 561              		.cfi_offset 3, -8
 562              		.cfi_offset 14, -4
  78:Core/Src/main.c **** 
 563              		.loc 1 78 3 view .LVU154
 564 0002 FFF7FEFF 		bl	HAL_Init
 565              	.LVL25:
  85:Core/Src/main.c **** 
 566              		.loc 1 85 3 view .LVU155
 567 0006 FFF7FEFF 		bl	SystemClock_Config
 568              	.LVL26:
  92:Core/Src/main.c ****   MX_TIM2_Init();
 569              		.loc 1 92 3 view .LVU156
 570 000a FFF7FEFF 		bl	MX_GPIO_Init
 571              	.LVL27:
  93:Core/Src/main.c ****   MX_TIM3_Init();
 572              		.loc 1 93 3 view .LVU157
 573 000e FFF7FEFF 		bl	MX_TIM2_Init
 574              	.LVL28:
  94:Core/Src/main.c ****   /* USER CODE BEGIN 2 */
 575              		.loc 1 94 3 view .LVU158
 576 0012 FFF7FEFF 		bl	MX_TIM3_Init
 577              	.LVL29:
  96:Core/Src/main.c ****   HAL_TIM_Base_Start_IT(&htim3);
 578              		.loc 1 96 3 view .LVU159
 579 0016 0348     		ldr	r0, .L44
 580 0018 FFF7FEFF 		bl	HAL_TIM_Base_Start_IT
 581              	.LVL30:
  97:Core/Src/main.c ****   /* USER CODE END 2 */
 582              		.loc 1 97 3 view .LVU160
 583 001c 0248     		ldr	r0, .L44+4
 584 001e FFF7FEFF 		bl	HAL_TIM_Base_Start_IT
 585              	.LVL31:
 586              	.L42:
 102:Core/Src/main.c ****   {
 587              		.loc 1 102 3 view .LVU161
 107:Core/Src/main.c ****   /* USER CODE END 3 */
 588              		.loc 1 107 3 view .LVU162
 102:Core/Src/main.c ****   {
 589              		.loc 1 102 9 view .LVU163
 590 0022 FEE7     		b	.L42
 591              	.L45:
 592              		.align	2
 593              	.L44:
 594 0024 00000000 		.word	htim2
 595 0028 00000000 		.word	htim3
 596              		.cfi_endproc
ARM GAS  /tmp/cc2nBuoj.s 			page 21


 597              	.LFE65:
 599              		.global	htim3
 600              		.section	.bss.htim3,"aw",%nobits
 601              		.align	2
 604              	htim3:
 605 0000 00000000 		.space	72
 605      00000000 
 605      00000000 
 605      00000000 
 605      00000000 
 606              		.global	htim2
 607              		.section	.bss.htim2,"aw",%nobits
 608              		.align	2
 611              	htim2:
 612 0000 00000000 		.space	72
 612      00000000 
 612      00000000 
 612      00000000 
 612      00000000 
 613              		.text
 614              	.Letext0:
 615              		.file 3 "/usr/arm-none-eabi/include/machine/_default_types.h"
 616              		.file 4 "/usr/arm-none-eabi/include/sys/_stdint.h"
 617              		.file 5 "Drivers/CMSIS/Device/ST/STM32F1xx/Include/stm32f103xb.h"
 618              		.file 6 "Drivers/STM32F1xx_HAL_Driver/Inc/stm32f1xx_hal_def.h"
 619              		.file 7 "Drivers/STM32F1xx_HAL_Driver/Inc/stm32f1xx_hal_rcc.h"
 620              		.file 8 "Drivers/STM32F1xx_HAL_Driver/Inc/stm32f1xx_hal_rcc_ex.h"
 621              		.file 9 "Drivers/STM32F1xx_HAL_Driver/Inc/stm32f1xx_hal_gpio.h"
 622              		.file 10 "Drivers/STM32F1xx_HAL_Driver/Inc/stm32f1xx_hal_dma.h"
 623              		.file 11 "Drivers/STM32F1xx_HAL_Driver/Inc/stm32f1xx_hal_tim.h"
 624              		.file 12 "Drivers/STM32F1xx_HAL_Driver/Inc/stm32f1xx_hal_tim_ex.h"
 625              		.file 13 "Drivers/STM32F1xx_HAL_Driver/Inc/stm32f1xx_hal.h"
 626              		.file 14 "<built-in>"
ARM GAS  /tmp/cc2nBuoj.s 			page 22


DEFINED SYMBOLS
                            *ABS*:00000000 main.c
     /tmp/cc2nBuoj.s:19     .text.MX_GPIO_Init:00000000 $t
     /tmp/cc2nBuoj.s:24     .text.MX_GPIO_Init:00000000 MX_GPIO_Init
     /tmp/cc2nBuoj.s:112    .text.MX_GPIO_Init:0000005c $d
     /tmp/cc2nBuoj.s:118    .text.HAL_TIM_PeriodElapsedCallback:00000000 $t
     /tmp/cc2nBuoj.s:124    .text.HAL_TIM_PeriodElapsedCallback:00000000 HAL_TIM_PeriodElapsedCallback
     /tmp/cc2nBuoj.s:173    .text.HAL_TIM_PeriodElapsedCallback:00000028 $d
     /tmp/cc2nBuoj.s:611    .bss.htim2:00000000 htim2
     /tmp/cc2nBuoj.s:604    .bss.htim3:00000000 htim3
     /tmp/cc2nBuoj.s:180    .text.Error_Handler:00000000 $t
     /tmp/cc2nBuoj.s:186    .text.Error_Handler:00000000 Error_Handler
     /tmp/cc2nBuoj.s:218    .text.MX_TIM2_Init:00000000 $t
     /tmp/cc2nBuoj.s:223    .text.MX_TIM2_Init:00000000 MX_TIM2_Init
     /tmp/cc2nBuoj.s:322    .text.MX_TIM2_Init:00000064 $d
     /tmp/cc2nBuoj.s:327    .text.MX_TIM3_Init:00000000 $t
     /tmp/cc2nBuoj.s:332    .text.MX_TIM3_Init:00000000 MX_TIM3_Init
     /tmp/cc2nBuoj.s:431    .text.MX_TIM3_Init:00000064 $d
     /tmp/cc2nBuoj.s:437    .text.SystemClock_Config:00000000 $t
     /tmp/cc2nBuoj.s:443    .text.SystemClock_Config:00000000 SystemClock_Config
     /tmp/cc2nBuoj.s:546    .text.main:00000000 $t
     /tmp/cc2nBuoj.s:552    .text.main:00000000 main
     /tmp/cc2nBuoj.s:594    .text.main:00000024 $d
     /tmp/cc2nBuoj.s:601    .bss.htim3:00000000 $d
     /tmp/cc2nBuoj.s:608    .bss.htim2:00000000 $d

UNDEFINED SYMBOLS
HAL_GPIO_WritePin
HAL_GPIO_Init
HAL_GPIO_TogglePin
HAL_TIM_Base_Init
HAL_TIM_ConfigClockSource
HAL_TIMEx_MasterConfigSynchronization
memset
HAL_RCC_OscConfig
HAL_RCC_ClockConfig
HAL_Init
HAL_TIM_Base_Start_IT
