ARM GAS  /tmp/ccbpZd9x.s 			page 1


   1              		.cpu cortex-m3
   2              		.arch armv7-m
   3              		.fpu softvfp
   4              		.eabi_attribute 20, 1
   5              		.eabi_attribute 21, 1
   6              		.eabi_attribute 23, 3
   7              		.eabi_attribute 24, 1
   8              		.eabi_attribute 25, 1
   9              		.eabi_attribute 26, 1
  10              		.eabi_attribute 30, 1
  11              		.eabi_attribute 34, 1
  12              		.eabi_attribute 18, 4
  13              		.file	"stm32f1xx_hal_msp.c"
  14              		.text
  15              	.Ltext0:
  16              		.cfi_sections	.debug_frame
  17              		.file 1 "Core/Src/stm32f1xx_hal_msp.c"
  18              		.section	.text.HAL_MspInit,"ax",%progbits
  19              		.align	1
  20              		.global	HAL_MspInit
  21              		.syntax unified
  22              		.thumb
  23              		.thumb_func
  25              	HAL_MspInit:
  26              	.LFB65:
   1:Core/Src/stm32f1xx_hal_msp.c **** /* USER CODE BEGIN Header */
   2:Core/Src/stm32f1xx_hal_msp.c **** /**
   3:Core/Src/stm32f1xx_hal_msp.c ****   ******************************************************************************
   4:Core/Src/stm32f1xx_hal_msp.c ****   * @file         stm32f1xx_hal_msp.c
   5:Core/Src/stm32f1xx_hal_msp.c ****   * @brief        This file provides code for the MSP Initialization
   6:Core/Src/stm32f1xx_hal_msp.c ****   *               and de-Initialization codes.
   7:Core/Src/stm32f1xx_hal_msp.c ****   ******************************************************************************
   8:Core/Src/stm32f1xx_hal_msp.c ****   * @attention
   9:Core/Src/stm32f1xx_hal_msp.c ****   *
  10:Core/Src/stm32f1xx_hal_msp.c ****   * Copyright (c) 2025 STMicroelectronics.
  11:Core/Src/stm32f1xx_hal_msp.c ****   * All rights reserved.
  12:Core/Src/stm32f1xx_hal_msp.c ****   *
  13:Core/Src/stm32f1xx_hal_msp.c ****   * This software is licensed under terms that can be found in the LICENSE file
  14:Core/Src/stm32f1xx_hal_msp.c ****   * in the root directory of this software component.
  15:Core/Src/stm32f1xx_hal_msp.c ****   * If no LICENSE file comes with this software, it is provided AS-IS.
  16:Core/Src/stm32f1xx_hal_msp.c ****   *
  17:Core/Src/stm32f1xx_hal_msp.c ****   ******************************************************************************
  18:Core/Src/stm32f1xx_hal_msp.c ****   */
  19:Core/Src/stm32f1xx_hal_msp.c **** /* USER CODE END Header */
  20:Core/Src/stm32f1xx_hal_msp.c **** 
  21:Core/Src/stm32f1xx_hal_msp.c **** /* Includes ------------------------------------------------------------------*/
  22:Core/Src/stm32f1xx_hal_msp.c **** #include "main.h"
  23:Core/Src/stm32f1xx_hal_msp.c **** /* USER CODE BEGIN Includes */
  24:Core/Src/stm32f1xx_hal_msp.c **** 
  25:Core/Src/stm32f1xx_hal_msp.c **** /* USER CODE END Includes */
  26:Core/Src/stm32f1xx_hal_msp.c **** 
  27:Core/Src/stm32f1xx_hal_msp.c **** /* Private typedef -----------------------------------------------------------*/
  28:Core/Src/stm32f1xx_hal_msp.c **** /* USER CODE BEGIN TD */
  29:Core/Src/stm32f1xx_hal_msp.c **** 
  30:Core/Src/stm32f1xx_hal_msp.c **** /* USER CODE END TD */
  31:Core/Src/stm32f1xx_hal_msp.c **** 
  32:Core/Src/stm32f1xx_hal_msp.c **** /* Private define ------------------------------------------------------------*/
ARM GAS  /tmp/ccbpZd9x.s 			page 2


  33:Core/Src/stm32f1xx_hal_msp.c **** /* USER CODE BEGIN Define */
  34:Core/Src/stm32f1xx_hal_msp.c **** 
  35:Core/Src/stm32f1xx_hal_msp.c **** /* USER CODE END Define */
  36:Core/Src/stm32f1xx_hal_msp.c **** 
  37:Core/Src/stm32f1xx_hal_msp.c **** /* Private macro -------------------------------------------------------------*/
  38:Core/Src/stm32f1xx_hal_msp.c **** /* USER CODE BEGIN Macro */
  39:Core/Src/stm32f1xx_hal_msp.c **** 
  40:Core/Src/stm32f1xx_hal_msp.c **** /* USER CODE END Macro */
  41:Core/Src/stm32f1xx_hal_msp.c **** 
  42:Core/Src/stm32f1xx_hal_msp.c **** /* Private variables ---------------------------------------------------------*/
  43:Core/Src/stm32f1xx_hal_msp.c **** /* USER CODE BEGIN PV */
  44:Core/Src/stm32f1xx_hal_msp.c **** 
  45:Core/Src/stm32f1xx_hal_msp.c **** /* USER CODE END PV */
  46:Core/Src/stm32f1xx_hal_msp.c **** 
  47:Core/Src/stm32f1xx_hal_msp.c **** /* Private function prototypes -----------------------------------------------*/
  48:Core/Src/stm32f1xx_hal_msp.c **** /* USER CODE BEGIN PFP */
  49:Core/Src/stm32f1xx_hal_msp.c **** 
  50:Core/Src/stm32f1xx_hal_msp.c **** /* USER CODE END PFP */
  51:Core/Src/stm32f1xx_hal_msp.c **** 
  52:Core/Src/stm32f1xx_hal_msp.c **** /* External functions --------------------------------------------------------*/
  53:Core/Src/stm32f1xx_hal_msp.c **** /* USER CODE BEGIN ExternalFunctions */
  54:Core/Src/stm32f1xx_hal_msp.c **** 
  55:Core/Src/stm32f1xx_hal_msp.c **** /* USER CODE END ExternalFunctions */
  56:Core/Src/stm32f1xx_hal_msp.c **** 
  57:Core/Src/stm32f1xx_hal_msp.c **** /* USER CODE BEGIN 0 */
  58:Core/Src/stm32f1xx_hal_msp.c **** 
  59:Core/Src/stm32f1xx_hal_msp.c **** /* USER CODE END 0 */
  60:Core/Src/stm32f1xx_hal_msp.c **** /**
  61:Core/Src/stm32f1xx_hal_msp.c ****   * Initializes the Global MSP.
  62:Core/Src/stm32f1xx_hal_msp.c ****   */
  63:Core/Src/stm32f1xx_hal_msp.c **** void HAL_MspInit(void)
  64:Core/Src/stm32f1xx_hal_msp.c **** {
  27              		.loc 1 64 1 view -0
  28              		.cfi_startproc
  29              		@ args = 0, pretend = 0, frame = 8
  30              		@ frame_needed = 0, uses_anonymous_args = 0
  31              		@ link register save eliminated.
  32 0000 82B0     		sub	sp, sp, #8
  33              		.cfi_def_cfa_offset 8
  65:Core/Src/stm32f1xx_hal_msp.c **** 
  66:Core/Src/stm32f1xx_hal_msp.c ****   /* USER CODE BEGIN MspInit 0 */
  67:Core/Src/stm32f1xx_hal_msp.c **** 
  68:Core/Src/stm32f1xx_hal_msp.c ****   /* USER CODE END MspInit 0 */
  69:Core/Src/stm32f1xx_hal_msp.c **** 
  70:Core/Src/stm32f1xx_hal_msp.c ****   __HAL_RCC_AFIO_CLK_ENABLE();
  34              		.loc 1 70 3 view .LVU1
  35              	.LBB2:
  36              		.loc 1 70 3 view .LVU2
  37              		.loc 1 70 3 view .LVU3
  38 0002 0E4B     		ldr	r3, .L3
  39 0004 9A69     		ldr	r2, [r3, #24]
  40 0006 42F00102 		orr	r2, r2, #1
  41 000a 9A61     		str	r2, [r3, #24]
  42              		.loc 1 70 3 view .LVU4
  43 000c 9A69     		ldr	r2, [r3, #24]
  44 000e 02F00102 		and	r2, r2, #1
  45 0012 0092     		str	r2, [sp]
ARM GAS  /tmp/ccbpZd9x.s 			page 3


  46              		.loc 1 70 3 view .LVU5
  47 0014 009A     		ldr	r2, [sp]
  48              	.LBE2:
  49              		.loc 1 70 3 view .LVU6
  71:Core/Src/stm32f1xx_hal_msp.c ****   __HAL_RCC_PWR_CLK_ENABLE();
  50              		.loc 1 71 3 view .LVU7
  51              	.LBB3:
  52              		.loc 1 71 3 view .LVU8
  53              		.loc 1 71 3 view .LVU9
  54 0016 DA69     		ldr	r2, [r3, #28]
  55 0018 42F08052 		orr	r2, r2, #268435456
  56 001c DA61     		str	r2, [r3, #28]
  57              		.loc 1 71 3 view .LVU10
  58 001e DB69     		ldr	r3, [r3, #28]
  59 0020 03F08053 		and	r3, r3, #268435456
  60 0024 0193     		str	r3, [sp, #4]
  61              		.loc 1 71 3 view .LVU11
  62 0026 019B     		ldr	r3, [sp, #4]
  63              	.LBE3:
  64              		.loc 1 71 3 view .LVU12
  72:Core/Src/stm32f1xx_hal_msp.c **** 
  73:Core/Src/stm32f1xx_hal_msp.c ****   /* System interrupt init*/
  74:Core/Src/stm32f1xx_hal_msp.c **** 
  75:Core/Src/stm32f1xx_hal_msp.c ****   /** NOJTAG: JTAG-DP Disabled and SW-DP Enabled
  76:Core/Src/stm32f1xx_hal_msp.c ****   */
  77:Core/Src/stm32f1xx_hal_msp.c ****   __HAL_AFIO_REMAP_SWJ_NOJTAG();
  65              		.loc 1 77 3 view .LVU13
  66              	.LBB4:
  67              		.loc 1 77 3 view .LVU14
  68 0028 054A     		ldr	r2, .L3+4
  69 002a 5368     		ldr	r3, [r2, #4]
  70              	.LVL0:
  71              		.loc 1 77 3 view .LVU15
  72 002c 23F0E063 		bic	r3, r3, #117440512
  73              	.LVL1:
  74              		.loc 1 77 3 view .LVU16
  75 0030 43F00073 		orr	r3, r3, #33554432
  76              	.LVL2:
  77              		.loc 1 77 3 view .LVU17
  78 0034 5360     		str	r3, [r2, #4]
  79              	.LBE4:
  80              		.loc 1 77 3 view .LVU18
  78:Core/Src/stm32f1xx_hal_msp.c **** 
  79:Core/Src/stm32f1xx_hal_msp.c ****   /* USER CODE BEGIN MspInit 1 */
  80:Core/Src/stm32f1xx_hal_msp.c **** 
  81:Core/Src/stm32f1xx_hal_msp.c ****   /* USER CODE END MspInit 1 */
  82:Core/Src/stm32f1xx_hal_msp.c **** }
  81              		.loc 1 82 1 is_stmt 0 view .LVU19
  82 0036 02B0     		add	sp, sp, #8
  83              		.cfi_def_cfa_offset 0
  84              		@ sp needed
  85 0038 7047     		bx	lr
  86              	.L4:
  87 003a 00BF     		.align	2
  88              	.L3:
  89 003c 00100240 		.word	1073876992
  90 0040 00000140 		.word	1073807360
ARM GAS  /tmp/ccbpZd9x.s 			page 4


  91              		.cfi_endproc
  92              	.LFE65:
  94              		.section	.text.HAL_TIM_Base_MspInit,"ax",%progbits
  95              		.align	1
  96              		.global	HAL_TIM_Base_MspInit
  97              		.syntax unified
  98              		.thumb
  99              		.thumb_func
 101              	HAL_TIM_Base_MspInit:
 102              	.LVL3:
 103              	.LFB66:
  83:Core/Src/stm32f1xx_hal_msp.c **** 
  84:Core/Src/stm32f1xx_hal_msp.c **** /**
  85:Core/Src/stm32f1xx_hal_msp.c **** * @brief TIM_Base MSP Initialization
  86:Core/Src/stm32f1xx_hal_msp.c **** * This function configures the hardware resources used in this example
  87:Core/Src/stm32f1xx_hal_msp.c **** * @param htim_base: TIM_Base handle pointer
  88:Core/Src/stm32f1xx_hal_msp.c **** * @retval None
  89:Core/Src/stm32f1xx_hal_msp.c **** */
  90:Core/Src/stm32f1xx_hal_msp.c **** void HAL_TIM_Base_MspInit(TIM_HandleTypeDef* htim_base)
  91:Core/Src/stm32f1xx_hal_msp.c **** {
 104              		.loc 1 91 1 is_stmt 1 view -0
 105              		.cfi_startproc
 106              		@ args = 0, pretend = 0, frame = 8
 107              		@ frame_needed = 0, uses_anonymous_args = 0
 108              		.loc 1 91 1 is_stmt 0 view .LVU21
 109 0000 00B5     		push	{lr}
 110              		.cfi_def_cfa_offset 4
 111              		.cfi_offset 14, -4
 112 0002 83B0     		sub	sp, sp, #12
 113              		.cfi_def_cfa_offset 16
  92:Core/Src/stm32f1xx_hal_msp.c ****   if(htim_base->Instance==TIM2)
 114              		.loc 1 92 3 is_stmt 1 view .LVU22
 115              		.loc 1 92 15 is_stmt 0 view .LVU23
 116 0004 0368     		ldr	r3, [r0]
 117              		.loc 1 92 5 view .LVU24
 118 0006 B3F1804F 		cmp	r3, #1073741824
 119 000a 05D0     		beq	.L9
  93:Core/Src/stm32f1xx_hal_msp.c ****   {
  94:Core/Src/stm32f1xx_hal_msp.c ****   /* USER CODE BEGIN TIM2_MspInit 0 */
  95:Core/Src/stm32f1xx_hal_msp.c **** 
  96:Core/Src/stm32f1xx_hal_msp.c ****   /* USER CODE END TIM2_MspInit 0 */
  97:Core/Src/stm32f1xx_hal_msp.c ****     /* Peripheral clock enable */
  98:Core/Src/stm32f1xx_hal_msp.c ****     __HAL_RCC_TIM2_CLK_ENABLE();
  99:Core/Src/stm32f1xx_hal_msp.c ****     /* TIM2 interrupt Init */
 100:Core/Src/stm32f1xx_hal_msp.c ****     HAL_NVIC_SetPriority(TIM2_IRQn, 0, 0);
 101:Core/Src/stm32f1xx_hal_msp.c ****     HAL_NVIC_EnableIRQ(TIM2_IRQn);
 102:Core/Src/stm32f1xx_hal_msp.c ****   /* USER CODE BEGIN TIM2_MspInit 1 */
 103:Core/Src/stm32f1xx_hal_msp.c **** 
 104:Core/Src/stm32f1xx_hal_msp.c ****   /* USER CODE END TIM2_MspInit 1 */
 105:Core/Src/stm32f1xx_hal_msp.c ****   }
 106:Core/Src/stm32f1xx_hal_msp.c ****   else if(htim_base->Instance==TIM3)
 120              		.loc 1 106 8 is_stmt 1 view .LVU25
 121              		.loc 1 106 10 is_stmt 0 view .LVU26
 122 000c 164A     		ldr	r2, .L11
 123 000e 9342     		cmp	r3, r2
 124 0010 16D0     		beq	.L10
 125              	.LVL4:
ARM GAS  /tmp/ccbpZd9x.s 			page 5


 126              	.L5:
 107:Core/Src/stm32f1xx_hal_msp.c ****   {
 108:Core/Src/stm32f1xx_hal_msp.c ****   /* USER CODE BEGIN TIM3_MspInit 0 */
 109:Core/Src/stm32f1xx_hal_msp.c **** 
 110:Core/Src/stm32f1xx_hal_msp.c ****   /* USER CODE END TIM3_MspInit 0 */
 111:Core/Src/stm32f1xx_hal_msp.c ****     /* Peripheral clock enable */
 112:Core/Src/stm32f1xx_hal_msp.c ****     __HAL_RCC_TIM3_CLK_ENABLE();
 113:Core/Src/stm32f1xx_hal_msp.c ****     /* TIM3 interrupt Init */
 114:Core/Src/stm32f1xx_hal_msp.c ****     HAL_NVIC_SetPriority(TIM3_IRQn, 0, 0);
 115:Core/Src/stm32f1xx_hal_msp.c ****     HAL_NVIC_EnableIRQ(TIM3_IRQn);
 116:Core/Src/stm32f1xx_hal_msp.c ****   /* USER CODE BEGIN TIM3_MspInit 1 */
 117:Core/Src/stm32f1xx_hal_msp.c **** 
 118:Core/Src/stm32f1xx_hal_msp.c ****   /* USER CODE END TIM3_MspInit 1 */
 119:Core/Src/stm32f1xx_hal_msp.c ****   }
 120:Core/Src/stm32f1xx_hal_msp.c **** 
 121:Core/Src/stm32f1xx_hal_msp.c **** }
 127              		.loc 1 121 1 view .LVU27
 128 0012 03B0     		add	sp, sp, #12
 129              		.cfi_remember_state
 130              		.cfi_def_cfa_offset 4
 131              		@ sp needed
 132 0014 5DF804FB 		ldr	pc, [sp], #4
 133              	.LVL5:
 134              	.L9:
 135              		.cfi_restore_state
  98:Core/Src/stm32f1xx_hal_msp.c ****     /* TIM2 interrupt Init */
 136              		.loc 1 98 5 is_stmt 1 view .LVU28
 137              	.LBB5:
  98:Core/Src/stm32f1xx_hal_msp.c ****     /* TIM2 interrupt Init */
 138              		.loc 1 98 5 view .LVU29
  98:Core/Src/stm32f1xx_hal_msp.c ****     /* TIM2 interrupt Init */
 139              		.loc 1 98 5 view .LVU30
 140 0018 03F50433 		add	r3, r3, #135168
 141 001c DA69     		ldr	r2, [r3, #28]
 142 001e 42F00102 		orr	r2, r2, #1
 143 0022 DA61     		str	r2, [r3, #28]
  98:Core/Src/stm32f1xx_hal_msp.c ****     /* TIM2 interrupt Init */
 144              		.loc 1 98 5 view .LVU31
 145 0024 DB69     		ldr	r3, [r3, #28]
 146 0026 03F00103 		and	r3, r3, #1
 147 002a 0093     		str	r3, [sp]
  98:Core/Src/stm32f1xx_hal_msp.c ****     /* TIM2 interrupt Init */
 148              		.loc 1 98 5 view .LVU32
 149 002c 009B     		ldr	r3, [sp]
 150              	.LBE5:
  98:Core/Src/stm32f1xx_hal_msp.c ****     /* TIM2 interrupt Init */
 151              		.loc 1 98 5 view .LVU33
 100:Core/Src/stm32f1xx_hal_msp.c ****     HAL_NVIC_EnableIRQ(TIM2_IRQn);
 152              		.loc 1 100 5 view .LVU34
 153 002e 0022     		movs	r2, #0
 154 0030 1146     		mov	r1, r2
 155 0032 1C20     		movs	r0, #28
 156              	.LVL6:
 100:Core/Src/stm32f1xx_hal_msp.c ****     HAL_NVIC_EnableIRQ(TIM2_IRQn);
 157              		.loc 1 100 5 is_stmt 0 view .LVU35
 158 0034 FFF7FEFF 		bl	HAL_NVIC_SetPriority
 159              	.LVL7:
ARM GAS  /tmp/ccbpZd9x.s 			page 6


 101:Core/Src/stm32f1xx_hal_msp.c ****   /* USER CODE BEGIN TIM2_MspInit 1 */
 160              		.loc 1 101 5 is_stmt 1 view .LVU36
 161 0038 1C20     		movs	r0, #28
 162 003a FFF7FEFF 		bl	HAL_NVIC_EnableIRQ
 163              	.LVL8:
 164 003e E8E7     		b	.L5
 165              	.LVL9:
 166              	.L10:
 112:Core/Src/stm32f1xx_hal_msp.c ****     /* TIM3 interrupt Init */
 167              		.loc 1 112 5 view .LVU37
 168              	.LBB6:
 112:Core/Src/stm32f1xx_hal_msp.c ****     /* TIM3 interrupt Init */
 169              		.loc 1 112 5 view .LVU38
 112:Core/Src/stm32f1xx_hal_msp.c ****     /* TIM3 interrupt Init */
 170              		.loc 1 112 5 view .LVU39
 171 0040 0A4B     		ldr	r3, .L11+4
 172 0042 DA69     		ldr	r2, [r3, #28]
 173 0044 42F00202 		orr	r2, r2, #2
 174 0048 DA61     		str	r2, [r3, #28]
 112:Core/Src/stm32f1xx_hal_msp.c ****     /* TIM3 interrupt Init */
 175              		.loc 1 112 5 view .LVU40
 176 004a DB69     		ldr	r3, [r3, #28]
 177 004c 03F00203 		and	r3, r3, #2
 178 0050 0193     		str	r3, [sp, #4]
 112:Core/Src/stm32f1xx_hal_msp.c ****     /* TIM3 interrupt Init */
 179              		.loc 1 112 5 view .LVU41
 180 0052 019B     		ldr	r3, [sp, #4]
 181              	.LBE6:
 112:Core/Src/stm32f1xx_hal_msp.c ****     /* TIM3 interrupt Init */
 182              		.loc 1 112 5 view .LVU42
 114:Core/Src/stm32f1xx_hal_msp.c ****     HAL_NVIC_EnableIRQ(TIM3_IRQn);
 183              		.loc 1 114 5 view .LVU43
 184 0054 0022     		movs	r2, #0
 185 0056 1146     		mov	r1, r2
 186 0058 1D20     		movs	r0, #29
 187              	.LVL10:
 114:Core/Src/stm32f1xx_hal_msp.c ****     HAL_NVIC_EnableIRQ(TIM3_IRQn);
 188              		.loc 1 114 5 is_stmt 0 view .LVU44
 189 005a FFF7FEFF 		bl	HAL_NVIC_SetPriority
 190              	.LVL11:
 115:Core/Src/stm32f1xx_hal_msp.c ****   /* USER CODE BEGIN TIM3_MspInit 1 */
 191              		.loc 1 115 5 is_stmt 1 view .LVU45
 192 005e 1D20     		movs	r0, #29
 193 0060 FFF7FEFF 		bl	HAL_NVIC_EnableIRQ
 194              	.LVL12:
 195              		.loc 1 121 1 is_stmt 0 view .LVU46
 196 0064 D5E7     		b	.L5
 197              	.L12:
 198 0066 00BF     		.align	2
 199              	.L11:
 200 0068 00040040 		.word	1073742848
 201 006c 00100240 		.word	1073876992
 202              		.cfi_endproc
 203              	.LFE66:
 205              		.section	.text.HAL_TIM_Base_MspDeInit,"ax",%progbits
 206              		.align	1
 207              		.global	HAL_TIM_Base_MspDeInit
ARM GAS  /tmp/ccbpZd9x.s 			page 7


 208              		.syntax unified
 209              		.thumb
 210              		.thumb_func
 212              	HAL_TIM_Base_MspDeInit:
 213              	.LVL13:
 214              	.LFB67:
 122:Core/Src/stm32f1xx_hal_msp.c **** 
 123:Core/Src/stm32f1xx_hal_msp.c **** /**
 124:Core/Src/stm32f1xx_hal_msp.c **** * @brief TIM_Base MSP De-Initialization
 125:Core/Src/stm32f1xx_hal_msp.c **** * This function freeze the hardware resources used in this example
 126:Core/Src/stm32f1xx_hal_msp.c **** * @param htim_base: TIM_Base handle pointer
 127:Core/Src/stm32f1xx_hal_msp.c **** * @retval None
 128:Core/Src/stm32f1xx_hal_msp.c **** */
 129:Core/Src/stm32f1xx_hal_msp.c **** void HAL_TIM_Base_MspDeInit(TIM_HandleTypeDef* htim_base)
 130:Core/Src/stm32f1xx_hal_msp.c **** {
 215              		.loc 1 130 1 is_stmt 1 view -0
 216              		.cfi_startproc
 217              		@ args = 0, pretend = 0, frame = 0
 218              		@ frame_needed = 0, uses_anonymous_args = 0
 219              		.loc 1 130 1 is_stmt 0 view .LVU48
 220 0000 08B5     		push	{r3, lr}
 221              		.cfi_def_cfa_offset 8
 222              		.cfi_offset 3, -8
 223              		.cfi_offset 14, -4
 131:Core/Src/stm32f1xx_hal_msp.c ****   if(htim_base->Instance==TIM2)
 224              		.loc 1 131 3 is_stmt 1 view .LVU49
 225              		.loc 1 131 15 is_stmt 0 view .LVU50
 226 0002 0368     		ldr	r3, [r0]
 227              		.loc 1 131 5 view .LVU51
 228 0004 B3F1804F 		cmp	r3, #1073741824
 229 0008 03D0     		beq	.L17
 132:Core/Src/stm32f1xx_hal_msp.c ****   {
 133:Core/Src/stm32f1xx_hal_msp.c ****   /* USER CODE BEGIN TIM2_MspDeInit 0 */
 134:Core/Src/stm32f1xx_hal_msp.c **** 
 135:Core/Src/stm32f1xx_hal_msp.c ****   /* USER CODE END TIM2_MspDeInit 0 */
 136:Core/Src/stm32f1xx_hal_msp.c ****     /* Peripheral clock disable */
 137:Core/Src/stm32f1xx_hal_msp.c ****     __HAL_RCC_TIM2_CLK_DISABLE();
 138:Core/Src/stm32f1xx_hal_msp.c **** 
 139:Core/Src/stm32f1xx_hal_msp.c ****     /* TIM2 interrupt DeInit */
 140:Core/Src/stm32f1xx_hal_msp.c ****     HAL_NVIC_DisableIRQ(TIM2_IRQn);
 141:Core/Src/stm32f1xx_hal_msp.c ****   /* USER CODE BEGIN TIM2_MspDeInit 1 */
 142:Core/Src/stm32f1xx_hal_msp.c **** 
 143:Core/Src/stm32f1xx_hal_msp.c ****   /* USER CODE END TIM2_MspDeInit 1 */
 144:Core/Src/stm32f1xx_hal_msp.c ****   }
 145:Core/Src/stm32f1xx_hal_msp.c ****   else if(htim_base->Instance==TIM3)
 230              		.loc 1 145 8 is_stmt 1 view .LVU52
 231              		.loc 1 145 10 is_stmt 0 view .LVU53
 232 000a 0B4A     		ldr	r2, .L19
 233 000c 9342     		cmp	r3, r2
 234 000e 09D0     		beq	.L18
 235              	.LVL14:
 236              	.L13:
 146:Core/Src/stm32f1xx_hal_msp.c ****   {
 147:Core/Src/stm32f1xx_hal_msp.c ****   /* USER CODE BEGIN TIM3_MspDeInit 0 */
 148:Core/Src/stm32f1xx_hal_msp.c **** 
 149:Core/Src/stm32f1xx_hal_msp.c ****   /* USER CODE END TIM3_MspDeInit 0 */
 150:Core/Src/stm32f1xx_hal_msp.c ****     /* Peripheral clock disable */
ARM GAS  /tmp/ccbpZd9x.s 			page 8


 151:Core/Src/stm32f1xx_hal_msp.c ****     __HAL_RCC_TIM3_CLK_DISABLE();
 152:Core/Src/stm32f1xx_hal_msp.c **** 
 153:Core/Src/stm32f1xx_hal_msp.c ****     /* TIM3 interrupt DeInit */
 154:Core/Src/stm32f1xx_hal_msp.c ****     HAL_NVIC_DisableIRQ(TIM3_IRQn);
 155:Core/Src/stm32f1xx_hal_msp.c ****   /* USER CODE BEGIN TIM3_MspDeInit 1 */
 156:Core/Src/stm32f1xx_hal_msp.c **** 
 157:Core/Src/stm32f1xx_hal_msp.c ****   /* USER CODE END TIM3_MspDeInit 1 */
 158:Core/Src/stm32f1xx_hal_msp.c ****   }
 159:Core/Src/stm32f1xx_hal_msp.c **** 
 160:Core/Src/stm32f1xx_hal_msp.c **** }
 237              		.loc 1 160 1 view .LVU54
 238 0010 08BD     		pop	{r3, pc}
 239              	.LVL15:
 240              	.L17:
 137:Core/Src/stm32f1xx_hal_msp.c **** 
 241              		.loc 1 137 5 is_stmt 1 view .LVU55
 242 0012 0A4A     		ldr	r2, .L19+4
 243 0014 D369     		ldr	r3, [r2, #28]
 244 0016 23F00103 		bic	r3, r3, #1
 245 001a D361     		str	r3, [r2, #28]
 140:Core/Src/stm32f1xx_hal_msp.c ****   /* USER CODE BEGIN TIM2_MspDeInit 1 */
 246              		.loc 1 140 5 view .LVU56
 247 001c 1C20     		movs	r0, #28
 248              	.LVL16:
 140:Core/Src/stm32f1xx_hal_msp.c ****   /* USER CODE BEGIN TIM2_MspDeInit 1 */
 249              		.loc 1 140 5 is_stmt 0 view .LVU57
 250 001e FFF7FEFF 		bl	HAL_NVIC_DisableIRQ
 251              	.LVL17:
 252 0022 F5E7     		b	.L13
 253              	.LVL18:
 254              	.L18:
 151:Core/Src/stm32f1xx_hal_msp.c **** 
 255              		.loc 1 151 5 is_stmt 1 view .LVU58
 256 0024 02F50332 		add	r2, r2, #134144
 257 0028 D369     		ldr	r3, [r2, #28]
 258 002a 23F00203 		bic	r3, r3, #2
 259 002e D361     		str	r3, [r2, #28]
 154:Core/Src/stm32f1xx_hal_msp.c ****   /* USER CODE BEGIN TIM3_MspDeInit 1 */
 260              		.loc 1 154 5 view .LVU59
 261 0030 1D20     		movs	r0, #29
 262              	.LVL19:
 154:Core/Src/stm32f1xx_hal_msp.c ****   /* USER CODE BEGIN TIM3_MspDeInit 1 */
 263              		.loc 1 154 5 is_stmt 0 view .LVU60
 264 0032 FFF7FEFF 		bl	HAL_NVIC_DisableIRQ
 265              	.LVL20:
 266              		.loc 1 160 1 view .LVU61
 267 0036 EBE7     		b	.L13
 268              	.L20:
 269              		.align	2
 270              	.L19:
 271 0038 00040040 		.word	1073742848
 272 003c 00100240 		.word	1073876992
 273              		.cfi_endproc
 274              	.LFE67:
 276              		.text
 277              	.Letext0:
 278              		.file 2 "Drivers/CMSIS/Device/ST/STM32F1xx/Include/stm32f103xb.h"
ARM GAS  /tmp/ccbpZd9x.s 			page 9


 279              		.file 3 "/usr/arm-none-eabi/include/machine/_default_types.h"
 280              		.file 4 "/usr/arm-none-eabi/include/sys/_stdint.h"
 281              		.file 5 "Drivers/STM32F1xx_HAL_Driver/Inc/stm32f1xx_hal_def.h"
 282              		.file 6 "Drivers/STM32F1xx_HAL_Driver/Inc/stm32f1xx_hal_dma.h"
 283              		.file 7 "Drivers/STM32F1xx_HAL_Driver/Inc/stm32f1xx_hal_tim.h"
 284              		.file 8 "Drivers/STM32F1xx_HAL_Driver/Inc/stm32f1xx_hal_cortex.h"
ARM GAS  /tmp/ccbpZd9x.s 			page 10


DEFINED SYMBOLS
                            *ABS*:00000000 stm32f1xx_hal_msp.c
     /tmp/ccbpZd9x.s:19     .text.HAL_MspInit:00000000 $t
     /tmp/ccbpZd9x.s:25     .text.HAL_MspInit:00000000 HAL_MspInit
     /tmp/ccbpZd9x.s:89     .text.HAL_MspInit:0000003c $d
     /tmp/ccbpZd9x.s:95     .text.HAL_TIM_Base_MspInit:00000000 $t
     /tmp/ccbpZd9x.s:101    .text.HAL_TIM_Base_MspInit:00000000 HAL_TIM_Base_MspInit
     /tmp/ccbpZd9x.s:200    .text.HAL_TIM_Base_MspInit:00000068 $d
     /tmp/ccbpZd9x.s:206    .text.HAL_TIM_Base_MspDeInit:00000000 $t
     /tmp/ccbpZd9x.s:212    .text.HAL_TIM_Base_MspDeInit:00000000 HAL_TIM_Base_MspDeInit
     /tmp/ccbpZd9x.s:271    .text.HAL_TIM_Base_MspDeInit:00000038 $d

UNDEFINED SYMBOLS
HAL_NVIC_SetPriority
HAL_NVIC_EnableIRQ
HAL_NVIC_DisableIRQ
