ARM GAS  /tmp/ccWaRM0N.s 			page 1


   1              		.cpu cortex-m3
   2              		.arch armv7-m
   3              		.fpu softvfp
   4              		.eabi_attribute 20, 1
   5              		.eabi_attribute 21, 1
   6              		.eabi_attribute 23, 3
   7              		.eabi_attribute 24, 1
   8              		.eabi_attribute 25, 1
   9              		.eabi_attribute 26, 1
  10              		.eabi_attribute 30, 1
  11              		.eabi_attribute 34, 1
  12              		.eabi_attribute 18, 4
  13              		.file	"main.c"
  14              		.text
  15              	.Ltext0:
  16              		.cfi_sections	.debug_frame
  17              		.file 1 "Core/Src/main.c"
  18              		.section	.text.MX_GPIO_Init,"ax",%progbits
  19              		.align	1
  20              		.syntax unified
  21              		.thumb
  22              		.thumb_func
  24              	MX_GPIO_Init:
  25              	.LFB72:
   1:Core/Src/main.c **** /* USER CODE BEGIN Header */
   2:Core/Src/main.c **** /**
   3:Core/Src/main.c ****   ******************************************************************************
   4:Core/Src/main.c ****   * @file           : main.c
   5:Core/Src/main.c ****   * @brief          : Main program body
   6:Core/Src/main.c ****   ******************************************************************************
   7:Core/Src/main.c ****   * @attention
   8:Core/Src/main.c ****   *
   9:Core/Src/main.c ****   * Copyright (c) 2025 STMicroelectronics.
  10:Core/Src/main.c ****   * All rights reserved.
  11:Core/Src/main.c ****   *
  12:Core/Src/main.c ****   * This software is licensed under terms that can be found in the LICENSE file
  13:Core/Src/main.c ****   * in the root directory of this software component.
  14:Core/Src/main.c ****   * If no LICENSE file comes with this software, it is provided AS-IS.
  15:Core/Src/main.c ****   *
  16:Core/Src/main.c ****   ******************************************************************************
  17:Core/Src/main.c ****   */
  18:Core/Src/main.c **** /* USER CODE END Header */
  19:Core/Src/main.c **** /* Includes ------------------------------------------------------------------*/
  20:Core/Src/main.c **** #include "main.h"
  21:Core/Src/main.c **** 
  22:Core/Src/main.c **** /* Private includes ----------------------------------------------------------*/
  23:Core/Src/main.c **** /* USER CODE BEGIN Includes */
  24:Core/Src/main.c **** #include <stdio.h>
  25:Core/Src/main.c **** #include <string.h>
  26:Core/Src/main.c **** #include "rfid_spi.h"
  27:Core/Src/main.c **** 
  28:Core/Src/main.c **** /* USER CODE END Includes */
  29:Core/Src/main.c **** 
  30:Core/Src/main.c **** /* Private typedef -----------------------------------------------------------*/
  31:Core/Src/main.c **** /* USER CODE BEGIN PTD */
  32:Core/Src/main.c **** 
  33:Core/Src/main.c **** /* USER CODE END PTD */
ARM GAS  /tmp/ccWaRM0N.s 			page 2


  34:Core/Src/main.c **** 
  35:Core/Src/main.c **** /* Private define ------------------------------------------------------------*/
  36:Core/Src/main.c **** /* USER CODE BEGIN PD */
  37:Core/Src/main.c **** #define UID_UZUNLUK 4
  38:Core/Src/main.c **** #define UID_ADET 1
  39:Core/Src/main.c **** 
  40:Core/Src/main.c **** uint8_t dogru_uid[UID_ADET][UID_UZUNLUK] = {
  41:Core/Src/main.c ****     {0x92, 0x50, 0xEC, 0xCA}
  42:Core/Src/main.c **** };
  43:Core/Src/main.c **** 
  44:Core/Src/main.c **** /* USER CODE END PD */
  45:Core/Src/main.c **** 
  46:Core/Src/main.c **** /* Private macro -------------------------------------------------------------*/
  47:Core/Src/main.c **** /* USER CODE BEGIN PM */
  48:Core/Src/main.c **** 
  49:Core/Src/main.c **** /* USER CODE END PM */
  50:Core/Src/main.c **** 
  51:Core/Src/main.c **** /* Private variables ---------------------------------------------------------*/
  52:Core/Src/main.c **** SPI_HandleTypeDef hspi1;
  53:Core/Src/main.c **** 
  54:Core/Src/main.c **** /* USER CODE BEGIN PV */
  55:Core/Src/main.c **** uint8_t uid[5];
  56:Core/Src/main.c **** /* USER CODE END PV */
  57:Core/Src/main.c **** 
  58:Core/Src/main.c **** /* Private function prototypes -----------------------------------------------*/
  59:Core/Src/main.c **** void SystemClock_Config(void);
  60:Core/Src/main.c **** static void MX_GPIO_Init(void);
  61:Core/Src/main.c **** static void MX_SPI1_Init(void);
  62:Core/Src/main.c **** /* USER CODE BEGIN PFP */
  63:Core/Src/main.c **** 
  64:Core/Src/main.c **** /* USER CODE END PFP */
  65:Core/Src/main.c **** 
  66:Core/Src/main.c **** /* Private user code ---------------------------------------------------------*/
  67:Core/Src/main.c **** /* USER CODE BEGIN 0 */
  68:Core/Src/main.c **** void same(uint8_t* uid) {
  69:Core/Src/main.c ****     int match = 0;
  70:Core/Src/main.c ****     
  71:Core/Src/main.c ****       if(uid_oku(uid)){
  72:Core/Src/main.c ****         for (int i = 0; i < UID_ADET; i++) {
  73:Core/Src/main.c ****         int eslesti = 1;
  74:Core/Src/main.c ****         for (int j = 0; j <UID_UZUNLUK; j++) {
  75:Core/Src/main.c ****             if (uid[j] != dogru_uid[i][j]) {
  76:Core/Src/main.c ****                 eslesti = 0;
  77:Core/Src/main.c ****                 break;
  78:Core/Src/main.c ****             }
  79:Core/Src/main.c ****         }
  80:Core/Src/main.c ****         if (eslesti) {
  81:Core/Src/main.c ****             match = 1;
  82:Core/Src/main.c ****             break;
  83:Core/Src/main.c ****         }
  84:Core/Src/main.c ****     }
  85:Core/Src/main.c ****     if (match) {
  86:Core/Src/main.c ****         HAL_GPIO_WritePin(GPIOC, led_Pin, GPIO_PIN_RESET);  // LED ON
  87:Core/Src/main.c ****     } else {
  88:Core/Src/main.c ****         HAL_GPIO_WritePin(GPIOC, led_Pin, GPIO_PIN_SET);    // LED OFF
  89:Core/Src/main.c ****     }
  90:Core/Src/main.c ****       
ARM GAS  /tmp/ccWaRM0N.s 			page 3


  91:Core/Src/main.c ****     }
  92:Core/Src/main.c **** }
  93:Core/Src/main.c **** /* USER CODE END 0 */
  94:Core/Src/main.c **** 
  95:Core/Src/main.c **** /**
  96:Core/Src/main.c ****   * @brief  The application entry point.
  97:Core/Src/main.c ****   * @retval int
  98:Core/Src/main.c ****   */
  99:Core/Src/main.c **** int main(void)
 100:Core/Src/main.c **** {
 101:Core/Src/main.c **** 
 102:Core/Src/main.c ****   /* USER CODE BEGIN 1 */
 103:Core/Src/main.c **** 
 104:Core/Src/main.c ****   /* USER CODE END 1 */
 105:Core/Src/main.c **** 
 106:Core/Src/main.c ****   /* MCU Configuration--------------------------------------------------------*/
 107:Core/Src/main.c **** 
 108:Core/Src/main.c ****   /* Reset of all peripherals, Initializes the Flash interface and the Systick. */
 109:Core/Src/main.c ****   HAL_Init();
 110:Core/Src/main.c **** 
 111:Core/Src/main.c ****   /* USER CODE BEGIN Init */
 112:Core/Src/main.c **** 
 113:Core/Src/main.c ****   /* USER CODE END Init */
 114:Core/Src/main.c **** 
 115:Core/Src/main.c ****   /* Configure the system clock */
 116:Core/Src/main.c ****   SystemClock_Config();
 117:Core/Src/main.c **** 
 118:Core/Src/main.c ****   /* USER CODE BEGIN SysInit */
 119:Core/Src/main.c **** 
 120:Core/Src/main.c ****   /* USER CODE END SysInit */
 121:Core/Src/main.c **** 
 122:Core/Src/main.c ****   /* Initialize all configured peripherals */
 123:Core/Src/main.c ****   MX_GPIO_Init();
 124:Core/Src/main.c ****   MX_SPI1_Init();
 125:Core/Src/main.c ****   /* USER CODE BEGIN 2 */
 126:Core/Src/main.c ****   HAL_GPIO_WritePin(GPIOC,led_Pin,GPIO_PIN_SET);
 127:Core/Src/main.c ****   initial();
 128:Core/Src/main.c **** 
 129:Core/Src/main.c ****   /* USER CODE END 2 */
 130:Core/Src/main.c **** 
 131:Core/Src/main.c ****   /* Infinite loop */
 132:Core/Src/main.c ****   /* USER CODE BEGIN WHILE */
 133:Core/Src/main.c ****   while (1)
 134:Core/Src/main.c ****   {
 135:Core/Src/main.c ****     /* USER CODE END WHILE */
 136:Core/Src/main.c **** 
 137:Core/Src/main.c ****     /* USER CODE BEGIN 3 */
 138:Core/Src/main.c ****     same(uid);
 139:Core/Src/main.c ****   }
 140:Core/Src/main.c ****   /* USER CODE END 3 */
 141:Core/Src/main.c **** }
 142:Core/Src/main.c **** 
 143:Core/Src/main.c **** /**
 144:Core/Src/main.c ****   * @brief System Clock Configuration
 145:Core/Src/main.c ****   * @retval None
 146:Core/Src/main.c ****   */
 147:Core/Src/main.c **** void SystemClock_Config(void)
ARM GAS  /tmp/ccWaRM0N.s 			page 4


 148:Core/Src/main.c **** {
 149:Core/Src/main.c ****   RCC_OscInitTypeDef RCC_OscInitStruct = {0};
 150:Core/Src/main.c ****   RCC_ClkInitTypeDef RCC_ClkInitStruct = {0};
 151:Core/Src/main.c **** 
 152:Core/Src/main.c ****   /** Initializes the RCC Oscillators according to the specified parameters
 153:Core/Src/main.c ****   * in the RCC_OscInitTypeDef structure.
 154:Core/Src/main.c ****   */
 155:Core/Src/main.c ****   RCC_OscInitStruct.OscillatorType = RCC_OSCILLATORTYPE_HSE;
 156:Core/Src/main.c ****   RCC_OscInitStruct.HSEState = RCC_HSE_ON;
 157:Core/Src/main.c ****   RCC_OscInitStruct.HSEPredivValue = RCC_HSE_PREDIV_DIV1;
 158:Core/Src/main.c ****   RCC_OscInitStruct.HSIState = RCC_HSI_ON;
 159:Core/Src/main.c ****   RCC_OscInitStruct.PLL.PLLState = RCC_PLL_ON;
 160:Core/Src/main.c ****   RCC_OscInitStruct.PLL.PLLSource = RCC_PLLSOURCE_HSE;
 161:Core/Src/main.c ****   RCC_OscInitStruct.PLL.PLLMUL = RCC_PLL_MUL2;
 162:Core/Src/main.c ****   if (HAL_RCC_OscConfig(&RCC_OscInitStruct) != HAL_OK)
 163:Core/Src/main.c ****   {
 164:Core/Src/main.c ****     Error_Handler();
 165:Core/Src/main.c ****   }
 166:Core/Src/main.c **** 
 167:Core/Src/main.c ****   /** Initializes the CPU, AHB and APB buses clocks
 168:Core/Src/main.c ****   */
 169:Core/Src/main.c ****   RCC_ClkInitStruct.ClockType = RCC_CLOCKTYPE_HCLK|RCC_CLOCKTYPE_SYSCLK
 170:Core/Src/main.c ****                               |RCC_CLOCKTYPE_PCLK1|RCC_CLOCKTYPE_PCLK2;
 171:Core/Src/main.c ****   RCC_ClkInitStruct.SYSCLKSource = RCC_SYSCLKSOURCE_PLLCLK;
 172:Core/Src/main.c ****   RCC_ClkInitStruct.AHBCLKDivider = RCC_SYSCLK_DIV2;
 173:Core/Src/main.c ****   RCC_ClkInitStruct.APB1CLKDivider = RCC_HCLK_DIV2;
 174:Core/Src/main.c ****   RCC_ClkInitStruct.APB2CLKDivider = RCC_HCLK_DIV1;
 175:Core/Src/main.c **** 
 176:Core/Src/main.c ****   if (HAL_RCC_ClockConfig(&RCC_ClkInitStruct, FLASH_LATENCY_0) != HAL_OK)
 177:Core/Src/main.c ****   {
 178:Core/Src/main.c ****     Error_Handler();
 179:Core/Src/main.c ****   }
 180:Core/Src/main.c **** }
 181:Core/Src/main.c **** 
 182:Core/Src/main.c **** /**
 183:Core/Src/main.c ****   * @brief SPI1 Initialization Function
 184:Core/Src/main.c ****   * @param None
 185:Core/Src/main.c ****   * @retval None
 186:Core/Src/main.c ****   */
 187:Core/Src/main.c **** static void MX_SPI1_Init(void)
 188:Core/Src/main.c **** {
 189:Core/Src/main.c **** 
 190:Core/Src/main.c ****   /* USER CODE BEGIN SPI1_Init 0 */
 191:Core/Src/main.c **** 
 192:Core/Src/main.c ****   /* USER CODE END SPI1_Init 0 */
 193:Core/Src/main.c **** 
 194:Core/Src/main.c ****   /* USER CODE BEGIN SPI1_Init 1 */
 195:Core/Src/main.c **** 
 196:Core/Src/main.c ****   /* USER CODE END SPI1_Init 1 */
 197:Core/Src/main.c ****   /* SPI1 parameter configuration*/
 198:Core/Src/main.c ****   hspi1.Instance = SPI1;
 199:Core/Src/main.c ****   hspi1.Init.Mode = SPI_MODE_MASTER;
 200:Core/Src/main.c ****   hspi1.Init.Direction = SPI_DIRECTION_2LINES;
 201:Core/Src/main.c ****   hspi1.Init.DataSize = SPI_DATASIZE_8BIT;
 202:Core/Src/main.c ****   hspi1.Init.CLKPolarity = SPI_POLARITY_LOW;
 203:Core/Src/main.c ****   hspi1.Init.CLKPhase = SPI_PHASE_1EDGE;
 204:Core/Src/main.c ****   hspi1.Init.NSS = SPI_NSS_SOFT;
ARM GAS  /tmp/ccWaRM0N.s 			page 5


 205:Core/Src/main.c ****   hspi1.Init.BaudRatePrescaler = SPI_BAUDRATEPRESCALER_8;
 206:Core/Src/main.c ****   hspi1.Init.FirstBit = SPI_FIRSTBIT_MSB;
 207:Core/Src/main.c ****   hspi1.Init.TIMode = SPI_TIMODE_DISABLE;
 208:Core/Src/main.c ****   hspi1.Init.CRCCalculation = SPI_CRCCALCULATION_DISABLE;
 209:Core/Src/main.c ****   hspi1.Init.CRCPolynomial = 10;
 210:Core/Src/main.c ****   if (HAL_SPI_Init(&hspi1) != HAL_OK)
 211:Core/Src/main.c ****   {
 212:Core/Src/main.c ****     Error_Handler();
 213:Core/Src/main.c ****   }
 214:Core/Src/main.c ****   /* USER CODE BEGIN SPI1_Init 2 */
 215:Core/Src/main.c **** 
 216:Core/Src/main.c ****   /* USER CODE END SPI1_Init 2 */
 217:Core/Src/main.c **** 
 218:Core/Src/main.c **** }
 219:Core/Src/main.c **** 
 220:Core/Src/main.c **** /**
 221:Core/Src/main.c ****   * @brief GPIO Initialization Function
 222:Core/Src/main.c ****   * @param None
 223:Core/Src/main.c ****   * @retval None
 224:Core/Src/main.c ****   */
 225:Core/Src/main.c **** static void MX_GPIO_Init(void)
 226:Core/Src/main.c **** {
  26              		.loc 1 226 1 view -0
  27              		.cfi_startproc
  28              		@ args = 0, pretend = 0, frame = 32
  29              		@ frame_needed = 0, uses_anonymous_args = 0
  30 0000 2DE9F043 		push	{r4, r5, r6, r7, r8, r9, lr}
  31              		.cfi_def_cfa_offset 28
  32              		.cfi_offset 4, -28
  33              		.cfi_offset 5, -24
  34              		.cfi_offset 6, -20
  35              		.cfi_offset 7, -16
  36              		.cfi_offset 8, -12
  37              		.cfi_offset 9, -8
  38              		.cfi_offset 14, -4
  39 0004 89B0     		sub	sp, sp, #36
  40              		.cfi_def_cfa_offset 64
 227:Core/Src/main.c ****   GPIO_InitTypeDef GPIO_InitStruct = {0};
  41              		.loc 1 227 3 view .LVU1
  42              		.loc 1 227 20 is_stmt 0 view .LVU2
  43 0006 04AD     		add	r5, sp, #16
  44 0008 0024     		movs	r4, #0
  45 000a 0494     		str	r4, [sp, #16]
  46 000c 0594     		str	r4, [sp, #20]
  47 000e 0694     		str	r4, [sp, #24]
  48 0010 0794     		str	r4, [sp, #28]
 228:Core/Src/main.c **** /* USER CODE BEGIN MX_GPIO_Init_1 */
 229:Core/Src/main.c **** /* USER CODE END MX_GPIO_Init_1 */
 230:Core/Src/main.c **** 
 231:Core/Src/main.c ****   /* GPIO Ports Clock Enable */
 232:Core/Src/main.c ****   __HAL_RCC_GPIOC_CLK_ENABLE();
  49              		.loc 1 232 3 is_stmt 1 view .LVU3
  50              	.LBB4:
  51              		.loc 1 232 3 view .LVU4
  52              		.loc 1 232 3 view .LVU5
  53 0012 264B     		ldr	r3, .L3
  54 0014 9A69     		ldr	r2, [r3, #24]
ARM GAS  /tmp/ccWaRM0N.s 			page 6


  55 0016 42F01002 		orr	r2, r2, #16
  56 001a 9A61     		str	r2, [r3, #24]
  57              		.loc 1 232 3 view .LVU6
  58 001c 9A69     		ldr	r2, [r3, #24]
  59 001e 02F01002 		and	r2, r2, #16
  60 0022 0092     		str	r2, [sp]
  61              		.loc 1 232 3 view .LVU7
  62 0024 009A     		ldr	r2, [sp]
  63              	.LBE4:
  64              		.loc 1 232 3 view .LVU8
 233:Core/Src/main.c ****   __HAL_RCC_GPIOD_CLK_ENABLE();
  65              		.loc 1 233 3 view .LVU9
  66              	.LBB5:
  67              		.loc 1 233 3 view .LVU10
  68              		.loc 1 233 3 view .LVU11
  69 0026 9A69     		ldr	r2, [r3, #24]
  70 0028 42F02002 		orr	r2, r2, #32
  71 002c 9A61     		str	r2, [r3, #24]
  72              		.loc 1 233 3 view .LVU12
  73 002e 9A69     		ldr	r2, [r3, #24]
  74 0030 02F02002 		and	r2, r2, #32
  75 0034 0192     		str	r2, [sp, #4]
  76              		.loc 1 233 3 view .LVU13
  77 0036 019A     		ldr	r2, [sp, #4]
  78              	.LBE5:
  79              		.loc 1 233 3 view .LVU14
 234:Core/Src/main.c ****   __HAL_RCC_GPIOA_CLK_ENABLE();
  80              		.loc 1 234 3 view .LVU15
  81              	.LBB6:
  82              		.loc 1 234 3 view .LVU16
  83              		.loc 1 234 3 view .LVU17
  84 0038 9A69     		ldr	r2, [r3, #24]
  85 003a 42F00402 		orr	r2, r2, #4
  86 003e 9A61     		str	r2, [r3, #24]
  87              		.loc 1 234 3 view .LVU18
  88 0040 9A69     		ldr	r2, [r3, #24]
  89 0042 02F00402 		and	r2, r2, #4
  90 0046 0292     		str	r2, [sp, #8]
  91              		.loc 1 234 3 view .LVU19
  92 0048 029A     		ldr	r2, [sp, #8]
  93              	.LBE6:
  94              		.loc 1 234 3 view .LVU20
 235:Core/Src/main.c ****   __HAL_RCC_GPIOB_CLK_ENABLE();
  95              		.loc 1 235 3 view .LVU21
  96              	.LBB7:
  97              		.loc 1 235 3 view .LVU22
  98              		.loc 1 235 3 view .LVU23
  99 004a 9A69     		ldr	r2, [r3, #24]
 100 004c 42F00802 		orr	r2, r2, #8
 101 0050 9A61     		str	r2, [r3, #24]
 102              		.loc 1 235 3 view .LVU24
 103 0052 9B69     		ldr	r3, [r3, #24]
 104 0054 03F00803 		and	r3, r3, #8
 105 0058 0393     		str	r3, [sp, #12]
 106              		.loc 1 235 3 view .LVU25
 107 005a 039B     		ldr	r3, [sp, #12]
 108              	.LBE7:
ARM GAS  /tmp/ccWaRM0N.s 			page 7


 109              		.loc 1 235 3 view .LVU26
 236:Core/Src/main.c **** 
 237:Core/Src/main.c ****   /*Configure GPIO pin Output Level */
 238:Core/Src/main.c ****   HAL_GPIO_WritePin(led_GPIO_Port, led_Pin, GPIO_PIN_RESET);
 110              		.loc 1 238 3 view .LVU27
 111 005c DFF85090 		ldr	r9, .L3+4
 112 0060 2246     		mov	r2, r4
 113 0062 4FF40051 		mov	r1, #8192
 114 0066 4846     		mov	r0, r9
 115 0068 FFF7FEFF 		bl	HAL_GPIO_WritePin
 116              	.LVL0:
 239:Core/Src/main.c **** 
 240:Core/Src/main.c ****   /*Configure GPIO pin Output Level */
 241:Core/Src/main.c ****   HAL_GPIO_WritePin(cs_GPIO_Port, cs_Pin, GPIO_PIN_RESET);
 117              		.loc 1 241 3 view .LVU28
 118 006c 114F     		ldr	r7, .L3+8
 119 006e 2246     		mov	r2, r4
 120 0070 0121     		movs	r1, #1
 121 0072 3846     		mov	r0, r7
 122 0074 FFF7FEFF 		bl	HAL_GPIO_WritePin
 123              	.LVL1:
 242:Core/Src/main.c **** 
 243:Core/Src/main.c ****   /*Configure GPIO pin : led_Pin */
 244:Core/Src/main.c ****   GPIO_InitStruct.Pin = led_Pin;
 124              		.loc 1 244 3 view .LVU29
 125              		.loc 1 244 23 is_stmt 0 view .LVU30
 126 0078 4FF40053 		mov	r3, #8192
 127 007c 0493     		str	r3, [sp, #16]
 245:Core/Src/main.c ****   GPIO_InitStruct.Mode = GPIO_MODE_OUTPUT_PP;
 128              		.loc 1 245 3 is_stmt 1 view .LVU31
 129              		.loc 1 245 24 is_stmt 0 view .LVU32
 130 007e 0126     		movs	r6, #1
 131 0080 0596     		str	r6, [sp, #20]
 246:Core/Src/main.c ****   GPIO_InitStruct.Pull = GPIO_NOPULL;
 132              		.loc 1 246 3 is_stmt 1 view .LVU33
 133              		.loc 1 246 24 is_stmt 0 view .LVU34
 134 0082 0694     		str	r4, [sp, #24]
 247:Core/Src/main.c ****   GPIO_InitStruct.Speed = GPIO_SPEED_FREQ_LOW;
 135              		.loc 1 247 3 is_stmt 1 view .LVU35
 136              		.loc 1 247 25 is_stmt 0 view .LVU36
 137 0084 4FF00208 		mov	r8, #2
 138 0088 CDF81C80 		str	r8, [sp, #28]
 248:Core/Src/main.c ****   HAL_GPIO_Init(led_GPIO_Port, &GPIO_InitStruct);
 139              		.loc 1 248 3 is_stmt 1 view .LVU37
 140 008c 2946     		mov	r1, r5
 141 008e 4846     		mov	r0, r9
 142 0090 FFF7FEFF 		bl	HAL_GPIO_Init
 143              	.LVL2:
 249:Core/Src/main.c **** 
 250:Core/Src/main.c ****   /*Configure GPIO pin : cs_Pin */
 251:Core/Src/main.c ****   GPIO_InitStruct.Pin = cs_Pin;
 144              		.loc 1 251 3 view .LVU38
 145              		.loc 1 251 23 is_stmt 0 view .LVU39
 146 0094 0496     		str	r6, [sp, #16]
 252:Core/Src/main.c ****   GPIO_InitStruct.Mode = GPIO_MODE_OUTPUT_PP;
 147              		.loc 1 252 3 is_stmt 1 view .LVU40
 148              		.loc 1 252 24 is_stmt 0 view .LVU41
ARM GAS  /tmp/ccWaRM0N.s 			page 8


 149 0096 0596     		str	r6, [sp, #20]
 253:Core/Src/main.c ****   GPIO_InitStruct.Pull = GPIO_NOPULL;
 150              		.loc 1 253 3 is_stmt 1 view .LVU42
 151              		.loc 1 253 24 is_stmt 0 view .LVU43
 152 0098 0694     		str	r4, [sp, #24]
 254:Core/Src/main.c ****   GPIO_InitStruct.Speed = GPIO_SPEED_FREQ_LOW;
 153              		.loc 1 254 3 is_stmt 1 view .LVU44
 154              		.loc 1 254 25 is_stmt 0 view .LVU45
 155 009a CDF81C80 		str	r8, [sp, #28]
 255:Core/Src/main.c ****   HAL_GPIO_Init(cs_GPIO_Port, &GPIO_InitStruct);
 156              		.loc 1 255 3 is_stmt 1 view .LVU46
 157 009e 2946     		mov	r1, r5
 158 00a0 3846     		mov	r0, r7
 159 00a2 FFF7FEFF 		bl	HAL_GPIO_Init
 160              	.LVL3:
 256:Core/Src/main.c **** 
 257:Core/Src/main.c **** /* USER CODE BEGIN MX_GPIO_Init_2 */
 258:Core/Src/main.c **** /* USER CODE END MX_GPIO_Init_2 */
 259:Core/Src/main.c **** }
 161              		.loc 1 259 1 is_stmt 0 view .LVU47
 162 00a6 09B0     		add	sp, sp, #36
 163              		.cfi_def_cfa_offset 28
 164              		@ sp needed
 165 00a8 BDE8F083 		pop	{r4, r5, r6, r7, r8, r9, pc}
 166              	.L4:
 167              		.align	2
 168              	.L3:
 169 00ac 00100240 		.word	1073876992
 170 00b0 00100140 		.word	1073811456
 171 00b4 000C0140 		.word	1073810432
 172              		.cfi_endproc
 173              	.LFE72:
 175              		.section	.text.same,"ax",%progbits
 176              		.align	1
 177              		.global	same
 178              		.syntax unified
 179              		.thumb
 180              		.thumb_func
 182              	same:
 183              	.LVL4:
 184              	.LFB68:
  68:Core/Src/main.c ****     int match = 0;
 185              		.loc 1 68 25 is_stmt 1 view -0
 186              		.cfi_startproc
 187              		@ args = 0, pretend = 0, frame = 0
 188              		@ frame_needed = 0, uses_anonymous_args = 0
  68:Core/Src/main.c ****     int match = 0;
 189              		.loc 1 68 25 is_stmt 0 view .LVU49
 190 0000 10B5     		push	{r4, lr}
 191              		.cfi_def_cfa_offset 8
 192              		.cfi_offset 4, -8
 193              		.cfi_offset 14, -4
 194 0002 0446     		mov	r4, r0
  69:Core/Src/main.c ****     
 195              		.loc 1 69 5 is_stmt 1 view .LVU50
 196              	.LVL5:
  71:Core/Src/main.c ****         for (int i = 0; i < UID_ADET; i++) {
ARM GAS  /tmp/ccWaRM0N.s 			page 9


 197              		.loc 1 71 7 view .LVU51
  71:Core/Src/main.c ****         for (int i = 0; i < UID_ADET; i++) {
 198              		.loc 1 71 10 is_stmt 0 view .LVU52
 199 0004 FFF7FEFF 		bl	uid_oku
 200              	.LVL6:
  71:Core/Src/main.c ****         for (int i = 0; i < UID_ADET; i++) {
 201              		.loc 1 71 9 discriminator 1 view .LVU53
 202 0008 90B9     		cbnz	r0, .L13
 203              	.LVL7:
 204              	.L5:
  92:Core/Src/main.c **** /* USER CODE END 0 */
 205              		.loc 1 92 1 view .LVU54
 206 000a 10BD     		pop	{r4, pc}
 207              	.LVL8:
 208              	.L15:
 209              	.LBB8:
 210              	.LBB9:
 211              	.LBB10:
  74:Core/Src/main.c ****             if (uid[j] != dogru_uid[i][j]) {
 212              		.loc 1 74 18 view .LVU55
 213 000c 0023     		movs	r3, #0
 214              	.L11:
 215              	.LVL9:
  74:Core/Src/main.c ****             if (uid[j] != dogru_uid[i][j]) {
 216              		.loc 1 74 27 is_stmt 1 discriminator 1 view .LVU56
 217 000e 032B     		cmp	r3, #3
 218 0010 08DC     		bgt	.L17
  75:Core/Src/main.c ****                 eslesti = 0;
 219              		.loc 1 75 13 view .LVU57
  75:Core/Src/main.c ****                 eslesti = 0;
 220              		.loc 1 75 20 is_stmt 0 view .LVU58
 221 0012 E05C     		ldrb	r0, [r4, r3]	@ zero_extendqisi2
  75:Core/Src/main.c ****                 eslesti = 0;
 222              		.loc 1 75 39 view .LVU59
 223 0014 104A     		ldr	r2, .L18
 224 0016 02EB8102 		add	r2, r2, r1, lsl #2
 225 001a D25C     		ldrb	r2, [r2, r3]	@ zero_extendqisi2
  75:Core/Src/main.c ****                 eslesti = 0;
 226              		.loc 1 75 16 view .LVU60
 227 001c 9042     		cmp	r0, r2
 228 001e 05D1     		bne	.L14
  74:Core/Src/main.c ****             if (uid[j] != dogru_uid[i][j]) {
 229              		.loc 1 74 42 is_stmt 1 discriminator 2 view .LVU61
 230 0020 0133     		adds	r3, r3, #1
 231              	.LVL10:
  74:Core/Src/main.c ****             if (uid[j] != dogru_uid[i][j]) {
 232              		.loc 1 74 42 is_stmt 0 discriminator 2 view .LVU62
 233 0022 F4E7     		b	.L11
 234              	.L17:
  74:Core/Src/main.c ****             if (uid[j] != dogru_uid[i][j]) {
 235              		.loc 1 74 42 discriminator 2 view .LVU63
 236              	.LBE10:
  73:Core/Src/main.c ****         for (int j = 0; j <UID_UZUNLUK; j++) {
 237              		.loc 1 73 13 view .LVU64
 238 0024 0123     		movs	r3, #1
 239              	.LVL11:
 240              	.L8:
ARM GAS  /tmp/ccWaRM0N.s 			page 10


  80:Core/Src/main.c ****             match = 1;
 241              		.loc 1 80 9 is_stmt 1 view .LVU65
  80:Core/Src/main.c ****             match = 1;
 242              		.loc 1 80 12 is_stmt 0 view .LVU66
 243 0026 3BB9     		cbnz	r3, .L10
 244              	.LBE9:
  72:Core/Src/main.c ****         int eslesti = 1;
 245              		.loc 1 72 40 is_stmt 1 discriminator 2 view .LVU67
 246 0028 0131     		adds	r1, r1, #1
 247              	.LVL12:
  72:Core/Src/main.c ****         int eslesti = 1;
 248              		.loc 1 72 40 is_stmt 0 discriminator 2 view .LVU68
 249 002a 02E0     		b	.L6
 250              	.LVL13:
 251              	.L14:
 252              	.LBB12:
 253              	.LBB11:
  76:Core/Src/main.c ****                 break;
 254              		.loc 1 76 25 view .LVU69
 255 002c 0023     		movs	r3, #0
 256              	.LVL14:
  76:Core/Src/main.c ****                 break;
 257              		.loc 1 76 25 view .LVU70
 258 002e FAE7     		b	.L8
 259              	.LVL15:
 260              	.L13:
  76:Core/Src/main.c ****                 break;
 261              		.loc 1 76 25 view .LVU71
 262              	.LBE11:
 263              	.LBE12:
  72:Core/Src/main.c ****         int eslesti = 1;
 264              		.loc 1 72 18 view .LVU72
 265 0030 0021     		movs	r1, #0
 266              	.L6:
 267              	.LVL16:
  72:Core/Src/main.c ****         int eslesti = 1;
 268              		.loc 1 72 27 is_stmt 1 discriminator 1 view .LVU73
 269 0032 0029     		cmp	r1, #0
 270 0034 EADD     		ble	.L15
 271              	.LBE8:
  69:Core/Src/main.c ****     
 272              		.loc 1 69 9 is_stmt 0 view .LVU74
 273 0036 0023     		movs	r3, #0
 274              	.L10:
 275              	.LVL17:
  85:Core/Src/main.c ****         HAL_GPIO_WritePin(GPIOC, led_Pin, GPIO_PIN_RESET);  // LED ON
 276              		.loc 1 85 5 is_stmt 1 view .LVU75
  85:Core/Src/main.c ****         HAL_GPIO_WritePin(GPIOC, led_Pin, GPIO_PIN_RESET);  // LED ON
 277              		.loc 1 85 8 is_stmt 0 view .LVU76
 278 0038 33B1     		cbz	r3, .L12
  86:Core/Src/main.c ****     } else {
 279              		.loc 1 86 9 is_stmt 1 view .LVU77
 280 003a 0022     		movs	r2, #0
 281 003c 4FF40051 		mov	r1, #8192
 282              	.LVL18:
  86:Core/Src/main.c ****     } else {
 283              		.loc 1 86 9 is_stmt 0 view .LVU78
ARM GAS  /tmp/ccWaRM0N.s 			page 11


 284 0040 0648     		ldr	r0, .L18+4
 285 0042 FFF7FEFF 		bl	HAL_GPIO_WritePin
 286              	.LVL19:
  86:Core/Src/main.c ****     } else {
 287              		.loc 1 86 9 view .LVU79
 288 0046 E0E7     		b	.L5
 289              	.LVL20:
 290              	.L12:
  88:Core/Src/main.c ****     }
 291              		.loc 1 88 9 is_stmt 1 view .LVU80
 292 0048 0122     		movs	r2, #1
 293 004a 4FF40051 		mov	r1, #8192
 294              	.LVL21:
  88:Core/Src/main.c ****     }
 295              		.loc 1 88 9 is_stmt 0 view .LVU81
 296 004e 0348     		ldr	r0, .L18+4
 297 0050 FFF7FEFF 		bl	HAL_GPIO_WritePin
 298              	.LVL22:
  92:Core/Src/main.c **** /* USER CODE END 0 */
 299              		.loc 1 92 1 view .LVU82
 300 0054 D9E7     		b	.L5
 301              	.L19:
 302 0056 00BF     		.align	2
 303              	.L18:
 304 0058 00000000 		.word	dogru_uid
 305 005c 00100140 		.word	1073811456
 306              		.cfi_endproc
 307              	.LFE68:
 309              		.section	.text.Error_Handler,"ax",%progbits
 310              		.align	1
 311              		.global	Error_Handler
 312              		.syntax unified
 313              		.thumb
 314              		.thumb_func
 316              	Error_Handler:
 317              	.LFB73:
 260:Core/Src/main.c **** 
 261:Core/Src/main.c **** /* USER CODE BEGIN 4 */
 262:Core/Src/main.c **** 
 263:Core/Src/main.c **** /* USER CODE END 4 */
 264:Core/Src/main.c **** 
 265:Core/Src/main.c **** /**
 266:Core/Src/main.c ****   * @brief  This function is executed in case of error occurrence.
 267:Core/Src/main.c ****   * @retval None
 268:Core/Src/main.c ****   */
 269:Core/Src/main.c **** void Error_Handler(void)
 270:Core/Src/main.c **** {
 318              		.loc 1 270 1 is_stmt 1 view -0
 319              		.cfi_startproc
 320              		@ Volatile: function does not return.
 321              		@ args = 0, pretend = 0, frame = 0
 322              		@ frame_needed = 0, uses_anonymous_args = 0
 323              		@ link register save eliminated.
 271:Core/Src/main.c ****   /* USER CODE BEGIN Error_Handler_Debug */
 272:Core/Src/main.c ****   /* User can add his own implementation to report the HAL error return state */
 273:Core/Src/main.c ****   __disable_irq();
 324              		.loc 1 273 3 view .LVU84
ARM GAS  /tmp/ccWaRM0N.s 			page 12


 325              	.LBB13:
 326              	.LBI13:
 327              		.file 2 "Drivers/CMSIS/Include/cmsis_gcc.h"
   1:Drivers/CMSIS/Include/cmsis_gcc.h **** /**************************************************************************//**
   2:Drivers/CMSIS/Include/cmsis_gcc.h ****  * @file     cmsis_gcc.h
   3:Drivers/CMSIS/Include/cmsis_gcc.h ****  * @brief    CMSIS compiler GCC header file
   4:Drivers/CMSIS/Include/cmsis_gcc.h ****  * @version  V5.0.4
   5:Drivers/CMSIS/Include/cmsis_gcc.h ****  * @date     09. April 2018
   6:Drivers/CMSIS/Include/cmsis_gcc.h ****  ******************************************************************************/
   7:Drivers/CMSIS/Include/cmsis_gcc.h **** /*
   8:Drivers/CMSIS/Include/cmsis_gcc.h ****  * Copyright (c) 2009-2018 Arm Limited. All rights reserved.
   9:Drivers/CMSIS/Include/cmsis_gcc.h ****  *
  10:Drivers/CMSIS/Include/cmsis_gcc.h ****  * SPDX-License-Identifier: Apache-2.0
  11:Drivers/CMSIS/Include/cmsis_gcc.h ****  *
  12:Drivers/CMSIS/Include/cmsis_gcc.h ****  * Licensed under the Apache License, Version 2.0 (the License); you may
  13:Drivers/CMSIS/Include/cmsis_gcc.h ****  * not use this file except in compliance with the License.
  14:Drivers/CMSIS/Include/cmsis_gcc.h ****  * You may obtain a copy of the License at
  15:Drivers/CMSIS/Include/cmsis_gcc.h ****  *
  16:Drivers/CMSIS/Include/cmsis_gcc.h ****  * www.apache.org/licenses/LICENSE-2.0
  17:Drivers/CMSIS/Include/cmsis_gcc.h ****  *
  18:Drivers/CMSIS/Include/cmsis_gcc.h ****  * Unless required by applicable law or agreed to in writing, software
  19:Drivers/CMSIS/Include/cmsis_gcc.h ****  * distributed under the License is distributed on an AS IS BASIS, WITHOUT
  20:Drivers/CMSIS/Include/cmsis_gcc.h ****  * WARRANTIES OR CONDITIONS OF ANY KIND, either express or implied.
  21:Drivers/CMSIS/Include/cmsis_gcc.h ****  * See the License for the specific language governing permissions and
  22:Drivers/CMSIS/Include/cmsis_gcc.h ****  * limitations under the License.
  23:Drivers/CMSIS/Include/cmsis_gcc.h ****  */
  24:Drivers/CMSIS/Include/cmsis_gcc.h **** 
  25:Drivers/CMSIS/Include/cmsis_gcc.h **** #ifndef __CMSIS_GCC_H
  26:Drivers/CMSIS/Include/cmsis_gcc.h **** #define __CMSIS_GCC_H
  27:Drivers/CMSIS/Include/cmsis_gcc.h **** 
  28:Drivers/CMSIS/Include/cmsis_gcc.h **** /* ignore some GCC warnings */
  29:Drivers/CMSIS/Include/cmsis_gcc.h **** #pragma GCC diagnostic push
  30:Drivers/CMSIS/Include/cmsis_gcc.h **** #pragma GCC diagnostic ignored "-Wsign-conversion"
  31:Drivers/CMSIS/Include/cmsis_gcc.h **** #pragma GCC diagnostic ignored "-Wconversion"
  32:Drivers/CMSIS/Include/cmsis_gcc.h **** #pragma GCC diagnostic ignored "-Wunused-parameter"
  33:Drivers/CMSIS/Include/cmsis_gcc.h **** 
  34:Drivers/CMSIS/Include/cmsis_gcc.h **** /* Fallback for __has_builtin */
  35:Drivers/CMSIS/Include/cmsis_gcc.h **** #ifndef __has_builtin
  36:Drivers/CMSIS/Include/cmsis_gcc.h ****   #define __has_builtin(x) (0)
  37:Drivers/CMSIS/Include/cmsis_gcc.h **** #endif
  38:Drivers/CMSIS/Include/cmsis_gcc.h **** 
  39:Drivers/CMSIS/Include/cmsis_gcc.h **** /* CMSIS compiler specific defines */
  40:Drivers/CMSIS/Include/cmsis_gcc.h **** #ifndef   __ASM
  41:Drivers/CMSIS/Include/cmsis_gcc.h ****   #define __ASM                                  __asm
  42:Drivers/CMSIS/Include/cmsis_gcc.h **** #endif
  43:Drivers/CMSIS/Include/cmsis_gcc.h **** #ifndef   __INLINE
  44:Drivers/CMSIS/Include/cmsis_gcc.h ****   #define __INLINE                               inline
  45:Drivers/CMSIS/Include/cmsis_gcc.h **** #endif
  46:Drivers/CMSIS/Include/cmsis_gcc.h **** #ifndef   __STATIC_INLINE
  47:Drivers/CMSIS/Include/cmsis_gcc.h ****   #define __STATIC_INLINE                        static inline
  48:Drivers/CMSIS/Include/cmsis_gcc.h **** #endif
  49:Drivers/CMSIS/Include/cmsis_gcc.h **** #ifndef   __STATIC_FORCEINLINE                 
  50:Drivers/CMSIS/Include/cmsis_gcc.h ****   #define __STATIC_FORCEINLINE                   __attribute__((always_inline)) static inline
  51:Drivers/CMSIS/Include/cmsis_gcc.h **** #endif                                           
  52:Drivers/CMSIS/Include/cmsis_gcc.h **** #ifndef   __NO_RETURN
  53:Drivers/CMSIS/Include/cmsis_gcc.h ****   #define __NO_RETURN                            __attribute__((__noreturn__))
  54:Drivers/CMSIS/Include/cmsis_gcc.h **** #endif
ARM GAS  /tmp/ccWaRM0N.s 			page 13


  55:Drivers/CMSIS/Include/cmsis_gcc.h **** #ifndef   __USED
  56:Drivers/CMSIS/Include/cmsis_gcc.h ****   #define __USED                                 __attribute__((used))
  57:Drivers/CMSIS/Include/cmsis_gcc.h **** #endif
  58:Drivers/CMSIS/Include/cmsis_gcc.h **** #ifndef   __WEAK
  59:Drivers/CMSIS/Include/cmsis_gcc.h ****   #define __WEAK                                 __attribute__((weak))
  60:Drivers/CMSIS/Include/cmsis_gcc.h **** #endif
  61:Drivers/CMSIS/Include/cmsis_gcc.h **** #ifndef   __PACKED
  62:Drivers/CMSIS/Include/cmsis_gcc.h ****   #define __PACKED                               __attribute__((packed, aligned(1)))
  63:Drivers/CMSIS/Include/cmsis_gcc.h **** #endif
  64:Drivers/CMSIS/Include/cmsis_gcc.h **** #ifndef   __PACKED_STRUCT
  65:Drivers/CMSIS/Include/cmsis_gcc.h ****   #define __PACKED_STRUCT                        struct __attribute__((packed, aligned(1)))
  66:Drivers/CMSIS/Include/cmsis_gcc.h **** #endif
  67:Drivers/CMSIS/Include/cmsis_gcc.h **** #ifndef   __PACKED_UNION
  68:Drivers/CMSIS/Include/cmsis_gcc.h ****   #define __PACKED_UNION                         union __attribute__((packed, aligned(1)))
  69:Drivers/CMSIS/Include/cmsis_gcc.h **** #endif
  70:Drivers/CMSIS/Include/cmsis_gcc.h **** #ifndef   __UNALIGNED_UINT32        /* deprecated */
  71:Drivers/CMSIS/Include/cmsis_gcc.h ****   #pragma GCC diagnostic push
  72:Drivers/CMSIS/Include/cmsis_gcc.h ****   #pragma GCC diagnostic ignored "-Wpacked"
  73:Drivers/CMSIS/Include/cmsis_gcc.h ****   #pragma GCC diagnostic ignored "-Wattributes"
  74:Drivers/CMSIS/Include/cmsis_gcc.h ****   struct __attribute__((packed)) T_UINT32 { uint32_t v; };
  75:Drivers/CMSIS/Include/cmsis_gcc.h ****   #pragma GCC diagnostic pop
  76:Drivers/CMSIS/Include/cmsis_gcc.h ****   #define __UNALIGNED_UINT32(x)                  (((struct T_UINT32 *)(x))->v)
  77:Drivers/CMSIS/Include/cmsis_gcc.h **** #endif
  78:Drivers/CMSIS/Include/cmsis_gcc.h **** #ifndef   __UNALIGNED_UINT16_WRITE
  79:Drivers/CMSIS/Include/cmsis_gcc.h ****   #pragma GCC diagnostic push
  80:Drivers/CMSIS/Include/cmsis_gcc.h ****   #pragma GCC diagnostic ignored "-Wpacked"
  81:Drivers/CMSIS/Include/cmsis_gcc.h ****   #pragma GCC diagnostic ignored "-Wattributes"
  82:Drivers/CMSIS/Include/cmsis_gcc.h ****   __PACKED_STRUCT T_UINT16_WRITE { uint16_t v; };
  83:Drivers/CMSIS/Include/cmsis_gcc.h ****   #pragma GCC diagnostic pop
  84:Drivers/CMSIS/Include/cmsis_gcc.h ****   #define __UNALIGNED_UINT16_WRITE(addr, val)    (void)((((struct T_UINT16_WRITE *)(void *)(addr))-
  85:Drivers/CMSIS/Include/cmsis_gcc.h **** #endif
  86:Drivers/CMSIS/Include/cmsis_gcc.h **** #ifndef   __UNALIGNED_UINT16_READ
  87:Drivers/CMSIS/Include/cmsis_gcc.h ****   #pragma GCC diagnostic push
  88:Drivers/CMSIS/Include/cmsis_gcc.h ****   #pragma GCC diagnostic ignored "-Wpacked"
  89:Drivers/CMSIS/Include/cmsis_gcc.h ****   #pragma GCC diagnostic ignored "-Wattributes"
  90:Drivers/CMSIS/Include/cmsis_gcc.h ****   __PACKED_STRUCT T_UINT16_READ { uint16_t v; };
  91:Drivers/CMSIS/Include/cmsis_gcc.h ****   #pragma GCC diagnostic pop
  92:Drivers/CMSIS/Include/cmsis_gcc.h ****   #define __UNALIGNED_UINT16_READ(addr)          (((const struct T_UINT16_READ *)(const void *)(add
  93:Drivers/CMSIS/Include/cmsis_gcc.h **** #endif
  94:Drivers/CMSIS/Include/cmsis_gcc.h **** #ifndef   __UNALIGNED_UINT32_WRITE
  95:Drivers/CMSIS/Include/cmsis_gcc.h ****   #pragma GCC diagnostic push
  96:Drivers/CMSIS/Include/cmsis_gcc.h ****   #pragma GCC diagnostic ignored "-Wpacked"
  97:Drivers/CMSIS/Include/cmsis_gcc.h ****   #pragma GCC diagnostic ignored "-Wattributes"
  98:Drivers/CMSIS/Include/cmsis_gcc.h ****   __PACKED_STRUCT T_UINT32_WRITE { uint32_t v; };
  99:Drivers/CMSIS/Include/cmsis_gcc.h ****   #pragma GCC diagnostic pop
 100:Drivers/CMSIS/Include/cmsis_gcc.h ****   #define __UNALIGNED_UINT32_WRITE(addr, val)    (void)((((struct T_UINT32_WRITE *)(void *)(addr))-
 101:Drivers/CMSIS/Include/cmsis_gcc.h **** #endif
 102:Drivers/CMSIS/Include/cmsis_gcc.h **** #ifndef   __UNALIGNED_UINT32_READ
 103:Drivers/CMSIS/Include/cmsis_gcc.h ****   #pragma GCC diagnostic push
 104:Drivers/CMSIS/Include/cmsis_gcc.h ****   #pragma GCC diagnostic ignored "-Wpacked"
 105:Drivers/CMSIS/Include/cmsis_gcc.h ****   #pragma GCC diagnostic ignored "-Wattributes"
 106:Drivers/CMSIS/Include/cmsis_gcc.h ****   __PACKED_STRUCT T_UINT32_READ { uint32_t v; };
 107:Drivers/CMSIS/Include/cmsis_gcc.h ****   #pragma GCC diagnostic pop
 108:Drivers/CMSIS/Include/cmsis_gcc.h ****   #define __UNALIGNED_UINT32_READ(addr)          (((const struct T_UINT32_READ *)(const void *)(add
 109:Drivers/CMSIS/Include/cmsis_gcc.h **** #endif
 110:Drivers/CMSIS/Include/cmsis_gcc.h **** #ifndef   __ALIGNED
 111:Drivers/CMSIS/Include/cmsis_gcc.h ****   #define __ALIGNED(x)                           __attribute__((aligned(x)))
ARM GAS  /tmp/ccWaRM0N.s 			page 14


 112:Drivers/CMSIS/Include/cmsis_gcc.h **** #endif
 113:Drivers/CMSIS/Include/cmsis_gcc.h **** #ifndef   __RESTRICT
 114:Drivers/CMSIS/Include/cmsis_gcc.h ****   #define __RESTRICT                             __restrict
 115:Drivers/CMSIS/Include/cmsis_gcc.h **** #endif
 116:Drivers/CMSIS/Include/cmsis_gcc.h **** 
 117:Drivers/CMSIS/Include/cmsis_gcc.h **** 
 118:Drivers/CMSIS/Include/cmsis_gcc.h **** /* ###########################  Core Function Access  ########################### */
 119:Drivers/CMSIS/Include/cmsis_gcc.h **** /** \ingroup  CMSIS_Core_FunctionInterface
 120:Drivers/CMSIS/Include/cmsis_gcc.h ****     \defgroup CMSIS_Core_RegAccFunctions CMSIS Core Register Access Functions
 121:Drivers/CMSIS/Include/cmsis_gcc.h ****   @{
 122:Drivers/CMSIS/Include/cmsis_gcc.h ****  */
 123:Drivers/CMSIS/Include/cmsis_gcc.h **** 
 124:Drivers/CMSIS/Include/cmsis_gcc.h **** /**
 125:Drivers/CMSIS/Include/cmsis_gcc.h ****   \brief   Enable IRQ Interrupts
 126:Drivers/CMSIS/Include/cmsis_gcc.h ****   \details Enables IRQ interrupts by clearing the I-bit in the CPSR.
 127:Drivers/CMSIS/Include/cmsis_gcc.h ****            Can only be executed in Privileged modes.
 128:Drivers/CMSIS/Include/cmsis_gcc.h ****  */
 129:Drivers/CMSIS/Include/cmsis_gcc.h **** __STATIC_FORCEINLINE void __enable_irq(void)
 130:Drivers/CMSIS/Include/cmsis_gcc.h **** {
 131:Drivers/CMSIS/Include/cmsis_gcc.h ****   __ASM volatile ("cpsie i" : : : "memory");
 132:Drivers/CMSIS/Include/cmsis_gcc.h **** }
 133:Drivers/CMSIS/Include/cmsis_gcc.h **** 
 134:Drivers/CMSIS/Include/cmsis_gcc.h **** 
 135:Drivers/CMSIS/Include/cmsis_gcc.h **** /**
 136:Drivers/CMSIS/Include/cmsis_gcc.h ****   \brief   Disable IRQ Interrupts
 137:Drivers/CMSIS/Include/cmsis_gcc.h ****   \details Disables IRQ interrupts by setting the I-bit in the CPSR.
 138:Drivers/CMSIS/Include/cmsis_gcc.h ****            Can only be executed in Privileged modes.
 139:Drivers/CMSIS/Include/cmsis_gcc.h ****  */
 140:Drivers/CMSIS/Include/cmsis_gcc.h **** __STATIC_FORCEINLINE void __disable_irq(void)
 328              		.loc 2 140 27 view .LVU85
 329              	.LBB14:
 141:Drivers/CMSIS/Include/cmsis_gcc.h **** {
 142:Drivers/CMSIS/Include/cmsis_gcc.h ****   __ASM volatile ("cpsid i" : : : "memory");
 330              		.loc 2 142 3 view .LVU86
 331              		.syntax unified
 332              	@ 142 "Drivers/CMSIS/Include/cmsis_gcc.h" 1
 333 0000 72B6     		cpsid i
 334              	@ 0 "" 2
 335              		.thumb
 336              		.syntax unified
 337              	.L21:
 338              	.LBE14:
 339              	.LBE13:
 274:Core/Src/main.c ****   while (1)
 340              		.loc 1 274 3 view .LVU87
 275:Core/Src/main.c ****   {
 276:Core/Src/main.c ****   }
 341              		.loc 1 276 3 view .LVU88
 274:Core/Src/main.c ****   while (1)
 342              		.loc 1 274 9 view .LVU89
 343 0002 FEE7     		b	.L21
 344              		.cfi_endproc
 345              	.LFE73:
 347              		.section	.text.MX_SPI1_Init,"ax",%progbits
 348              		.align	1
 349              		.syntax unified
 350              		.thumb
ARM GAS  /tmp/ccWaRM0N.s 			page 15


 351              		.thumb_func
 353              	MX_SPI1_Init:
 354              	.LFB71:
 188:Core/Src/main.c **** 
 355              		.loc 1 188 1 view -0
 356              		.cfi_startproc
 357              		@ args = 0, pretend = 0, frame = 0
 358              		@ frame_needed = 0, uses_anonymous_args = 0
 359 0000 08B5     		push	{r3, lr}
 360              		.cfi_def_cfa_offset 8
 361              		.cfi_offset 3, -8
 362              		.cfi_offset 14, -4
 198:Core/Src/main.c ****   hspi1.Init.Mode = SPI_MODE_MASTER;
 363              		.loc 1 198 3 view .LVU91
 198:Core/Src/main.c ****   hspi1.Init.Mode = SPI_MODE_MASTER;
 364              		.loc 1 198 18 is_stmt 0 view .LVU92
 365 0002 0D48     		ldr	r0, .L26
 366 0004 0D4B     		ldr	r3, .L26+4
 367 0006 0360     		str	r3, [r0]
 199:Core/Src/main.c ****   hspi1.Init.Direction = SPI_DIRECTION_2LINES;
 368              		.loc 1 199 3 is_stmt 1 view .LVU93
 199:Core/Src/main.c ****   hspi1.Init.Direction = SPI_DIRECTION_2LINES;
 369              		.loc 1 199 19 is_stmt 0 view .LVU94
 370 0008 4FF48273 		mov	r3, #260
 371 000c 4360     		str	r3, [r0, #4]
 200:Core/Src/main.c ****   hspi1.Init.DataSize = SPI_DATASIZE_8BIT;
 372              		.loc 1 200 3 is_stmt 1 view .LVU95
 200:Core/Src/main.c ****   hspi1.Init.DataSize = SPI_DATASIZE_8BIT;
 373              		.loc 1 200 24 is_stmt 0 view .LVU96
 374 000e 0023     		movs	r3, #0
 375 0010 8360     		str	r3, [r0, #8]
 201:Core/Src/main.c ****   hspi1.Init.CLKPolarity = SPI_POLARITY_LOW;
 376              		.loc 1 201 3 is_stmt 1 view .LVU97
 201:Core/Src/main.c ****   hspi1.Init.CLKPolarity = SPI_POLARITY_LOW;
 377              		.loc 1 201 23 is_stmt 0 view .LVU98
 378 0012 C360     		str	r3, [r0, #12]
 202:Core/Src/main.c ****   hspi1.Init.CLKPhase = SPI_PHASE_1EDGE;
 379              		.loc 1 202 3 is_stmt 1 view .LVU99
 202:Core/Src/main.c ****   hspi1.Init.CLKPhase = SPI_PHASE_1EDGE;
 380              		.loc 1 202 26 is_stmt 0 view .LVU100
 381 0014 0361     		str	r3, [r0, #16]
 203:Core/Src/main.c ****   hspi1.Init.NSS = SPI_NSS_SOFT;
 382              		.loc 1 203 3 is_stmt 1 view .LVU101
 203:Core/Src/main.c ****   hspi1.Init.NSS = SPI_NSS_SOFT;
 383              		.loc 1 203 23 is_stmt 0 view .LVU102
 384 0016 4361     		str	r3, [r0, #20]
 204:Core/Src/main.c ****   hspi1.Init.BaudRatePrescaler = SPI_BAUDRATEPRESCALER_8;
 385              		.loc 1 204 3 is_stmt 1 view .LVU103
 204:Core/Src/main.c ****   hspi1.Init.BaudRatePrescaler = SPI_BAUDRATEPRESCALER_8;
 386              		.loc 1 204 18 is_stmt 0 view .LVU104
 387 0018 4FF40072 		mov	r2, #512
 388 001c 8261     		str	r2, [r0, #24]
 205:Core/Src/main.c ****   hspi1.Init.FirstBit = SPI_FIRSTBIT_MSB;
 389              		.loc 1 205 3 is_stmt 1 view .LVU105
 205:Core/Src/main.c ****   hspi1.Init.FirstBit = SPI_FIRSTBIT_MSB;
 390              		.loc 1 205 32 is_stmt 0 view .LVU106
 391 001e 1022     		movs	r2, #16
ARM GAS  /tmp/ccWaRM0N.s 			page 16


 392 0020 C261     		str	r2, [r0, #28]
 206:Core/Src/main.c ****   hspi1.Init.TIMode = SPI_TIMODE_DISABLE;
 393              		.loc 1 206 3 is_stmt 1 view .LVU107
 206:Core/Src/main.c ****   hspi1.Init.TIMode = SPI_TIMODE_DISABLE;
 394              		.loc 1 206 23 is_stmt 0 view .LVU108
 395 0022 0362     		str	r3, [r0, #32]
 207:Core/Src/main.c ****   hspi1.Init.CRCCalculation = SPI_CRCCALCULATION_DISABLE;
 396              		.loc 1 207 3 is_stmt 1 view .LVU109
 207:Core/Src/main.c ****   hspi1.Init.CRCCalculation = SPI_CRCCALCULATION_DISABLE;
 397              		.loc 1 207 21 is_stmt 0 view .LVU110
 398 0024 4362     		str	r3, [r0, #36]
 208:Core/Src/main.c ****   hspi1.Init.CRCPolynomial = 10;
 399              		.loc 1 208 3 is_stmt 1 view .LVU111
 208:Core/Src/main.c ****   hspi1.Init.CRCPolynomial = 10;
 400              		.loc 1 208 29 is_stmt 0 view .LVU112
 401 0026 8362     		str	r3, [r0, #40]
 209:Core/Src/main.c ****   if (HAL_SPI_Init(&hspi1) != HAL_OK)
 402              		.loc 1 209 3 is_stmt 1 view .LVU113
 209:Core/Src/main.c ****   if (HAL_SPI_Init(&hspi1) != HAL_OK)
 403              		.loc 1 209 28 is_stmt 0 view .LVU114
 404 0028 0A23     		movs	r3, #10
 405 002a C362     		str	r3, [r0, #44]
 210:Core/Src/main.c ****   {
 406              		.loc 1 210 3 is_stmt 1 view .LVU115
 210:Core/Src/main.c ****   {
 407              		.loc 1 210 7 is_stmt 0 view .LVU116
 408 002c FFF7FEFF 		bl	HAL_SPI_Init
 409              	.LVL23:
 210:Core/Src/main.c ****   {
 410              		.loc 1 210 6 discriminator 1 view .LVU117
 411 0030 00B9     		cbnz	r0, .L25
 218:Core/Src/main.c **** 
 412              		.loc 1 218 1 view .LVU118
 413 0032 08BD     		pop	{r3, pc}
 414              	.L25:
 212:Core/Src/main.c ****   }
 415              		.loc 1 212 5 is_stmt 1 view .LVU119
 416 0034 FFF7FEFF 		bl	Error_Handler
 417              	.LVL24:
 418              	.L27:
 419              		.align	2
 420              	.L26:
 421 0038 00000000 		.word	hspi1
 422 003c 00300140 		.word	1073819648
 423              		.cfi_endproc
 424              	.LFE71:
 426              		.section	.text.SystemClock_Config,"ax",%progbits
 427              		.align	1
 428              		.global	SystemClock_Config
 429              		.syntax unified
 430              		.thumb
 431              		.thumb_func
 433              	SystemClock_Config:
 434              	.LFB70:
 148:Core/Src/main.c ****   RCC_OscInitTypeDef RCC_OscInitStruct = {0};
 435              		.loc 1 148 1 view -0
 436              		.cfi_startproc
ARM GAS  /tmp/ccWaRM0N.s 			page 17


 437              		@ args = 0, pretend = 0, frame = 64
 438              		@ frame_needed = 0, uses_anonymous_args = 0
 439 0000 10B5     		push	{r4, lr}
 440              		.cfi_def_cfa_offset 8
 441              		.cfi_offset 4, -8
 442              		.cfi_offset 14, -4
 443 0002 90B0     		sub	sp, sp, #64
 444              		.cfi_def_cfa_offset 72
 149:Core/Src/main.c ****   RCC_ClkInitTypeDef RCC_ClkInitStruct = {0};
 445              		.loc 1 149 3 view .LVU121
 149:Core/Src/main.c ****   RCC_ClkInitTypeDef RCC_ClkInitStruct = {0};
 446              		.loc 1 149 22 is_stmt 0 view .LVU122
 447 0004 06AC     		add	r4, sp, #24
 448 0006 2822     		movs	r2, #40
 449 0008 0021     		movs	r1, #0
 450 000a 2046     		mov	r0, r4
 451 000c FFF7FEFF 		bl	memset
 452              	.LVL25:
 150:Core/Src/main.c **** 
 453              		.loc 1 150 3 is_stmt 1 view .LVU123
 150:Core/Src/main.c **** 
 454              		.loc 1 150 22 is_stmt 0 view .LVU124
 455 0010 0023     		movs	r3, #0
 456 0012 0193     		str	r3, [sp, #4]
 457 0014 0293     		str	r3, [sp, #8]
 458 0016 0393     		str	r3, [sp, #12]
 459 0018 0493     		str	r3, [sp, #16]
 460 001a 0593     		str	r3, [sp, #20]
 155:Core/Src/main.c ****   RCC_OscInitStruct.HSEState = RCC_HSE_ON;
 461              		.loc 1 155 3 is_stmt 1 view .LVU125
 155:Core/Src/main.c ****   RCC_OscInitStruct.HSEState = RCC_HSE_ON;
 462              		.loc 1 155 36 is_stmt 0 view .LVU126
 463 001c 0122     		movs	r2, #1
 464 001e 0692     		str	r2, [sp, #24]
 156:Core/Src/main.c ****   RCC_OscInitStruct.HSEPredivValue = RCC_HSE_PREDIV_DIV1;
 465              		.loc 1 156 3 is_stmt 1 view .LVU127
 156:Core/Src/main.c ****   RCC_OscInitStruct.HSEPredivValue = RCC_HSE_PREDIV_DIV1;
 466              		.loc 1 156 30 is_stmt 0 view .LVU128
 467 0020 4FF48033 		mov	r3, #65536
 468 0024 0793     		str	r3, [sp, #28]
 157:Core/Src/main.c ****   RCC_OscInitStruct.HSIState = RCC_HSI_ON;
 469              		.loc 1 157 3 is_stmt 1 view .LVU129
 158:Core/Src/main.c ****   RCC_OscInitStruct.PLL.PLLState = RCC_PLL_ON;
 470              		.loc 1 158 3 view .LVU130
 158:Core/Src/main.c ****   RCC_OscInitStruct.PLL.PLLState = RCC_PLL_ON;
 471              		.loc 1 158 30 is_stmt 0 view .LVU131
 472 0026 0A92     		str	r2, [sp, #40]
 159:Core/Src/main.c ****   RCC_OscInitStruct.PLL.PLLSource = RCC_PLLSOURCE_HSE;
 473              		.loc 1 159 3 is_stmt 1 view .LVU132
 159:Core/Src/main.c ****   RCC_OscInitStruct.PLL.PLLSource = RCC_PLLSOURCE_HSE;
 474              		.loc 1 159 34 is_stmt 0 view .LVU133
 475 0028 0222     		movs	r2, #2
 476 002a 0D92     		str	r2, [sp, #52]
 160:Core/Src/main.c ****   RCC_OscInitStruct.PLL.PLLMUL = RCC_PLL_MUL2;
 477              		.loc 1 160 3 is_stmt 1 view .LVU134
 160:Core/Src/main.c ****   RCC_OscInitStruct.PLL.PLLMUL = RCC_PLL_MUL2;
 478              		.loc 1 160 35 is_stmt 0 view .LVU135
ARM GAS  /tmp/ccWaRM0N.s 			page 18


 479 002c 0E93     		str	r3, [sp, #56]
 161:Core/Src/main.c ****   if (HAL_RCC_OscConfig(&RCC_OscInitStruct) != HAL_OK)
 480              		.loc 1 161 3 is_stmt 1 view .LVU136
 162:Core/Src/main.c ****   {
 481              		.loc 1 162 3 view .LVU137
 162:Core/Src/main.c ****   {
 482              		.loc 1 162 7 is_stmt 0 view .LVU138
 483 002e 2046     		mov	r0, r4
 484 0030 FFF7FEFF 		bl	HAL_RCC_OscConfig
 485              	.LVL26:
 162:Core/Src/main.c ****   {
 486              		.loc 1 162 6 discriminator 1 view .LVU139
 487 0034 80B9     		cbnz	r0, .L32
 169:Core/Src/main.c ****                               |RCC_CLOCKTYPE_PCLK1|RCC_CLOCKTYPE_PCLK2;
 488              		.loc 1 169 3 is_stmt 1 view .LVU140
 169:Core/Src/main.c ****                               |RCC_CLOCKTYPE_PCLK1|RCC_CLOCKTYPE_PCLK2;
 489              		.loc 1 169 31 is_stmt 0 view .LVU141
 490 0036 0F23     		movs	r3, #15
 491 0038 0193     		str	r3, [sp, #4]
 171:Core/Src/main.c ****   RCC_ClkInitStruct.AHBCLKDivider = RCC_SYSCLK_DIV2;
 492              		.loc 1 171 3 is_stmt 1 view .LVU142
 171:Core/Src/main.c ****   RCC_ClkInitStruct.AHBCLKDivider = RCC_SYSCLK_DIV2;
 493              		.loc 1 171 34 is_stmt 0 view .LVU143
 494 003a 0223     		movs	r3, #2
 495 003c 0293     		str	r3, [sp, #8]
 172:Core/Src/main.c ****   RCC_ClkInitStruct.APB1CLKDivider = RCC_HCLK_DIV2;
 496              		.loc 1 172 3 is_stmt 1 view .LVU144
 172:Core/Src/main.c ****   RCC_ClkInitStruct.APB1CLKDivider = RCC_HCLK_DIV2;
 497              		.loc 1 172 35 is_stmt 0 view .LVU145
 498 003e 8023     		movs	r3, #128
 499 0040 0393     		str	r3, [sp, #12]
 173:Core/Src/main.c ****   RCC_ClkInitStruct.APB2CLKDivider = RCC_HCLK_DIV1;
 500              		.loc 1 173 3 is_stmt 1 view .LVU146
 173:Core/Src/main.c ****   RCC_ClkInitStruct.APB2CLKDivider = RCC_HCLK_DIV1;
 501              		.loc 1 173 36 is_stmt 0 view .LVU147
 502 0042 4FF48063 		mov	r3, #1024
 503 0046 0493     		str	r3, [sp, #16]
 174:Core/Src/main.c **** 
 504              		.loc 1 174 3 is_stmt 1 view .LVU148
 174:Core/Src/main.c **** 
 505              		.loc 1 174 36 is_stmt 0 view .LVU149
 506 0048 0021     		movs	r1, #0
 507 004a 0591     		str	r1, [sp, #20]
 176:Core/Src/main.c ****   {
 508              		.loc 1 176 3 is_stmt 1 view .LVU150
 176:Core/Src/main.c ****   {
 509              		.loc 1 176 7 is_stmt 0 view .LVU151
 510 004c 01A8     		add	r0, sp, #4
 511 004e FFF7FEFF 		bl	HAL_RCC_ClockConfig
 512              	.LVL27:
 176:Core/Src/main.c ****   {
 513              		.loc 1 176 6 discriminator 1 view .LVU152
 514 0052 18B9     		cbnz	r0, .L33
 180:Core/Src/main.c **** 
 515              		.loc 1 180 1 view .LVU153
 516 0054 10B0     		add	sp, sp, #64
 517              		.cfi_remember_state
ARM GAS  /tmp/ccWaRM0N.s 			page 19


 518              		.cfi_def_cfa_offset 8
 519              		@ sp needed
 520 0056 10BD     		pop	{r4, pc}
 521              	.L32:
 522              		.cfi_restore_state
 164:Core/Src/main.c ****   }
 523              		.loc 1 164 5 is_stmt 1 view .LVU154
 524 0058 FFF7FEFF 		bl	Error_Handler
 525              	.LVL28:
 526              	.L33:
 178:Core/Src/main.c ****   }
 527              		.loc 1 178 5 view .LVU155
 528 005c FFF7FEFF 		bl	Error_Handler
 529              	.LVL29:
 530              		.cfi_endproc
 531              	.LFE70:
 533              		.section	.text.main,"ax",%progbits
 534              		.align	1
 535              		.global	main
 536              		.syntax unified
 537              		.thumb
 538              		.thumb_func
 540              	main:
 541              	.LFB69:
 100:Core/Src/main.c **** 
 542              		.loc 1 100 1 view -0
 543              		.cfi_startproc
 544              		@ Volatile: function does not return.
 545              		@ args = 0, pretend = 0, frame = 0
 546              		@ frame_needed = 0, uses_anonymous_args = 0
 547 0000 08B5     		push	{r3, lr}
 548              		.cfi_def_cfa_offset 8
 549              		.cfi_offset 3, -8
 550              		.cfi_offset 14, -4
 109:Core/Src/main.c **** 
 551              		.loc 1 109 3 view .LVU157
 552 0002 FFF7FEFF 		bl	HAL_Init
 553              	.LVL30:
 116:Core/Src/main.c **** 
 554              		.loc 1 116 3 view .LVU158
 555 0006 FFF7FEFF 		bl	SystemClock_Config
 556              	.LVL31:
 123:Core/Src/main.c ****   MX_SPI1_Init();
 557              		.loc 1 123 3 view .LVU159
 558 000a FFF7FEFF 		bl	MX_GPIO_Init
 559              	.LVL32:
 124:Core/Src/main.c ****   /* USER CODE BEGIN 2 */
 560              		.loc 1 124 3 view .LVU160
 561 000e FFF7FEFF 		bl	MX_SPI1_Init
 562              	.LVL33:
 126:Core/Src/main.c ****   initial();
 563              		.loc 1 126 3 view .LVU161
 564 0012 0122     		movs	r2, #1
 565 0014 4FF40051 		mov	r1, #8192
 566 0018 0448     		ldr	r0, .L37
 567 001a FFF7FEFF 		bl	HAL_GPIO_WritePin
 568              	.LVL34:
ARM GAS  /tmp/ccWaRM0N.s 			page 20


 127:Core/Src/main.c **** 
 569              		.loc 1 127 3 view .LVU162
 570 001e FFF7FEFF 		bl	initial
 571              	.LVL35:
 572              	.L35:
 133:Core/Src/main.c ****   {
 573              		.loc 1 133 3 view .LVU163
 138:Core/Src/main.c ****   }
 574              		.loc 1 138 5 discriminator 1 view .LVU164
 575 0022 0348     		ldr	r0, .L37+4
 576 0024 FFF7FEFF 		bl	same
 577              	.LVL36:
 133:Core/Src/main.c ****   {
 578              		.loc 1 133 9 view .LVU165
 579 0028 FBE7     		b	.L35
 580              	.L38:
 581 002a 00BF     		.align	2
 582              	.L37:
 583 002c 00100140 		.word	1073811456
 584 0030 00000000 		.word	uid
 585              		.cfi_endproc
 586              	.LFE69:
 588              		.global	uid
 589              		.section	.bss.uid,"aw",%nobits
 590              		.align	2
 593              	uid:
 594 0000 00000000 		.space	5
 594      00
 595              		.global	hspi1
 596              		.section	.bss.hspi1,"aw",%nobits
 597              		.align	2
 600              	hspi1:
 601 0000 00000000 		.space	88
 601      00000000 
 601      00000000 
 601      00000000 
 601      00000000 
 602              		.global	dogru_uid
 603              		.section	.data.dogru_uid,"aw"
 604              		.align	2
 607              	dogru_uid:
 608 0000 9250ECCA 		.ascii	"\222P\354\312"
 609              		.text
 610              	.Letext0:
 611              		.file 3 "/usr/arm-none-eabi/include/machine/_default_types.h"
 612              		.file 4 "/usr/arm-none-eabi/include/sys/_stdint.h"
 613              		.file 5 "Drivers/CMSIS/Device/ST/STM32F1xx/Include/stm32f103xb.h"
 614              		.file 6 "Drivers/STM32F1xx_HAL_Driver/Inc/stm32f1xx_hal_def.h"
 615              		.file 7 "Drivers/STM32F1xx_HAL_Driver/Inc/stm32f1xx_hal_rcc.h"
 616              		.file 8 "Drivers/STM32F1xx_HAL_Driver/Inc/stm32f1xx_hal_rcc_ex.h"
 617              		.file 9 "Drivers/STM32F1xx_HAL_Driver/Inc/stm32f1xx_hal_gpio.h"
 618              		.file 10 "Drivers/STM32F1xx_HAL_Driver/Inc/stm32f1xx_hal_dma.h"
 619              		.file 11 "Drivers/STM32F1xx_HAL_Driver/Inc/stm32f1xx_hal_spi.h"
 620              		.file 12 "Core/Inc/rfid_spi.h"
 621              		.file 13 "Drivers/STM32F1xx_HAL_Driver/Inc/stm32f1xx_hal.h"
 622              		.file 14 "<built-in>"
ARM GAS  /tmp/ccWaRM0N.s 			page 21


DEFINED SYMBOLS
                            *ABS*:00000000 main.c
     /tmp/ccWaRM0N.s:19     .text.MX_GPIO_Init:00000000 $t
     /tmp/ccWaRM0N.s:24     .text.MX_GPIO_Init:00000000 MX_GPIO_Init
     /tmp/ccWaRM0N.s:169    .text.MX_GPIO_Init:000000ac $d
     /tmp/ccWaRM0N.s:176    .text.same:00000000 $t
     /tmp/ccWaRM0N.s:182    .text.same:00000000 same
     /tmp/ccWaRM0N.s:304    .text.same:00000058 $d
     /tmp/ccWaRM0N.s:607    .data.dogru_uid:00000000 dogru_uid
     /tmp/ccWaRM0N.s:310    .text.Error_Handler:00000000 $t
     /tmp/ccWaRM0N.s:316    .text.Error_Handler:00000000 Error_Handler
     /tmp/ccWaRM0N.s:348    .text.MX_SPI1_Init:00000000 $t
     /tmp/ccWaRM0N.s:353    .text.MX_SPI1_Init:00000000 MX_SPI1_Init
     /tmp/ccWaRM0N.s:421    .text.MX_SPI1_Init:00000038 $d
     /tmp/ccWaRM0N.s:600    .bss.hspi1:00000000 hspi1
     /tmp/ccWaRM0N.s:427    .text.SystemClock_Config:00000000 $t
     /tmp/ccWaRM0N.s:433    .text.SystemClock_Config:00000000 SystemClock_Config
     /tmp/ccWaRM0N.s:534    .text.main:00000000 $t
     /tmp/ccWaRM0N.s:540    .text.main:00000000 main
     /tmp/ccWaRM0N.s:583    .text.main:0000002c $d
     /tmp/ccWaRM0N.s:593    .bss.uid:00000000 uid
     /tmp/ccWaRM0N.s:590    .bss.uid:00000000 $d
     /tmp/ccWaRM0N.s:597    .bss.hspi1:00000000 $d
     /tmp/ccWaRM0N.s:604    .data.dogru_uid:00000000 $d

UNDEFINED SYMBOLS
HAL_GPIO_WritePin
HAL_GPIO_Init
uid_oku
HAL_SPI_Init
memset
HAL_RCC_OscConfig
HAL_RCC_ClockConfig
HAL_Init
initial
