ARM GAS  /tmp/ccn5XKRB.s 			page 1


   1              		.cpu cortex-m3
   2              		.arch armv7-m
   3              		.fpu softvfp
   4              		.eabi_attribute 20, 1
   5              		.eabi_attribute 21, 1
   6              		.eabi_attribute 23, 3
   7              		.eabi_attribute 24, 1
   8              		.eabi_attribute 25, 1
   9              		.eabi_attribute 26, 1
  10              		.eabi_attribute 30, 1
  11              		.eabi_attribute 34, 1
  12              		.eabi_attribute 18, 4
  13              		.file	"rfid_spi.c"
  14              		.text
  15              	.Ltext0:
  16              		.cfi_sections	.debug_frame
  17              		.file 1 "Core/Src/rfid_spi.c"
  18              		.section	.text.write,"ax",%progbits
  19              		.align	1
  20              		.global	write
  21              		.syntax unified
  22              		.thumb
  23              		.thumb_func
  25              	write:
  26              	.LVL0:
  27              	.LFB65:
   1:Core/Src/rfid_spi.c **** #include "rfid_spi.h"
   2:Core/Src/rfid_spi.c **** 
   3:Core/Src/rfid_spi.c **** extern SPI_HandleTypeDef hspi1;
   4:Core/Src/rfid_spi.c **** #define CS_LOW HAL_GPIO_WritePin(GPIOA, GPIO_PIN_4, GPIO_PIN_RESET)
   5:Core/Src/rfid_spi.c **** #define CS_HIGH HAL_GPIO_WritePin(GPIOA, GPIO_PIN_4, GPIO_PIN_SET)
   6:Core/Src/rfid_spi.c **** 
   7:Core/Src/rfid_spi.c **** void write(uint8_t addr, uint8_t val)
   8:Core/Src/rfid_spi.c **** {
  28              		.loc 1 8 1 view -0
  29              		.cfi_startproc
  30              		@ args = 0, pretend = 0, frame = 8
  31              		@ frame_needed = 0, uses_anonymous_args = 0
  32              		.loc 1 8 1 is_stmt 0 view .LVU1
  33 0000 10B5     		push	{r4, lr}
  34              		.cfi_def_cfa_offset 8
  35              		.cfi_offset 4, -8
  36              		.cfi_offset 14, -4
  37 0002 82B0     		sub	sp, sp, #8
  38              		.cfi_def_cfa_offset 16
   9:Core/Src/rfid_spi.c ****     uint8_t data[2] = {(addr << 1) & 0x7E, val};
  39              		.loc 1 9 5 is_stmt 1 view .LVU2
  40              		.loc 1 9 36 is_stmt 0 view .LVU3
  41 0004 4000     		lsls	r0, r0, #1
  42              	.LVL1:
  43              		.loc 1 9 36 view .LVU4
  44 0006 00F07E00 		and	r0, r0, #126
  45              		.loc 1 9 13 view .LVU5
  46 000a 8DF80400 		strb	r0, [sp, #4]
  47 000e 8DF80510 		strb	r1, [sp, #5]
  10:Core/Src/rfid_spi.c ****     CS_LOW;
  48              		.loc 1 10 5 is_stmt 1 view .LVU6
ARM GAS  /tmp/ccn5XKRB.s 			page 2


  49 0012 0A4C     		ldr	r4, .L3
  50 0014 0022     		movs	r2, #0
  51 0016 1021     		movs	r1, #16
  52              	.LVL2:
  53              		.loc 1 10 5 is_stmt 0 view .LVU7
  54 0018 2046     		mov	r0, r4
  55 001a FFF7FEFF 		bl	HAL_GPIO_WritePin
  56              	.LVL3:
  11:Core/Src/rfid_spi.c ****     HAL_SPI_Transmit(&hspi1, data, 2, HAL_MAX_DELAY);
  57              		.loc 1 11 5 is_stmt 1 view .LVU8
  58 001e 4FF0FF33 		mov	r3, #-1
  59 0022 0222     		movs	r2, #2
  60 0024 01A9     		add	r1, sp, #4
  61 0026 0648     		ldr	r0, .L3+4
  62 0028 FFF7FEFF 		bl	HAL_SPI_Transmit
  63              	.LVL4:
  12:Core/Src/rfid_spi.c ****     CS_HIGH;
  64              		.loc 1 12 5 view .LVU9
  65 002c 0122     		movs	r2, #1
  66 002e 1021     		movs	r1, #16
  67 0030 2046     		mov	r0, r4
  68 0032 FFF7FEFF 		bl	HAL_GPIO_WritePin
  69              	.LVL5:
  13:Core/Src/rfid_spi.c **** }
  70              		.loc 1 13 1 is_stmt 0 view .LVU10
  71 0036 02B0     		add	sp, sp, #8
  72              		.cfi_def_cfa_offset 8
  73              		@ sp needed
  74 0038 10BD     		pop	{r4, pc}
  75              	.L4:
  76 003a 00BF     		.align	2
  77              	.L3:
  78 003c 00080140 		.word	1073809408
  79 0040 00000000 		.word	hspi1
  80              		.cfi_endproc
  81              	.LFE65:
  83              		.section	.text.read,"ax",%progbits
  84              		.align	1
  85              		.global	read
  86              		.syntax unified
  87              		.thumb
  88              		.thumb_func
  90              	read:
  91              	.LVL6:
  92              	.LFB66:
  14:Core/Src/rfid_spi.c **** 
  15:Core/Src/rfid_spi.c **** uint8_t read(uint8_t addr)
  16:Core/Src/rfid_spi.c **** {
  93              		.loc 1 16 1 is_stmt 1 view -0
  94              		.cfi_startproc
  95              		@ args = 0, pretend = 0, frame = 8
  96              		@ frame_needed = 0, uses_anonymous_args = 0
  97              		.loc 1 16 1 is_stmt 0 view .LVU12
  98 0000 30B5     		push	{r4, r5, lr}
  99              		.cfi_def_cfa_offset 12
 100              		.cfi_offset 4, -12
 101              		.cfi_offset 5, -8
ARM GAS  /tmp/ccn5XKRB.s 			page 3


 102              		.cfi_offset 14, -4
 103 0002 83B0     		sub	sp, sp, #12
 104              		.cfi_def_cfa_offset 24
  17:Core/Src/rfid_spi.c ****     uint8_t tx = ((addr << 1) & 0x7E) | 0x80;
 105              		.loc 1 17 5 is_stmt 1 view .LVU13
 106              		.loc 1 17 31 is_stmt 0 view .LVU14
 107 0004 4000     		lsls	r0, r0, #1
 108              	.LVL7:
 109              		.loc 1 17 31 view .LVU15
 110 0006 00F07E00 		and	r0, r0, #126
 111              		.loc 1 17 39 view .LVU16
 112 000a 40F08000 		orr	r0, r0, #128
 113              		.loc 1 17 13 view .LVU17
 114 000e 8DF80700 		strb	r0, [sp, #7]
  18:Core/Src/rfid_spi.c ****     uint8_t rx;
 115              		.loc 1 18 5 is_stmt 1 view .LVU18
  19:Core/Src/rfid_spi.c ****     CS_LOW;
 116              		.loc 1 19 5 view .LVU19
 117 0012 104C     		ldr	r4, .L7
 118 0014 0022     		movs	r2, #0
 119 0016 1021     		movs	r1, #16
 120 0018 2046     		mov	r0, r4
 121 001a FFF7FEFF 		bl	HAL_GPIO_WritePin
 122              	.LVL8:
  20:Core/Src/rfid_spi.c ****     HAL_SPI_Transmit(&hspi1, &tx, 1, HAL_MAX_DELAY);
 123              		.loc 1 20 5 view .LVU20
 124 001e 0E4D     		ldr	r5, .L7+4
 125 0020 4FF0FF33 		mov	r3, #-1
 126 0024 0122     		movs	r2, #1
 127 0026 0DF10701 		add	r1, sp, #7
 128 002a 2846     		mov	r0, r5
 129 002c FFF7FEFF 		bl	HAL_SPI_Transmit
 130              	.LVL9:
  21:Core/Src/rfid_spi.c ****     HAL_SPI_Receive(&hspi1, &rx, 1, HAL_MAX_DELAY);
 131              		.loc 1 21 5 view .LVU21
 132 0030 4FF0FF33 		mov	r3, #-1
 133 0034 0122     		movs	r2, #1
 134 0036 0DF10601 		add	r1, sp, #6
 135 003a 2846     		mov	r0, r5
 136 003c FFF7FEFF 		bl	HAL_SPI_Receive
 137              	.LVL10:
  22:Core/Src/rfid_spi.c ****     CS_HIGH;
 138              		.loc 1 22 5 view .LVU22
 139 0040 0122     		movs	r2, #1
 140 0042 1021     		movs	r1, #16
 141 0044 2046     		mov	r0, r4
 142 0046 FFF7FEFF 		bl	HAL_GPIO_WritePin
 143              	.LVL11:
  23:Core/Src/rfid_spi.c ****     return rx;
 144              		.loc 1 23 5 view .LVU23
  24:Core/Src/rfid_spi.c **** }
 145              		.loc 1 24 1 is_stmt 0 view .LVU24
 146 004a 9DF80600 		ldrb	r0, [sp, #6]	@ zero_extendqisi2
 147 004e 03B0     		add	sp, sp, #12
 148              		.cfi_def_cfa_offset 12
 149              		@ sp needed
 150 0050 30BD     		pop	{r4, r5, pc}
ARM GAS  /tmp/ccn5XKRB.s 			page 4


 151              	.L8:
 152 0052 00BF     		.align	2
 153              	.L7:
 154 0054 00080140 		.word	1073809408
 155 0058 00000000 		.word	hspi1
 156              		.cfi_endproc
 157              	.LFE66:
 159              		.section	.text.reset,"ax",%progbits
 160              		.align	1
 161              		.global	reset
 162              		.syntax unified
 163              		.thumb
 164              		.thumb_func
 166              	reset:
 167              	.LFB67:
  25:Core/Src/rfid_spi.c **** 
  26:Core/Src/rfid_spi.c **** void reset()
  27:Core/Src/rfid_spi.c **** {
 168              		.loc 1 27 1 is_stmt 1 view -0
 169              		.cfi_startproc
 170              		@ args = 0, pretend = 0, frame = 0
 171              		@ frame_needed = 0, uses_anonymous_args = 0
 172 0000 08B5     		push	{r3, lr}
 173              		.cfi_def_cfa_offset 8
 174              		.cfi_offset 3, -8
 175              		.cfi_offset 14, -4
  28:Core/Src/rfid_spi.c ****     write(CommandReg, 0x0F);
 176              		.loc 1 28 5 view .LVU26
 177 0002 0F21     		movs	r1, #15
 178 0004 0120     		movs	r0, #1
 179 0006 FFF7FEFF 		bl	write
 180              	.LVL12:
  29:Core/Src/rfid_spi.c **** }
 181              		.loc 1 29 1 is_stmt 0 view .LVU27
 182 000a 08BD     		pop	{r3, pc}
 183              		.cfi_endproc
 184              	.LFE67:
 186              		.section	.text.antenac,"ax",%progbits
 187              		.align	1
 188              		.global	antenac
 189              		.syntax unified
 190              		.thumb
 191              		.thumb_func
 193              	antenac:
 194              	.LFB68:
  30:Core/Src/rfid_spi.c **** 
  31:Core/Src/rfid_spi.c **** void antenac()
  32:Core/Src/rfid_spi.c **** {
 195              		.loc 1 32 1 is_stmt 1 view -0
 196              		.cfi_startproc
 197              		@ args = 0, pretend = 0, frame = 0
 198              		@ frame_needed = 0, uses_anonymous_args = 0
 199 0000 08B5     		push	{r3, lr}
 200              		.cfi_def_cfa_offset 8
 201              		.cfi_offset 3, -8
 202              		.cfi_offset 14, -4
  33:Core/Src/rfid_spi.c ****     uint8_t temp = read(TxControlReg);
ARM GAS  /tmp/ccn5XKRB.s 			page 5


 203              		.loc 1 33 5 view .LVU29
 204              		.loc 1 33 20 is_stmt 0 view .LVU30
 205 0002 1420     		movs	r0, #20
 206 0004 FFF7FEFF 		bl	read
 207              	.LVL13:
  34:Core/Src/rfid_spi.c ****     if (!(temp & 0x03))
 208              		.loc 1 34 5 is_stmt 1 view .LVU31
 209              		.loc 1 34 8 is_stmt 0 view .LVU32
 210 0008 10F0030F 		tst	r0, #3
 211 000c 00D0     		beq	.L14
 212              	.LVL14:
 213              	.L11:
  35:Core/Src/rfid_spi.c ****         write(TxControlReg, temp | 0x03);
  36:Core/Src/rfid_spi.c **** }
 214              		.loc 1 36 1 view .LVU33
 215 000e 08BD     		pop	{r3, pc}
 216              	.LVL15:
 217              	.L14:
  35:Core/Src/rfid_spi.c ****         write(TxControlReg, temp | 0x03);
 218              		.loc 1 35 9 is_stmt 1 view .LVU34
 219 0010 40F00300 		orr	r0, r0, #3
 220              	.LVL16:
  35:Core/Src/rfid_spi.c ****         write(TxControlReg, temp | 0x03);
 221              		.loc 1 35 9 is_stmt 0 view .LVU35
 222 0014 C1B2     		uxtb	r1, r0
 223 0016 1420     		movs	r0, #20
 224 0018 FFF7FEFF 		bl	write
 225              	.LVL17:
 226              		.loc 1 36 1 view .LVU36
 227 001c F7E7     		b	.L11
 228              		.cfi_endproc
 229              	.LFE68:
 231              		.section	.text.antenkapa,"ax",%progbits
 232              		.align	1
 233              		.global	antenkapa
 234              		.syntax unified
 235              		.thumb
 236              		.thumb_func
 238              	antenkapa:
 239              	.LFB69:
  37:Core/Src/rfid_spi.c **** 
  38:Core/Src/rfid_spi.c **** void antenkapa()
  39:Core/Src/rfid_spi.c **** {
 240              		.loc 1 39 1 is_stmt 1 view -0
 241              		.cfi_startproc
 242              		@ args = 0, pretend = 0, frame = 0
 243              		@ frame_needed = 0, uses_anonymous_args = 0
 244 0000 08B5     		push	{r3, lr}
 245              		.cfi_def_cfa_offset 8
 246              		.cfi_offset 3, -8
 247              		.cfi_offset 14, -4
  40:Core/Src/rfid_spi.c ****     uint8_t temp = read(TxControlReg);
 248              		.loc 1 40 5 view .LVU38
 249              		.loc 1 40 20 is_stmt 0 view .LVU39
 250 0002 1420     		movs	r0, #20
 251 0004 FFF7FEFF 		bl	read
 252              	.LVL18:
ARM GAS  /tmp/ccn5XKRB.s 			page 6


  41:Core/Src/rfid_spi.c ****     write(TxControlReg, temp & (~0x03));
 253              		.loc 1 41 5 is_stmt 1 view .LVU40
 254 0008 00F0FC01 		and	r1, r0, #252
 255 000c 1420     		movs	r0, #20
 256              	.LVL19:
 257              		.loc 1 41 5 is_stmt 0 view .LVU41
 258 000e FFF7FEFF 		bl	write
 259              	.LVL20:
  42:Core/Src/rfid_spi.c **** }
 260              		.loc 1 42 1 view .LVU42
 261 0012 08BD     		pop	{r3, pc}
 262              		.cfi_endproc
 263              	.LFE69:
 265              		.section	.text.initial,"ax",%progbits
 266              		.align	1
 267              		.global	initial
 268              		.syntax unified
 269              		.thumb
 270              		.thumb_func
 272              	initial:
 273              	.LFB70:
  43:Core/Src/rfid_spi.c **** 
  44:Core/Src/rfid_spi.c **** void initial()
  45:Core/Src/rfid_spi.c **** {
 274              		.loc 1 45 1 is_stmt 1 view -0
 275              		.cfi_startproc
 276              		@ args = 0, pretend = 0, frame = 0
 277              		@ frame_needed = 0, uses_anonymous_args = 0
 278 0000 08B5     		push	{r3, lr}
 279              		.cfi_def_cfa_offset 8
 280              		.cfi_offset 3, -8
 281              		.cfi_offset 14, -4
  46:Core/Src/rfid_spi.c ****     reset();
 282              		.loc 1 46 5 view .LVU44
 283 0002 FFF7FEFF 		bl	reset
 284              	.LVL21:
  47:Core/Src/rfid_spi.c ****     write(TModeReg, 0x8D);
 285              		.loc 1 47 5 view .LVU45
 286 0006 8D21     		movs	r1, #141
 287 0008 2A20     		movs	r0, #42
 288 000a FFF7FEFF 		bl	write
 289              	.LVL22:
  48:Core/Src/rfid_spi.c ****     write(TPrescalerReg, 0x3E);
 290              		.loc 1 48 5 view .LVU46
 291 000e 3E21     		movs	r1, #62
 292 0010 2B20     		movs	r0, #43
 293 0012 FFF7FEFF 		bl	write
 294              	.LVL23:
  49:Core/Src/rfid_spi.c ****     write(TReloadRegL, 30);
 295              		.loc 1 49 5 view .LVU47
 296 0016 1E21     		movs	r1, #30
 297 0018 2D20     		movs	r0, #45
 298 001a FFF7FEFF 		bl	write
 299              	.LVL24:
  50:Core/Src/rfid_spi.c ****     write(TReloadRegH, 0);
 300              		.loc 1 50 5 view .LVU48
 301 001e 0021     		movs	r1, #0
ARM GAS  /tmp/ccn5XKRB.s 			page 7


 302 0020 2C20     		movs	r0, #44
 303 0022 FFF7FEFF 		bl	write
 304              	.LVL25:
  51:Core/Src/rfid_spi.c ****     write(0x15, 0x40);
 305              		.loc 1 51 5 view .LVU49
 306 0026 4021     		movs	r1, #64
 307 0028 1520     		movs	r0, #21
 308 002a FFF7FEFF 		bl	write
 309              	.LVL26:
  52:Core/Src/rfid_spi.c ****     write(ModeReg, 0x3D);
 310              		.loc 1 52 5 view .LVU50
 311 002e 3D21     		movs	r1, #61
 312 0030 1120     		movs	r0, #17
 313 0032 FFF7FEFF 		bl	write
 314              	.LVL27:
  53:Core/Src/rfid_spi.c ****     antenac();
 315              		.loc 1 53 5 view .LVU51
 316 0036 FFF7FEFF 		bl	antenac
 317              	.LVL28:
  54:Core/Src/rfid_spi.c **** }
 318              		.loc 1 54 1 is_stmt 0 view .LVU52
 319 003a 08BD     		pop	{r3, pc}
 320              		.cfi_endproc
 321              	.LFE70:
 323              		.section	.text.kart_var_mi,"ax",%progbits
 324              		.align	1
 325              		.global	kart_var_mi
 326              		.syntax unified
 327              		.thumb
 328              		.thumb_func
 330              	kart_var_mi:
 331              	.LFB71:
  55:Core/Src/rfid_spi.c **** 
  56:Core/Src/rfid_spi.c **** uint8_t kart_var_mi()
  57:Core/Src/rfid_spi.c **** {
 332              		.loc 1 57 1 is_stmt 1 view -0
 333              		.cfi_startproc
 334              		@ args = 0, pretend = 0, frame = 0
 335              		@ frame_needed = 0, uses_anonymous_args = 0
 336 0000 10B5     		push	{r4, lr}
 337              		.cfi_def_cfa_offset 8
 338              		.cfi_offset 4, -8
 339              		.cfi_offset 14, -4
  58:Core/Src/rfid_spi.c ****     write(BitFramingReg, 0x07);
 340              		.loc 1 58 5 view .LVU54
 341 0002 0721     		movs	r1, #7
 342 0004 0D20     		movs	r0, #13
 343 0006 FFF7FEFF 		bl	write
 344              	.LVL29:
  59:Core/Src/rfid_spi.c ****     write(CommandReg, PCD_IDLE);
 345              		.loc 1 59 5 view .LVU55
 346 000a 0021     		movs	r1, #0
 347 000c 0120     		movs	r0, #1
 348 000e FFF7FEFF 		bl	write
 349              	.LVL30:
  60:Core/Src/rfid_spi.c ****     write(FIFOLevelReg, 0x80);
 350              		.loc 1 60 5 view .LVU56
ARM GAS  /tmp/ccn5XKRB.s 			page 8


 351 0012 8021     		movs	r1, #128
 352 0014 0A20     		movs	r0, #10
 353 0016 FFF7FEFF 		bl	write
 354              	.LVL31:
  61:Core/Src/rfid_spi.c ****     write(FIFODataReg, PICC_REQIDL);
 355              		.loc 1 61 5 view .LVU57
 356 001a 2621     		movs	r1, #38
 357 001c 0920     		movs	r0, #9
 358 001e FFF7FEFF 		bl	write
 359              	.LVL32:
  62:Core/Src/rfid_spi.c ****     write(CommandReg, PCD_TRANSCEIVE);
 360              		.loc 1 62 5 view .LVU58
 361 0022 0C21     		movs	r1, #12
 362 0024 0120     		movs	r0, #1
 363 0026 FFF7FEFF 		bl	write
 364              	.LVL33:
  63:Core/Src/rfid_spi.c ****     write(BitFramingReg, 0x87);
 365              		.loc 1 63 5 view .LVU59
 366 002a 8721     		movs	r1, #135
 367 002c 0D20     		movs	r0, #13
 368 002e FFF7FEFF 		bl	write
 369              	.LVL34:
  64:Core/Src/rfid_spi.c **** 
  65:Core/Src/rfid_spi.c ****     uint8_t irq = read(CommIrqReg);
 370              		.loc 1 65 5 view .LVU60
 371              		.loc 1 65 19 is_stmt 0 view .LVU61
 372 0032 0420     		movs	r0, #4
 373 0034 FFF7FEFF 		bl	read
 374              	.LVL35:
  66:Core/Src/rfid_spi.c ****     for (uint32_t i = 0; i < 2000 && !(irq & 0x30); i++)
 375              		.loc 1 66 5 is_stmt 1 view .LVU62
 376              	.LBB2:
 377              		.loc 1 66 10 view .LVU63
 378              		.loc 1 66 19 is_stmt 0 view .LVU64
 379 0038 0024     		movs	r4, #0
 380              		.loc 1 66 5 view .LVU65
 381 003a 03E0     		b	.L20
 382              	.LVL36:
 383              	.L22:
  67:Core/Src/rfid_spi.c ****     {
  68:Core/Src/rfid_spi.c ****         irq = read(CommIrqReg);
 384              		.loc 1 68 9 is_stmt 1 view .LVU66
 385              		.loc 1 68 15 is_stmt 0 view .LVU67
 386 003c 0420     		movs	r0, #4
 387              	.LVL37:
 388              		.loc 1 68 15 view .LVU68
 389 003e FFF7FEFF 		bl	read
 390              	.LVL38:
  66:Core/Src/rfid_spi.c ****     for (uint32_t i = 0; i < 2000 && !(irq & 0x30); i++)
 391              		.loc 1 66 54 is_stmt 1 discriminator 4 view .LVU69
 392 0042 0134     		adds	r4, r4, #1
 393              	.LVL39:
 394              	.L20:
  66:Core/Src/rfid_spi.c ****     for (uint32_t i = 0; i < 2000 && !(irq & 0x30); i++)
 395              		.loc 1 66 35 discriminator 1 view .LVU70
 396 0044 B4F5FA6F 		cmp	r4, #2000
 397 0048 02D2     		bcs	.L21
ARM GAS  /tmp/ccn5XKRB.s 			page 9


  66:Core/Src/rfid_spi.c ****     for (uint32_t i = 0; i < 2000 && !(irq & 0x30); i++)
 398              		.loc 1 66 35 is_stmt 0 discriminator 3 view .LVU71
 399 004a 10F0300F 		tst	r0, #48
 400 004e F5D0     		beq	.L22
 401              	.L21:
 402              	.LBE2:
  69:Core/Src/rfid_spi.c ****     }
  70:Core/Src/rfid_spi.c **** 
  71:Core/Src/rfid_spi.c ****     uint8_t error = read(ErrorReg);
 403              		.loc 1 71 5 is_stmt 1 view .LVU72
 404              		.loc 1 71 21 is_stmt 0 view .LVU73
 405 0050 0620     		movs	r0, #6
 406              	.LVL40:
 407              		.loc 1 71 21 view .LVU74
 408 0052 FFF7FEFF 		bl	read
 409              	.LVL41:
  72:Core/Src/rfid_spi.c ****     return !(error & 0x1B);
 410              		.loc 1 72 5 is_stmt 1 view .LVU75
 411              		.loc 1 72 12 is_stmt 0 view .LVU76
 412 0056 00F01B00 		and	r0, r0, #27
 413              	.LVL42:
  73:Core/Src/rfid_spi.c **** }
 414              		.loc 1 73 1 view .LVU77
 415 005a B0FA80F0 		clz	r0, r0
 416 005e 4009     		lsrs	r0, r0, #5
 417 0060 10BD     		pop	{r4, pc}
 418              		.loc 1 73 1 view .LVU78
 419              		.cfi_endproc
 420              	.LFE71:
 422              		.section	.text.uid_oku,"ax",%progbits
 423              		.align	1
 424              		.global	uid_oku
 425              		.syntax unified
 426              		.thumb
 427              		.thumb_func
 429              	uid_oku:
 430              	.LVL43:
 431              	.LFB72:
  74:Core/Src/rfid_spi.c **** 
  75:Core/Src/rfid_spi.c **** uint8_t uid_oku(uint8_t *uid)
  76:Core/Src/rfid_spi.c **** {
 432              		.loc 1 76 1 is_stmt 1 view -0
 433              		.cfi_startproc
 434              		@ args = 0, pretend = 0, frame = 0
 435              		@ frame_needed = 0, uses_anonymous_args = 0
 436              		.loc 1 76 1 is_stmt 0 view .LVU80
 437 0000 70B5     		push	{r4, r5, r6, lr}
 438              		.cfi_def_cfa_offset 16
 439              		.cfi_offset 4, -16
 440              		.cfi_offset 5, -12
 441              		.cfi_offset 6, -8
 442              		.cfi_offset 14, -4
 443 0002 0546     		mov	r5, r0
  77:Core/Src/rfid_spi.c ****     write(BitFramingReg, 0x00);
 444              		.loc 1 77 5 is_stmt 1 view .LVU81
 445 0004 0021     		movs	r1, #0
 446 0006 0D20     		movs	r0, #13
ARM GAS  /tmp/ccn5XKRB.s 			page 10


 447              	.LVL44:
 448              		.loc 1 77 5 is_stmt 0 view .LVU82
 449 0008 FFF7FEFF 		bl	write
 450              	.LVL45:
  78:Core/Src/rfid_spi.c ****     write(CommandReg, PCD_IDLE);
 451              		.loc 1 78 5 is_stmt 1 view .LVU83
 452 000c 0021     		movs	r1, #0
 453 000e 0120     		movs	r0, #1
 454 0010 FFF7FEFF 		bl	write
 455              	.LVL46:
  79:Core/Src/rfid_spi.c ****     write(FIFOLevelReg, 0x80);
 456              		.loc 1 79 5 view .LVU84
 457 0014 8021     		movs	r1, #128
 458 0016 0A20     		movs	r0, #10
 459 0018 FFF7FEFF 		bl	write
 460              	.LVL47:
  80:Core/Src/rfid_spi.c ****     write(FIFODataReg, PICC_ANTICOLL);
 461              		.loc 1 80 5 view .LVU85
 462 001c 9321     		movs	r1, #147
 463 001e 0920     		movs	r0, #9
 464 0020 FFF7FEFF 		bl	write
 465              	.LVL48:
  81:Core/Src/rfid_spi.c ****     write(FIFODataReg, 0x20);
 466              		.loc 1 81 5 view .LVU86
 467 0024 2021     		movs	r1, #32
 468 0026 0920     		movs	r0, #9
 469 0028 FFF7FEFF 		bl	write
 470              	.LVL49:
  82:Core/Src/rfid_spi.c ****     write(CommandReg, PCD_TRANSCEIVE);
 471              		.loc 1 82 5 view .LVU87
 472 002c 0C21     		movs	r1, #12
 473 002e 0120     		movs	r0, #1
 474 0030 FFF7FEFF 		bl	write
 475              	.LVL50:
  83:Core/Src/rfid_spi.c **** 
  84:Core/Src/rfid_spi.c ****     // Burayı düzeltiyoruz:
  85:Core/Src/rfid_spi.c ****     uint8_t irq;
 476              		.loc 1 85 5 view .LVU88
  86:Core/Src/rfid_spi.c ****     int i = 2000;
 477              		.loc 1 86 5 view .LVU89
 478              		.loc 1 86 9 is_stmt 0 view .LVU90
 479 0034 4FF4FA64 		mov	r4, #2000
 480              	.LVL51:
 481              	.L26:
  87:Core/Src/rfid_spi.c ****     do
 482              		.loc 1 87 5 is_stmt 1 view .LVU91
  88:Core/Src/rfid_spi.c ****     {
  89:Core/Src/rfid_spi.c ****         irq = read(CommIrqReg);
 483              		.loc 1 89 9 view .LVU92
 484              		.loc 1 89 15 is_stmt 0 view .LVU93
 485 0038 0420     		movs	r0, #4
 486 003a FFF7FEFF 		bl	read
 487              	.LVL52:
  90:Core/Src/rfid_spi.c ****         i--;
 488              		.loc 1 90 9 is_stmt 1 view .LVU94
  91:Core/Src/rfid_spi.c ****     } while (i && !(irq & 0x30)); // RxIRq | TimerIRq
 489              		.loc 1 91 16 discriminator 2 view .LVU95
ARM GAS  /tmp/ccn5XKRB.s 			page 11


 490 003e 013C     		subs	r4, r4, #1
 491              	.LVL53:
 492              		.loc 1 91 16 is_stmt 0 discriminator 2 view .LVU96
 493 0040 02D0     		beq	.L25
 494              		.loc 1 91 16 discriminator 1 view .LVU97
 495 0042 10F0300F 		tst	r0, #48
 496 0046 F7D0     		beq	.L26
 497              	.L25:
  92:Core/Src/rfid_spi.c **** 
  93:Core/Src/rfid_spi.c ****     uint8_t error = read(ErrorReg);
 498              		.loc 1 93 5 is_stmt 1 view .LVU98
 499              		.loc 1 93 21 is_stmt 0 view .LVU99
 500 0048 0620     		movs	r0, #6
 501              	.LVL54:
 502              		.loc 1 93 21 view .LVU100
 503 004a FFF7FEFF 		bl	read
 504              	.LVL55:
  94:Core/Src/rfid_spi.c ****     if (error & 0x1B)
 505              		.loc 1 94 5 is_stmt 1 view .LVU101
 506              		.loc 1 94 8 is_stmt 0 view .LVU102
 507 004e 10F01B0F 		tst	r0, #27
 508 0052 01D0     		beq	.L32
  95:Core/Src/rfid_spi.c ****         return 0;
 509              		.loc 1 95 16 view .LVU103
 510 0054 0020     		movs	r0, #0
 511              	.LVL56:
 512              	.L27:
  96:Core/Src/rfid_spi.c **** 
  97:Core/Src/rfid_spi.c ****     uint8_t n = read(FIFOLevelReg);
  98:Core/Src/rfid_spi.c ****     for (int i = 0; i < n; i++)
  99:Core/Src/rfid_spi.c ****     {
 100:Core/Src/rfid_spi.c ****         uid[i] = read(FIFODataReg);
 101:Core/Src/rfid_spi.c ****     }
 102:Core/Src/rfid_spi.c ****     return 1;
 103:Core/Src/rfid_spi.c **** }
 513              		.loc 1 103 1 view .LVU104
 514 0056 70BD     		pop	{r4, r5, r6, pc}
 515              	.LVL57:
 516              	.L32:
  97:Core/Src/rfid_spi.c ****     for (int i = 0; i < n; i++)
 517              		.loc 1 97 5 is_stmt 1 view .LVU105
  97:Core/Src/rfid_spi.c ****     for (int i = 0; i < n; i++)
 518              		.loc 1 97 17 is_stmt 0 view .LVU106
 519 0058 0A20     		movs	r0, #10
 520              	.LVL58:
  97:Core/Src/rfid_spi.c ****     for (int i = 0; i < n; i++)
 521              		.loc 1 97 17 view .LVU107
 522 005a FFF7FEFF 		bl	read
 523              	.LVL59:
 524 005e 0646     		mov	r6, r0
 525              	.LVL60:
  98:Core/Src/rfid_spi.c ****     {
 526              		.loc 1 98 5 is_stmt 1 view .LVU108
 527              	.LBB3:
  98:Core/Src/rfid_spi.c ****     {
 528              		.loc 1 98 10 view .LVU109
  98:Core/Src/rfid_spi.c ****     {
ARM GAS  /tmp/ccn5XKRB.s 			page 12


 529              		.loc 1 98 14 is_stmt 0 view .LVU110
 530 0060 0024     		movs	r4, #0
 531              	.LVL61:
  98:Core/Src/rfid_spi.c ****     {
 532              		.loc 1 98 5 view .LVU111
 533 0062 04E0     		b	.L28
 534              	.LVL62:
 535              	.L29:
 100:Core/Src/rfid_spi.c ****     }
 536              		.loc 1 100 9 is_stmt 1 view .LVU112
 100:Core/Src/rfid_spi.c ****     }
 537              		.loc 1 100 18 is_stmt 0 view .LVU113
 538 0064 0920     		movs	r0, #9
 539 0066 FFF7FEFF 		bl	read
 540              	.LVL63:
 100:Core/Src/rfid_spi.c ****     }
 541              		.loc 1 100 16 discriminator 1 view .LVU114
 542 006a 2855     		strb	r0, [r5, r4]
  98:Core/Src/rfid_spi.c ****     {
 543              		.loc 1 98 29 is_stmt 1 discriminator 3 view .LVU115
 544 006c 0134     		adds	r4, r4, #1
 545              	.LVL64:
 546              	.L28:
  98:Core/Src/rfid_spi.c ****     {
 547              		.loc 1 98 23 discriminator 1 view .LVU116
 548 006e A642     		cmp	r6, r4
 549 0070 F8DC     		bgt	.L29
 550              	.LBE3:
 102:Core/Src/rfid_spi.c **** }
 551              		.loc 1 102 12 is_stmt 0 view .LVU117
 552 0072 0120     		movs	r0, #1
 553              	.LBB4:
 554 0074 EFE7     		b	.L27
 555              	.LBE4:
 556              		.cfi_endproc
 557              	.LFE72:
 559              		.text
 560              	.Letext0:
 561              		.file 2 "/usr/arm-none-eabi/include/machine/_default_types.h"
 562              		.file 3 "/usr/arm-none-eabi/include/sys/_stdint.h"
 563              		.file 4 "Drivers/CMSIS/Device/ST/STM32F1xx/Include/stm32f103xb.h"
 564              		.file 5 "Drivers/STM32F1xx_HAL_Driver/Inc/stm32f1xx_hal_def.h"
 565              		.file 6 "Drivers/STM32F1xx_HAL_Driver/Inc/stm32f1xx_hal_gpio.h"
 566              		.file 7 "Drivers/STM32F1xx_HAL_Driver/Inc/stm32f1xx_hal_dma.h"
 567              		.file 8 "Drivers/STM32F1xx_HAL_Driver/Inc/stm32f1xx_hal_spi.h"
ARM GAS  /tmp/ccn5XKRB.s 			page 13


DEFINED SYMBOLS
                            *ABS*:00000000 rfid_spi.c
     /tmp/ccn5XKRB.s:19     .text.write:00000000 $t
     /tmp/ccn5XKRB.s:25     .text.write:00000000 write
     /tmp/ccn5XKRB.s:78     .text.write:0000003c $d
     /tmp/ccn5XKRB.s:84     .text.read:00000000 $t
     /tmp/ccn5XKRB.s:90     .text.read:00000000 read
     /tmp/ccn5XKRB.s:154    .text.read:00000054 $d
     /tmp/ccn5XKRB.s:160    .text.reset:00000000 $t
     /tmp/ccn5XKRB.s:166    .text.reset:00000000 reset
     /tmp/ccn5XKRB.s:187    .text.antenac:00000000 $t
     /tmp/ccn5XKRB.s:193    .text.antenac:00000000 antenac
     /tmp/ccn5XKRB.s:232    .text.antenkapa:00000000 $t
     /tmp/ccn5XKRB.s:238    .text.antenkapa:00000000 antenkapa
     /tmp/ccn5XKRB.s:266    .text.initial:00000000 $t
     /tmp/ccn5XKRB.s:272    .text.initial:00000000 initial
     /tmp/ccn5XKRB.s:324    .text.kart_var_mi:00000000 $t
     /tmp/ccn5XKRB.s:330    .text.kart_var_mi:00000000 kart_var_mi
     /tmp/ccn5XKRB.s:423    .text.uid_oku:00000000 $t
     /tmp/ccn5XKRB.s:429    .text.uid_oku:00000000 uid_oku

UNDEFINED SYMBOLS
HAL_GPIO_WritePin
HAL_SPI_Transmit
hspi1
HAL_SPI_Receive
