ARM GAS  /tmp/ccPaTt4m.s 			page 1


   1              		.cpu cortex-m3
   2              		.arch armv7-m
   3              		.fpu softvfp
   4              		.eabi_attribute 20, 1
   5              		.eabi_attribute 21, 1
   6              		.eabi_attribute 23, 3
   7              		.eabi_attribute 24, 1
   8              		.eabi_attribute 25, 1
   9              		.eabi_attribute 26, 1
  10              		.eabi_attribute 30, 1
  11              		.eabi_attribute 34, 1
  12              		.eabi_attribute 18, 4
  13              		.file	"stm32f1xx_hal_msp.c"
  14              		.text
  15              	.Ltext0:
  16              		.cfi_sections	.debug_frame
  17              		.file 1 "Core/Src/stm32f1xx_hal_msp.c"
  18              		.section	.text.HAL_MspInit,"ax",%progbits
  19              		.align	1
  20              		.global	HAL_MspInit
  21              		.syntax unified
  22              		.thumb
  23              		.thumb_func
  25              	HAL_MspInit:
  26              	.LFB65:
   1:Core/Src/stm32f1xx_hal_msp.c **** /* USER CODE BEGIN Header */
   2:Core/Src/stm32f1xx_hal_msp.c **** /**
   3:Core/Src/stm32f1xx_hal_msp.c ****   ******************************************************************************
   4:Core/Src/stm32f1xx_hal_msp.c ****   * @file         stm32f1xx_hal_msp.c
   5:Core/Src/stm32f1xx_hal_msp.c ****   * @brief        This file provides code for the MSP Initialization
   6:Core/Src/stm32f1xx_hal_msp.c ****   *               and de-Initialization codes.
   7:Core/Src/stm32f1xx_hal_msp.c ****   ******************************************************************************
   8:Core/Src/stm32f1xx_hal_msp.c ****   * @attention
   9:Core/Src/stm32f1xx_hal_msp.c ****   *
  10:Core/Src/stm32f1xx_hal_msp.c ****   * Copyright (c) 2025 STMicroelectronics.
  11:Core/Src/stm32f1xx_hal_msp.c ****   * All rights reserved.
  12:Core/Src/stm32f1xx_hal_msp.c ****   *
  13:Core/Src/stm32f1xx_hal_msp.c ****   * This software is licensed under terms that can be found in the LICENSE file
  14:Core/Src/stm32f1xx_hal_msp.c ****   * in the root directory of this software component.
  15:Core/Src/stm32f1xx_hal_msp.c ****   * If no LICENSE file comes with this software, it is provided AS-IS.
  16:Core/Src/stm32f1xx_hal_msp.c ****   *
  17:Core/Src/stm32f1xx_hal_msp.c ****   ******************************************************************************
  18:Core/Src/stm32f1xx_hal_msp.c ****   */
  19:Core/Src/stm32f1xx_hal_msp.c **** /* USER CODE END Header */
  20:Core/Src/stm32f1xx_hal_msp.c **** 
  21:Core/Src/stm32f1xx_hal_msp.c **** /* Includes ------------------------------------------------------------------*/
  22:Core/Src/stm32f1xx_hal_msp.c **** #include "main.h"
  23:Core/Src/stm32f1xx_hal_msp.c **** /* USER CODE BEGIN Includes */
  24:Core/Src/stm32f1xx_hal_msp.c **** 
  25:Core/Src/stm32f1xx_hal_msp.c **** /* USER CODE END Includes */
  26:Core/Src/stm32f1xx_hal_msp.c **** 
  27:Core/Src/stm32f1xx_hal_msp.c **** /* Private typedef -----------------------------------------------------------*/
  28:Core/Src/stm32f1xx_hal_msp.c **** /* USER CODE BEGIN TD */
  29:Core/Src/stm32f1xx_hal_msp.c **** 
  30:Core/Src/stm32f1xx_hal_msp.c **** /* USER CODE END TD */
  31:Core/Src/stm32f1xx_hal_msp.c **** 
  32:Core/Src/stm32f1xx_hal_msp.c **** /* Private define ------------------------------------------------------------*/
ARM GAS  /tmp/ccPaTt4m.s 			page 2


  33:Core/Src/stm32f1xx_hal_msp.c **** /* USER CODE BEGIN Define */
  34:Core/Src/stm32f1xx_hal_msp.c **** 
  35:Core/Src/stm32f1xx_hal_msp.c **** /* USER CODE END Define */
  36:Core/Src/stm32f1xx_hal_msp.c **** 
  37:Core/Src/stm32f1xx_hal_msp.c **** /* Private macro -------------------------------------------------------------*/
  38:Core/Src/stm32f1xx_hal_msp.c **** /* USER CODE BEGIN Macro */
  39:Core/Src/stm32f1xx_hal_msp.c **** 
  40:Core/Src/stm32f1xx_hal_msp.c **** /* USER CODE END Macro */
  41:Core/Src/stm32f1xx_hal_msp.c **** 
  42:Core/Src/stm32f1xx_hal_msp.c **** /* Private variables ---------------------------------------------------------*/
  43:Core/Src/stm32f1xx_hal_msp.c **** /* USER CODE BEGIN PV */
  44:Core/Src/stm32f1xx_hal_msp.c **** 
  45:Core/Src/stm32f1xx_hal_msp.c **** /* USER CODE END PV */
  46:Core/Src/stm32f1xx_hal_msp.c **** 
  47:Core/Src/stm32f1xx_hal_msp.c **** /* Private function prototypes -----------------------------------------------*/
  48:Core/Src/stm32f1xx_hal_msp.c **** /* USER CODE BEGIN PFP */
  49:Core/Src/stm32f1xx_hal_msp.c **** 
  50:Core/Src/stm32f1xx_hal_msp.c **** /* USER CODE END PFP */
  51:Core/Src/stm32f1xx_hal_msp.c **** 
  52:Core/Src/stm32f1xx_hal_msp.c **** /* External functions --------------------------------------------------------*/
  53:Core/Src/stm32f1xx_hal_msp.c **** /* USER CODE BEGIN ExternalFunctions */
  54:Core/Src/stm32f1xx_hal_msp.c **** 
  55:Core/Src/stm32f1xx_hal_msp.c **** /* USER CODE END ExternalFunctions */
  56:Core/Src/stm32f1xx_hal_msp.c **** 
  57:Core/Src/stm32f1xx_hal_msp.c **** /* USER CODE BEGIN 0 */
  58:Core/Src/stm32f1xx_hal_msp.c **** 
  59:Core/Src/stm32f1xx_hal_msp.c **** /* USER CODE END 0 */
  60:Core/Src/stm32f1xx_hal_msp.c **** /**
  61:Core/Src/stm32f1xx_hal_msp.c ****   * Initializes the Global MSP.
  62:Core/Src/stm32f1xx_hal_msp.c ****   */
  63:Core/Src/stm32f1xx_hal_msp.c **** void HAL_MspInit(void)
  64:Core/Src/stm32f1xx_hal_msp.c **** {
  27              		.loc 1 64 1 view -0
  28              		.cfi_startproc
  29              		@ args = 0, pretend = 0, frame = 8
  30              		@ frame_needed = 0, uses_anonymous_args = 0
  31              		@ link register save eliminated.
  32 0000 82B0     		sub	sp, sp, #8
  33              		.cfi_def_cfa_offset 8
  65:Core/Src/stm32f1xx_hal_msp.c **** 
  66:Core/Src/stm32f1xx_hal_msp.c ****   /* USER CODE BEGIN MspInit 0 */
  67:Core/Src/stm32f1xx_hal_msp.c **** 
  68:Core/Src/stm32f1xx_hal_msp.c ****   /* USER CODE END MspInit 0 */
  69:Core/Src/stm32f1xx_hal_msp.c **** 
  70:Core/Src/stm32f1xx_hal_msp.c ****   __HAL_RCC_AFIO_CLK_ENABLE();
  34              		.loc 1 70 3 view .LVU1
  35              	.LBB2:
  36              		.loc 1 70 3 view .LVU2
  37              		.loc 1 70 3 view .LVU3
  38 0002 0A4B     		ldr	r3, .L3
  39 0004 9A69     		ldr	r2, [r3, #24]
  40 0006 42F00102 		orr	r2, r2, #1
  41 000a 9A61     		str	r2, [r3, #24]
  42              		.loc 1 70 3 view .LVU4
  43 000c 9A69     		ldr	r2, [r3, #24]
  44 000e 02F00102 		and	r2, r2, #1
  45 0012 0092     		str	r2, [sp]
ARM GAS  /tmp/ccPaTt4m.s 			page 3


  46              		.loc 1 70 3 view .LVU5
  47 0014 009A     		ldr	r2, [sp]
  48              	.LBE2:
  49              		.loc 1 70 3 view .LVU6
  71:Core/Src/stm32f1xx_hal_msp.c ****   __HAL_RCC_PWR_CLK_ENABLE();
  50              		.loc 1 71 3 view .LVU7
  51              	.LBB3:
  52              		.loc 1 71 3 view .LVU8
  53              		.loc 1 71 3 view .LVU9
  54 0016 DA69     		ldr	r2, [r3, #28]
  55 0018 42F08052 		orr	r2, r2, #268435456
  56 001c DA61     		str	r2, [r3, #28]
  57              		.loc 1 71 3 view .LVU10
  58 001e DB69     		ldr	r3, [r3, #28]
  59 0020 03F08053 		and	r3, r3, #268435456
  60 0024 0193     		str	r3, [sp, #4]
  61              		.loc 1 71 3 view .LVU11
  62 0026 019B     		ldr	r3, [sp, #4]
  63              	.LBE3:
  64              		.loc 1 71 3 view .LVU12
  72:Core/Src/stm32f1xx_hal_msp.c **** 
  73:Core/Src/stm32f1xx_hal_msp.c ****   /* System interrupt init*/
  74:Core/Src/stm32f1xx_hal_msp.c **** 
  75:Core/Src/stm32f1xx_hal_msp.c ****   /** NOJTAG: JTAG-DP Disabled and SW-DP Enabled
  76:Core/Src/stm32f1xx_hal_msp.c ****   */
  77:Core/Src/stm32f1xx_hal_msp.c ****   //__HAL_AFIO_REMAP_SWJ_NOJTAG();
  78:Core/Src/stm32f1xx_hal_msp.c **** 
  79:Core/Src/stm32f1xx_hal_msp.c ****   /* USER CODE BEGIN MspInit 1 */
  80:Core/Src/stm32f1xx_hal_msp.c **** 
  81:Core/Src/stm32f1xx_hal_msp.c ****   /* USER CODE END MspInit 1 */
  82:Core/Src/stm32f1xx_hal_msp.c **** }
  65              		.loc 1 82 1 is_stmt 0 view .LVU13
  66 0028 02B0     		add	sp, sp, #8
  67              		.cfi_def_cfa_offset 0
  68              		@ sp needed
  69 002a 7047     		bx	lr
  70              	.L4:
  71              		.align	2
  72              	.L3:
  73 002c 00100240 		.word	1073876992
  74              		.cfi_endproc
  75              	.LFE65:
  77              		.section	.text.HAL_SPI_MspInit,"ax",%progbits
  78              		.align	1
  79              		.global	HAL_SPI_MspInit
  80              		.syntax unified
  81              		.thumb
  82              		.thumb_func
  84              	HAL_SPI_MspInit:
  85              	.LVL0:
  86              	.LFB66:
  83:Core/Src/stm32f1xx_hal_msp.c **** 
  84:Core/Src/stm32f1xx_hal_msp.c **** /**
  85:Core/Src/stm32f1xx_hal_msp.c **** * @brief SPI MSP Initialization
  86:Core/Src/stm32f1xx_hal_msp.c **** * This function configures the hardware resources used in this example
  87:Core/Src/stm32f1xx_hal_msp.c **** * @param hspi: SPI handle pointer
  88:Core/Src/stm32f1xx_hal_msp.c **** * @retval None
ARM GAS  /tmp/ccPaTt4m.s 			page 4


  89:Core/Src/stm32f1xx_hal_msp.c **** */
  90:Core/Src/stm32f1xx_hal_msp.c **** void HAL_SPI_MspInit(SPI_HandleTypeDef* hspi)
  91:Core/Src/stm32f1xx_hal_msp.c **** {
  87              		.loc 1 91 1 is_stmt 1 view -0
  88              		.cfi_startproc
  89              		@ args = 0, pretend = 0, frame = 24
  90              		@ frame_needed = 0, uses_anonymous_args = 0
  91              		.loc 1 91 1 is_stmt 0 view .LVU15
  92 0000 30B5     		push	{r4, r5, lr}
  93              		.cfi_def_cfa_offset 12
  94              		.cfi_offset 4, -12
  95              		.cfi_offset 5, -8
  96              		.cfi_offset 14, -4
  97 0002 87B0     		sub	sp, sp, #28
  98              		.cfi_def_cfa_offset 40
  92:Core/Src/stm32f1xx_hal_msp.c ****   GPIO_InitTypeDef GPIO_InitStruct = {0};
  99              		.loc 1 92 3 is_stmt 1 view .LVU16
 100              		.loc 1 92 20 is_stmt 0 view .LVU17
 101 0004 0023     		movs	r3, #0
 102 0006 0293     		str	r3, [sp, #8]
 103 0008 0393     		str	r3, [sp, #12]
 104 000a 0493     		str	r3, [sp, #16]
 105 000c 0593     		str	r3, [sp, #20]
  93:Core/Src/stm32f1xx_hal_msp.c ****   if(hspi->Instance==SPI1)
 106              		.loc 1 93 3 is_stmt 1 view .LVU18
 107              		.loc 1 93 10 is_stmt 0 view .LVU19
 108 000e 0268     		ldr	r2, [r0]
 109              		.loc 1 93 5 view .LVU20
 110 0010 174B     		ldr	r3, .L9
 111 0012 9A42     		cmp	r2, r3
 112 0014 01D0     		beq	.L8
 113              	.LVL1:
 114              	.L5:
  94:Core/Src/stm32f1xx_hal_msp.c ****   {
  95:Core/Src/stm32f1xx_hal_msp.c ****   /* USER CODE BEGIN SPI1_MspInit 0 */
  96:Core/Src/stm32f1xx_hal_msp.c **** 
  97:Core/Src/stm32f1xx_hal_msp.c ****   /* USER CODE END SPI1_MspInit 0 */
  98:Core/Src/stm32f1xx_hal_msp.c ****     /* Peripheral clock enable */
  99:Core/Src/stm32f1xx_hal_msp.c ****     __HAL_RCC_SPI1_CLK_ENABLE();
 100:Core/Src/stm32f1xx_hal_msp.c **** 
 101:Core/Src/stm32f1xx_hal_msp.c ****     __HAL_RCC_GPIOA_CLK_ENABLE();
 102:Core/Src/stm32f1xx_hal_msp.c ****     /**SPI1 GPIO Configuration
 103:Core/Src/stm32f1xx_hal_msp.c ****     PA5     ------> SPI1_SCK
 104:Core/Src/stm32f1xx_hal_msp.c ****     PA6     ------> SPI1_MISO
 105:Core/Src/stm32f1xx_hal_msp.c ****     PA7     ------> SPI1_MOSI
 106:Core/Src/stm32f1xx_hal_msp.c ****     */
 107:Core/Src/stm32f1xx_hal_msp.c ****     GPIO_InitStruct.Pin = GPIO_PIN_5|GPIO_PIN_7;
 108:Core/Src/stm32f1xx_hal_msp.c ****     GPIO_InitStruct.Mode = GPIO_MODE_AF_PP;
 109:Core/Src/stm32f1xx_hal_msp.c ****     GPIO_InitStruct.Speed = GPIO_SPEED_FREQ_HIGH;
 110:Core/Src/stm32f1xx_hal_msp.c ****     HAL_GPIO_Init(GPIOA, &GPIO_InitStruct);
 111:Core/Src/stm32f1xx_hal_msp.c **** 
 112:Core/Src/stm32f1xx_hal_msp.c ****     GPIO_InitStruct.Pin = GPIO_PIN_6;
 113:Core/Src/stm32f1xx_hal_msp.c ****     GPIO_InitStruct.Mode = GPIO_MODE_INPUT;
 114:Core/Src/stm32f1xx_hal_msp.c ****     GPIO_InitStruct.Pull = GPIO_NOPULL;
 115:Core/Src/stm32f1xx_hal_msp.c ****     HAL_GPIO_Init(GPIOA, &GPIO_InitStruct);
 116:Core/Src/stm32f1xx_hal_msp.c **** 
 117:Core/Src/stm32f1xx_hal_msp.c ****   /* USER CODE BEGIN SPI1_MspInit 1 */
ARM GAS  /tmp/ccPaTt4m.s 			page 5


 118:Core/Src/stm32f1xx_hal_msp.c **** 
 119:Core/Src/stm32f1xx_hal_msp.c ****   /* USER CODE END SPI1_MspInit 1 */
 120:Core/Src/stm32f1xx_hal_msp.c **** 
 121:Core/Src/stm32f1xx_hal_msp.c ****   }
 122:Core/Src/stm32f1xx_hal_msp.c **** 
 123:Core/Src/stm32f1xx_hal_msp.c **** }
 115              		.loc 1 123 1 view .LVU21
 116 0016 07B0     		add	sp, sp, #28
 117              		.cfi_remember_state
 118              		.cfi_def_cfa_offset 12
 119              		@ sp needed
 120 0018 30BD     		pop	{r4, r5, pc}
 121              	.LVL2:
 122              	.L8:
 123              		.cfi_restore_state
  99:Core/Src/stm32f1xx_hal_msp.c **** 
 124              		.loc 1 99 5 is_stmt 1 view .LVU22
 125              	.LBB4:
  99:Core/Src/stm32f1xx_hal_msp.c **** 
 126              		.loc 1 99 5 view .LVU23
  99:Core/Src/stm32f1xx_hal_msp.c **** 
 127              		.loc 1 99 5 view .LVU24
 128 001a 03F56043 		add	r3, r3, #57344
 129 001e 9A69     		ldr	r2, [r3, #24]
 130 0020 42F48052 		orr	r2, r2, #4096
 131 0024 9A61     		str	r2, [r3, #24]
  99:Core/Src/stm32f1xx_hal_msp.c **** 
 132              		.loc 1 99 5 view .LVU25
 133 0026 9A69     		ldr	r2, [r3, #24]
 134 0028 02F48052 		and	r2, r2, #4096
 135 002c 0092     		str	r2, [sp]
  99:Core/Src/stm32f1xx_hal_msp.c **** 
 136              		.loc 1 99 5 view .LVU26
 137 002e 009A     		ldr	r2, [sp]
 138              	.LBE4:
  99:Core/Src/stm32f1xx_hal_msp.c **** 
 139              		.loc 1 99 5 view .LVU27
 101:Core/Src/stm32f1xx_hal_msp.c ****     /**SPI1 GPIO Configuration
 140              		.loc 1 101 5 view .LVU28
 141              	.LBB5:
 101:Core/Src/stm32f1xx_hal_msp.c ****     /**SPI1 GPIO Configuration
 142              		.loc 1 101 5 view .LVU29
 101:Core/Src/stm32f1xx_hal_msp.c ****     /**SPI1 GPIO Configuration
 143              		.loc 1 101 5 view .LVU30
 144 0030 9A69     		ldr	r2, [r3, #24]
 145 0032 42F00402 		orr	r2, r2, #4
 146 0036 9A61     		str	r2, [r3, #24]
 101:Core/Src/stm32f1xx_hal_msp.c ****     /**SPI1 GPIO Configuration
 147              		.loc 1 101 5 view .LVU31
 148 0038 9B69     		ldr	r3, [r3, #24]
 149 003a 03F00403 		and	r3, r3, #4
 150 003e 0193     		str	r3, [sp, #4]
 101:Core/Src/stm32f1xx_hal_msp.c ****     /**SPI1 GPIO Configuration
 151              		.loc 1 101 5 view .LVU32
 152 0040 019B     		ldr	r3, [sp, #4]
 153              	.LBE5:
 101:Core/Src/stm32f1xx_hal_msp.c ****     /**SPI1 GPIO Configuration
ARM GAS  /tmp/ccPaTt4m.s 			page 6


 154              		.loc 1 101 5 view .LVU33
 107:Core/Src/stm32f1xx_hal_msp.c ****     GPIO_InitStruct.Mode = GPIO_MODE_AF_PP;
 155              		.loc 1 107 5 view .LVU34
 107:Core/Src/stm32f1xx_hal_msp.c ****     GPIO_InitStruct.Mode = GPIO_MODE_AF_PP;
 156              		.loc 1 107 25 is_stmt 0 view .LVU35
 157 0042 A023     		movs	r3, #160
 158 0044 0293     		str	r3, [sp, #8]
 108:Core/Src/stm32f1xx_hal_msp.c ****     GPIO_InitStruct.Speed = GPIO_SPEED_FREQ_HIGH;
 159              		.loc 1 108 5 is_stmt 1 view .LVU36
 108:Core/Src/stm32f1xx_hal_msp.c ****     GPIO_InitStruct.Speed = GPIO_SPEED_FREQ_HIGH;
 160              		.loc 1 108 26 is_stmt 0 view .LVU37
 161 0046 0223     		movs	r3, #2
 162 0048 0393     		str	r3, [sp, #12]
 109:Core/Src/stm32f1xx_hal_msp.c ****     HAL_GPIO_Init(GPIOA, &GPIO_InitStruct);
 163              		.loc 1 109 5 is_stmt 1 view .LVU38
 109:Core/Src/stm32f1xx_hal_msp.c ****     HAL_GPIO_Init(GPIOA, &GPIO_InitStruct);
 164              		.loc 1 109 27 is_stmt 0 view .LVU39
 165 004a 0323     		movs	r3, #3
 166 004c 0593     		str	r3, [sp, #20]
 110:Core/Src/stm32f1xx_hal_msp.c **** 
 167              		.loc 1 110 5 is_stmt 1 view .LVU40
 168 004e 02AD     		add	r5, sp, #8
 169 0050 084C     		ldr	r4, .L9+4
 170 0052 2946     		mov	r1, r5
 171 0054 2046     		mov	r0, r4
 172              	.LVL3:
 110:Core/Src/stm32f1xx_hal_msp.c **** 
 173              		.loc 1 110 5 is_stmt 0 view .LVU41
 174 0056 FFF7FEFF 		bl	HAL_GPIO_Init
 175              	.LVL4:
 112:Core/Src/stm32f1xx_hal_msp.c ****     GPIO_InitStruct.Mode = GPIO_MODE_INPUT;
 176              		.loc 1 112 5 is_stmt 1 view .LVU42
 112:Core/Src/stm32f1xx_hal_msp.c ****     GPIO_InitStruct.Mode = GPIO_MODE_INPUT;
 177              		.loc 1 112 25 is_stmt 0 view .LVU43
 178 005a 4023     		movs	r3, #64
 179 005c 0293     		str	r3, [sp, #8]
 113:Core/Src/stm32f1xx_hal_msp.c ****     GPIO_InitStruct.Pull = GPIO_NOPULL;
 180              		.loc 1 113 5 is_stmt 1 view .LVU44
 113:Core/Src/stm32f1xx_hal_msp.c ****     GPIO_InitStruct.Pull = GPIO_NOPULL;
 181              		.loc 1 113 26 is_stmt 0 view .LVU45
 182 005e 0023     		movs	r3, #0
 183 0060 0393     		str	r3, [sp, #12]
 114:Core/Src/stm32f1xx_hal_msp.c ****     HAL_GPIO_Init(GPIOA, &GPIO_InitStruct);
 184              		.loc 1 114 5 is_stmt 1 view .LVU46
 114:Core/Src/stm32f1xx_hal_msp.c ****     HAL_GPIO_Init(GPIOA, &GPIO_InitStruct);
 185              		.loc 1 114 26 is_stmt 0 view .LVU47
 186 0062 0493     		str	r3, [sp, #16]
 115:Core/Src/stm32f1xx_hal_msp.c **** 
 187              		.loc 1 115 5 is_stmt 1 view .LVU48
 188 0064 2946     		mov	r1, r5
 189 0066 2046     		mov	r0, r4
 190 0068 FFF7FEFF 		bl	HAL_GPIO_Init
 191              	.LVL5:
 192              		.loc 1 123 1 is_stmt 0 view .LVU49
 193 006c D3E7     		b	.L5
 194              	.L10:
 195 006e 00BF     		.align	2
ARM GAS  /tmp/ccPaTt4m.s 			page 7


 196              	.L9:
 197 0070 00300140 		.word	1073819648
 198 0074 00080140 		.word	1073809408
 199              		.cfi_endproc
 200              	.LFE66:
 202              		.section	.text.HAL_SPI_MspDeInit,"ax",%progbits
 203              		.align	1
 204              		.global	HAL_SPI_MspDeInit
 205              		.syntax unified
 206              		.thumb
 207              		.thumb_func
 209              	HAL_SPI_MspDeInit:
 210              	.LVL6:
 211              	.LFB67:
 124:Core/Src/stm32f1xx_hal_msp.c **** 
 125:Core/Src/stm32f1xx_hal_msp.c **** /**
 126:Core/Src/stm32f1xx_hal_msp.c **** * @brief SPI MSP De-Initialization
 127:Core/Src/stm32f1xx_hal_msp.c **** * This function freeze the hardware resources used in this example
 128:Core/Src/stm32f1xx_hal_msp.c **** * @param hspi: SPI handle pointer
 129:Core/Src/stm32f1xx_hal_msp.c **** * @retval None
 130:Core/Src/stm32f1xx_hal_msp.c **** */
 131:Core/Src/stm32f1xx_hal_msp.c **** void HAL_SPI_MspDeInit(SPI_HandleTypeDef* hspi)
 132:Core/Src/stm32f1xx_hal_msp.c **** {
 212              		.loc 1 132 1 is_stmt 1 view -0
 213              		.cfi_startproc
 214              		@ args = 0, pretend = 0, frame = 0
 215              		@ frame_needed = 0, uses_anonymous_args = 0
 216              		.loc 1 132 1 is_stmt 0 view .LVU51
 217 0000 08B5     		push	{r3, lr}
 218              		.cfi_def_cfa_offset 8
 219              		.cfi_offset 3, -8
 220              		.cfi_offset 14, -4
 133:Core/Src/stm32f1xx_hal_msp.c ****   if(hspi->Instance==SPI1)
 221              		.loc 1 133 3 is_stmt 1 view .LVU52
 222              		.loc 1 133 10 is_stmt 0 view .LVU53
 223 0002 0268     		ldr	r2, [r0]
 224              		.loc 1 133 5 view .LVU54
 225 0004 064B     		ldr	r3, .L15
 226 0006 9A42     		cmp	r2, r3
 227 0008 00D0     		beq	.L14
 228              	.LVL7:
 229              	.L11:
 134:Core/Src/stm32f1xx_hal_msp.c ****   {
 135:Core/Src/stm32f1xx_hal_msp.c ****   /* USER CODE BEGIN SPI1_MspDeInit 0 */
 136:Core/Src/stm32f1xx_hal_msp.c **** 
 137:Core/Src/stm32f1xx_hal_msp.c ****   /* USER CODE END SPI1_MspDeInit 0 */
 138:Core/Src/stm32f1xx_hal_msp.c ****     /* Peripheral clock disable */
 139:Core/Src/stm32f1xx_hal_msp.c ****     __HAL_RCC_SPI1_CLK_DISABLE();
 140:Core/Src/stm32f1xx_hal_msp.c **** 
 141:Core/Src/stm32f1xx_hal_msp.c ****     /**SPI1 GPIO Configuration
 142:Core/Src/stm32f1xx_hal_msp.c ****     PA5     ------> SPI1_SCK
 143:Core/Src/stm32f1xx_hal_msp.c ****     PA6     ------> SPI1_MISO
 144:Core/Src/stm32f1xx_hal_msp.c ****     PA7     ------> SPI1_MOSI
 145:Core/Src/stm32f1xx_hal_msp.c ****     */
 146:Core/Src/stm32f1xx_hal_msp.c ****     HAL_GPIO_DeInit(GPIOA, GPIO_PIN_5|GPIO_PIN_6|GPIO_PIN_7);
 147:Core/Src/stm32f1xx_hal_msp.c **** 
 148:Core/Src/stm32f1xx_hal_msp.c ****   /* USER CODE BEGIN SPI1_MspDeInit 1 */
ARM GAS  /tmp/ccPaTt4m.s 			page 8


 149:Core/Src/stm32f1xx_hal_msp.c **** 
 150:Core/Src/stm32f1xx_hal_msp.c ****   /* USER CODE END SPI1_MspDeInit 1 */
 151:Core/Src/stm32f1xx_hal_msp.c ****   }
 152:Core/Src/stm32f1xx_hal_msp.c **** 
 153:Core/Src/stm32f1xx_hal_msp.c **** }
 230              		.loc 1 153 1 view .LVU55
 231 000a 08BD     		pop	{r3, pc}
 232              	.LVL8:
 233              	.L14:
 139:Core/Src/stm32f1xx_hal_msp.c **** 
 234              		.loc 1 139 5 is_stmt 1 view .LVU56
 235 000c 054A     		ldr	r2, .L15+4
 236 000e 9369     		ldr	r3, [r2, #24]
 237 0010 23F48053 		bic	r3, r3, #4096
 238 0014 9361     		str	r3, [r2, #24]
 146:Core/Src/stm32f1xx_hal_msp.c **** 
 239              		.loc 1 146 5 view .LVU57
 240 0016 E021     		movs	r1, #224
 241 0018 0348     		ldr	r0, .L15+8
 242              	.LVL9:
 146:Core/Src/stm32f1xx_hal_msp.c **** 
 243              		.loc 1 146 5 is_stmt 0 view .LVU58
 244 001a FFF7FEFF 		bl	HAL_GPIO_DeInit
 245              	.LVL10:
 246              		.loc 1 153 1 view .LVU59
 247 001e F4E7     		b	.L11
 248              	.L16:
 249              		.align	2
 250              	.L15:
 251 0020 00300140 		.word	1073819648
 252 0024 00100240 		.word	1073876992
 253 0028 00080140 		.word	1073809408
 254              		.cfi_endproc
 255              	.LFE67:
 257              		.text
 258              	.Letext0:
 259              		.file 2 "/usr/arm-none-eabi/include/machine/_default_types.h"
 260              		.file 3 "/usr/arm-none-eabi/include/sys/_stdint.h"
 261              		.file 4 "Drivers/CMSIS/Device/ST/STM32F1xx/Include/stm32f103xb.h"
 262              		.file 5 "Drivers/STM32F1xx_HAL_Driver/Inc/stm32f1xx_hal_def.h"
 263              		.file 6 "Drivers/STM32F1xx_HAL_Driver/Inc/stm32f1xx_hal_gpio.h"
 264              		.file 7 "Drivers/STM32F1xx_HAL_Driver/Inc/stm32f1xx_hal_dma.h"
 265              		.file 8 "Drivers/STM32F1xx_HAL_Driver/Inc/stm32f1xx_hal_spi.h"
ARM GAS  /tmp/ccPaTt4m.s 			page 9


DEFINED SYMBOLS
                            *ABS*:00000000 stm32f1xx_hal_msp.c
     /tmp/ccPaTt4m.s:19     .text.HAL_MspInit:00000000 $t
     /tmp/ccPaTt4m.s:25     .text.HAL_MspInit:00000000 HAL_MspInit
     /tmp/ccPaTt4m.s:73     .text.HAL_MspInit:0000002c $d
     /tmp/ccPaTt4m.s:78     .text.HAL_SPI_MspInit:00000000 $t
     /tmp/ccPaTt4m.s:84     .text.HAL_SPI_MspInit:00000000 HAL_SPI_MspInit
     /tmp/ccPaTt4m.s:197    .text.HAL_SPI_MspInit:00000070 $d
     /tmp/ccPaTt4m.s:203    .text.HAL_SPI_MspDeInit:00000000 $t
     /tmp/ccPaTt4m.s:209    .text.HAL_SPI_MspDeInit:00000000 HAL_SPI_MspDeInit
     /tmp/ccPaTt4m.s:251    .text.HAL_SPI_MspDeInit:00000020 $d

UNDEFINED SYMBOLS
HAL_GPIO_Init
HAL_GPIO_DeInit
