ARM GAS  /tmp/ccrtJokD.s 			page 1


   1              		.cpu cortex-m3
   2              		.arch armv7-m
   3              		.fpu softvfp
   4              		.eabi_attribute 20, 1
   5              		.eabi_attribute 21, 1
   6              		.eabi_attribute 23, 3
   7              		.eabi_attribute 24, 1
   8              		.eabi_attribute 25, 1
   9              		.eabi_attribute 26, 1
  10              		.eabi_attribute 30, 1
  11              		.eabi_attribute 34, 1
  12              		.eabi_attribute 18, 4
  13              		.file	"stm32f1xx_hal_msp.c"
  14              		.text
  15              	.Ltext0:
  16              		.cfi_sections	.debug_frame
  17              		.file 1 "Core/Src/stm32f1xx_hal_msp.c"
  18              		.section	.text.HAL_MspInit,"ax",%progbits
  19              		.align	1
  20              		.global	HAL_MspInit
  21              		.syntax unified
  22              		.thumb
  23              		.thumb_func
  25              	HAL_MspInit:
  26              	.LFB65:
   1:Core/Src/stm32f1xx_hal_msp.c **** /* USER CODE BEGIN Header */
   2:Core/Src/stm32f1xx_hal_msp.c **** /**
   3:Core/Src/stm32f1xx_hal_msp.c ****   ******************************************************************************
   4:Core/Src/stm32f1xx_hal_msp.c ****   * @file         stm32f1xx_hal_msp.c
   5:Core/Src/stm32f1xx_hal_msp.c ****   * @brief        This file provides code for the MSP Initialization
   6:Core/Src/stm32f1xx_hal_msp.c ****   *               and de-Initialization codes.
   7:Core/Src/stm32f1xx_hal_msp.c ****   ******************************************************************************
   8:Core/Src/stm32f1xx_hal_msp.c ****   * @attention
   9:Core/Src/stm32f1xx_hal_msp.c ****   *
  10:Core/Src/stm32f1xx_hal_msp.c ****   * Copyright (c) 2025 STMicroelectronics.
  11:Core/Src/stm32f1xx_hal_msp.c ****   * All rights reserved.
  12:Core/Src/stm32f1xx_hal_msp.c ****   *
  13:Core/Src/stm32f1xx_hal_msp.c ****   * This software is licensed under terms that can be found in the LICENSE file
  14:Core/Src/stm32f1xx_hal_msp.c ****   * in the root directory of this software component.
  15:Core/Src/stm32f1xx_hal_msp.c ****   * If no LICENSE file comes with this software, it is provided AS-IS.
  16:Core/Src/stm32f1xx_hal_msp.c ****   *
  17:Core/Src/stm32f1xx_hal_msp.c ****   ******************************************************************************
  18:Core/Src/stm32f1xx_hal_msp.c ****   */
  19:Core/Src/stm32f1xx_hal_msp.c **** /* USER CODE END Header */
  20:Core/Src/stm32f1xx_hal_msp.c **** 
  21:Core/Src/stm32f1xx_hal_msp.c **** /* Includes ------------------------------------------------------------------*/
  22:Core/Src/stm32f1xx_hal_msp.c **** #include "main.h"
  23:Core/Src/stm32f1xx_hal_msp.c **** /* USER CODE BEGIN Includes */
  24:Core/Src/stm32f1xx_hal_msp.c **** 
  25:Core/Src/stm32f1xx_hal_msp.c **** /* USER CODE END Includes */
  26:Core/Src/stm32f1xx_hal_msp.c **** 
  27:Core/Src/stm32f1xx_hal_msp.c **** /* Private typedef -----------------------------------------------------------*/
  28:Core/Src/stm32f1xx_hal_msp.c **** /* USER CODE BEGIN TD */
  29:Core/Src/stm32f1xx_hal_msp.c **** 
  30:Core/Src/stm32f1xx_hal_msp.c **** /* USER CODE END TD */
  31:Core/Src/stm32f1xx_hal_msp.c **** 
  32:Core/Src/stm32f1xx_hal_msp.c **** /* Private define ------------------------------------------------------------*/
ARM GAS  /tmp/ccrtJokD.s 			page 2


  33:Core/Src/stm32f1xx_hal_msp.c **** /* USER CODE BEGIN Define */
  34:Core/Src/stm32f1xx_hal_msp.c **** 
  35:Core/Src/stm32f1xx_hal_msp.c **** /* USER CODE END Define */
  36:Core/Src/stm32f1xx_hal_msp.c **** 
  37:Core/Src/stm32f1xx_hal_msp.c **** /* Private macro -------------------------------------------------------------*/
  38:Core/Src/stm32f1xx_hal_msp.c **** /* USER CODE BEGIN Macro */
  39:Core/Src/stm32f1xx_hal_msp.c **** 
  40:Core/Src/stm32f1xx_hal_msp.c **** /* USER CODE END Macro */
  41:Core/Src/stm32f1xx_hal_msp.c **** 
  42:Core/Src/stm32f1xx_hal_msp.c **** /* Private variables ---------------------------------------------------------*/
  43:Core/Src/stm32f1xx_hal_msp.c **** /* USER CODE BEGIN PV */
  44:Core/Src/stm32f1xx_hal_msp.c **** 
  45:Core/Src/stm32f1xx_hal_msp.c **** /* USER CODE END PV */
  46:Core/Src/stm32f1xx_hal_msp.c **** 
  47:Core/Src/stm32f1xx_hal_msp.c **** /* Private function prototypes -----------------------------------------------*/
  48:Core/Src/stm32f1xx_hal_msp.c **** /* USER CODE BEGIN PFP */
  49:Core/Src/stm32f1xx_hal_msp.c **** 
  50:Core/Src/stm32f1xx_hal_msp.c **** /* USER CODE END PFP */
  51:Core/Src/stm32f1xx_hal_msp.c **** 
  52:Core/Src/stm32f1xx_hal_msp.c **** /* External functions --------------------------------------------------------*/
  53:Core/Src/stm32f1xx_hal_msp.c **** /* USER CODE BEGIN ExternalFunctions */
  54:Core/Src/stm32f1xx_hal_msp.c **** 
  55:Core/Src/stm32f1xx_hal_msp.c **** /* USER CODE END ExternalFunctions */
  56:Core/Src/stm32f1xx_hal_msp.c **** 
  57:Core/Src/stm32f1xx_hal_msp.c **** /* USER CODE BEGIN 0 */
  58:Core/Src/stm32f1xx_hal_msp.c **** 
  59:Core/Src/stm32f1xx_hal_msp.c **** /* USER CODE END 0 */
  60:Core/Src/stm32f1xx_hal_msp.c **** /**
  61:Core/Src/stm32f1xx_hal_msp.c ****   * Initializes the Global MSP.
  62:Core/Src/stm32f1xx_hal_msp.c ****   */
  63:Core/Src/stm32f1xx_hal_msp.c **** void HAL_MspInit(void)
  64:Core/Src/stm32f1xx_hal_msp.c **** {
  27              		.loc 1 64 1 view -0
  28              		.cfi_startproc
  29              		@ args = 0, pretend = 0, frame = 8
  30              		@ frame_needed = 0, uses_anonymous_args = 0
  31              		@ link register save eliminated.
  32 0000 82B0     		sub	sp, sp, #8
  33              		.cfi_def_cfa_offset 8
  65:Core/Src/stm32f1xx_hal_msp.c **** 
  66:Core/Src/stm32f1xx_hal_msp.c ****   /* USER CODE BEGIN MspInit 0 */
  67:Core/Src/stm32f1xx_hal_msp.c **** 
  68:Core/Src/stm32f1xx_hal_msp.c ****   /* USER CODE END MspInit 0 */
  69:Core/Src/stm32f1xx_hal_msp.c **** 
  70:Core/Src/stm32f1xx_hal_msp.c ****   __HAL_RCC_AFIO_CLK_ENABLE();
  34              		.loc 1 70 3 view .LVU1
  35              	.LBB2:
  36              		.loc 1 70 3 view .LVU2
  37              		.loc 1 70 3 view .LVU3
  38 0002 0A4B     		ldr	r3, .L3
  39 0004 9A69     		ldr	r2, [r3, #24]
  40 0006 42F00102 		orr	r2, r2, #1
  41 000a 9A61     		str	r2, [r3, #24]
  42              		.loc 1 70 3 view .LVU4
  43 000c 9A69     		ldr	r2, [r3, #24]
  44 000e 02F00102 		and	r2, r2, #1
  45 0012 0092     		str	r2, [sp]
ARM GAS  /tmp/ccrtJokD.s 			page 3


  46              		.loc 1 70 3 view .LVU5
  47 0014 009A     		ldr	r2, [sp]
  48              	.LBE2:
  49              		.loc 1 70 3 view .LVU6
  71:Core/Src/stm32f1xx_hal_msp.c ****   __HAL_RCC_PWR_CLK_ENABLE();
  50              		.loc 1 71 3 view .LVU7
  51              	.LBB3:
  52              		.loc 1 71 3 view .LVU8
  53              		.loc 1 71 3 view .LVU9
  54 0016 DA69     		ldr	r2, [r3, #28]
  55 0018 42F08052 		orr	r2, r2, #268435456
  56 001c DA61     		str	r2, [r3, #28]
  57              		.loc 1 71 3 view .LVU10
  58 001e DB69     		ldr	r3, [r3, #28]
  59 0020 03F08053 		and	r3, r3, #268435456
  60 0024 0193     		str	r3, [sp, #4]
  61              		.loc 1 71 3 view .LVU11
  62 0026 019B     		ldr	r3, [sp, #4]
  63              	.LBE3:
  64              		.loc 1 71 3 view .LVU12
  72:Core/Src/stm32f1xx_hal_msp.c **** 
  73:Core/Src/stm32f1xx_hal_msp.c ****   /* System interrupt init*/
  74:Core/Src/stm32f1xx_hal_msp.c **** 
  75:Core/Src/stm32f1xx_hal_msp.c ****   /** NOJTAG: JTAG-DP Disabled and SW-DP Enabled
  76:Core/Src/stm32f1xx_hal_msp.c ****   */
  77:Core/Src/stm32f1xx_hal_msp.c ****   //__HAL_AFIO_REMAP_SWJ_NOJTAG();
  78:Core/Src/stm32f1xx_hal_msp.c **** 
  79:Core/Src/stm32f1xx_hal_msp.c ****   /* USER CODE BEGIN MspInit 1 */
  80:Core/Src/stm32f1xx_hal_msp.c **** 
  81:Core/Src/stm32f1xx_hal_msp.c ****   /* USER CODE END MspInit 1 */
  82:Core/Src/stm32f1xx_hal_msp.c **** }
  65              		.loc 1 82 1 is_stmt 0 view .LVU13
  66 0028 02B0     		add	sp, sp, #8
  67              		.cfi_def_cfa_offset 0
  68              		@ sp needed
  69 002a 7047     		bx	lr
  70              	.L4:
  71              		.align	2
  72              	.L3:
  73 002c 00100240 		.word	1073876992
  74              		.cfi_endproc
  75              	.LFE65:
  77              		.section	.text.HAL_SPI_MspInit,"ax",%progbits
  78              		.align	1
  79              		.global	HAL_SPI_MspInit
  80              		.syntax unified
  81              		.thumb
  82              		.thumb_func
  84              	HAL_SPI_MspInit:
  85              	.LVL0:
  86              	.LFB66:
  83:Core/Src/stm32f1xx_hal_msp.c **** 
  84:Core/Src/stm32f1xx_hal_msp.c **** /**
  85:Core/Src/stm32f1xx_hal_msp.c **** * @brief SPI MSP Initialization
  86:Core/Src/stm32f1xx_hal_msp.c **** * This function configures the hardware resources used in this example
  87:Core/Src/stm32f1xx_hal_msp.c **** * @param hspi: SPI handle pointer
  88:Core/Src/stm32f1xx_hal_msp.c **** * @retval None
ARM GAS  /tmp/ccrtJokD.s 			page 4


  89:Core/Src/stm32f1xx_hal_msp.c **** */
  90:Core/Src/stm32f1xx_hal_msp.c **** void HAL_SPI_MspInit(SPI_HandleTypeDef* hspi)
  91:Core/Src/stm32f1xx_hal_msp.c **** {
  87              		.loc 1 91 1 is_stmt 1 view -0
  88              		.cfi_startproc
  89              		@ args = 0, pretend = 0, frame = 24
  90              		@ frame_needed = 0, uses_anonymous_args = 0
  91              		.loc 1 91 1 is_stmt 0 view .LVU15
  92 0000 30B5     		push	{r4, r5, lr}
  93              		.cfi_def_cfa_offset 12
  94              		.cfi_offset 4, -12
  95              		.cfi_offset 5, -8
  96              		.cfi_offset 14, -4
  97 0002 87B0     		sub	sp, sp, #28
  98              		.cfi_def_cfa_offset 40
  92:Core/Src/stm32f1xx_hal_msp.c ****   GPIO_InitTypeDef GPIO_InitStruct = {0};
  99              		.loc 1 92 3 is_stmt 1 view .LVU16
 100              		.loc 1 92 20 is_stmt 0 view .LVU17
 101 0004 0023     		movs	r3, #0
 102 0006 0293     		str	r3, [sp, #8]
 103 0008 0393     		str	r3, [sp, #12]
 104 000a 0493     		str	r3, [sp, #16]
 105 000c 0593     		str	r3, [sp, #20]
  93:Core/Src/stm32f1xx_hal_msp.c ****   if(hspi->Instance==SPI2)
 106              		.loc 1 93 3 is_stmt 1 view .LVU18
 107              		.loc 1 93 10 is_stmt 0 view .LVU19
 108 000e 0268     		ldr	r2, [r0]
 109              		.loc 1 93 5 view .LVU20
 110 0010 184B     		ldr	r3, .L9
 111 0012 9A42     		cmp	r2, r3
 112 0014 01D0     		beq	.L8
 113              	.LVL1:
 114              	.L5:
  94:Core/Src/stm32f1xx_hal_msp.c ****   {
  95:Core/Src/stm32f1xx_hal_msp.c ****   /* USER CODE BEGIN SPI2_MspInit 0 */
  96:Core/Src/stm32f1xx_hal_msp.c **** 
  97:Core/Src/stm32f1xx_hal_msp.c ****   /* USER CODE END SPI2_MspInit 0 */
  98:Core/Src/stm32f1xx_hal_msp.c ****     /* Peripheral clock enable */
  99:Core/Src/stm32f1xx_hal_msp.c ****     __HAL_RCC_SPI2_CLK_ENABLE();
 100:Core/Src/stm32f1xx_hal_msp.c **** 
 101:Core/Src/stm32f1xx_hal_msp.c ****     __HAL_RCC_GPIOB_CLK_ENABLE();
 102:Core/Src/stm32f1xx_hal_msp.c ****     /**SPI2 GPIO Configuration
 103:Core/Src/stm32f1xx_hal_msp.c ****     PB13     ------> SPI2_SCK
 104:Core/Src/stm32f1xx_hal_msp.c ****     PB14     ------> SPI2_MISO
 105:Core/Src/stm32f1xx_hal_msp.c ****     PB15     ------> SPI2_MOSI
 106:Core/Src/stm32f1xx_hal_msp.c ****     */
 107:Core/Src/stm32f1xx_hal_msp.c ****     GPIO_InitStruct.Pin = GPIO_PIN_13|GPIO_PIN_15;
 108:Core/Src/stm32f1xx_hal_msp.c ****     GPIO_InitStruct.Mode = GPIO_MODE_AF_PP;
 109:Core/Src/stm32f1xx_hal_msp.c ****     GPIO_InitStruct.Speed = GPIO_SPEED_FREQ_HIGH;
 110:Core/Src/stm32f1xx_hal_msp.c ****     HAL_GPIO_Init(GPIOB, &GPIO_InitStruct);
 111:Core/Src/stm32f1xx_hal_msp.c **** 
 112:Core/Src/stm32f1xx_hal_msp.c ****     GPIO_InitStruct.Pin = GPIO_PIN_14;
 113:Core/Src/stm32f1xx_hal_msp.c ****     GPIO_InitStruct.Mode = GPIO_MODE_INPUT;
 114:Core/Src/stm32f1xx_hal_msp.c ****     GPIO_InitStruct.Pull = GPIO_NOPULL;
 115:Core/Src/stm32f1xx_hal_msp.c ****     HAL_GPIO_Init(GPIOB, &GPIO_InitStruct);
 116:Core/Src/stm32f1xx_hal_msp.c **** 
 117:Core/Src/stm32f1xx_hal_msp.c ****   /* USER CODE BEGIN SPI2_MspInit 1 */
ARM GAS  /tmp/ccrtJokD.s 			page 5


 118:Core/Src/stm32f1xx_hal_msp.c **** 
 119:Core/Src/stm32f1xx_hal_msp.c ****   /* USER CODE END SPI2_MspInit 1 */
 120:Core/Src/stm32f1xx_hal_msp.c **** 
 121:Core/Src/stm32f1xx_hal_msp.c ****   }
 122:Core/Src/stm32f1xx_hal_msp.c **** 
 123:Core/Src/stm32f1xx_hal_msp.c **** }
 115              		.loc 1 123 1 view .LVU21
 116 0016 07B0     		add	sp, sp, #28
 117              		.cfi_remember_state
 118              		.cfi_def_cfa_offset 12
 119              		@ sp needed
 120 0018 30BD     		pop	{r4, r5, pc}
 121              	.LVL2:
 122              	.L8:
 123              		.cfi_restore_state
  99:Core/Src/stm32f1xx_hal_msp.c **** 
 124              		.loc 1 99 5 is_stmt 1 view .LVU22
 125              	.LBB4:
  99:Core/Src/stm32f1xx_hal_msp.c **** 
 126              		.loc 1 99 5 view .LVU23
  99:Core/Src/stm32f1xx_hal_msp.c **** 
 127              		.loc 1 99 5 view .LVU24
 128 001a 03F5EC33 		add	r3, r3, #120832
 129 001e DA69     		ldr	r2, [r3, #28]
 130 0020 42F48042 		orr	r2, r2, #16384
 131 0024 DA61     		str	r2, [r3, #28]
  99:Core/Src/stm32f1xx_hal_msp.c **** 
 132              		.loc 1 99 5 view .LVU25
 133 0026 DA69     		ldr	r2, [r3, #28]
 134 0028 02F48042 		and	r2, r2, #16384
 135 002c 0092     		str	r2, [sp]
  99:Core/Src/stm32f1xx_hal_msp.c **** 
 136              		.loc 1 99 5 view .LVU26
 137 002e 009A     		ldr	r2, [sp]
 138              	.LBE4:
  99:Core/Src/stm32f1xx_hal_msp.c **** 
 139              		.loc 1 99 5 view .LVU27
 101:Core/Src/stm32f1xx_hal_msp.c ****     /**SPI2 GPIO Configuration
 140              		.loc 1 101 5 view .LVU28
 141              	.LBB5:
 101:Core/Src/stm32f1xx_hal_msp.c ****     /**SPI2 GPIO Configuration
 142              		.loc 1 101 5 view .LVU29
 101:Core/Src/stm32f1xx_hal_msp.c ****     /**SPI2 GPIO Configuration
 143              		.loc 1 101 5 view .LVU30
 144 0030 9A69     		ldr	r2, [r3, #24]
 145 0032 42F00802 		orr	r2, r2, #8
 146 0036 9A61     		str	r2, [r3, #24]
 101:Core/Src/stm32f1xx_hal_msp.c ****     /**SPI2 GPIO Configuration
 147              		.loc 1 101 5 view .LVU31
 148 0038 9B69     		ldr	r3, [r3, #24]
 149 003a 03F00803 		and	r3, r3, #8
 150 003e 0193     		str	r3, [sp, #4]
 101:Core/Src/stm32f1xx_hal_msp.c ****     /**SPI2 GPIO Configuration
 151              		.loc 1 101 5 view .LVU32
 152 0040 019B     		ldr	r3, [sp, #4]
 153              	.LBE5:
 101:Core/Src/stm32f1xx_hal_msp.c ****     /**SPI2 GPIO Configuration
ARM GAS  /tmp/ccrtJokD.s 			page 6


 154              		.loc 1 101 5 view .LVU33
 107:Core/Src/stm32f1xx_hal_msp.c ****     GPIO_InitStruct.Mode = GPIO_MODE_AF_PP;
 155              		.loc 1 107 5 view .LVU34
 107:Core/Src/stm32f1xx_hal_msp.c ****     GPIO_InitStruct.Mode = GPIO_MODE_AF_PP;
 156              		.loc 1 107 25 is_stmt 0 view .LVU35
 157 0042 4FF42043 		mov	r3, #40960
 158 0046 0293     		str	r3, [sp, #8]
 108:Core/Src/stm32f1xx_hal_msp.c ****     GPIO_InitStruct.Speed = GPIO_SPEED_FREQ_HIGH;
 159              		.loc 1 108 5 is_stmt 1 view .LVU36
 108:Core/Src/stm32f1xx_hal_msp.c ****     GPIO_InitStruct.Speed = GPIO_SPEED_FREQ_HIGH;
 160              		.loc 1 108 26 is_stmt 0 view .LVU37
 161 0048 0223     		movs	r3, #2
 162 004a 0393     		str	r3, [sp, #12]
 109:Core/Src/stm32f1xx_hal_msp.c ****     HAL_GPIO_Init(GPIOB, &GPIO_InitStruct);
 163              		.loc 1 109 5 is_stmt 1 view .LVU38
 109:Core/Src/stm32f1xx_hal_msp.c ****     HAL_GPIO_Init(GPIOB, &GPIO_InitStruct);
 164              		.loc 1 109 27 is_stmt 0 view .LVU39
 165 004c 0323     		movs	r3, #3
 166 004e 0593     		str	r3, [sp, #20]
 110:Core/Src/stm32f1xx_hal_msp.c **** 
 167              		.loc 1 110 5 is_stmt 1 view .LVU40
 168 0050 02AD     		add	r5, sp, #8
 169 0052 094C     		ldr	r4, .L9+4
 170 0054 2946     		mov	r1, r5
 171 0056 2046     		mov	r0, r4
 172              	.LVL3:
 110:Core/Src/stm32f1xx_hal_msp.c **** 
 173              		.loc 1 110 5 is_stmt 0 view .LVU41
 174 0058 FFF7FEFF 		bl	HAL_GPIO_Init
 175              	.LVL4:
 112:Core/Src/stm32f1xx_hal_msp.c ****     GPIO_InitStruct.Mode = GPIO_MODE_INPUT;
 176              		.loc 1 112 5 is_stmt 1 view .LVU42
 112:Core/Src/stm32f1xx_hal_msp.c ****     GPIO_InitStruct.Mode = GPIO_MODE_INPUT;
 177              		.loc 1 112 25 is_stmt 0 view .LVU43
 178 005c 4FF48043 		mov	r3, #16384
 179 0060 0293     		str	r3, [sp, #8]
 113:Core/Src/stm32f1xx_hal_msp.c ****     GPIO_InitStruct.Pull = GPIO_NOPULL;
 180              		.loc 1 113 5 is_stmt 1 view .LVU44
 113:Core/Src/stm32f1xx_hal_msp.c ****     GPIO_InitStruct.Pull = GPIO_NOPULL;
 181              		.loc 1 113 26 is_stmt 0 view .LVU45
 182 0062 0023     		movs	r3, #0
 183 0064 0393     		str	r3, [sp, #12]
 114:Core/Src/stm32f1xx_hal_msp.c ****     HAL_GPIO_Init(GPIOB, &GPIO_InitStruct);
 184              		.loc 1 114 5 is_stmt 1 view .LVU46
 114:Core/Src/stm32f1xx_hal_msp.c ****     HAL_GPIO_Init(GPIOB, &GPIO_InitStruct);
 185              		.loc 1 114 26 is_stmt 0 view .LVU47
 186 0066 0493     		str	r3, [sp, #16]
 115:Core/Src/stm32f1xx_hal_msp.c **** 
 187              		.loc 1 115 5 is_stmt 1 view .LVU48
 188 0068 2946     		mov	r1, r5
 189 006a 2046     		mov	r0, r4
 190 006c FFF7FEFF 		bl	HAL_GPIO_Init
 191              	.LVL5:
 192              		.loc 1 123 1 is_stmt 0 view .LVU49
 193 0070 D1E7     		b	.L5
 194              	.L10:
 195 0072 00BF     		.align	2
ARM GAS  /tmp/ccrtJokD.s 			page 7


 196              	.L9:
 197 0074 00380040 		.word	1073756160
 198 0078 000C0140 		.word	1073810432
 199              		.cfi_endproc
 200              	.LFE66:
 202              		.section	.text.HAL_SPI_MspDeInit,"ax",%progbits
 203              		.align	1
 204              		.global	HAL_SPI_MspDeInit
 205              		.syntax unified
 206              		.thumb
 207              		.thumb_func
 209              	HAL_SPI_MspDeInit:
 210              	.LVL6:
 211              	.LFB67:
 124:Core/Src/stm32f1xx_hal_msp.c **** 
 125:Core/Src/stm32f1xx_hal_msp.c **** /**
 126:Core/Src/stm32f1xx_hal_msp.c **** * @brief SPI MSP De-Initialization
 127:Core/Src/stm32f1xx_hal_msp.c **** * This function freeze the hardware resources used in this example
 128:Core/Src/stm32f1xx_hal_msp.c **** * @param hspi: SPI handle pointer
 129:Core/Src/stm32f1xx_hal_msp.c **** * @retval None
 130:Core/Src/stm32f1xx_hal_msp.c **** */
 131:Core/Src/stm32f1xx_hal_msp.c **** void HAL_SPI_MspDeInit(SPI_HandleTypeDef* hspi)
 132:Core/Src/stm32f1xx_hal_msp.c **** {
 212              		.loc 1 132 1 is_stmt 1 view -0
 213              		.cfi_startproc
 214              		@ args = 0, pretend = 0, frame = 0
 215              		@ frame_needed = 0, uses_anonymous_args = 0
 216              		.loc 1 132 1 is_stmt 0 view .LVU51
 217 0000 08B5     		push	{r3, lr}
 218              		.cfi_def_cfa_offset 8
 219              		.cfi_offset 3, -8
 220              		.cfi_offset 14, -4
 133:Core/Src/stm32f1xx_hal_msp.c ****   if(hspi->Instance==SPI2)
 221              		.loc 1 133 3 is_stmt 1 view .LVU52
 222              		.loc 1 133 10 is_stmt 0 view .LVU53
 223 0002 0268     		ldr	r2, [r0]
 224              		.loc 1 133 5 view .LVU54
 225 0004 074B     		ldr	r3, .L15
 226 0006 9A42     		cmp	r2, r3
 227 0008 00D0     		beq	.L14
 228              	.LVL7:
 229              	.L11:
 134:Core/Src/stm32f1xx_hal_msp.c ****   {
 135:Core/Src/stm32f1xx_hal_msp.c ****   /* USER CODE BEGIN SPI2_MspDeInit 0 */
 136:Core/Src/stm32f1xx_hal_msp.c **** 
 137:Core/Src/stm32f1xx_hal_msp.c ****   /* USER CODE END SPI2_MspDeInit 0 */
 138:Core/Src/stm32f1xx_hal_msp.c ****     /* Peripheral clock disable */
 139:Core/Src/stm32f1xx_hal_msp.c ****     __HAL_RCC_SPI2_CLK_DISABLE();
 140:Core/Src/stm32f1xx_hal_msp.c **** 
 141:Core/Src/stm32f1xx_hal_msp.c ****     /**SPI2 GPIO Configuration
 142:Core/Src/stm32f1xx_hal_msp.c ****     PB13     ------> SPI2_SCK
 143:Core/Src/stm32f1xx_hal_msp.c ****     PB14     ------> SPI2_MISO
 144:Core/Src/stm32f1xx_hal_msp.c ****     PB15     ------> SPI2_MOSI
 145:Core/Src/stm32f1xx_hal_msp.c ****     */
 146:Core/Src/stm32f1xx_hal_msp.c ****     HAL_GPIO_DeInit(GPIOB, GPIO_PIN_13|GPIO_PIN_14|GPIO_PIN_15);
 147:Core/Src/stm32f1xx_hal_msp.c **** 
 148:Core/Src/stm32f1xx_hal_msp.c ****   /* USER CODE BEGIN SPI2_MspDeInit 1 */
ARM GAS  /tmp/ccrtJokD.s 			page 8


 149:Core/Src/stm32f1xx_hal_msp.c **** 
 150:Core/Src/stm32f1xx_hal_msp.c ****   /* USER CODE END SPI2_MspDeInit 1 */
 151:Core/Src/stm32f1xx_hal_msp.c ****   }
 152:Core/Src/stm32f1xx_hal_msp.c **** 
 153:Core/Src/stm32f1xx_hal_msp.c **** }
 230              		.loc 1 153 1 view .LVU55
 231 000a 08BD     		pop	{r3, pc}
 232              	.LVL8:
 233              	.L14:
 139:Core/Src/stm32f1xx_hal_msp.c **** 
 234              		.loc 1 139 5 is_stmt 1 view .LVU56
 235 000c 064A     		ldr	r2, .L15+4
 236 000e D369     		ldr	r3, [r2, #28]
 237 0010 23F48043 		bic	r3, r3, #16384
 238 0014 D361     		str	r3, [r2, #28]
 146:Core/Src/stm32f1xx_hal_msp.c **** 
 239              		.loc 1 146 5 view .LVU57
 240 0016 4FF46041 		mov	r1, #57344
 241 001a 0448     		ldr	r0, .L15+8
 242              	.LVL9:
 146:Core/Src/stm32f1xx_hal_msp.c **** 
 243              		.loc 1 146 5 is_stmt 0 view .LVU58
 244 001c FFF7FEFF 		bl	HAL_GPIO_DeInit
 245              	.LVL10:
 246              		.loc 1 153 1 view .LVU59
 247 0020 F3E7     		b	.L11
 248              	.L16:
 249 0022 00BF     		.align	2
 250              	.L15:
 251 0024 00380040 		.word	1073756160
 252 0028 00100240 		.word	1073876992
 253 002c 000C0140 		.word	1073810432
 254              		.cfi_endproc
 255              	.LFE67:
 257              		.section	.text.HAL_TIM_Base_MspInit,"ax",%progbits
 258              		.align	1
 259              		.global	HAL_TIM_Base_MspInit
 260              		.syntax unified
 261              		.thumb
 262              		.thumb_func
 264              	HAL_TIM_Base_MspInit:
 265              	.LVL11:
 266              	.LFB68:
 154:Core/Src/stm32f1xx_hal_msp.c **** 
 155:Core/Src/stm32f1xx_hal_msp.c **** /**
 156:Core/Src/stm32f1xx_hal_msp.c **** * @brief TIM_Base MSP Initialization
 157:Core/Src/stm32f1xx_hal_msp.c **** * This function configures the hardware resources used in this example
 158:Core/Src/stm32f1xx_hal_msp.c **** * @param htim_base: TIM_Base handle pointer
 159:Core/Src/stm32f1xx_hal_msp.c **** * @retval None
 160:Core/Src/stm32f1xx_hal_msp.c **** */
 161:Core/Src/stm32f1xx_hal_msp.c **** void HAL_TIM_Base_MspInit(TIM_HandleTypeDef* htim_base)
 162:Core/Src/stm32f1xx_hal_msp.c **** {
 267              		.loc 1 162 1 is_stmt 1 view -0
 268              		.cfi_startproc
 269              		@ args = 0, pretend = 0, frame = 8
 270              		@ frame_needed = 0, uses_anonymous_args = 0
 271              		@ link register save eliminated.
ARM GAS  /tmp/ccrtJokD.s 			page 9


 163:Core/Src/stm32f1xx_hal_msp.c ****   if(htim_base->Instance==TIM2)
 272              		.loc 1 163 3 view .LVU61
 273              		.loc 1 163 15 is_stmt 0 view .LVU62
 274 0000 0368     		ldr	r3, [r0]
 275              		.loc 1 163 5 view .LVU63
 276 0002 B3F1804F 		cmp	r3, #1073741824
 277 0006 00D0     		beq	.L23
 278 0008 7047     		bx	lr
 279              	.L23:
 162:Core/Src/stm32f1xx_hal_msp.c ****   if(htim_base->Instance==TIM2)
 280              		.loc 1 162 1 view .LVU64
 281 000a 82B0     		sub	sp, sp, #8
 282              		.cfi_def_cfa_offset 8
 164:Core/Src/stm32f1xx_hal_msp.c ****   {
 165:Core/Src/stm32f1xx_hal_msp.c ****   /* USER CODE BEGIN TIM2_MspInit 0 */
 166:Core/Src/stm32f1xx_hal_msp.c **** 
 167:Core/Src/stm32f1xx_hal_msp.c ****   /* USER CODE END TIM2_MspInit 0 */
 168:Core/Src/stm32f1xx_hal_msp.c ****     /* Peripheral clock enable */
 169:Core/Src/stm32f1xx_hal_msp.c ****     __HAL_RCC_TIM2_CLK_ENABLE();
 283              		.loc 1 169 5 is_stmt 1 view .LVU65
 284              	.LBB6:
 285              		.loc 1 169 5 view .LVU66
 286              		.loc 1 169 5 view .LVU67
 287 000c 03F50433 		add	r3, r3, #135168
 288 0010 DA69     		ldr	r2, [r3, #28]
 289 0012 42F00102 		orr	r2, r2, #1
 290 0016 DA61     		str	r2, [r3, #28]
 291              		.loc 1 169 5 view .LVU68
 292 0018 DB69     		ldr	r3, [r3, #28]
 293 001a 03F00103 		and	r3, r3, #1
 294 001e 0193     		str	r3, [sp, #4]
 295              		.loc 1 169 5 view .LVU69
 296 0020 019B     		ldr	r3, [sp, #4]
 297              	.LBE6:
 298              		.loc 1 169 5 discriminator 1 view .LVU70
 170:Core/Src/stm32f1xx_hal_msp.c ****   /* USER CODE BEGIN TIM2_MspInit 1 */
 171:Core/Src/stm32f1xx_hal_msp.c **** 
 172:Core/Src/stm32f1xx_hal_msp.c ****   /* USER CODE END TIM2_MspInit 1 */
 173:Core/Src/stm32f1xx_hal_msp.c **** 
 174:Core/Src/stm32f1xx_hal_msp.c ****   }
 175:Core/Src/stm32f1xx_hal_msp.c **** 
 176:Core/Src/stm32f1xx_hal_msp.c **** }
 299              		.loc 1 176 1 is_stmt 0 view .LVU71
 300 0022 02B0     		add	sp, sp, #8
 301              		.cfi_def_cfa_offset 0
 302              		@ sp needed
 303 0024 7047     		bx	lr
 304              		.cfi_endproc
 305              	.LFE68:
 307              		.section	.text.HAL_TIM_Base_MspDeInit,"ax",%progbits
 308              		.align	1
 309              		.global	HAL_TIM_Base_MspDeInit
 310              		.syntax unified
 311              		.thumb
 312              		.thumb_func
 314              	HAL_TIM_Base_MspDeInit:
 315              	.LVL12:
ARM GAS  /tmp/ccrtJokD.s 			page 10


 316              	.LFB69:
 177:Core/Src/stm32f1xx_hal_msp.c **** 
 178:Core/Src/stm32f1xx_hal_msp.c **** /**
 179:Core/Src/stm32f1xx_hal_msp.c **** * @brief TIM_Base MSP De-Initialization
 180:Core/Src/stm32f1xx_hal_msp.c **** * This function freeze the hardware resources used in this example
 181:Core/Src/stm32f1xx_hal_msp.c **** * @param htim_base: TIM_Base handle pointer
 182:Core/Src/stm32f1xx_hal_msp.c **** * @retval None
 183:Core/Src/stm32f1xx_hal_msp.c **** */
 184:Core/Src/stm32f1xx_hal_msp.c **** void HAL_TIM_Base_MspDeInit(TIM_HandleTypeDef* htim_base)
 185:Core/Src/stm32f1xx_hal_msp.c **** {
 317              		.loc 1 185 1 is_stmt 1 view -0
 318              		.cfi_startproc
 319              		@ args = 0, pretend = 0, frame = 0
 320              		@ frame_needed = 0, uses_anonymous_args = 0
 321              		@ link register save eliminated.
 186:Core/Src/stm32f1xx_hal_msp.c ****   if(htim_base->Instance==TIM2)
 322              		.loc 1 186 3 view .LVU73
 323              		.loc 1 186 15 is_stmt 0 view .LVU74
 324 0000 0368     		ldr	r3, [r0]
 325              		.loc 1 186 5 view .LVU75
 326 0002 B3F1804F 		cmp	r3, #1073741824
 327 0006 00D0     		beq	.L26
 328              	.L24:
 187:Core/Src/stm32f1xx_hal_msp.c ****   {
 188:Core/Src/stm32f1xx_hal_msp.c ****   /* USER CODE BEGIN TIM2_MspDeInit 0 */
 189:Core/Src/stm32f1xx_hal_msp.c **** 
 190:Core/Src/stm32f1xx_hal_msp.c ****   /* USER CODE END TIM2_MspDeInit 0 */
 191:Core/Src/stm32f1xx_hal_msp.c ****     /* Peripheral clock disable */
 192:Core/Src/stm32f1xx_hal_msp.c ****     __HAL_RCC_TIM2_CLK_DISABLE();
 193:Core/Src/stm32f1xx_hal_msp.c ****   /* USER CODE BEGIN TIM2_MspDeInit 1 */
 194:Core/Src/stm32f1xx_hal_msp.c **** 
 195:Core/Src/stm32f1xx_hal_msp.c ****   /* USER CODE END TIM2_MspDeInit 1 */
 196:Core/Src/stm32f1xx_hal_msp.c ****   }
 197:Core/Src/stm32f1xx_hal_msp.c **** 
 198:Core/Src/stm32f1xx_hal_msp.c **** }
 329              		.loc 1 198 1 view .LVU76
 330 0008 7047     		bx	lr
 331              	.L26:
 192:Core/Src/stm32f1xx_hal_msp.c ****   /* USER CODE BEGIN TIM2_MspDeInit 1 */
 332              		.loc 1 192 5 is_stmt 1 view .LVU77
 333 000a 034A     		ldr	r2, .L27
 334 000c D369     		ldr	r3, [r2, #28]
 335 000e 23F00103 		bic	r3, r3, #1
 336 0012 D361     		str	r3, [r2, #28]
 337              		.loc 1 198 1 is_stmt 0 view .LVU78
 338 0014 F8E7     		b	.L24
 339              	.L28:
 340 0016 00BF     		.align	2
 341              	.L27:
 342 0018 00100240 		.word	1073876992
 343              		.cfi_endproc
 344              	.LFE69:
 346              		.text
 347              	.Letext0:
 348              		.file 2 "/usr/arm-none-eabi/include/machine/_default_types.h"
 349              		.file 3 "/usr/arm-none-eabi/include/sys/_stdint.h"
 350              		.file 4 "Drivers/CMSIS/Device/ST/STM32F1xx/Include/stm32f103xb.h"
ARM GAS  /tmp/ccrtJokD.s 			page 11


 351              		.file 5 "Drivers/STM32F1xx_HAL_Driver/Inc/stm32f1xx_hal_def.h"
 352              		.file 6 "Drivers/STM32F1xx_HAL_Driver/Inc/stm32f1xx_hal_gpio.h"
 353              		.file 7 "Drivers/STM32F1xx_HAL_Driver/Inc/stm32f1xx_hal_dma.h"
 354              		.file 8 "Drivers/STM32F1xx_HAL_Driver/Inc/stm32f1xx_hal_spi.h"
 355              		.file 9 "Drivers/STM32F1xx_HAL_Driver/Inc/stm32f1xx_hal_tim.h"
ARM GAS  /tmp/ccrtJokD.s 			page 12


DEFINED SYMBOLS
                            *ABS*:00000000 stm32f1xx_hal_msp.c
     /tmp/ccrtJokD.s:19     .text.HAL_MspInit:00000000 $t
     /tmp/ccrtJokD.s:25     .text.HAL_MspInit:00000000 HAL_MspInit
     /tmp/ccrtJokD.s:73     .text.HAL_MspInit:0000002c $d
     /tmp/ccrtJokD.s:78     .text.HAL_SPI_MspInit:00000000 $t
     /tmp/ccrtJokD.s:84     .text.HAL_SPI_MspInit:00000000 HAL_SPI_MspInit
     /tmp/ccrtJokD.s:197    .text.HAL_SPI_MspInit:00000074 $d
     /tmp/ccrtJokD.s:203    .text.HAL_SPI_MspDeInit:00000000 $t
     /tmp/ccrtJokD.s:209    .text.HAL_SPI_MspDeInit:00000000 HAL_SPI_MspDeInit
     /tmp/ccrtJokD.s:251    .text.HAL_SPI_MspDeInit:00000024 $d
     /tmp/ccrtJokD.s:258    .text.HAL_TIM_Base_MspInit:00000000 $t
     /tmp/ccrtJokD.s:264    .text.HAL_TIM_Base_MspInit:00000000 HAL_TIM_Base_MspInit
     /tmp/ccrtJokD.s:308    .text.HAL_TIM_Base_MspDeInit:00000000 $t
     /tmp/ccrtJokD.s:314    .text.HAL_TIM_Base_MspDeInit:00000000 HAL_TIM_Base_MspDeInit
     /tmp/ccrtJokD.s:342    .text.HAL_TIM_Base_MspDeInit:00000018 $d

UNDEFINED SYMBOLS
HAL_GPIO_Init
HAL_GPIO_DeInit
