ARM GAS  /tmp/ccCfEX4u.s 			page 1


   1              		.cpu cortex-m3
   2              		.arch armv7-m
   3              		.fpu softvfp
   4              		.eabi_attribute 20, 1
   5              		.eabi_attribute 21, 1
   6              		.eabi_attribute 23, 3
   7              		.eabi_attribute 24, 1
   8              		.eabi_attribute 25, 1
   9              		.eabi_attribute 26, 1
  10              		.eabi_attribute 30, 1
  11              		.eabi_attribute 34, 1
  12              		.eabi_attribute 18, 4
  13              		.file	"main.c"
  14              		.text
  15              	.Ltext0:
  16              		.cfi_sections	.debug_frame
  17              		.file 1 "Core/Src/main.c"
  18              		.section	.text.MX_GPIO_Init,"ax",%progbits
  19              		.align	1
  20              		.syntax unified
  21              		.thumb
  22              		.thumb_func
  24              	MX_GPIO_Init:
  25              	.LFB70:
   1:Core/Src/main.c **** /* USER CODE BEGIN Header */
   2:Core/Src/main.c **** /**
   3:Core/Src/main.c ****   ******************************************************************************
   4:Core/Src/main.c ****   * @file           : main.c
   5:Core/Src/main.c ****   * @brief          : Main program body
   6:Core/Src/main.c ****   ******************************************************************************
   7:Core/Src/main.c ****   * @attention
   8:Core/Src/main.c ****   *
   9:Core/Src/main.c ****   * Copyright (c) 2025 STMicroelectronics.
  10:Core/Src/main.c ****   * All rights reserved.
  11:Core/Src/main.c ****   *
  12:Core/Src/main.c ****   * This software is licensed under terms that can be found in the LICENSE file
  13:Core/Src/main.c ****   * in the root directory of this software component.
  14:Core/Src/main.c ****   * If no LICENSE file comes with this software, it is provided AS-IS.
  15:Core/Src/main.c ****   *
  16:Core/Src/main.c ****   ******************************************************************************
  17:Core/Src/main.c ****   */
  18:Core/Src/main.c **** /* USER CODE END Header */
  19:Core/Src/main.c **** /* Includes ------------------------------------------------------------------*/
  20:Core/Src/main.c **** #include "main.h"
  21:Core/Src/main.c **** 
  22:Core/Src/main.c **** /* Private includes ----------------------------------------------------------*/
  23:Core/Src/main.c **** /* USER CODE BEGIN Includes */
  24:Core/Src/main.c **** 
  25:Core/Src/main.c **** /* USER CODE END Includes */
  26:Core/Src/main.c **** 
  27:Core/Src/main.c **** /* Private typedef -----------------------------------------------------------*/
  28:Core/Src/main.c **** /* USER CODE BEGIN PTD */
  29:Core/Src/main.c **** 
  30:Core/Src/main.c **** /* USER CODE END PTD */
  31:Core/Src/main.c **** 
  32:Core/Src/main.c **** /* Private define ------------------------------------------------------------*/
  33:Core/Src/main.c **** /* USER CODE BEGIN PD */
ARM GAS  /tmp/ccCfEX4u.s 			page 2


  34:Core/Src/main.c **** 
  35:Core/Src/main.c **** /* USER CODE END PD */
  36:Core/Src/main.c **** 
  37:Core/Src/main.c **** /* Private macro -------------------------------------------------------------*/
  38:Core/Src/main.c **** /* USER CODE BEGIN PM */
  39:Core/Src/main.c **** 
  40:Core/Src/main.c **** /* USER CODE END PM */
  41:Core/Src/main.c **** 
  42:Core/Src/main.c **** /* Private variables ---------------------------------------------------------*/
  43:Core/Src/main.c **** ADC_HandleTypeDef hadc1;
  44:Core/Src/main.c **** 
  45:Core/Src/main.c **** TIM_HandleTypeDef htim2;
  46:Core/Src/main.c **** 
  47:Core/Src/main.c **** UART_HandleTypeDef huart2;
  48:Core/Src/main.c **** 
  49:Core/Src/main.c **** /* USER CODE BEGIN PV */
  50:Core/Src/main.c **** 
  51:Core/Src/main.c **** /* USER CODE END PV */
  52:Core/Src/main.c **** 
  53:Core/Src/main.c **** /* Private function prototypes -----------------------------------------------*/
  54:Core/Src/main.c **** void SystemClock_Config(void);
  55:Core/Src/main.c **** static void MX_GPIO_Init(void);
  56:Core/Src/main.c **** static void MX_ADC1_Init(void);
  57:Core/Src/main.c **** static void MX_TIM2_Init(void);
  58:Core/Src/main.c **** static void MX_USART2_UART_Init(void);
  59:Core/Src/main.c **** /* USER CODE BEGIN PFP */
  60:Core/Src/main.c **** 
  61:Core/Src/main.c **** /* USER CODE END PFP */
  62:Core/Src/main.c **** 
  63:Core/Src/main.c **** /* Private user code ---------------------------------------------------------*/
  64:Core/Src/main.c **** /* USER CODE BEGIN 0 */
  65:Core/Src/main.c **** 
  66:Core/Src/main.c **** /* USER CODE END 0 */
  67:Core/Src/main.c **** 
  68:Core/Src/main.c **** /**
  69:Core/Src/main.c ****   * @brief  The application entry point.
  70:Core/Src/main.c ****   * @retval int
  71:Core/Src/main.c ****   */
  72:Core/Src/main.c **** int main(void)
  73:Core/Src/main.c **** {
  74:Core/Src/main.c **** 
  75:Core/Src/main.c ****   /* USER CODE BEGIN 1 */
  76:Core/Src/main.c **** 
  77:Core/Src/main.c ****   /* USER CODE END 1 */
  78:Core/Src/main.c **** 
  79:Core/Src/main.c ****   /* MCU Configuration--------------------------------------------------------*/
  80:Core/Src/main.c **** 
  81:Core/Src/main.c ****   /* Reset of all peripherals, Initializes the Flash interface and the Systick. */
  82:Core/Src/main.c ****   HAL_Init();
  83:Core/Src/main.c **** 
  84:Core/Src/main.c ****   /* USER CODE BEGIN Init */
  85:Core/Src/main.c **** 
  86:Core/Src/main.c ****   /* USER CODE END Init */
  87:Core/Src/main.c **** 
  88:Core/Src/main.c ****   /* Configure the system clock */
  89:Core/Src/main.c ****   SystemClock_Config();
  90:Core/Src/main.c **** 
ARM GAS  /tmp/ccCfEX4u.s 			page 3


  91:Core/Src/main.c ****   /* USER CODE BEGIN SysInit */
  92:Core/Src/main.c **** 
  93:Core/Src/main.c ****   /* USER CODE END SysInit */
  94:Core/Src/main.c **** 
  95:Core/Src/main.c ****   /* Initialize all configured peripherals */
  96:Core/Src/main.c ****   MX_GPIO_Init();
  97:Core/Src/main.c ****   MX_ADC1_Init();
  98:Core/Src/main.c ****   MX_TIM2_Init();
  99:Core/Src/main.c ****   MX_USART2_UART_Init();
 100:Core/Src/main.c ****   /* USER CODE BEGIN 2 */
 101:Core/Src/main.c **** 
 102:Core/Src/main.c ****   /* USER CODE END 2 */
 103:Core/Src/main.c **** 
 104:Core/Src/main.c ****   /* Infinite loop */
 105:Core/Src/main.c ****   /* USER CODE BEGIN WHILE */
 106:Core/Src/main.c ****   while (1)
 107:Core/Src/main.c ****   {
 108:Core/Src/main.c ****     /* USER CODE END WHILE */
 109:Core/Src/main.c **** 
 110:Core/Src/main.c ****     /* USER CODE BEGIN 3 */
 111:Core/Src/main.c ****   }
 112:Core/Src/main.c ****   /* USER CODE END 3 */
 113:Core/Src/main.c **** }
 114:Core/Src/main.c **** 
 115:Core/Src/main.c **** /**
 116:Core/Src/main.c ****   * @brief System Clock Configuration
 117:Core/Src/main.c ****   * @retval None
 118:Core/Src/main.c ****   */
 119:Core/Src/main.c **** void SystemClock_Config(void)
 120:Core/Src/main.c **** {
 121:Core/Src/main.c ****   RCC_OscInitTypeDef RCC_OscInitStruct = {0};
 122:Core/Src/main.c ****   RCC_ClkInitTypeDef RCC_ClkInitStruct = {0};
 123:Core/Src/main.c ****   RCC_PeriphCLKInitTypeDef PeriphClkInit = {0};
 124:Core/Src/main.c **** 
 125:Core/Src/main.c ****   /** Initializes the RCC Oscillators according to the specified parameters
 126:Core/Src/main.c ****   * in the RCC_OscInitTypeDef structure.
 127:Core/Src/main.c ****   */
 128:Core/Src/main.c ****   RCC_OscInitStruct.OscillatorType = RCC_OSCILLATORTYPE_HSE;
 129:Core/Src/main.c ****   RCC_OscInitStruct.HSEState = RCC_HSE_ON;
 130:Core/Src/main.c ****   RCC_OscInitStruct.HSEPredivValue = RCC_HSE_PREDIV_DIV1;
 131:Core/Src/main.c ****   RCC_OscInitStruct.HSIState = RCC_HSI_ON;
 132:Core/Src/main.c ****   RCC_OscInitStruct.PLL.PLLState = RCC_PLL_ON;
 133:Core/Src/main.c ****   RCC_OscInitStruct.PLL.PLLSource = RCC_PLLSOURCE_HSE;
 134:Core/Src/main.c ****   RCC_OscInitStruct.PLL.PLLMUL = RCC_PLL_MUL9;
 135:Core/Src/main.c ****   if (HAL_RCC_OscConfig(&RCC_OscInitStruct) != HAL_OK)
 136:Core/Src/main.c ****   {
 137:Core/Src/main.c ****     Error_Handler();
 138:Core/Src/main.c ****   }
 139:Core/Src/main.c **** 
 140:Core/Src/main.c ****   /** Initializes the CPU, AHB and APB buses clocks
 141:Core/Src/main.c ****   */
 142:Core/Src/main.c ****   RCC_ClkInitStruct.ClockType = RCC_CLOCKTYPE_HCLK|RCC_CLOCKTYPE_SYSCLK
 143:Core/Src/main.c ****                               |RCC_CLOCKTYPE_PCLK1|RCC_CLOCKTYPE_PCLK2;
 144:Core/Src/main.c ****   RCC_ClkInitStruct.SYSCLKSource = RCC_SYSCLKSOURCE_PLLCLK;
 145:Core/Src/main.c ****   RCC_ClkInitStruct.AHBCLKDivider = RCC_SYSCLK_DIV1;
 146:Core/Src/main.c ****   RCC_ClkInitStruct.APB1CLKDivider = RCC_HCLK_DIV2;
 147:Core/Src/main.c ****   RCC_ClkInitStruct.APB2CLKDivider = RCC_HCLK_DIV1;
ARM GAS  /tmp/ccCfEX4u.s 			page 4


 148:Core/Src/main.c **** 
 149:Core/Src/main.c ****   if (HAL_RCC_ClockConfig(&RCC_ClkInitStruct, FLASH_LATENCY_2) != HAL_OK)
 150:Core/Src/main.c ****   {
 151:Core/Src/main.c ****     Error_Handler();
 152:Core/Src/main.c ****   }
 153:Core/Src/main.c ****   PeriphClkInit.PeriphClockSelection = RCC_PERIPHCLK_ADC;
 154:Core/Src/main.c ****   PeriphClkInit.AdcClockSelection = RCC_ADCPCLK2_DIV6;
 155:Core/Src/main.c ****   if (HAL_RCCEx_PeriphCLKConfig(&PeriphClkInit) != HAL_OK)
 156:Core/Src/main.c ****   {
 157:Core/Src/main.c ****     Error_Handler();
 158:Core/Src/main.c ****   }
 159:Core/Src/main.c **** }
 160:Core/Src/main.c **** 
 161:Core/Src/main.c **** /**
 162:Core/Src/main.c ****   * @brief ADC1 Initialization Function
 163:Core/Src/main.c ****   * @param None
 164:Core/Src/main.c ****   * @retval None
 165:Core/Src/main.c ****   */
 166:Core/Src/main.c **** static void MX_ADC1_Init(void)
 167:Core/Src/main.c **** {
 168:Core/Src/main.c **** 
 169:Core/Src/main.c ****   /* USER CODE BEGIN ADC1_Init 0 */
 170:Core/Src/main.c **** 
 171:Core/Src/main.c ****   /* USER CODE END ADC1_Init 0 */
 172:Core/Src/main.c **** 
 173:Core/Src/main.c ****   ADC_ChannelConfTypeDef sConfig = {0};
 174:Core/Src/main.c **** 
 175:Core/Src/main.c ****   /* USER CODE BEGIN ADC1_Init 1 */
 176:Core/Src/main.c **** 
 177:Core/Src/main.c ****   /* USER CODE END ADC1_Init 1 */
 178:Core/Src/main.c **** 
 179:Core/Src/main.c ****   /** Common config
 180:Core/Src/main.c ****   */
 181:Core/Src/main.c ****   hadc1.Instance = ADC1;
 182:Core/Src/main.c ****   hadc1.Init.ScanConvMode = ADC_SCAN_DISABLE;
 183:Core/Src/main.c ****   hadc1.Init.ContinuousConvMode = DISABLE;
 184:Core/Src/main.c ****   hadc1.Init.DiscontinuousConvMode = DISABLE;
 185:Core/Src/main.c ****   hadc1.Init.ExternalTrigConv = ADC_SOFTWARE_START;
 186:Core/Src/main.c ****   hadc1.Init.DataAlign = ADC_DATAALIGN_RIGHT;
 187:Core/Src/main.c ****   hadc1.Init.NbrOfConversion = 1;
 188:Core/Src/main.c ****   if (HAL_ADC_Init(&hadc1) != HAL_OK)
 189:Core/Src/main.c ****   {
 190:Core/Src/main.c ****     Error_Handler();
 191:Core/Src/main.c ****   }
 192:Core/Src/main.c **** 
 193:Core/Src/main.c ****   /** Configure Regular Channel
 194:Core/Src/main.c ****   */
 195:Core/Src/main.c ****   sConfig.Channel = ADC_CHANNEL_0;
 196:Core/Src/main.c ****   sConfig.Rank = ADC_REGULAR_RANK_1;
 197:Core/Src/main.c ****   sConfig.SamplingTime = ADC_SAMPLETIME_1CYCLE_5;
 198:Core/Src/main.c ****   if (HAL_ADC_ConfigChannel(&hadc1, &sConfig) != HAL_OK)
 199:Core/Src/main.c ****   {
 200:Core/Src/main.c ****     Error_Handler();
 201:Core/Src/main.c ****   }
 202:Core/Src/main.c ****   /* USER CODE BEGIN ADC1_Init 2 */
 203:Core/Src/main.c **** 
 204:Core/Src/main.c ****   /* USER CODE END ADC1_Init 2 */
ARM GAS  /tmp/ccCfEX4u.s 			page 5


 205:Core/Src/main.c **** 
 206:Core/Src/main.c **** }
 207:Core/Src/main.c **** 
 208:Core/Src/main.c **** /**
 209:Core/Src/main.c ****   * @brief TIM2 Initialization Function
 210:Core/Src/main.c ****   * @param None
 211:Core/Src/main.c ****   * @retval None
 212:Core/Src/main.c ****   */
 213:Core/Src/main.c **** static void MX_TIM2_Init(void)
 214:Core/Src/main.c **** {
 215:Core/Src/main.c **** 
 216:Core/Src/main.c ****   /* USER CODE BEGIN TIM2_Init 0 */
 217:Core/Src/main.c **** 
 218:Core/Src/main.c ****   /* USER CODE END TIM2_Init 0 */
 219:Core/Src/main.c **** 
 220:Core/Src/main.c ****   TIM_MasterConfigTypeDef sMasterConfig = {0};
 221:Core/Src/main.c ****   TIM_OC_InitTypeDef sConfigOC = {0};
 222:Core/Src/main.c **** 
 223:Core/Src/main.c ****   /* USER CODE BEGIN TIM2_Init 1 */
 224:Core/Src/main.c **** 
 225:Core/Src/main.c ****   /* USER CODE END TIM2_Init 1 */
 226:Core/Src/main.c ****   htim2.Instance = TIM2;
 227:Core/Src/main.c ****   htim2.Init.Prescaler = 0;
 228:Core/Src/main.c ****   htim2.Init.CounterMode = TIM_COUNTERMODE_UP;
 229:Core/Src/main.c ****   htim2.Init.Period = 65535;
 230:Core/Src/main.c ****   htim2.Init.ClockDivision = TIM_CLOCKDIVISION_DIV1;
 231:Core/Src/main.c ****   htim2.Init.AutoReloadPreload = TIM_AUTORELOAD_PRELOAD_DISABLE;
 232:Core/Src/main.c ****   if (HAL_TIM_PWM_Init(&htim2) != HAL_OK)
 233:Core/Src/main.c ****   {
 234:Core/Src/main.c ****     Error_Handler();
 235:Core/Src/main.c ****   }
 236:Core/Src/main.c ****   sMasterConfig.MasterOutputTrigger = TIM_TRGO_RESET;
 237:Core/Src/main.c ****   sMasterConfig.MasterSlaveMode = TIM_MASTERSLAVEMODE_DISABLE;
 238:Core/Src/main.c ****   if (HAL_TIMEx_MasterConfigSynchronization(&htim2, &sMasterConfig) != HAL_OK)
 239:Core/Src/main.c ****   {
 240:Core/Src/main.c ****     Error_Handler();
 241:Core/Src/main.c ****   }
 242:Core/Src/main.c ****   sConfigOC.OCMode = TIM_OCMODE_PWM1;
 243:Core/Src/main.c ****   sConfigOC.Pulse = 0;
 244:Core/Src/main.c ****   sConfigOC.OCPolarity = TIM_OCPOLARITY_HIGH;
 245:Core/Src/main.c ****   sConfigOC.OCFastMode = TIM_OCFAST_DISABLE;
 246:Core/Src/main.c ****   if (HAL_TIM_PWM_ConfigChannel(&htim2, &sConfigOC, TIM_CHANNEL_2) != HAL_OK)
 247:Core/Src/main.c ****   {
 248:Core/Src/main.c ****     Error_Handler();
 249:Core/Src/main.c ****   }
 250:Core/Src/main.c ****   /* USER CODE BEGIN TIM2_Init 2 */
 251:Core/Src/main.c **** 
 252:Core/Src/main.c ****   /* USER CODE END TIM2_Init 2 */
 253:Core/Src/main.c ****   HAL_TIM_MspPostInit(&htim2);
 254:Core/Src/main.c **** 
 255:Core/Src/main.c **** }
 256:Core/Src/main.c **** 
 257:Core/Src/main.c **** /**
 258:Core/Src/main.c ****   * @brief USART2 Initialization Function
 259:Core/Src/main.c ****   * @param None
 260:Core/Src/main.c ****   * @retval None
 261:Core/Src/main.c ****   */
ARM GAS  /tmp/ccCfEX4u.s 			page 6


 262:Core/Src/main.c **** static void MX_USART2_UART_Init(void)
 263:Core/Src/main.c **** {
 264:Core/Src/main.c **** 
 265:Core/Src/main.c ****   /* USER CODE BEGIN USART2_Init 0 */
 266:Core/Src/main.c **** 
 267:Core/Src/main.c ****   /* USER CODE END USART2_Init 0 */
 268:Core/Src/main.c **** 
 269:Core/Src/main.c ****   /* USER CODE BEGIN USART2_Init 1 */
 270:Core/Src/main.c **** 
 271:Core/Src/main.c ****   /* USER CODE END USART2_Init 1 */
 272:Core/Src/main.c ****   huart2.Instance = USART2;
 273:Core/Src/main.c ****   huart2.Init.BaudRate = 9600;
 274:Core/Src/main.c ****   huart2.Init.WordLength = UART_WORDLENGTH_8B;
 275:Core/Src/main.c ****   huart2.Init.StopBits = UART_STOPBITS_1;
 276:Core/Src/main.c ****   huart2.Init.Parity = UART_PARITY_NONE;
 277:Core/Src/main.c ****   huart2.Init.Mode = UART_MODE_TX_RX;
 278:Core/Src/main.c ****   huart2.Init.HwFlowCtl = UART_HWCONTROL_NONE;
 279:Core/Src/main.c ****   huart2.Init.OverSampling = UART_OVERSAMPLING_16;
 280:Core/Src/main.c ****   if (HAL_UART_Init(&huart2) != HAL_OK)
 281:Core/Src/main.c ****   {
 282:Core/Src/main.c ****     Error_Handler();
 283:Core/Src/main.c ****   }
 284:Core/Src/main.c ****   /* USER CODE BEGIN USART2_Init 2 */
 285:Core/Src/main.c **** 
 286:Core/Src/main.c ****   /* USER CODE END USART2_Init 2 */
 287:Core/Src/main.c **** 
 288:Core/Src/main.c **** }
 289:Core/Src/main.c **** 
 290:Core/Src/main.c **** /**
 291:Core/Src/main.c ****   * @brief GPIO Initialization Function
 292:Core/Src/main.c ****   * @param None
 293:Core/Src/main.c ****   * @retval None
 294:Core/Src/main.c ****   */
 295:Core/Src/main.c **** static void MX_GPIO_Init(void)
 296:Core/Src/main.c **** {
  26              		.loc 1 296 1 view -0
  27              		.cfi_startproc
  28              		@ args = 0, pretend = 0, frame = 32
  29              		@ frame_needed = 0, uses_anonymous_args = 0
  30 0000 70B5     		push	{r4, r5, r6, lr}
  31              		.cfi_def_cfa_offset 16
  32              		.cfi_offset 4, -16
  33              		.cfi_offset 5, -12
  34              		.cfi_offset 6, -8
  35              		.cfi_offset 14, -4
  36 0002 88B0     		sub	sp, sp, #32
  37              		.cfi_def_cfa_offset 48
 297:Core/Src/main.c ****   GPIO_InitTypeDef GPIO_InitStruct = {0};
  38              		.loc 1 297 3 view .LVU1
  39              		.loc 1 297 20 is_stmt 0 view .LVU2
  40 0004 04AD     		add	r5, sp, #16
  41 0006 0024     		movs	r4, #0
  42 0008 0494     		str	r4, [sp, #16]
  43 000a 0594     		str	r4, [sp, #20]
  44 000c 0694     		str	r4, [sp, #24]
  45 000e 0794     		str	r4, [sp, #28]
 298:Core/Src/main.c **** /* USER CODE BEGIN MX_GPIO_Init_1 */
ARM GAS  /tmp/ccCfEX4u.s 			page 7


 299:Core/Src/main.c **** /* USER CODE END MX_GPIO_Init_1 */
 300:Core/Src/main.c **** 
 301:Core/Src/main.c ****   /* GPIO Ports Clock Enable */
 302:Core/Src/main.c ****   __HAL_RCC_GPIOC_CLK_ENABLE();
  46              		.loc 1 302 3 is_stmt 1 view .LVU3
  47              	.LBB4:
  48              		.loc 1 302 3 view .LVU4
  49              		.loc 1 302 3 view .LVU5
  50 0010 1C4B     		ldr	r3, .L3
  51 0012 9A69     		ldr	r2, [r3, #24]
  52 0014 42F01002 		orr	r2, r2, #16
  53 0018 9A61     		str	r2, [r3, #24]
  54              		.loc 1 302 3 view .LVU6
  55 001a 9A69     		ldr	r2, [r3, #24]
  56 001c 02F01002 		and	r2, r2, #16
  57 0020 0192     		str	r2, [sp, #4]
  58              		.loc 1 302 3 view .LVU7
  59 0022 019A     		ldr	r2, [sp, #4]
  60              	.LBE4:
  61              		.loc 1 302 3 view .LVU8
 303:Core/Src/main.c ****   __HAL_RCC_GPIOD_CLK_ENABLE();
  62              		.loc 1 303 3 view .LVU9
  63              	.LBB5:
  64              		.loc 1 303 3 view .LVU10
  65              		.loc 1 303 3 view .LVU11
  66 0024 9A69     		ldr	r2, [r3, #24]
  67 0026 42F02002 		orr	r2, r2, #32
  68 002a 9A61     		str	r2, [r3, #24]
  69              		.loc 1 303 3 view .LVU12
  70 002c 9A69     		ldr	r2, [r3, #24]
  71 002e 02F02002 		and	r2, r2, #32
  72 0032 0292     		str	r2, [sp, #8]
  73              		.loc 1 303 3 view .LVU13
  74 0034 029A     		ldr	r2, [sp, #8]
  75              	.LBE5:
  76              		.loc 1 303 3 view .LVU14
 304:Core/Src/main.c ****   __HAL_RCC_GPIOA_CLK_ENABLE();
  77              		.loc 1 304 3 view .LVU15
  78              	.LBB6:
  79              		.loc 1 304 3 view .LVU16
  80              		.loc 1 304 3 view .LVU17
  81 0036 9A69     		ldr	r2, [r3, #24]
  82 0038 42F00402 		orr	r2, r2, #4
  83 003c 9A61     		str	r2, [r3, #24]
  84              		.loc 1 304 3 view .LVU18
  85 003e 9B69     		ldr	r3, [r3, #24]
  86 0040 03F00403 		and	r3, r3, #4
  87 0044 0393     		str	r3, [sp, #12]
  88              		.loc 1 304 3 view .LVU19
  89 0046 039B     		ldr	r3, [sp, #12]
  90              	.LBE6:
  91              		.loc 1 304 3 view .LVU20
 305:Core/Src/main.c **** 
 306:Core/Src/main.c ****   /*Configure GPIO pin Output Level */
 307:Core/Src/main.c ****   HAL_GPIO_WritePin(ledpc13_GPIO_Port, ledpc13_Pin, GPIO_PIN_RESET);
  92              		.loc 1 307 3 view .LVU21
  93 0048 0F4E     		ldr	r6, .L3+4
ARM GAS  /tmp/ccCfEX4u.s 			page 8


  94 004a 2246     		mov	r2, r4
  95 004c 4FF40051 		mov	r1, #8192
  96 0050 3046     		mov	r0, r6
  97 0052 FFF7FEFF 		bl	HAL_GPIO_WritePin
  98              	.LVL0:
 308:Core/Src/main.c **** 
 309:Core/Src/main.c ****   /*Configure GPIO pin : ledpc13_Pin */
 310:Core/Src/main.c ****   GPIO_InitStruct.Pin = ledpc13_Pin;
  99              		.loc 1 310 3 view .LVU22
 100              		.loc 1 310 23 is_stmt 0 view .LVU23
 101 0056 4FF40053 		mov	r3, #8192
 102 005a 0493     		str	r3, [sp, #16]
 311:Core/Src/main.c ****   GPIO_InitStruct.Mode = GPIO_MODE_OUTPUT_PP;
 103              		.loc 1 311 3 is_stmt 1 view .LVU24
 104              		.loc 1 311 24 is_stmt 0 view .LVU25
 105 005c 0123     		movs	r3, #1
 106 005e 0593     		str	r3, [sp, #20]
 312:Core/Src/main.c ****   GPIO_InitStruct.Pull = GPIO_NOPULL;
 107              		.loc 1 312 3 is_stmt 1 view .LVU26
 108              		.loc 1 312 24 is_stmt 0 view .LVU27
 109 0060 0694     		str	r4, [sp, #24]
 313:Core/Src/main.c ****   GPIO_InitStruct.Speed = GPIO_SPEED_FREQ_LOW;
 110              		.loc 1 313 3 is_stmt 1 view .LVU28
 111              		.loc 1 313 25 is_stmt 0 view .LVU29
 112 0062 0224     		movs	r4, #2
 113 0064 0794     		str	r4, [sp, #28]
 314:Core/Src/main.c ****   HAL_GPIO_Init(ledpc13_GPIO_Port, &GPIO_InitStruct);
 114              		.loc 1 314 3 is_stmt 1 view .LVU30
 115 0066 2946     		mov	r1, r5
 116 0068 3046     		mov	r0, r6
 117 006a FFF7FEFF 		bl	HAL_GPIO_Init
 118              	.LVL1:
 315:Core/Src/main.c **** 
 316:Core/Src/main.c ****   /*Configure GPIO pin : PA10 */
 317:Core/Src/main.c ****   GPIO_InitStruct.Pin = GPIO_PIN_10;
 119              		.loc 1 317 3 view .LVU31
 120              		.loc 1 317 23 is_stmt 0 view .LVU32
 121 006e 4FF48063 		mov	r3, #1024
 122 0072 0493     		str	r3, [sp, #16]
 318:Core/Src/main.c ****   GPIO_InitStruct.Mode = GPIO_MODE_AF_PP;
 123              		.loc 1 318 3 is_stmt 1 view .LVU33
 124              		.loc 1 318 24 is_stmt 0 view .LVU34
 125 0074 0594     		str	r4, [sp, #20]
 319:Core/Src/main.c ****   GPIO_InitStruct.Speed = GPIO_SPEED_FREQ_LOW;
 126              		.loc 1 319 3 is_stmt 1 view .LVU35
 127              		.loc 1 319 25 is_stmt 0 view .LVU36
 128 0076 0794     		str	r4, [sp, #28]
 320:Core/Src/main.c ****   HAL_GPIO_Init(GPIOA, &GPIO_InitStruct);
 129              		.loc 1 320 3 is_stmt 1 view .LVU37
 130 0078 2946     		mov	r1, r5
 131 007a 0448     		ldr	r0, .L3+8
 132 007c FFF7FEFF 		bl	HAL_GPIO_Init
 133              	.LVL2:
 321:Core/Src/main.c **** 
 322:Core/Src/main.c **** /* USER CODE BEGIN MX_GPIO_Init_2 */
 323:Core/Src/main.c **** /* USER CODE END MX_GPIO_Init_2 */
 324:Core/Src/main.c **** }
ARM GAS  /tmp/ccCfEX4u.s 			page 9


 134              		.loc 1 324 1 is_stmt 0 view .LVU38
 135 0080 08B0     		add	sp, sp, #32
 136              		.cfi_def_cfa_offset 16
 137              		@ sp needed
 138 0082 70BD     		pop	{r4, r5, r6, pc}
 139              	.L4:
 140              		.align	2
 141              	.L3:
 142 0084 00100240 		.word	1073876992
 143 0088 00100140 		.word	1073811456
 144 008c 00080140 		.word	1073809408
 145              		.cfi_endproc
 146              	.LFE70:
 148              		.section	.text.Error_Handler,"ax",%progbits
 149              		.align	1
 150              		.global	Error_Handler
 151              		.syntax unified
 152              		.thumb
 153              		.thumb_func
 155              	Error_Handler:
 156              	.LFB71:
 325:Core/Src/main.c **** 
 326:Core/Src/main.c **** /* USER CODE BEGIN 4 */
 327:Core/Src/main.c **** 
 328:Core/Src/main.c **** /* USER CODE END 4 */
 329:Core/Src/main.c **** 
 330:Core/Src/main.c **** /**
 331:Core/Src/main.c ****   * @brief  This function is executed in case of error occurrence.
 332:Core/Src/main.c ****   * @retval None
 333:Core/Src/main.c ****   */
 334:Core/Src/main.c **** void Error_Handler(void)
 335:Core/Src/main.c **** {
 157              		.loc 1 335 1 is_stmt 1 view -0
 158              		.cfi_startproc
 159              		@ Volatile: function does not return.
 160              		@ args = 0, pretend = 0, frame = 0
 161              		@ frame_needed = 0, uses_anonymous_args = 0
 162              		@ link register save eliminated.
 336:Core/Src/main.c ****   /* USER CODE BEGIN Error_Handler_Debug */
 337:Core/Src/main.c ****   /* User can add his own implementation to report the HAL error return state */
 338:Core/Src/main.c ****   __disable_irq();
 163              		.loc 1 338 3 view .LVU40
 164              	.LBB7:
 165              	.LBI7:
 166              		.file 2 "Drivers/CMSIS/Include/cmsis_gcc.h"
   1:Drivers/CMSIS/Include/cmsis_gcc.h **** /**************************************************************************//**
   2:Drivers/CMSIS/Include/cmsis_gcc.h ****  * @file     cmsis_gcc.h
   3:Drivers/CMSIS/Include/cmsis_gcc.h ****  * @brief    CMSIS compiler GCC header file
   4:Drivers/CMSIS/Include/cmsis_gcc.h ****  * @version  V5.0.4
   5:Drivers/CMSIS/Include/cmsis_gcc.h ****  * @date     09. April 2018
   6:Drivers/CMSIS/Include/cmsis_gcc.h ****  ******************************************************************************/
   7:Drivers/CMSIS/Include/cmsis_gcc.h **** /*
   8:Drivers/CMSIS/Include/cmsis_gcc.h ****  * Copyright (c) 2009-2018 Arm Limited. All rights reserved.
   9:Drivers/CMSIS/Include/cmsis_gcc.h ****  *
  10:Drivers/CMSIS/Include/cmsis_gcc.h ****  * SPDX-License-Identifier: Apache-2.0
  11:Drivers/CMSIS/Include/cmsis_gcc.h ****  *
  12:Drivers/CMSIS/Include/cmsis_gcc.h ****  * Licensed under the Apache License, Version 2.0 (the License); you may
ARM GAS  /tmp/ccCfEX4u.s 			page 10


  13:Drivers/CMSIS/Include/cmsis_gcc.h ****  * not use this file except in compliance with the License.
  14:Drivers/CMSIS/Include/cmsis_gcc.h ****  * You may obtain a copy of the License at
  15:Drivers/CMSIS/Include/cmsis_gcc.h ****  *
  16:Drivers/CMSIS/Include/cmsis_gcc.h ****  * www.apache.org/licenses/LICENSE-2.0
  17:Drivers/CMSIS/Include/cmsis_gcc.h ****  *
  18:Drivers/CMSIS/Include/cmsis_gcc.h ****  * Unless required by applicable law or agreed to in writing, software
  19:Drivers/CMSIS/Include/cmsis_gcc.h ****  * distributed under the License is distributed on an AS IS BASIS, WITHOUT
  20:Drivers/CMSIS/Include/cmsis_gcc.h ****  * WARRANTIES OR CONDITIONS OF ANY KIND, either express or implied.
  21:Drivers/CMSIS/Include/cmsis_gcc.h ****  * See the License for the specific language governing permissions and
  22:Drivers/CMSIS/Include/cmsis_gcc.h ****  * limitations under the License.
  23:Drivers/CMSIS/Include/cmsis_gcc.h ****  */
  24:Drivers/CMSIS/Include/cmsis_gcc.h **** 
  25:Drivers/CMSIS/Include/cmsis_gcc.h **** #ifndef __CMSIS_GCC_H
  26:Drivers/CMSIS/Include/cmsis_gcc.h **** #define __CMSIS_GCC_H
  27:Drivers/CMSIS/Include/cmsis_gcc.h **** 
  28:Drivers/CMSIS/Include/cmsis_gcc.h **** /* ignore some GCC warnings */
  29:Drivers/CMSIS/Include/cmsis_gcc.h **** #pragma GCC diagnostic push
  30:Drivers/CMSIS/Include/cmsis_gcc.h **** #pragma GCC diagnostic ignored "-Wsign-conversion"
  31:Drivers/CMSIS/Include/cmsis_gcc.h **** #pragma GCC diagnostic ignored "-Wconversion"
  32:Drivers/CMSIS/Include/cmsis_gcc.h **** #pragma GCC diagnostic ignored "-Wunused-parameter"
  33:Drivers/CMSIS/Include/cmsis_gcc.h **** 
  34:Drivers/CMSIS/Include/cmsis_gcc.h **** /* Fallback for __has_builtin */
  35:Drivers/CMSIS/Include/cmsis_gcc.h **** #ifndef __has_builtin
  36:Drivers/CMSIS/Include/cmsis_gcc.h ****   #define __has_builtin(x) (0)
  37:Drivers/CMSIS/Include/cmsis_gcc.h **** #endif
  38:Drivers/CMSIS/Include/cmsis_gcc.h **** 
  39:Drivers/CMSIS/Include/cmsis_gcc.h **** /* CMSIS compiler specific defines */
  40:Drivers/CMSIS/Include/cmsis_gcc.h **** #ifndef   __ASM
  41:Drivers/CMSIS/Include/cmsis_gcc.h ****   #define __ASM                                  __asm
  42:Drivers/CMSIS/Include/cmsis_gcc.h **** #endif
  43:Drivers/CMSIS/Include/cmsis_gcc.h **** #ifndef   __INLINE
  44:Drivers/CMSIS/Include/cmsis_gcc.h ****   #define __INLINE                               inline
  45:Drivers/CMSIS/Include/cmsis_gcc.h **** #endif
  46:Drivers/CMSIS/Include/cmsis_gcc.h **** #ifndef   __STATIC_INLINE
  47:Drivers/CMSIS/Include/cmsis_gcc.h ****   #define __STATIC_INLINE                        static inline
  48:Drivers/CMSIS/Include/cmsis_gcc.h **** #endif
  49:Drivers/CMSIS/Include/cmsis_gcc.h **** #ifndef   __STATIC_FORCEINLINE                 
  50:Drivers/CMSIS/Include/cmsis_gcc.h ****   #define __STATIC_FORCEINLINE                   __attribute__((always_inline)) static inline
  51:Drivers/CMSIS/Include/cmsis_gcc.h **** #endif                                           
  52:Drivers/CMSIS/Include/cmsis_gcc.h **** #ifndef   __NO_RETURN
  53:Drivers/CMSIS/Include/cmsis_gcc.h ****   #define __NO_RETURN                            __attribute__((__noreturn__))
  54:Drivers/CMSIS/Include/cmsis_gcc.h **** #endif
  55:Drivers/CMSIS/Include/cmsis_gcc.h **** #ifndef   __USED
  56:Drivers/CMSIS/Include/cmsis_gcc.h ****   #define __USED                                 __attribute__((used))
  57:Drivers/CMSIS/Include/cmsis_gcc.h **** #endif
  58:Drivers/CMSIS/Include/cmsis_gcc.h **** #ifndef   __WEAK
  59:Drivers/CMSIS/Include/cmsis_gcc.h ****   #define __WEAK                                 __attribute__((weak))
  60:Drivers/CMSIS/Include/cmsis_gcc.h **** #endif
  61:Drivers/CMSIS/Include/cmsis_gcc.h **** #ifndef   __PACKED
  62:Drivers/CMSIS/Include/cmsis_gcc.h ****   #define __PACKED                               __attribute__((packed, aligned(1)))
  63:Drivers/CMSIS/Include/cmsis_gcc.h **** #endif
  64:Drivers/CMSIS/Include/cmsis_gcc.h **** #ifndef   __PACKED_STRUCT
  65:Drivers/CMSIS/Include/cmsis_gcc.h ****   #define __PACKED_STRUCT                        struct __attribute__((packed, aligned(1)))
  66:Drivers/CMSIS/Include/cmsis_gcc.h **** #endif
  67:Drivers/CMSIS/Include/cmsis_gcc.h **** #ifndef   __PACKED_UNION
  68:Drivers/CMSIS/Include/cmsis_gcc.h ****   #define __PACKED_UNION                         union __attribute__((packed, aligned(1)))
  69:Drivers/CMSIS/Include/cmsis_gcc.h **** #endif
ARM GAS  /tmp/ccCfEX4u.s 			page 11


  70:Drivers/CMSIS/Include/cmsis_gcc.h **** #ifndef   __UNALIGNED_UINT32        /* deprecated */
  71:Drivers/CMSIS/Include/cmsis_gcc.h ****   #pragma GCC diagnostic push
  72:Drivers/CMSIS/Include/cmsis_gcc.h ****   #pragma GCC diagnostic ignored "-Wpacked"
  73:Drivers/CMSIS/Include/cmsis_gcc.h ****   #pragma GCC diagnostic ignored "-Wattributes"
  74:Drivers/CMSIS/Include/cmsis_gcc.h ****   struct __attribute__((packed)) T_UINT32 { uint32_t v; };
  75:Drivers/CMSIS/Include/cmsis_gcc.h ****   #pragma GCC diagnostic pop
  76:Drivers/CMSIS/Include/cmsis_gcc.h ****   #define __UNALIGNED_UINT32(x)                  (((struct T_UINT32 *)(x))->v)
  77:Drivers/CMSIS/Include/cmsis_gcc.h **** #endif
  78:Drivers/CMSIS/Include/cmsis_gcc.h **** #ifndef   __UNALIGNED_UINT16_WRITE
  79:Drivers/CMSIS/Include/cmsis_gcc.h ****   #pragma GCC diagnostic push
  80:Drivers/CMSIS/Include/cmsis_gcc.h ****   #pragma GCC diagnostic ignored "-Wpacked"
  81:Drivers/CMSIS/Include/cmsis_gcc.h ****   #pragma GCC diagnostic ignored "-Wattributes"
  82:Drivers/CMSIS/Include/cmsis_gcc.h ****   __PACKED_STRUCT T_UINT16_WRITE { uint16_t v; };
  83:Drivers/CMSIS/Include/cmsis_gcc.h ****   #pragma GCC diagnostic pop
  84:Drivers/CMSIS/Include/cmsis_gcc.h ****   #define __UNALIGNED_UINT16_WRITE(addr, val)    (void)((((struct T_UINT16_WRITE *)(void *)(addr))-
  85:Drivers/CMSIS/Include/cmsis_gcc.h **** #endif
  86:Drivers/CMSIS/Include/cmsis_gcc.h **** #ifndef   __UNALIGNED_UINT16_READ
  87:Drivers/CMSIS/Include/cmsis_gcc.h ****   #pragma GCC diagnostic push
  88:Drivers/CMSIS/Include/cmsis_gcc.h ****   #pragma GCC diagnostic ignored "-Wpacked"
  89:Drivers/CMSIS/Include/cmsis_gcc.h ****   #pragma GCC diagnostic ignored "-Wattributes"
  90:Drivers/CMSIS/Include/cmsis_gcc.h ****   __PACKED_STRUCT T_UINT16_READ { uint16_t v; };
  91:Drivers/CMSIS/Include/cmsis_gcc.h ****   #pragma GCC diagnostic pop
  92:Drivers/CMSIS/Include/cmsis_gcc.h ****   #define __UNALIGNED_UINT16_READ(addr)          (((const struct T_UINT16_READ *)(const void *)(add
  93:Drivers/CMSIS/Include/cmsis_gcc.h **** #endif
  94:Drivers/CMSIS/Include/cmsis_gcc.h **** #ifndef   __UNALIGNED_UINT32_WRITE
  95:Drivers/CMSIS/Include/cmsis_gcc.h ****   #pragma GCC diagnostic push
  96:Drivers/CMSIS/Include/cmsis_gcc.h ****   #pragma GCC diagnostic ignored "-Wpacked"
  97:Drivers/CMSIS/Include/cmsis_gcc.h ****   #pragma GCC diagnostic ignored "-Wattributes"
  98:Drivers/CMSIS/Include/cmsis_gcc.h ****   __PACKED_STRUCT T_UINT32_WRITE { uint32_t v; };
  99:Drivers/CMSIS/Include/cmsis_gcc.h ****   #pragma GCC diagnostic pop
 100:Drivers/CMSIS/Include/cmsis_gcc.h ****   #define __UNALIGNED_UINT32_WRITE(addr, val)    (void)((((struct T_UINT32_WRITE *)(void *)(addr))-
 101:Drivers/CMSIS/Include/cmsis_gcc.h **** #endif
 102:Drivers/CMSIS/Include/cmsis_gcc.h **** #ifndef   __UNALIGNED_UINT32_READ
 103:Drivers/CMSIS/Include/cmsis_gcc.h ****   #pragma GCC diagnostic push
 104:Drivers/CMSIS/Include/cmsis_gcc.h ****   #pragma GCC diagnostic ignored "-Wpacked"
 105:Drivers/CMSIS/Include/cmsis_gcc.h ****   #pragma GCC diagnostic ignored "-Wattributes"
 106:Drivers/CMSIS/Include/cmsis_gcc.h ****   __PACKED_STRUCT T_UINT32_READ { uint32_t v; };
 107:Drivers/CMSIS/Include/cmsis_gcc.h ****   #pragma GCC diagnostic pop
 108:Drivers/CMSIS/Include/cmsis_gcc.h ****   #define __UNALIGNED_UINT32_READ(addr)          (((const struct T_UINT32_READ *)(const void *)(add
 109:Drivers/CMSIS/Include/cmsis_gcc.h **** #endif
 110:Drivers/CMSIS/Include/cmsis_gcc.h **** #ifndef   __ALIGNED
 111:Drivers/CMSIS/Include/cmsis_gcc.h ****   #define __ALIGNED(x)                           __attribute__((aligned(x)))
 112:Drivers/CMSIS/Include/cmsis_gcc.h **** #endif
 113:Drivers/CMSIS/Include/cmsis_gcc.h **** #ifndef   __RESTRICT
 114:Drivers/CMSIS/Include/cmsis_gcc.h ****   #define __RESTRICT                             __restrict
 115:Drivers/CMSIS/Include/cmsis_gcc.h **** #endif
 116:Drivers/CMSIS/Include/cmsis_gcc.h **** 
 117:Drivers/CMSIS/Include/cmsis_gcc.h **** 
 118:Drivers/CMSIS/Include/cmsis_gcc.h **** /* ###########################  Core Function Access  ########################### */
 119:Drivers/CMSIS/Include/cmsis_gcc.h **** /** \ingroup  CMSIS_Core_FunctionInterface
 120:Drivers/CMSIS/Include/cmsis_gcc.h ****     \defgroup CMSIS_Core_RegAccFunctions CMSIS Core Register Access Functions
 121:Drivers/CMSIS/Include/cmsis_gcc.h ****   @{
 122:Drivers/CMSIS/Include/cmsis_gcc.h ****  */
 123:Drivers/CMSIS/Include/cmsis_gcc.h **** 
 124:Drivers/CMSIS/Include/cmsis_gcc.h **** /**
 125:Drivers/CMSIS/Include/cmsis_gcc.h ****   \brief   Enable IRQ Interrupts
 126:Drivers/CMSIS/Include/cmsis_gcc.h ****   \details Enables IRQ interrupts by clearing the I-bit in the CPSR.
ARM GAS  /tmp/ccCfEX4u.s 			page 12


 127:Drivers/CMSIS/Include/cmsis_gcc.h ****            Can only be executed in Privileged modes.
 128:Drivers/CMSIS/Include/cmsis_gcc.h ****  */
 129:Drivers/CMSIS/Include/cmsis_gcc.h **** __STATIC_FORCEINLINE void __enable_irq(void)
 130:Drivers/CMSIS/Include/cmsis_gcc.h **** {
 131:Drivers/CMSIS/Include/cmsis_gcc.h ****   __ASM volatile ("cpsie i" : : : "memory");
 132:Drivers/CMSIS/Include/cmsis_gcc.h **** }
 133:Drivers/CMSIS/Include/cmsis_gcc.h **** 
 134:Drivers/CMSIS/Include/cmsis_gcc.h **** 
 135:Drivers/CMSIS/Include/cmsis_gcc.h **** /**
 136:Drivers/CMSIS/Include/cmsis_gcc.h ****   \brief   Disable IRQ Interrupts
 137:Drivers/CMSIS/Include/cmsis_gcc.h ****   \details Disables IRQ interrupts by setting the I-bit in the CPSR.
 138:Drivers/CMSIS/Include/cmsis_gcc.h ****            Can only be executed in Privileged modes.
 139:Drivers/CMSIS/Include/cmsis_gcc.h ****  */
 140:Drivers/CMSIS/Include/cmsis_gcc.h **** __STATIC_FORCEINLINE void __disable_irq(void)
 167              		.loc 2 140 27 view .LVU41
 168              	.LBB8:
 141:Drivers/CMSIS/Include/cmsis_gcc.h **** {
 142:Drivers/CMSIS/Include/cmsis_gcc.h ****   __ASM volatile ("cpsid i" : : : "memory");
 169              		.loc 2 142 3 view .LVU42
 170              		.syntax unified
 171              	@ 142 "Drivers/CMSIS/Include/cmsis_gcc.h" 1
 172 0000 72B6     		cpsid i
 173              	@ 0 "" 2
 174              		.thumb
 175              		.syntax unified
 176              	.L6:
 177              	.LBE8:
 178              	.LBE7:
 339:Core/Src/main.c ****   while (1)
 179              		.loc 1 339 3 view .LVU43
 340:Core/Src/main.c ****   {
 341:Core/Src/main.c ****   }
 180              		.loc 1 341 3 view .LVU44
 339:Core/Src/main.c ****   while (1)
 181              		.loc 1 339 9 view .LVU45
 182 0002 FEE7     		b	.L6
 183              		.cfi_endproc
 184              	.LFE71:
 186              		.section	.text.MX_ADC1_Init,"ax",%progbits
 187              		.align	1
 188              		.syntax unified
 189              		.thumb
 190              		.thumb_func
 192              	MX_ADC1_Init:
 193              	.LFB67:
 167:Core/Src/main.c **** 
 194              		.loc 1 167 1 view -0
 195              		.cfi_startproc
 196              		@ args = 0, pretend = 0, frame = 16
 197              		@ frame_needed = 0, uses_anonymous_args = 0
 198 0000 00B5     		push	{lr}
 199              		.cfi_def_cfa_offset 4
 200              		.cfi_offset 14, -4
 201 0002 85B0     		sub	sp, sp, #20
 202              		.cfi_def_cfa_offset 24
 173:Core/Src/main.c **** 
 203              		.loc 1 173 3 view .LVU47
ARM GAS  /tmp/ccCfEX4u.s 			page 13


 173:Core/Src/main.c **** 
 204              		.loc 1 173 26 is_stmt 0 view .LVU48
 205 0004 0023     		movs	r3, #0
 206 0006 0193     		str	r3, [sp, #4]
 207 0008 0293     		str	r3, [sp, #8]
 208 000a 0393     		str	r3, [sp, #12]
 181:Core/Src/main.c ****   hadc1.Init.ScanConvMode = ADC_SCAN_DISABLE;
 209              		.loc 1 181 3 is_stmt 1 view .LVU49
 181:Core/Src/main.c ****   hadc1.Init.ScanConvMode = ADC_SCAN_DISABLE;
 210              		.loc 1 181 18 is_stmt 0 view .LVU50
 211 000c 0F48     		ldr	r0, .L13
 212 000e 104A     		ldr	r2, .L13+4
 213 0010 0260     		str	r2, [r0]
 182:Core/Src/main.c ****   hadc1.Init.ContinuousConvMode = DISABLE;
 214              		.loc 1 182 3 is_stmt 1 view .LVU51
 182:Core/Src/main.c ****   hadc1.Init.ContinuousConvMode = DISABLE;
 215              		.loc 1 182 27 is_stmt 0 view .LVU52
 216 0012 8360     		str	r3, [r0, #8]
 183:Core/Src/main.c ****   hadc1.Init.DiscontinuousConvMode = DISABLE;
 217              		.loc 1 183 3 is_stmt 1 view .LVU53
 183:Core/Src/main.c ****   hadc1.Init.DiscontinuousConvMode = DISABLE;
 218              		.loc 1 183 33 is_stmt 0 view .LVU54
 219 0014 0373     		strb	r3, [r0, #12]
 184:Core/Src/main.c ****   hadc1.Init.ExternalTrigConv = ADC_SOFTWARE_START;
 220              		.loc 1 184 3 is_stmt 1 view .LVU55
 184:Core/Src/main.c ****   hadc1.Init.ExternalTrigConv = ADC_SOFTWARE_START;
 221              		.loc 1 184 36 is_stmt 0 view .LVU56
 222 0016 0375     		strb	r3, [r0, #20]
 185:Core/Src/main.c ****   hadc1.Init.DataAlign = ADC_DATAALIGN_RIGHT;
 223              		.loc 1 185 3 is_stmt 1 view .LVU57
 185:Core/Src/main.c ****   hadc1.Init.DataAlign = ADC_DATAALIGN_RIGHT;
 224              		.loc 1 185 31 is_stmt 0 view .LVU58
 225 0018 4FF46022 		mov	r2, #917504
 226 001c C261     		str	r2, [r0, #28]
 186:Core/Src/main.c ****   hadc1.Init.NbrOfConversion = 1;
 227              		.loc 1 186 3 is_stmt 1 view .LVU59
 186:Core/Src/main.c ****   hadc1.Init.NbrOfConversion = 1;
 228              		.loc 1 186 24 is_stmt 0 view .LVU60
 229 001e 4360     		str	r3, [r0, #4]
 187:Core/Src/main.c ****   if (HAL_ADC_Init(&hadc1) != HAL_OK)
 230              		.loc 1 187 3 is_stmt 1 view .LVU61
 187:Core/Src/main.c ****   if (HAL_ADC_Init(&hadc1) != HAL_OK)
 231              		.loc 1 187 30 is_stmt 0 view .LVU62
 232 0020 0123     		movs	r3, #1
 233 0022 0361     		str	r3, [r0, #16]
 188:Core/Src/main.c ****   {
 234              		.loc 1 188 3 is_stmt 1 view .LVU63
 188:Core/Src/main.c ****   {
 235              		.loc 1 188 7 is_stmt 0 view .LVU64
 236 0024 FFF7FEFF 		bl	HAL_ADC_Init
 237              	.LVL3:
 188:Core/Src/main.c ****   {
 238              		.loc 1 188 6 discriminator 1 view .LVU65
 239 0028 60B9     		cbnz	r0, .L11
 195:Core/Src/main.c ****   sConfig.Rank = ADC_REGULAR_RANK_1;
 240              		.loc 1 195 3 is_stmt 1 view .LVU66
 195:Core/Src/main.c ****   sConfig.Rank = ADC_REGULAR_RANK_1;
ARM GAS  /tmp/ccCfEX4u.s 			page 14


 241              		.loc 1 195 19 is_stmt 0 view .LVU67
 242 002a 0023     		movs	r3, #0
 243 002c 0193     		str	r3, [sp, #4]
 196:Core/Src/main.c ****   sConfig.SamplingTime = ADC_SAMPLETIME_1CYCLE_5;
 244              		.loc 1 196 3 is_stmt 1 view .LVU68
 196:Core/Src/main.c ****   sConfig.SamplingTime = ADC_SAMPLETIME_1CYCLE_5;
 245              		.loc 1 196 16 is_stmt 0 view .LVU69
 246 002e 0122     		movs	r2, #1
 247 0030 0292     		str	r2, [sp, #8]
 197:Core/Src/main.c ****   if (HAL_ADC_ConfigChannel(&hadc1, &sConfig) != HAL_OK)
 248              		.loc 1 197 3 is_stmt 1 view .LVU70
 197:Core/Src/main.c ****   if (HAL_ADC_ConfigChannel(&hadc1, &sConfig) != HAL_OK)
 249              		.loc 1 197 24 is_stmt 0 view .LVU71
 250 0032 0393     		str	r3, [sp, #12]
 198:Core/Src/main.c ****   {
 251              		.loc 1 198 3 is_stmt 1 view .LVU72
 198:Core/Src/main.c ****   {
 252              		.loc 1 198 7 is_stmt 0 view .LVU73
 253 0034 01A9     		add	r1, sp, #4
 254 0036 0548     		ldr	r0, .L13
 255 0038 FFF7FEFF 		bl	HAL_ADC_ConfigChannel
 256              	.LVL4:
 198:Core/Src/main.c ****   {
 257              		.loc 1 198 6 discriminator 1 view .LVU74
 258 003c 20B9     		cbnz	r0, .L12
 206:Core/Src/main.c **** 
 259              		.loc 1 206 1 view .LVU75
 260 003e 05B0     		add	sp, sp, #20
 261              		.cfi_remember_state
 262              		.cfi_def_cfa_offset 4
 263              		@ sp needed
 264 0040 5DF804FB 		ldr	pc, [sp], #4
 265              	.L11:
 266              		.cfi_restore_state
 190:Core/Src/main.c ****   }
 267              		.loc 1 190 5 is_stmt 1 view .LVU76
 268 0044 FFF7FEFF 		bl	Error_Handler
 269              	.LVL5:
 270              	.L12:
 200:Core/Src/main.c ****   }
 271              		.loc 1 200 5 view .LVU77
 272 0048 FFF7FEFF 		bl	Error_Handler
 273              	.LVL6:
 274              	.L14:
 275              		.align	2
 276              	.L13:
 277 004c 00000000 		.word	hadc1
 278 0050 00240140 		.word	1073816576
 279              		.cfi_endproc
 280              	.LFE67:
 282              		.section	.text.MX_TIM2_Init,"ax",%progbits
 283              		.align	1
 284              		.syntax unified
 285              		.thumb
 286              		.thumb_func
 288              	MX_TIM2_Init:
 289              	.LFB68:
ARM GAS  /tmp/ccCfEX4u.s 			page 15


 214:Core/Src/main.c **** 
 290              		.loc 1 214 1 view -0
 291              		.cfi_startproc
 292              		@ args = 0, pretend = 0, frame = 40
 293              		@ frame_needed = 0, uses_anonymous_args = 0
 294 0000 00B5     		push	{lr}
 295              		.cfi_def_cfa_offset 4
 296              		.cfi_offset 14, -4
 297 0002 8BB0     		sub	sp, sp, #44
 298              		.cfi_def_cfa_offset 48
 220:Core/Src/main.c ****   TIM_OC_InitTypeDef sConfigOC = {0};
 299              		.loc 1 220 3 view .LVU79
 220:Core/Src/main.c ****   TIM_OC_InitTypeDef sConfigOC = {0};
 300              		.loc 1 220 27 is_stmt 0 view .LVU80
 301 0004 0023     		movs	r3, #0
 302 0006 0893     		str	r3, [sp, #32]
 303 0008 0993     		str	r3, [sp, #36]
 221:Core/Src/main.c **** 
 304              		.loc 1 221 3 is_stmt 1 view .LVU81
 221:Core/Src/main.c **** 
 305              		.loc 1 221 22 is_stmt 0 view .LVU82
 306 000a 0193     		str	r3, [sp, #4]
 307 000c 0293     		str	r3, [sp, #8]
 308 000e 0393     		str	r3, [sp, #12]
 309 0010 0493     		str	r3, [sp, #16]
 310 0012 0593     		str	r3, [sp, #20]
 311 0014 0693     		str	r3, [sp, #24]
 312 0016 0793     		str	r3, [sp, #28]
 226:Core/Src/main.c ****   htim2.Init.Prescaler = 0;
 313              		.loc 1 226 3 is_stmt 1 view .LVU83
 226:Core/Src/main.c ****   htim2.Init.Prescaler = 0;
 314              		.loc 1 226 18 is_stmt 0 view .LVU84
 315 0018 1748     		ldr	r0, .L23
 316 001a 4FF08042 		mov	r2, #1073741824
 317 001e 0260     		str	r2, [r0]
 227:Core/Src/main.c ****   htim2.Init.CounterMode = TIM_COUNTERMODE_UP;
 318              		.loc 1 227 3 is_stmt 1 view .LVU85
 227:Core/Src/main.c ****   htim2.Init.CounterMode = TIM_COUNTERMODE_UP;
 319              		.loc 1 227 24 is_stmt 0 view .LVU86
 320 0020 4360     		str	r3, [r0, #4]
 228:Core/Src/main.c ****   htim2.Init.Period = 65535;
 321              		.loc 1 228 3 is_stmt 1 view .LVU87
 228:Core/Src/main.c ****   htim2.Init.Period = 65535;
 322              		.loc 1 228 26 is_stmt 0 view .LVU88
 323 0022 8360     		str	r3, [r0, #8]
 229:Core/Src/main.c ****   htim2.Init.ClockDivision = TIM_CLOCKDIVISION_DIV1;
 324              		.loc 1 229 3 is_stmt 1 view .LVU89
 229:Core/Src/main.c ****   htim2.Init.ClockDivision = TIM_CLOCKDIVISION_DIV1;
 325              		.loc 1 229 21 is_stmt 0 view .LVU90
 326 0024 4FF6FF72 		movw	r2, #65535
 327 0028 C260     		str	r2, [r0, #12]
 230:Core/Src/main.c ****   htim2.Init.AutoReloadPreload = TIM_AUTORELOAD_PRELOAD_DISABLE;
 328              		.loc 1 230 3 is_stmt 1 view .LVU91
 230:Core/Src/main.c ****   htim2.Init.AutoReloadPreload = TIM_AUTORELOAD_PRELOAD_DISABLE;
 329              		.loc 1 230 28 is_stmt 0 view .LVU92
 330 002a 0361     		str	r3, [r0, #16]
 231:Core/Src/main.c ****   if (HAL_TIM_PWM_Init(&htim2) != HAL_OK)
ARM GAS  /tmp/ccCfEX4u.s 			page 16


 331              		.loc 1 231 3 is_stmt 1 view .LVU93
 231:Core/Src/main.c ****   if (HAL_TIM_PWM_Init(&htim2) != HAL_OK)
 332              		.loc 1 231 32 is_stmt 0 view .LVU94
 333 002c 8361     		str	r3, [r0, #24]
 232:Core/Src/main.c ****   {
 334              		.loc 1 232 3 is_stmt 1 view .LVU95
 232:Core/Src/main.c ****   {
 335              		.loc 1 232 7 is_stmt 0 view .LVU96
 336 002e FFF7FEFF 		bl	HAL_TIM_PWM_Init
 337              	.LVL7:
 232:Core/Src/main.c ****   {
 338              		.loc 1 232 6 discriminator 1 view .LVU97
 339 0032 D0B9     		cbnz	r0, .L20
 236:Core/Src/main.c ****   sMasterConfig.MasterSlaveMode = TIM_MASTERSLAVEMODE_DISABLE;
 340              		.loc 1 236 3 is_stmt 1 view .LVU98
 236:Core/Src/main.c ****   sMasterConfig.MasterSlaveMode = TIM_MASTERSLAVEMODE_DISABLE;
 341              		.loc 1 236 37 is_stmt 0 view .LVU99
 342 0034 0023     		movs	r3, #0
 343 0036 0893     		str	r3, [sp, #32]
 237:Core/Src/main.c ****   if (HAL_TIMEx_MasterConfigSynchronization(&htim2, &sMasterConfig) != HAL_OK)
 344              		.loc 1 237 3 is_stmt 1 view .LVU100
 237:Core/Src/main.c ****   if (HAL_TIMEx_MasterConfigSynchronization(&htim2, &sMasterConfig) != HAL_OK)
 345              		.loc 1 237 33 is_stmt 0 view .LVU101
 346 0038 0993     		str	r3, [sp, #36]
 238:Core/Src/main.c ****   {
 347              		.loc 1 238 3 is_stmt 1 view .LVU102
 238:Core/Src/main.c ****   {
 348              		.loc 1 238 7 is_stmt 0 view .LVU103
 349 003a 08A9     		add	r1, sp, #32
 350 003c 0E48     		ldr	r0, .L23
 351 003e FFF7FEFF 		bl	HAL_TIMEx_MasterConfigSynchronization
 352              	.LVL8:
 238:Core/Src/main.c ****   {
 353              		.loc 1 238 6 discriminator 1 view .LVU104
 354 0042 A0B9     		cbnz	r0, .L21
 242:Core/Src/main.c ****   sConfigOC.Pulse = 0;
 355              		.loc 1 242 3 is_stmt 1 view .LVU105
 242:Core/Src/main.c ****   sConfigOC.Pulse = 0;
 356              		.loc 1 242 20 is_stmt 0 view .LVU106
 357 0044 6023     		movs	r3, #96
 358 0046 0193     		str	r3, [sp, #4]
 243:Core/Src/main.c ****   sConfigOC.OCPolarity = TIM_OCPOLARITY_HIGH;
 359              		.loc 1 243 3 is_stmt 1 view .LVU107
 243:Core/Src/main.c ****   sConfigOC.OCPolarity = TIM_OCPOLARITY_HIGH;
 360              		.loc 1 243 19 is_stmt 0 view .LVU108
 361 0048 0023     		movs	r3, #0
 362 004a 0293     		str	r3, [sp, #8]
 244:Core/Src/main.c ****   sConfigOC.OCFastMode = TIM_OCFAST_DISABLE;
 363              		.loc 1 244 3 is_stmt 1 view .LVU109
 244:Core/Src/main.c ****   sConfigOC.OCFastMode = TIM_OCFAST_DISABLE;
 364              		.loc 1 244 24 is_stmt 0 view .LVU110
 365 004c 0393     		str	r3, [sp, #12]
 245:Core/Src/main.c ****   if (HAL_TIM_PWM_ConfigChannel(&htim2, &sConfigOC, TIM_CHANNEL_2) != HAL_OK)
 366              		.loc 1 245 3 is_stmt 1 view .LVU111
 245:Core/Src/main.c ****   if (HAL_TIM_PWM_ConfigChannel(&htim2, &sConfigOC, TIM_CHANNEL_2) != HAL_OK)
 367              		.loc 1 245 24 is_stmt 0 view .LVU112
 368 004e 0593     		str	r3, [sp, #20]
ARM GAS  /tmp/ccCfEX4u.s 			page 17


 246:Core/Src/main.c ****   {
 369              		.loc 1 246 3 is_stmt 1 view .LVU113
 246:Core/Src/main.c ****   {
 370              		.loc 1 246 7 is_stmt 0 view .LVU114
 371 0050 0422     		movs	r2, #4
 372 0052 0DEB0201 		add	r1, sp, r2
 373 0056 0848     		ldr	r0, .L23
 374 0058 FFF7FEFF 		bl	HAL_TIM_PWM_ConfigChannel
 375              	.LVL9:
 246:Core/Src/main.c ****   {
 376              		.loc 1 246 6 discriminator 1 view .LVU115
 377 005c 48B9     		cbnz	r0, .L22
 253:Core/Src/main.c **** 
 378              		.loc 1 253 3 is_stmt 1 view .LVU116
 379 005e 0648     		ldr	r0, .L23
 380 0060 FFF7FEFF 		bl	HAL_TIM_MspPostInit
 381              	.LVL10:
 255:Core/Src/main.c **** 
 382              		.loc 1 255 1 is_stmt 0 view .LVU117
 383 0064 0BB0     		add	sp, sp, #44
 384              		.cfi_remember_state
 385              		.cfi_def_cfa_offset 4
 386              		@ sp needed
 387 0066 5DF804FB 		ldr	pc, [sp], #4
 388              	.L20:
 389              		.cfi_restore_state
 234:Core/Src/main.c ****   }
 390              		.loc 1 234 5 is_stmt 1 view .LVU118
 391 006a FFF7FEFF 		bl	Error_Handler
 392              	.LVL11:
 393              	.L21:
 240:Core/Src/main.c ****   }
 394              		.loc 1 240 5 view .LVU119
 395 006e FFF7FEFF 		bl	Error_Handler
 396              	.LVL12:
 397              	.L22:
 248:Core/Src/main.c ****   }
 398              		.loc 1 248 5 view .LVU120
 399 0072 FFF7FEFF 		bl	Error_Handler
 400              	.LVL13:
 401              	.L24:
 402 0076 00BF     		.align	2
 403              	.L23:
 404 0078 00000000 		.word	htim2
 405              		.cfi_endproc
 406              	.LFE68:
 408              		.section	.text.MX_USART2_UART_Init,"ax",%progbits
 409              		.align	1
 410              		.syntax unified
 411              		.thumb
 412              		.thumb_func
 414              	MX_USART2_UART_Init:
 415              	.LFB69:
 263:Core/Src/main.c **** 
 416              		.loc 1 263 1 view -0
 417              		.cfi_startproc
 418              		@ args = 0, pretend = 0, frame = 0
ARM GAS  /tmp/ccCfEX4u.s 			page 18


 419              		@ frame_needed = 0, uses_anonymous_args = 0
 420 0000 08B5     		push	{r3, lr}
 421              		.cfi_def_cfa_offset 8
 422              		.cfi_offset 3, -8
 423              		.cfi_offset 14, -4
 272:Core/Src/main.c ****   huart2.Init.BaudRate = 9600;
 424              		.loc 1 272 3 view .LVU122
 272:Core/Src/main.c ****   huart2.Init.BaudRate = 9600;
 425              		.loc 1 272 19 is_stmt 0 view .LVU123
 426 0002 0A48     		ldr	r0, .L29
 427 0004 0A4B     		ldr	r3, .L29+4
 428 0006 0360     		str	r3, [r0]
 273:Core/Src/main.c ****   huart2.Init.WordLength = UART_WORDLENGTH_8B;
 429              		.loc 1 273 3 is_stmt 1 view .LVU124
 273:Core/Src/main.c ****   huart2.Init.WordLength = UART_WORDLENGTH_8B;
 430              		.loc 1 273 24 is_stmt 0 view .LVU125
 431 0008 4FF41653 		mov	r3, #9600
 432 000c 4360     		str	r3, [r0, #4]
 274:Core/Src/main.c ****   huart2.Init.StopBits = UART_STOPBITS_1;
 433              		.loc 1 274 3 is_stmt 1 view .LVU126
 274:Core/Src/main.c ****   huart2.Init.StopBits = UART_STOPBITS_1;
 434              		.loc 1 274 26 is_stmt 0 view .LVU127
 435 000e 0023     		movs	r3, #0
 436 0010 8360     		str	r3, [r0, #8]
 275:Core/Src/main.c ****   huart2.Init.Parity = UART_PARITY_NONE;
 437              		.loc 1 275 3 is_stmt 1 view .LVU128
 275:Core/Src/main.c ****   huart2.Init.Parity = UART_PARITY_NONE;
 438              		.loc 1 275 24 is_stmt 0 view .LVU129
 439 0012 C360     		str	r3, [r0, #12]
 276:Core/Src/main.c ****   huart2.Init.Mode = UART_MODE_TX_RX;
 440              		.loc 1 276 3 is_stmt 1 view .LVU130
 276:Core/Src/main.c ****   huart2.Init.Mode = UART_MODE_TX_RX;
 441              		.loc 1 276 22 is_stmt 0 view .LVU131
 442 0014 0361     		str	r3, [r0, #16]
 277:Core/Src/main.c ****   huart2.Init.HwFlowCtl = UART_HWCONTROL_NONE;
 443              		.loc 1 277 3 is_stmt 1 view .LVU132
 277:Core/Src/main.c ****   huart2.Init.HwFlowCtl = UART_HWCONTROL_NONE;
 444              		.loc 1 277 20 is_stmt 0 view .LVU133
 445 0016 0C22     		movs	r2, #12
 446 0018 4261     		str	r2, [r0, #20]
 278:Core/Src/main.c ****   huart2.Init.OverSampling = UART_OVERSAMPLING_16;
 447              		.loc 1 278 3 is_stmt 1 view .LVU134
 278:Core/Src/main.c ****   huart2.Init.OverSampling = UART_OVERSAMPLING_16;
 448              		.loc 1 278 25 is_stmt 0 view .LVU135
 449 001a 8361     		str	r3, [r0, #24]
 279:Core/Src/main.c ****   if (HAL_UART_Init(&huart2) != HAL_OK)
 450              		.loc 1 279 3 is_stmt 1 view .LVU136
 279:Core/Src/main.c ****   if (HAL_UART_Init(&huart2) != HAL_OK)
 451              		.loc 1 279 28 is_stmt 0 view .LVU137
 452 001c C361     		str	r3, [r0, #28]
 280:Core/Src/main.c ****   {
 453              		.loc 1 280 3 is_stmt 1 view .LVU138
 280:Core/Src/main.c ****   {
 454              		.loc 1 280 7 is_stmt 0 view .LVU139
 455 001e FFF7FEFF 		bl	HAL_UART_Init
 456              	.LVL14:
 280:Core/Src/main.c ****   {
ARM GAS  /tmp/ccCfEX4u.s 			page 19


 457              		.loc 1 280 6 discriminator 1 view .LVU140
 458 0022 00B9     		cbnz	r0, .L28
 288:Core/Src/main.c **** 
 459              		.loc 1 288 1 view .LVU141
 460 0024 08BD     		pop	{r3, pc}
 461              	.L28:
 282:Core/Src/main.c ****   }
 462              		.loc 1 282 5 is_stmt 1 view .LVU142
 463 0026 FFF7FEFF 		bl	Error_Handler
 464              	.LVL15:
 465              	.L30:
 466 002a 00BF     		.align	2
 467              	.L29:
 468 002c 00000000 		.word	huart2
 469 0030 00440040 		.word	1073759232
 470              		.cfi_endproc
 471              	.LFE69:
 473              		.section	.text.SystemClock_Config,"ax",%progbits
 474              		.align	1
 475              		.global	SystemClock_Config
 476              		.syntax unified
 477              		.thumb
 478              		.thumb_func
 480              	SystemClock_Config:
 481              	.LFB66:
 120:Core/Src/main.c ****   RCC_OscInitTypeDef RCC_OscInitStruct = {0};
 482              		.loc 1 120 1 view -0
 483              		.cfi_startproc
 484              		@ args = 0, pretend = 0, frame = 80
 485              		@ frame_needed = 0, uses_anonymous_args = 0
 486 0000 10B5     		push	{r4, lr}
 487              		.cfi_def_cfa_offset 8
 488              		.cfi_offset 4, -8
 489              		.cfi_offset 14, -4
 490 0002 94B0     		sub	sp, sp, #80
 491              		.cfi_def_cfa_offset 88
 121:Core/Src/main.c ****   RCC_ClkInitTypeDef RCC_ClkInitStruct = {0};
 492              		.loc 1 121 3 view .LVU144
 121:Core/Src/main.c ****   RCC_ClkInitTypeDef RCC_ClkInitStruct = {0};
 493              		.loc 1 121 22 is_stmt 0 view .LVU145
 494 0004 0AAC     		add	r4, sp, #40
 495 0006 2822     		movs	r2, #40
 496 0008 0021     		movs	r1, #0
 497 000a 2046     		mov	r0, r4
 498 000c FFF7FEFF 		bl	memset
 499              	.LVL16:
 122:Core/Src/main.c ****   RCC_PeriphCLKInitTypeDef PeriphClkInit = {0};
 500              		.loc 1 122 3 is_stmt 1 view .LVU146
 122:Core/Src/main.c ****   RCC_PeriphCLKInitTypeDef PeriphClkInit = {0};
 501              		.loc 1 122 22 is_stmt 0 view .LVU147
 502 0010 0023     		movs	r3, #0
 503 0012 0593     		str	r3, [sp, #20]
 504 0014 0693     		str	r3, [sp, #24]
 505 0016 0793     		str	r3, [sp, #28]
 506 0018 0893     		str	r3, [sp, #32]
 507 001a 0993     		str	r3, [sp, #36]
 123:Core/Src/main.c **** 
ARM GAS  /tmp/ccCfEX4u.s 			page 20


 508              		.loc 1 123 3 is_stmt 1 view .LVU148
 123:Core/Src/main.c **** 
 509              		.loc 1 123 28 is_stmt 0 view .LVU149
 510 001c 0193     		str	r3, [sp, #4]
 511 001e 0293     		str	r3, [sp, #8]
 512 0020 0393     		str	r3, [sp, #12]
 513 0022 0493     		str	r3, [sp, #16]
 128:Core/Src/main.c ****   RCC_OscInitStruct.HSEState = RCC_HSE_ON;
 514              		.loc 1 128 3 is_stmt 1 view .LVU150
 128:Core/Src/main.c ****   RCC_OscInitStruct.HSEState = RCC_HSE_ON;
 515              		.loc 1 128 36 is_stmt 0 view .LVU151
 516 0024 0122     		movs	r2, #1
 517 0026 0A92     		str	r2, [sp, #40]
 129:Core/Src/main.c ****   RCC_OscInitStruct.HSEPredivValue = RCC_HSE_PREDIV_DIV1;
 518              		.loc 1 129 3 is_stmt 1 view .LVU152
 129:Core/Src/main.c ****   RCC_OscInitStruct.HSEPredivValue = RCC_HSE_PREDIV_DIV1;
 519              		.loc 1 129 30 is_stmt 0 view .LVU153
 520 0028 4FF48033 		mov	r3, #65536
 521 002c 0B93     		str	r3, [sp, #44]
 130:Core/Src/main.c ****   RCC_OscInitStruct.HSIState = RCC_HSI_ON;
 522              		.loc 1 130 3 is_stmt 1 view .LVU154
 131:Core/Src/main.c ****   RCC_OscInitStruct.PLL.PLLState = RCC_PLL_ON;
 523              		.loc 1 131 3 view .LVU155
 131:Core/Src/main.c ****   RCC_OscInitStruct.PLL.PLLState = RCC_PLL_ON;
 524              		.loc 1 131 30 is_stmt 0 view .LVU156
 525 002e 0E92     		str	r2, [sp, #56]
 132:Core/Src/main.c ****   RCC_OscInitStruct.PLL.PLLSource = RCC_PLLSOURCE_HSE;
 526              		.loc 1 132 3 is_stmt 1 view .LVU157
 132:Core/Src/main.c ****   RCC_OscInitStruct.PLL.PLLSource = RCC_PLLSOURCE_HSE;
 527              		.loc 1 132 34 is_stmt 0 view .LVU158
 528 0030 0222     		movs	r2, #2
 529 0032 1192     		str	r2, [sp, #68]
 133:Core/Src/main.c ****   RCC_OscInitStruct.PLL.PLLMUL = RCC_PLL_MUL9;
 530              		.loc 1 133 3 is_stmt 1 view .LVU159
 133:Core/Src/main.c ****   RCC_OscInitStruct.PLL.PLLMUL = RCC_PLL_MUL9;
 531              		.loc 1 133 35 is_stmt 0 view .LVU160
 532 0034 1293     		str	r3, [sp, #72]
 134:Core/Src/main.c ****   if (HAL_RCC_OscConfig(&RCC_OscInitStruct) != HAL_OK)
 533              		.loc 1 134 3 is_stmt 1 view .LVU161
 134:Core/Src/main.c ****   if (HAL_RCC_OscConfig(&RCC_OscInitStruct) != HAL_OK)
 534              		.loc 1 134 32 is_stmt 0 view .LVU162
 535 0036 4FF4E013 		mov	r3, #1835008
 536 003a 1393     		str	r3, [sp, #76]
 135:Core/Src/main.c ****   {
 537              		.loc 1 135 3 is_stmt 1 view .LVU163
 135:Core/Src/main.c ****   {
 538              		.loc 1 135 7 is_stmt 0 view .LVU164
 539 003c 2046     		mov	r0, r4
 540 003e FFF7FEFF 		bl	HAL_RCC_OscConfig
 541              	.LVL17:
 135:Core/Src/main.c ****   {
 542              		.loc 1 135 6 discriminator 1 view .LVU165
 543 0042 C0B9     		cbnz	r0, .L36
 142:Core/Src/main.c ****                               |RCC_CLOCKTYPE_PCLK1|RCC_CLOCKTYPE_PCLK2;
 544              		.loc 1 142 3 is_stmt 1 view .LVU166
 142:Core/Src/main.c ****                               |RCC_CLOCKTYPE_PCLK1|RCC_CLOCKTYPE_PCLK2;
 545              		.loc 1 142 31 is_stmt 0 view .LVU167
ARM GAS  /tmp/ccCfEX4u.s 			page 21


 546 0044 0F23     		movs	r3, #15
 547 0046 0593     		str	r3, [sp, #20]
 144:Core/Src/main.c ****   RCC_ClkInitStruct.AHBCLKDivider = RCC_SYSCLK_DIV1;
 548              		.loc 1 144 3 is_stmt 1 view .LVU168
 144:Core/Src/main.c ****   RCC_ClkInitStruct.AHBCLKDivider = RCC_SYSCLK_DIV1;
 549              		.loc 1 144 34 is_stmt 0 view .LVU169
 550 0048 0221     		movs	r1, #2
 551 004a 0691     		str	r1, [sp, #24]
 145:Core/Src/main.c ****   RCC_ClkInitStruct.APB1CLKDivider = RCC_HCLK_DIV2;
 552              		.loc 1 145 3 is_stmt 1 view .LVU170
 145:Core/Src/main.c ****   RCC_ClkInitStruct.APB1CLKDivider = RCC_HCLK_DIV2;
 553              		.loc 1 145 35 is_stmt 0 view .LVU171
 554 004c 0023     		movs	r3, #0
 555 004e 0793     		str	r3, [sp, #28]
 146:Core/Src/main.c ****   RCC_ClkInitStruct.APB2CLKDivider = RCC_HCLK_DIV1;
 556              		.loc 1 146 3 is_stmt 1 view .LVU172
 146:Core/Src/main.c ****   RCC_ClkInitStruct.APB2CLKDivider = RCC_HCLK_DIV1;
 557              		.loc 1 146 36 is_stmt 0 view .LVU173
 558 0050 4FF48062 		mov	r2, #1024
 559 0054 0892     		str	r2, [sp, #32]
 147:Core/Src/main.c **** 
 560              		.loc 1 147 3 is_stmt 1 view .LVU174
 147:Core/Src/main.c **** 
 561              		.loc 1 147 36 is_stmt 0 view .LVU175
 562 0056 0993     		str	r3, [sp, #36]
 149:Core/Src/main.c ****   {
 563              		.loc 1 149 3 is_stmt 1 view .LVU176
 149:Core/Src/main.c ****   {
 564              		.loc 1 149 7 is_stmt 0 view .LVU177
 565 0058 05A8     		add	r0, sp, #20
 566 005a FFF7FEFF 		bl	HAL_RCC_ClockConfig
 567              	.LVL18:
 149:Core/Src/main.c ****   {
 568              		.loc 1 149 6 discriminator 1 view .LVU178
 569 005e 60B9     		cbnz	r0, .L37
 153:Core/Src/main.c ****   PeriphClkInit.AdcClockSelection = RCC_ADCPCLK2_DIV6;
 570              		.loc 1 153 3 is_stmt 1 view .LVU179
 153:Core/Src/main.c ****   PeriphClkInit.AdcClockSelection = RCC_ADCPCLK2_DIV6;
 571              		.loc 1 153 38 is_stmt 0 view .LVU180
 572 0060 0223     		movs	r3, #2
 573 0062 0193     		str	r3, [sp, #4]
 154:Core/Src/main.c ****   if (HAL_RCCEx_PeriphCLKConfig(&PeriphClkInit) != HAL_OK)
 574              		.loc 1 154 3 is_stmt 1 view .LVU181
 154:Core/Src/main.c ****   if (HAL_RCCEx_PeriphCLKConfig(&PeriphClkInit) != HAL_OK)
 575              		.loc 1 154 35 is_stmt 0 view .LVU182
 576 0064 4FF40043 		mov	r3, #32768
 577 0068 0393     		str	r3, [sp, #12]
 155:Core/Src/main.c ****   {
 578              		.loc 1 155 3 is_stmt 1 view .LVU183
 155:Core/Src/main.c ****   {
 579              		.loc 1 155 7 is_stmt 0 view .LVU184
 580 006a 01A8     		add	r0, sp, #4
 581 006c FFF7FEFF 		bl	HAL_RCCEx_PeriphCLKConfig
 582              	.LVL19:
 155:Core/Src/main.c ****   {
 583              		.loc 1 155 6 discriminator 1 view .LVU185
 584 0070 28B9     		cbnz	r0, .L38
ARM GAS  /tmp/ccCfEX4u.s 			page 22


 159:Core/Src/main.c **** 
 585              		.loc 1 159 1 view .LVU186
 586 0072 14B0     		add	sp, sp, #80
 587              		.cfi_remember_state
 588              		.cfi_def_cfa_offset 8
 589              		@ sp needed
 590 0074 10BD     		pop	{r4, pc}
 591              	.L36:
 592              		.cfi_restore_state
 137:Core/Src/main.c ****   }
 593              		.loc 1 137 5 is_stmt 1 view .LVU187
 594 0076 FFF7FEFF 		bl	Error_Handler
 595              	.LVL20:
 596              	.L37:
 151:Core/Src/main.c ****   }
 597              		.loc 1 151 5 view .LVU188
 598 007a FFF7FEFF 		bl	Error_Handler
 599              	.LVL21:
 600              	.L38:
 157:Core/Src/main.c ****   }
 601              		.loc 1 157 5 view .LVU189
 602 007e FFF7FEFF 		bl	Error_Handler
 603              	.LVL22:
 604              		.cfi_endproc
 605              	.LFE66:
 607              		.section	.text.main,"ax",%progbits
 608              		.align	1
 609              		.global	main
 610              		.syntax unified
 611              		.thumb
 612              		.thumb_func
 614              	main:
 615              	.LFB65:
  73:Core/Src/main.c **** 
 616              		.loc 1 73 1 view -0
 617              		.cfi_startproc
 618              		@ Volatile: function does not return.
 619              		@ args = 0, pretend = 0, frame = 0
 620              		@ frame_needed = 0, uses_anonymous_args = 0
 621 0000 08B5     		push	{r3, lr}
 622              		.cfi_def_cfa_offset 8
 623              		.cfi_offset 3, -8
 624              		.cfi_offset 14, -4
  82:Core/Src/main.c **** 
 625              		.loc 1 82 3 view .LVU191
 626 0002 FFF7FEFF 		bl	HAL_Init
 627              	.LVL23:
  89:Core/Src/main.c **** 
 628              		.loc 1 89 3 view .LVU192
 629 0006 FFF7FEFF 		bl	SystemClock_Config
 630              	.LVL24:
  96:Core/Src/main.c ****   MX_ADC1_Init();
 631              		.loc 1 96 3 view .LVU193
 632 000a FFF7FEFF 		bl	MX_GPIO_Init
 633              	.LVL25:
  97:Core/Src/main.c ****   MX_TIM2_Init();
 634              		.loc 1 97 3 view .LVU194
ARM GAS  /tmp/ccCfEX4u.s 			page 23


 635 000e FFF7FEFF 		bl	MX_ADC1_Init
 636              	.LVL26:
  98:Core/Src/main.c ****   MX_USART2_UART_Init();
 637              		.loc 1 98 3 view .LVU195
 638 0012 FFF7FEFF 		bl	MX_TIM2_Init
 639              	.LVL27:
  99:Core/Src/main.c ****   /* USER CODE BEGIN 2 */
 640              		.loc 1 99 3 view .LVU196
 641 0016 FFF7FEFF 		bl	MX_USART2_UART_Init
 642              	.LVL28:
 643              	.L40:
 106:Core/Src/main.c ****   {
 644              		.loc 1 106 3 view .LVU197
 111:Core/Src/main.c ****   /* USER CODE END 3 */
 645              		.loc 1 111 3 view .LVU198
 106:Core/Src/main.c ****   {
 646              		.loc 1 106 9 view .LVU199
 647 001a FEE7     		b	.L40
 648              		.cfi_endproc
 649              	.LFE65:
 651              		.global	huart2
 652              		.section	.bss.huart2,"aw",%nobits
 653              		.align	2
 656              	huart2:
 657 0000 00000000 		.space	72
 657      00000000 
 657      00000000 
 657      00000000 
 657      00000000 
 658              		.global	htim2
 659              		.section	.bss.htim2,"aw",%nobits
 660              		.align	2
 663              	htim2:
 664 0000 00000000 		.space	72
 664      00000000 
 664      00000000 
 664      00000000 
 664      00000000 
 665              		.global	hadc1
 666              		.section	.bss.hadc1,"aw",%nobits
 667              		.align	2
 670              	hadc1:
 671 0000 00000000 		.space	48
 671      00000000 
 671      00000000 
 671      00000000 
 671      00000000 
 672              		.text
 673              	.Letext0:
 674              		.file 3 "/usr/arm-none-eabi/include/machine/_default_types.h"
 675              		.file 4 "/usr/arm-none-eabi/include/sys/_stdint.h"
 676              		.file 5 "Drivers/CMSIS/Device/ST/STM32F1xx/Include/stm32f103xb.h"
 677              		.file 6 "Drivers/CMSIS/Device/ST/STM32F1xx/Include/stm32f1xx.h"
 678              		.file 7 "Drivers/STM32F1xx_HAL_Driver/Inc/stm32f1xx_hal_def.h"
 679              		.file 8 "Drivers/STM32F1xx_HAL_Driver/Inc/stm32f1xx_hal_rcc.h"
 680              		.file 9 "Drivers/STM32F1xx_HAL_Driver/Inc/stm32f1xx_hal_rcc_ex.h"
 681              		.file 10 "Drivers/STM32F1xx_HAL_Driver/Inc/stm32f1xx_hal_gpio.h"
ARM GAS  /tmp/ccCfEX4u.s 			page 24


 682              		.file 11 "Drivers/STM32F1xx_HAL_Driver/Inc/stm32f1xx_hal_dma.h"
 683              		.file 12 "Drivers/STM32F1xx_HAL_Driver/Inc/stm32f1xx_hal_adc.h"
 684              		.file 13 "Drivers/STM32F1xx_HAL_Driver/Inc/stm32f1xx_hal_tim.h"
 685              		.file 14 "Drivers/STM32F1xx_HAL_Driver/Inc/stm32f1xx_hal_uart.h"
 686              		.file 15 "Drivers/STM32F1xx_HAL_Driver/Inc/stm32f1xx_hal_tim_ex.h"
 687              		.file 16 "Core/Inc/main.h"
 688              		.file 17 "Drivers/STM32F1xx_HAL_Driver/Inc/stm32f1xx_hal.h"
 689              		.file 18 "<built-in>"
ARM GAS  /tmp/ccCfEX4u.s 			page 25


DEFINED SYMBOLS
                            *ABS*:00000000 main.c
     /tmp/ccCfEX4u.s:19     .text.MX_GPIO_Init:00000000 $t
     /tmp/ccCfEX4u.s:24     .text.MX_GPIO_Init:00000000 MX_GPIO_Init
     /tmp/ccCfEX4u.s:142    .text.MX_GPIO_Init:00000084 $d
     /tmp/ccCfEX4u.s:149    .text.Error_Handler:00000000 $t
     /tmp/ccCfEX4u.s:155    .text.Error_Handler:00000000 Error_Handler
     /tmp/ccCfEX4u.s:187    .text.MX_ADC1_Init:00000000 $t
     /tmp/ccCfEX4u.s:192    .text.MX_ADC1_Init:00000000 MX_ADC1_Init
     /tmp/ccCfEX4u.s:277    .text.MX_ADC1_Init:0000004c $d
     /tmp/ccCfEX4u.s:670    .bss.hadc1:00000000 hadc1
     /tmp/ccCfEX4u.s:283    .text.MX_TIM2_Init:00000000 $t
     /tmp/ccCfEX4u.s:288    .text.MX_TIM2_Init:00000000 MX_TIM2_Init
     /tmp/ccCfEX4u.s:404    .text.MX_TIM2_Init:00000078 $d
     /tmp/ccCfEX4u.s:663    .bss.htim2:00000000 htim2
     /tmp/ccCfEX4u.s:409    .text.MX_USART2_UART_Init:00000000 $t
     /tmp/ccCfEX4u.s:414    .text.MX_USART2_UART_Init:00000000 MX_USART2_UART_Init
     /tmp/ccCfEX4u.s:468    .text.MX_USART2_UART_Init:0000002c $d
     /tmp/ccCfEX4u.s:656    .bss.huart2:00000000 huart2
     /tmp/ccCfEX4u.s:474    .text.SystemClock_Config:00000000 $t
     /tmp/ccCfEX4u.s:480    .text.SystemClock_Config:00000000 SystemClock_Config
     /tmp/ccCfEX4u.s:608    .text.main:00000000 $t
     /tmp/ccCfEX4u.s:614    .text.main:00000000 main
     /tmp/ccCfEX4u.s:653    .bss.huart2:00000000 $d
     /tmp/ccCfEX4u.s:660    .bss.htim2:00000000 $d
     /tmp/ccCfEX4u.s:667    .bss.hadc1:00000000 $d

UNDEFINED SYMBOLS
HAL_GPIO_WritePin
HAL_GPIO_Init
HAL_ADC_Init
HAL_ADC_ConfigChannel
HAL_TIM_PWM_Init
HAL_TIMEx_MasterConfigSynchronization
HAL_TIM_PWM_ConfigChannel
HAL_TIM_MspPostInit
HAL_UART_Init
memset
HAL_RCC_OscConfig
HAL_RCC_ClockConfig
HAL_RCCEx_PeriphCLKConfig
HAL_Init
