ARM GAS  /tmp/ccjfbzoc.s 			page 1


   1              		.cpu cortex-m3
   2              		.arch armv7-m
   3              		.fpu softvfp
   4              		.eabi_attribute 20, 1
   5              		.eabi_attribute 21, 1
   6              		.eabi_attribute 23, 3
   7              		.eabi_attribute 24, 1
   8              		.eabi_attribute 25, 1
   9              		.eabi_attribute 26, 1
  10              		.eabi_attribute 30, 1
  11              		.eabi_attribute 34, 1
  12              		.eabi_attribute 18, 4
  13              		.file	"stm32f1xx_hal_msp.c"
  14              		.text
  15              	.Ltext0:
  16              		.cfi_sections	.debug_frame
  17              		.file 1 "Core/Src/stm32f1xx_hal_msp.c"
  18              		.section	.text.HAL_MspInit,"ax",%progbits
  19              		.align	1
  20              		.global	HAL_MspInit
  21              		.syntax unified
  22              		.thumb
  23              		.thumb_func
  25              	HAL_MspInit:
  26              	.LFB65:
   1:Core/Src/stm32f1xx_hal_msp.c **** /* USER CODE BEGIN Header */
   2:Core/Src/stm32f1xx_hal_msp.c **** /**
   3:Core/Src/stm32f1xx_hal_msp.c ****   ******************************************************************************
   4:Core/Src/stm32f1xx_hal_msp.c ****   * @file         stm32f1xx_hal_msp.c
   5:Core/Src/stm32f1xx_hal_msp.c ****   * @brief        This file provides code for the MSP Initialization
   6:Core/Src/stm32f1xx_hal_msp.c ****   *               and de-Initialization codes.
   7:Core/Src/stm32f1xx_hal_msp.c ****   ******************************************************************************
   8:Core/Src/stm32f1xx_hal_msp.c ****   * @attention
   9:Core/Src/stm32f1xx_hal_msp.c ****   *
  10:Core/Src/stm32f1xx_hal_msp.c ****   * Copyright (c) 2025 STMicroelectronics.
  11:Core/Src/stm32f1xx_hal_msp.c ****   * All rights reserved.
  12:Core/Src/stm32f1xx_hal_msp.c ****   *
  13:Core/Src/stm32f1xx_hal_msp.c ****   * This software is licensed under terms that can be found in the LICENSE file
  14:Core/Src/stm32f1xx_hal_msp.c ****   * in the root directory of this software component.
  15:Core/Src/stm32f1xx_hal_msp.c ****   * If no LICENSE file comes with this software, it is provided AS-IS.
  16:Core/Src/stm32f1xx_hal_msp.c ****   *
  17:Core/Src/stm32f1xx_hal_msp.c ****   ******************************************************************************
  18:Core/Src/stm32f1xx_hal_msp.c ****   */
  19:Core/Src/stm32f1xx_hal_msp.c **** /* USER CODE END Header */
  20:Core/Src/stm32f1xx_hal_msp.c **** 
  21:Core/Src/stm32f1xx_hal_msp.c **** /* Includes ------------------------------------------------------------------*/
  22:Core/Src/stm32f1xx_hal_msp.c **** #include "main.h"
  23:Core/Src/stm32f1xx_hal_msp.c **** /* USER CODE BEGIN Includes */
  24:Core/Src/stm32f1xx_hal_msp.c **** 
  25:Core/Src/stm32f1xx_hal_msp.c **** /* USER CODE END Includes */
  26:Core/Src/stm32f1xx_hal_msp.c **** 
  27:Core/Src/stm32f1xx_hal_msp.c **** /* Private typedef -----------------------------------------------------------*/
  28:Core/Src/stm32f1xx_hal_msp.c **** /* USER CODE BEGIN TD */
  29:Core/Src/stm32f1xx_hal_msp.c **** 
  30:Core/Src/stm32f1xx_hal_msp.c **** /* USER CODE END TD */
  31:Core/Src/stm32f1xx_hal_msp.c **** 
  32:Core/Src/stm32f1xx_hal_msp.c **** /* Private define ------------------------------------------------------------*/
ARM GAS  /tmp/ccjfbzoc.s 			page 2


  33:Core/Src/stm32f1xx_hal_msp.c **** /* USER CODE BEGIN Define */
  34:Core/Src/stm32f1xx_hal_msp.c **** 
  35:Core/Src/stm32f1xx_hal_msp.c **** /* USER CODE END Define */
  36:Core/Src/stm32f1xx_hal_msp.c **** 
  37:Core/Src/stm32f1xx_hal_msp.c **** /* Private macro -------------------------------------------------------------*/
  38:Core/Src/stm32f1xx_hal_msp.c **** /* USER CODE BEGIN Macro */
  39:Core/Src/stm32f1xx_hal_msp.c **** 
  40:Core/Src/stm32f1xx_hal_msp.c **** /* USER CODE END Macro */
  41:Core/Src/stm32f1xx_hal_msp.c **** 
  42:Core/Src/stm32f1xx_hal_msp.c **** /* Private variables ---------------------------------------------------------*/
  43:Core/Src/stm32f1xx_hal_msp.c **** /* USER CODE BEGIN PV */
  44:Core/Src/stm32f1xx_hal_msp.c **** 
  45:Core/Src/stm32f1xx_hal_msp.c **** /* USER CODE END PV */
  46:Core/Src/stm32f1xx_hal_msp.c **** 
  47:Core/Src/stm32f1xx_hal_msp.c **** /* Private function prototypes -----------------------------------------------*/
  48:Core/Src/stm32f1xx_hal_msp.c **** /* USER CODE BEGIN PFP */
  49:Core/Src/stm32f1xx_hal_msp.c **** 
  50:Core/Src/stm32f1xx_hal_msp.c **** /* USER CODE END PFP */
  51:Core/Src/stm32f1xx_hal_msp.c **** 
  52:Core/Src/stm32f1xx_hal_msp.c **** /* External functions --------------------------------------------------------*/
  53:Core/Src/stm32f1xx_hal_msp.c **** /* USER CODE BEGIN ExternalFunctions */
  54:Core/Src/stm32f1xx_hal_msp.c **** 
  55:Core/Src/stm32f1xx_hal_msp.c **** /* USER CODE END ExternalFunctions */
  56:Core/Src/stm32f1xx_hal_msp.c **** 
  57:Core/Src/stm32f1xx_hal_msp.c **** /* USER CODE BEGIN 0 */
  58:Core/Src/stm32f1xx_hal_msp.c **** 
  59:Core/Src/stm32f1xx_hal_msp.c **** /* USER CODE END 0 */
  60:Core/Src/stm32f1xx_hal_msp.c **** 
  61:Core/Src/stm32f1xx_hal_msp.c **** void HAL_TIM_MspPostInit(TIM_HandleTypeDef *htim);
  62:Core/Src/stm32f1xx_hal_msp.c ****                     /**
  63:Core/Src/stm32f1xx_hal_msp.c ****   * Initializes the Global MSP.
  64:Core/Src/stm32f1xx_hal_msp.c ****   */
  65:Core/Src/stm32f1xx_hal_msp.c **** void HAL_MspInit(void)
  66:Core/Src/stm32f1xx_hal_msp.c **** {
  27              		.loc 1 66 1 view -0
  28              		.cfi_startproc
  29              		@ args = 0, pretend = 0, frame = 8
  30              		@ frame_needed = 0, uses_anonymous_args = 0
  31              		@ link register save eliminated.
  32 0000 82B0     		sub	sp, sp, #8
  33              		.cfi_def_cfa_offset 8
  67:Core/Src/stm32f1xx_hal_msp.c **** 
  68:Core/Src/stm32f1xx_hal_msp.c ****   /* USER CODE BEGIN MspInit 0 */
  69:Core/Src/stm32f1xx_hal_msp.c **** 
  70:Core/Src/stm32f1xx_hal_msp.c ****   /* USER CODE END MspInit 0 */
  71:Core/Src/stm32f1xx_hal_msp.c **** 
  72:Core/Src/stm32f1xx_hal_msp.c ****   __HAL_RCC_AFIO_CLK_ENABLE();
  34              		.loc 1 72 3 view .LVU1
  35              	.LBB2:
  36              		.loc 1 72 3 view .LVU2
  37              		.loc 1 72 3 view .LVU3
  38 0002 0E4B     		ldr	r3, .L3
  39 0004 9A69     		ldr	r2, [r3, #24]
  40 0006 42F00102 		orr	r2, r2, #1
  41 000a 9A61     		str	r2, [r3, #24]
  42              		.loc 1 72 3 view .LVU4
  43 000c 9A69     		ldr	r2, [r3, #24]
ARM GAS  /tmp/ccjfbzoc.s 			page 3


  44 000e 02F00102 		and	r2, r2, #1
  45 0012 0092     		str	r2, [sp]
  46              		.loc 1 72 3 view .LVU5
  47 0014 009A     		ldr	r2, [sp]
  48              	.LBE2:
  49              		.loc 1 72 3 view .LVU6
  73:Core/Src/stm32f1xx_hal_msp.c ****   __HAL_RCC_PWR_CLK_ENABLE();
  50              		.loc 1 73 3 view .LVU7
  51              	.LBB3:
  52              		.loc 1 73 3 view .LVU8
  53              		.loc 1 73 3 view .LVU9
  54 0016 DA69     		ldr	r2, [r3, #28]
  55 0018 42F08052 		orr	r2, r2, #268435456
  56 001c DA61     		str	r2, [r3, #28]
  57              		.loc 1 73 3 view .LVU10
  58 001e DB69     		ldr	r3, [r3, #28]
  59 0020 03F08053 		and	r3, r3, #268435456
  60 0024 0193     		str	r3, [sp, #4]
  61              		.loc 1 73 3 view .LVU11
  62 0026 019B     		ldr	r3, [sp, #4]
  63              	.LBE3:
  64              		.loc 1 73 3 view .LVU12
  74:Core/Src/stm32f1xx_hal_msp.c **** 
  75:Core/Src/stm32f1xx_hal_msp.c ****   /* System interrupt init*/
  76:Core/Src/stm32f1xx_hal_msp.c **** 
  77:Core/Src/stm32f1xx_hal_msp.c ****   /** NOJTAG: JTAG-DP Disabled and SW-DP Enabled
  78:Core/Src/stm32f1xx_hal_msp.c ****   */
  79:Core/Src/stm32f1xx_hal_msp.c ****   __HAL_AFIO_REMAP_SWJ_NOJTAG();
  65              		.loc 1 79 3 view .LVU13
  66              	.LBB4:
  67              		.loc 1 79 3 view .LVU14
  68 0028 054A     		ldr	r2, .L3+4
  69 002a 5368     		ldr	r3, [r2, #4]
  70              	.LVL0:
  71              		.loc 1 79 3 view .LVU15
  72 002c 23F0E063 		bic	r3, r3, #117440512
  73              	.LVL1:
  74              		.loc 1 79 3 view .LVU16
  75 0030 43F00073 		orr	r3, r3, #33554432
  76              	.LVL2:
  77              		.loc 1 79 3 view .LVU17
  78 0034 5360     		str	r3, [r2, #4]
  79              	.LBE4:
  80              		.loc 1 79 3 view .LVU18
  80:Core/Src/stm32f1xx_hal_msp.c **** 
  81:Core/Src/stm32f1xx_hal_msp.c ****   /* USER CODE BEGIN MspInit 1 */
  82:Core/Src/stm32f1xx_hal_msp.c **** 
  83:Core/Src/stm32f1xx_hal_msp.c ****   /* USER CODE END MspInit 1 */
  84:Core/Src/stm32f1xx_hal_msp.c **** }
  81              		.loc 1 84 1 is_stmt 0 view .LVU19
  82 0036 02B0     		add	sp, sp, #8
  83              		.cfi_def_cfa_offset 0
  84              		@ sp needed
  85 0038 7047     		bx	lr
  86              	.L4:
  87 003a 00BF     		.align	2
  88              	.L3:
ARM GAS  /tmp/ccjfbzoc.s 			page 4


  89 003c 00100240 		.word	1073876992
  90 0040 00000140 		.word	1073807360
  91              		.cfi_endproc
  92              	.LFE65:
  94              		.section	.text.HAL_ADC_MspInit,"ax",%progbits
  95              		.align	1
  96              		.global	HAL_ADC_MspInit
  97              		.syntax unified
  98              		.thumb
  99              		.thumb_func
 101              	HAL_ADC_MspInit:
 102              	.LVL3:
 103              	.LFB66:
  85:Core/Src/stm32f1xx_hal_msp.c **** 
  86:Core/Src/stm32f1xx_hal_msp.c **** /**
  87:Core/Src/stm32f1xx_hal_msp.c **** * @brief ADC MSP Initialization
  88:Core/Src/stm32f1xx_hal_msp.c **** * This function configures the hardware resources used in this example
  89:Core/Src/stm32f1xx_hal_msp.c **** * @param hadc: ADC handle pointer
  90:Core/Src/stm32f1xx_hal_msp.c **** * @retval None
  91:Core/Src/stm32f1xx_hal_msp.c **** */
  92:Core/Src/stm32f1xx_hal_msp.c **** void HAL_ADC_MspInit(ADC_HandleTypeDef* hadc)
  93:Core/Src/stm32f1xx_hal_msp.c **** {
 104              		.loc 1 93 1 is_stmt 1 view -0
 105              		.cfi_startproc
 106              		@ args = 0, pretend = 0, frame = 24
 107              		@ frame_needed = 0, uses_anonymous_args = 0
 108              		.loc 1 93 1 is_stmt 0 view .LVU21
 109 0000 00B5     		push	{lr}
 110              		.cfi_def_cfa_offset 4
 111              		.cfi_offset 14, -4
 112 0002 87B0     		sub	sp, sp, #28
 113              		.cfi_def_cfa_offset 32
  94:Core/Src/stm32f1xx_hal_msp.c ****   GPIO_InitTypeDef GPIO_InitStruct = {0};
 114              		.loc 1 94 3 is_stmt 1 view .LVU22
 115              		.loc 1 94 20 is_stmt 0 view .LVU23
 116 0004 0023     		movs	r3, #0
 117 0006 0293     		str	r3, [sp, #8]
 118 0008 0393     		str	r3, [sp, #12]
 119 000a 0493     		str	r3, [sp, #16]
 120 000c 0593     		str	r3, [sp, #20]
  95:Core/Src/stm32f1xx_hal_msp.c ****   if(hadc->Instance==ADC1)
 121              		.loc 1 95 3 is_stmt 1 view .LVU24
 122              		.loc 1 95 10 is_stmt 0 view .LVU25
 123 000e 0268     		ldr	r2, [r0]
 124              		.loc 1 95 5 view .LVU26
 125 0010 114B     		ldr	r3, .L9
 126 0012 9A42     		cmp	r2, r3
 127 0014 02D0     		beq	.L8
 128              	.LVL4:
 129              	.L5:
  96:Core/Src/stm32f1xx_hal_msp.c ****   {
  97:Core/Src/stm32f1xx_hal_msp.c ****   /* USER CODE BEGIN ADC1_MspInit 0 */
  98:Core/Src/stm32f1xx_hal_msp.c **** 
  99:Core/Src/stm32f1xx_hal_msp.c ****   /* USER CODE END ADC1_MspInit 0 */
 100:Core/Src/stm32f1xx_hal_msp.c ****     /* Peripheral clock enable */
 101:Core/Src/stm32f1xx_hal_msp.c ****     __HAL_RCC_ADC1_CLK_ENABLE();
 102:Core/Src/stm32f1xx_hal_msp.c **** 
ARM GAS  /tmp/ccjfbzoc.s 			page 5


 103:Core/Src/stm32f1xx_hal_msp.c ****     __HAL_RCC_GPIOA_CLK_ENABLE();
 104:Core/Src/stm32f1xx_hal_msp.c ****     /**ADC1 GPIO Configuration
 105:Core/Src/stm32f1xx_hal_msp.c ****     PA0-WKUP     ------> ADC1_IN0
 106:Core/Src/stm32f1xx_hal_msp.c ****     */
 107:Core/Src/stm32f1xx_hal_msp.c ****     GPIO_InitStruct.Pin = GPIO_PIN_0;
 108:Core/Src/stm32f1xx_hal_msp.c ****     GPIO_InitStruct.Mode = GPIO_MODE_ANALOG;
 109:Core/Src/stm32f1xx_hal_msp.c ****     HAL_GPIO_Init(GPIOA, &GPIO_InitStruct);
 110:Core/Src/stm32f1xx_hal_msp.c **** 
 111:Core/Src/stm32f1xx_hal_msp.c ****   /* USER CODE BEGIN ADC1_MspInit 1 */
 112:Core/Src/stm32f1xx_hal_msp.c **** 
 113:Core/Src/stm32f1xx_hal_msp.c ****   /* USER CODE END ADC1_MspInit 1 */
 114:Core/Src/stm32f1xx_hal_msp.c **** 
 115:Core/Src/stm32f1xx_hal_msp.c ****   }
 116:Core/Src/stm32f1xx_hal_msp.c **** 
 117:Core/Src/stm32f1xx_hal_msp.c **** }
 130              		.loc 1 117 1 view .LVU27
 131 0016 07B0     		add	sp, sp, #28
 132              		.cfi_remember_state
 133              		.cfi_def_cfa_offset 4
 134              		@ sp needed
 135 0018 5DF804FB 		ldr	pc, [sp], #4
 136              	.LVL5:
 137              	.L8:
 138              		.cfi_restore_state
 101:Core/Src/stm32f1xx_hal_msp.c **** 
 139              		.loc 1 101 5 is_stmt 1 view .LVU28
 140              	.LBB5:
 101:Core/Src/stm32f1xx_hal_msp.c **** 
 141              		.loc 1 101 5 view .LVU29
 101:Core/Src/stm32f1xx_hal_msp.c **** 
 142              		.loc 1 101 5 view .LVU30
 143 001c 03F56C43 		add	r3, r3, #60416
 144 0020 9A69     		ldr	r2, [r3, #24]
 145 0022 42F40072 		orr	r2, r2, #512
 146 0026 9A61     		str	r2, [r3, #24]
 101:Core/Src/stm32f1xx_hal_msp.c **** 
 147              		.loc 1 101 5 view .LVU31
 148 0028 9A69     		ldr	r2, [r3, #24]
 149 002a 02F40072 		and	r2, r2, #512
 150 002e 0092     		str	r2, [sp]
 101:Core/Src/stm32f1xx_hal_msp.c **** 
 151              		.loc 1 101 5 view .LVU32
 152 0030 009A     		ldr	r2, [sp]
 153              	.LBE5:
 101:Core/Src/stm32f1xx_hal_msp.c **** 
 154              		.loc 1 101 5 view .LVU33
 103:Core/Src/stm32f1xx_hal_msp.c ****     /**ADC1 GPIO Configuration
 155              		.loc 1 103 5 view .LVU34
 156              	.LBB6:
 103:Core/Src/stm32f1xx_hal_msp.c ****     /**ADC1 GPIO Configuration
 157              		.loc 1 103 5 view .LVU35
 103:Core/Src/stm32f1xx_hal_msp.c ****     /**ADC1 GPIO Configuration
 158              		.loc 1 103 5 view .LVU36
 159 0032 9A69     		ldr	r2, [r3, #24]
 160 0034 42F00402 		orr	r2, r2, #4
 161 0038 9A61     		str	r2, [r3, #24]
 103:Core/Src/stm32f1xx_hal_msp.c ****     /**ADC1 GPIO Configuration
ARM GAS  /tmp/ccjfbzoc.s 			page 6


 162              		.loc 1 103 5 view .LVU37
 163 003a 9B69     		ldr	r3, [r3, #24]
 164 003c 03F00403 		and	r3, r3, #4
 165 0040 0193     		str	r3, [sp, #4]
 103:Core/Src/stm32f1xx_hal_msp.c ****     /**ADC1 GPIO Configuration
 166              		.loc 1 103 5 view .LVU38
 167 0042 019B     		ldr	r3, [sp, #4]
 168              	.LBE6:
 103:Core/Src/stm32f1xx_hal_msp.c ****     /**ADC1 GPIO Configuration
 169              		.loc 1 103 5 view .LVU39
 107:Core/Src/stm32f1xx_hal_msp.c ****     GPIO_InitStruct.Mode = GPIO_MODE_ANALOG;
 170              		.loc 1 107 5 view .LVU40
 107:Core/Src/stm32f1xx_hal_msp.c ****     GPIO_InitStruct.Mode = GPIO_MODE_ANALOG;
 171              		.loc 1 107 25 is_stmt 0 view .LVU41
 172 0044 0123     		movs	r3, #1
 173 0046 0293     		str	r3, [sp, #8]
 108:Core/Src/stm32f1xx_hal_msp.c ****     HAL_GPIO_Init(GPIOA, &GPIO_InitStruct);
 174              		.loc 1 108 5 is_stmt 1 view .LVU42
 108:Core/Src/stm32f1xx_hal_msp.c ****     HAL_GPIO_Init(GPIOA, &GPIO_InitStruct);
 175              		.loc 1 108 26 is_stmt 0 view .LVU43
 176 0048 0323     		movs	r3, #3
 177 004a 0393     		str	r3, [sp, #12]
 109:Core/Src/stm32f1xx_hal_msp.c **** 
 178              		.loc 1 109 5 is_stmt 1 view .LVU44
 179 004c 02A9     		add	r1, sp, #8
 180 004e 0348     		ldr	r0, .L9+4
 181              	.LVL6:
 109:Core/Src/stm32f1xx_hal_msp.c **** 
 182              		.loc 1 109 5 is_stmt 0 view .LVU45
 183 0050 FFF7FEFF 		bl	HAL_GPIO_Init
 184              	.LVL7:
 185              		.loc 1 117 1 view .LVU46
 186 0054 DFE7     		b	.L5
 187              	.L10:
 188 0056 00BF     		.align	2
 189              	.L9:
 190 0058 00240140 		.word	1073816576
 191 005c 00080140 		.word	1073809408
 192              		.cfi_endproc
 193              	.LFE66:
 195              		.section	.text.HAL_ADC_MspDeInit,"ax",%progbits
 196              		.align	1
 197              		.global	HAL_ADC_MspDeInit
 198              		.syntax unified
 199              		.thumb
 200              		.thumb_func
 202              	HAL_ADC_MspDeInit:
 203              	.LVL8:
 204              	.LFB67:
 118:Core/Src/stm32f1xx_hal_msp.c **** 
 119:Core/Src/stm32f1xx_hal_msp.c **** /**
 120:Core/Src/stm32f1xx_hal_msp.c **** * @brief ADC MSP De-Initialization
 121:Core/Src/stm32f1xx_hal_msp.c **** * This function freeze the hardware resources used in this example
 122:Core/Src/stm32f1xx_hal_msp.c **** * @param hadc: ADC handle pointer
 123:Core/Src/stm32f1xx_hal_msp.c **** * @retval None
 124:Core/Src/stm32f1xx_hal_msp.c **** */
 125:Core/Src/stm32f1xx_hal_msp.c **** void HAL_ADC_MspDeInit(ADC_HandleTypeDef* hadc)
ARM GAS  /tmp/ccjfbzoc.s 			page 7


 126:Core/Src/stm32f1xx_hal_msp.c **** {
 205              		.loc 1 126 1 is_stmt 1 view -0
 206              		.cfi_startproc
 207              		@ args = 0, pretend = 0, frame = 0
 208              		@ frame_needed = 0, uses_anonymous_args = 0
 209              		.loc 1 126 1 is_stmt 0 view .LVU48
 210 0000 08B5     		push	{r3, lr}
 211              		.cfi_def_cfa_offset 8
 212              		.cfi_offset 3, -8
 213              		.cfi_offset 14, -4
 127:Core/Src/stm32f1xx_hal_msp.c ****   if(hadc->Instance==ADC1)
 214              		.loc 1 127 3 is_stmt 1 view .LVU49
 215              		.loc 1 127 10 is_stmt 0 view .LVU50
 216 0002 0268     		ldr	r2, [r0]
 217              		.loc 1 127 5 view .LVU51
 218 0004 064B     		ldr	r3, .L15
 219 0006 9A42     		cmp	r2, r3
 220 0008 00D0     		beq	.L14
 221              	.LVL9:
 222              	.L11:
 128:Core/Src/stm32f1xx_hal_msp.c ****   {
 129:Core/Src/stm32f1xx_hal_msp.c ****   /* USER CODE BEGIN ADC1_MspDeInit 0 */
 130:Core/Src/stm32f1xx_hal_msp.c **** 
 131:Core/Src/stm32f1xx_hal_msp.c ****   /* USER CODE END ADC1_MspDeInit 0 */
 132:Core/Src/stm32f1xx_hal_msp.c ****     /* Peripheral clock disable */
 133:Core/Src/stm32f1xx_hal_msp.c ****     __HAL_RCC_ADC1_CLK_DISABLE();
 134:Core/Src/stm32f1xx_hal_msp.c **** 
 135:Core/Src/stm32f1xx_hal_msp.c ****     /**ADC1 GPIO Configuration
 136:Core/Src/stm32f1xx_hal_msp.c ****     PA0-WKUP     ------> ADC1_IN0
 137:Core/Src/stm32f1xx_hal_msp.c ****     */
 138:Core/Src/stm32f1xx_hal_msp.c ****     HAL_GPIO_DeInit(GPIOA, GPIO_PIN_0);
 139:Core/Src/stm32f1xx_hal_msp.c **** 
 140:Core/Src/stm32f1xx_hal_msp.c ****   /* USER CODE BEGIN ADC1_MspDeInit 1 */
 141:Core/Src/stm32f1xx_hal_msp.c **** 
 142:Core/Src/stm32f1xx_hal_msp.c ****   /* USER CODE END ADC1_MspDeInit 1 */
 143:Core/Src/stm32f1xx_hal_msp.c ****   }
 144:Core/Src/stm32f1xx_hal_msp.c **** 
 145:Core/Src/stm32f1xx_hal_msp.c **** }
 223              		.loc 1 145 1 view .LVU52
 224 000a 08BD     		pop	{r3, pc}
 225              	.LVL10:
 226              	.L14:
 133:Core/Src/stm32f1xx_hal_msp.c **** 
 227              		.loc 1 133 5 is_stmt 1 view .LVU53
 228 000c 054A     		ldr	r2, .L15+4
 229 000e 9369     		ldr	r3, [r2, #24]
 230 0010 23F40073 		bic	r3, r3, #512
 231 0014 9361     		str	r3, [r2, #24]
 138:Core/Src/stm32f1xx_hal_msp.c **** 
 232              		.loc 1 138 5 view .LVU54
 233 0016 0121     		movs	r1, #1
 234 0018 0348     		ldr	r0, .L15+8
 235              	.LVL11:
 138:Core/Src/stm32f1xx_hal_msp.c **** 
 236              		.loc 1 138 5 is_stmt 0 view .LVU55
 237 001a FFF7FEFF 		bl	HAL_GPIO_DeInit
 238              	.LVL12:
ARM GAS  /tmp/ccjfbzoc.s 			page 8


 239              		.loc 1 145 1 view .LVU56
 240 001e F4E7     		b	.L11
 241              	.L16:
 242              		.align	2
 243              	.L15:
 244 0020 00240140 		.word	1073816576
 245 0024 00100240 		.word	1073876992
 246 0028 00080140 		.word	1073809408
 247              		.cfi_endproc
 248              	.LFE67:
 250              		.section	.text.HAL_TIM_PWM_MspInit,"ax",%progbits
 251              		.align	1
 252              		.global	HAL_TIM_PWM_MspInit
 253              		.syntax unified
 254              		.thumb
 255              		.thumb_func
 257              	HAL_TIM_PWM_MspInit:
 258              	.LVL13:
 259              	.LFB68:
 146:Core/Src/stm32f1xx_hal_msp.c **** 
 147:Core/Src/stm32f1xx_hal_msp.c **** /**
 148:Core/Src/stm32f1xx_hal_msp.c **** * @brief TIM_PWM MSP Initialization
 149:Core/Src/stm32f1xx_hal_msp.c **** * This function configures the hardware resources used in this example
 150:Core/Src/stm32f1xx_hal_msp.c **** * @param htim_pwm: TIM_PWM handle pointer
 151:Core/Src/stm32f1xx_hal_msp.c **** * @retval None
 152:Core/Src/stm32f1xx_hal_msp.c **** */
 153:Core/Src/stm32f1xx_hal_msp.c **** void HAL_TIM_PWM_MspInit(TIM_HandleTypeDef* htim_pwm)
 154:Core/Src/stm32f1xx_hal_msp.c **** {
 260              		.loc 1 154 1 is_stmt 1 view -0
 261              		.cfi_startproc
 262              		@ args = 0, pretend = 0, frame = 8
 263              		@ frame_needed = 0, uses_anonymous_args = 0
 264              		@ link register save eliminated.
 155:Core/Src/stm32f1xx_hal_msp.c ****   if(htim_pwm->Instance==TIM2)
 265              		.loc 1 155 3 view .LVU58
 266              		.loc 1 155 14 is_stmt 0 view .LVU59
 267 0000 0368     		ldr	r3, [r0]
 268              		.loc 1 155 5 view .LVU60
 269 0002 B3F1804F 		cmp	r3, #1073741824
 270 0006 00D0     		beq	.L23
 271 0008 7047     		bx	lr
 272              	.L23:
 154:Core/Src/stm32f1xx_hal_msp.c ****   if(htim_pwm->Instance==TIM2)
 273              		.loc 1 154 1 view .LVU61
 274 000a 82B0     		sub	sp, sp, #8
 275              		.cfi_def_cfa_offset 8
 156:Core/Src/stm32f1xx_hal_msp.c ****   {
 157:Core/Src/stm32f1xx_hal_msp.c ****   /* USER CODE BEGIN TIM2_MspInit 0 */
 158:Core/Src/stm32f1xx_hal_msp.c **** 
 159:Core/Src/stm32f1xx_hal_msp.c ****   /* USER CODE END TIM2_MspInit 0 */
 160:Core/Src/stm32f1xx_hal_msp.c ****     /* Peripheral clock enable */
 161:Core/Src/stm32f1xx_hal_msp.c ****     __HAL_RCC_TIM2_CLK_ENABLE();
 276              		.loc 1 161 5 is_stmt 1 view .LVU62
 277              	.LBB7:
 278              		.loc 1 161 5 view .LVU63
 279              		.loc 1 161 5 view .LVU64
 280 000c 03F50433 		add	r3, r3, #135168
ARM GAS  /tmp/ccjfbzoc.s 			page 9


 281 0010 DA69     		ldr	r2, [r3, #28]
 282 0012 42F00102 		orr	r2, r2, #1
 283 0016 DA61     		str	r2, [r3, #28]
 284              		.loc 1 161 5 view .LVU65
 285 0018 DB69     		ldr	r3, [r3, #28]
 286 001a 03F00103 		and	r3, r3, #1
 287 001e 0193     		str	r3, [sp, #4]
 288              		.loc 1 161 5 view .LVU66
 289 0020 019B     		ldr	r3, [sp, #4]
 290              	.LBE7:
 291              		.loc 1 161 5 discriminator 1 view .LVU67
 162:Core/Src/stm32f1xx_hal_msp.c ****   /* USER CODE BEGIN TIM2_MspInit 1 */
 163:Core/Src/stm32f1xx_hal_msp.c **** 
 164:Core/Src/stm32f1xx_hal_msp.c ****   /* USER CODE END TIM2_MspInit 1 */
 165:Core/Src/stm32f1xx_hal_msp.c **** 
 166:Core/Src/stm32f1xx_hal_msp.c ****   }
 167:Core/Src/stm32f1xx_hal_msp.c **** 
 168:Core/Src/stm32f1xx_hal_msp.c **** }
 292              		.loc 1 168 1 is_stmt 0 view .LVU68
 293 0022 02B0     		add	sp, sp, #8
 294              		.cfi_def_cfa_offset 0
 295              		@ sp needed
 296 0024 7047     		bx	lr
 297              		.cfi_endproc
 298              	.LFE68:
 300              		.section	.text.HAL_TIM_MspPostInit,"ax",%progbits
 301              		.align	1
 302              		.global	HAL_TIM_MspPostInit
 303              		.syntax unified
 304              		.thumb
 305              		.thumb_func
 307              	HAL_TIM_MspPostInit:
 308              	.LVL14:
 309              	.LFB69:
 169:Core/Src/stm32f1xx_hal_msp.c **** 
 170:Core/Src/stm32f1xx_hal_msp.c **** void HAL_TIM_MspPostInit(TIM_HandleTypeDef* htim)
 171:Core/Src/stm32f1xx_hal_msp.c **** {
 310              		.loc 1 171 1 is_stmt 1 view -0
 311              		.cfi_startproc
 312              		@ args = 0, pretend = 0, frame = 24
 313              		@ frame_needed = 0, uses_anonymous_args = 0
 314              		.loc 1 171 1 is_stmt 0 view .LVU70
 315 0000 00B5     		push	{lr}
 316              		.cfi_def_cfa_offset 4
 317              		.cfi_offset 14, -4
 318 0002 87B0     		sub	sp, sp, #28
 319              		.cfi_def_cfa_offset 32
 172:Core/Src/stm32f1xx_hal_msp.c ****   GPIO_InitTypeDef GPIO_InitStruct = {0};
 320              		.loc 1 172 3 is_stmt 1 view .LVU71
 321              		.loc 1 172 20 is_stmt 0 view .LVU72
 322 0004 0023     		movs	r3, #0
 323 0006 0293     		str	r3, [sp, #8]
 324 0008 0393     		str	r3, [sp, #12]
 325 000a 0493     		str	r3, [sp, #16]
 326 000c 0593     		str	r3, [sp, #20]
 173:Core/Src/stm32f1xx_hal_msp.c ****   if(htim->Instance==TIM2)
 327              		.loc 1 173 3 is_stmt 1 view .LVU73
ARM GAS  /tmp/ccjfbzoc.s 			page 10


 328              		.loc 1 173 10 is_stmt 0 view .LVU74
 329 000e 0368     		ldr	r3, [r0]
 330              		.loc 1 173 5 view .LVU75
 331 0010 B3F1804F 		cmp	r3, #1073741824
 332 0014 02D0     		beq	.L27
 333              	.LVL15:
 334              	.L24:
 174:Core/Src/stm32f1xx_hal_msp.c ****   {
 175:Core/Src/stm32f1xx_hal_msp.c ****   /* USER CODE BEGIN TIM2_MspPostInit 0 */
 176:Core/Src/stm32f1xx_hal_msp.c **** 
 177:Core/Src/stm32f1xx_hal_msp.c ****   /* USER CODE END TIM2_MspPostInit 0 */
 178:Core/Src/stm32f1xx_hal_msp.c **** 
 179:Core/Src/stm32f1xx_hal_msp.c ****     __HAL_RCC_GPIOA_CLK_ENABLE();
 180:Core/Src/stm32f1xx_hal_msp.c ****     /**TIM2 GPIO Configuration
 181:Core/Src/stm32f1xx_hal_msp.c ****     PA1     ------> TIM2_CH2
 182:Core/Src/stm32f1xx_hal_msp.c ****     */
 183:Core/Src/stm32f1xx_hal_msp.c ****     GPIO_InitStruct.Pin = GPIO_PIN_1;
 184:Core/Src/stm32f1xx_hal_msp.c ****     GPIO_InitStruct.Mode = GPIO_MODE_AF_PP;
 185:Core/Src/stm32f1xx_hal_msp.c ****     GPIO_InitStruct.Speed = GPIO_SPEED_FREQ_LOW;
 186:Core/Src/stm32f1xx_hal_msp.c ****     HAL_GPIO_Init(GPIOA, &GPIO_InitStruct);
 187:Core/Src/stm32f1xx_hal_msp.c **** 
 188:Core/Src/stm32f1xx_hal_msp.c ****   /* USER CODE BEGIN TIM2_MspPostInit 1 */
 189:Core/Src/stm32f1xx_hal_msp.c **** 
 190:Core/Src/stm32f1xx_hal_msp.c ****   /* USER CODE END TIM2_MspPostInit 1 */
 191:Core/Src/stm32f1xx_hal_msp.c ****   }
 192:Core/Src/stm32f1xx_hal_msp.c **** 
 193:Core/Src/stm32f1xx_hal_msp.c **** }
 335              		.loc 1 193 1 view .LVU76
 336 0016 07B0     		add	sp, sp, #28
 337              		.cfi_remember_state
 338              		.cfi_def_cfa_offset 4
 339              		@ sp needed
 340 0018 5DF804FB 		ldr	pc, [sp], #4
 341              	.LVL16:
 342              	.L27:
 343              		.cfi_restore_state
 179:Core/Src/stm32f1xx_hal_msp.c ****     /**TIM2 GPIO Configuration
 344              		.loc 1 179 5 is_stmt 1 view .LVU77
 345              	.LBB8:
 179:Core/Src/stm32f1xx_hal_msp.c ****     /**TIM2 GPIO Configuration
 346              		.loc 1 179 5 view .LVU78
 179:Core/Src/stm32f1xx_hal_msp.c ****     /**TIM2 GPIO Configuration
 347              		.loc 1 179 5 view .LVU79
 348 001c 03F50433 		add	r3, r3, #135168
 349 0020 9A69     		ldr	r2, [r3, #24]
 350 0022 42F00402 		orr	r2, r2, #4
 351 0026 9A61     		str	r2, [r3, #24]
 179:Core/Src/stm32f1xx_hal_msp.c ****     /**TIM2 GPIO Configuration
 352              		.loc 1 179 5 view .LVU80
 353 0028 9B69     		ldr	r3, [r3, #24]
 354 002a 03F00403 		and	r3, r3, #4
 355 002e 0193     		str	r3, [sp, #4]
 179:Core/Src/stm32f1xx_hal_msp.c ****     /**TIM2 GPIO Configuration
 356              		.loc 1 179 5 view .LVU81
 357 0030 019B     		ldr	r3, [sp, #4]
 358              	.LBE8:
 179:Core/Src/stm32f1xx_hal_msp.c ****     /**TIM2 GPIO Configuration
ARM GAS  /tmp/ccjfbzoc.s 			page 11


 359              		.loc 1 179 5 view .LVU82
 183:Core/Src/stm32f1xx_hal_msp.c ****     GPIO_InitStruct.Mode = GPIO_MODE_AF_PP;
 360              		.loc 1 183 5 view .LVU83
 183:Core/Src/stm32f1xx_hal_msp.c ****     GPIO_InitStruct.Mode = GPIO_MODE_AF_PP;
 361              		.loc 1 183 25 is_stmt 0 view .LVU84
 362 0032 0223     		movs	r3, #2
 363 0034 0293     		str	r3, [sp, #8]
 184:Core/Src/stm32f1xx_hal_msp.c ****     GPIO_InitStruct.Speed = GPIO_SPEED_FREQ_LOW;
 364              		.loc 1 184 5 is_stmt 1 view .LVU85
 184:Core/Src/stm32f1xx_hal_msp.c ****     GPIO_InitStruct.Speed = GPIO_SPEED_FREQ_LOW;
 365              		.loc 1 184 26 is_stmt 0 view .LVU86
 366 0036 0393     		str	r3, [sp, #12]
 185:Core/Src/stm32f1xx_hal_msp.c ****     HAL_GPIO_Init(GPIOA, &GPIO_InitStruct);
 367              		.loc 1 185 5 is_stmt 1 view .LVU87
 185:Core/Src/stm32f1xx_hal_msp.c ****     HAL_GPIO_Init(GPIOA, &GPIO_InitStruct);
 368              		.loc 1 185 27 is_stmt 0 view .LVU88
 369 0038 0593     		str	r3, [sp, #20]
 186:Core/Src/stm32f1xx_hal_msp.c **** 
 370              		.loc 1 186 5 is_stmt 1 view .LVU89
 371 003a 02A9     		add	r1, sp, #8
 372 003c 0148     		ldr	r0, .L28
 373              	.LVL17:
 186:Core/Src/stm32f1xx_hal_msp.c **** 
 374              		.loc 1 186 5 is_stmt 0 view .LVU90
 375 003e FFF7FEFF 		bl	HAL_GPIO_Init
 376              	.LVL18:
 377              		.loc 1 193 1 view .LVU91
 378 0042 E8E7     		b	.L24
 379              	.L29:
 380              		.align	2
 381              	.L28:
 382 0044 00080140 		.word	1073809408
 383              		.cfi_endproc
 384              	.LFE69:
 386              		.section	.text.HAL_TIM_PWM_MspDeInit,"ax",%progbits
 387              		.align	1
 388              		.global	HAL_TIM_PWM_MspDeInit
 389              		.syntax unified
 390              		.thumb
 391              		.thumb_func
 393              	HAL_TIM_PWM_MspDeInit:
 394              	.LVL19:
 395              	.LFB70:
 194:Core/Src/stm32f1xx_hal_msp.c **** /**
 195:Core/Src/stm32f1xx_hal_msp.c **** * @brief TIM_PWM MSP De-Initialization
 196:Core/Src/stm32f1xx_hal_msp.c **** * This function freeze the hardware resources used in this example
 197:Core/Src/stm32f1xx_hal_msp.c **** * @param htim_pwm: TIM_PWM handle pointer
 198:Core/Src/stm32f1xx_hal_msp.c **** * @retval None
 199:Core/Src/stm32f1xx_hal_msp.c **** */
 200:Core/Src/stm32f1xx_hal_msp.c **** void HAL_TIM_PWM_MspDeInit(TIM_HandleTypeDef* htim_pwm)
 201:Core/Src/stm32f1xx_hal_msp.c **** {
 396              		.loc 1 201 1 is_stmt 1 view -0
 397              		.cfi_startproc
 398              		@ args = 0, pretend = 0, frame = 0
 399              		@ frame_needed = 0, uses_anonymous_args = 0
 400              		@ link register save eliminated.
 202:Core/Src/stm32f1xx_hal_msp.c ****   if(htim_pwm->Instance==TIM2)
ARM GAS  /tmp/ccjfbzoc.s 			page 12


 401              		.loc 1 202 3 view .LVU93
 402              		.loc 1 202 14 is_stmt 0 view .LVU94
 403 0000 0368     		ldr	r3, [r0]
 404              		.loc 1 202 5 view .LVU95
 405 0002 B3F1804F 		cmp	r3, #1073741824
 406 0006 00D0     		beq	.L32
 407              	.L30:
 203:Core/Src/stm32f1xx_hal_msp.c ****   {
 204:Core/Src/stm32f1xx_hal_msp.c ****   /* USER CODE BEGIN TIM2_MspDeInit 0 */
 205:Core/Src/stm32f1xx_hal_msp.c **** 
 206:Core/Src/stm32f1xx_hal_msp.c ****   /* USER CODE END TIM2_MspDeInit 0 */
 207:Core/Src/stm32f1xx_hal_msp.c ****     /* Peripheral clock disable */
 208:Core/Src/stm32f1xx_hal_msp.c ****     __HAL_RCC_TIM2_CLK_DISABLE();
 209:Core/Src/stm32f1xx_hal_msp.c ****   /* USER CODE BEGIN TIM2_MspDeInit 1 */
 210:Core/Src/stm32f1xx_hal_msp.c **** 
 211:Core/Src/stm32f1xx_hal_msp.c ****   /* USER CODE END TIM2_MspDeInit 1 */
 212:Core/Src/stm32f1xx_hal_msp.c ****   }
 213:Core/Src/stm32f1xx_hal_msp.c **** 
 214:Core/Src/stm32f1xx_hal_msp.c **** }
 408              		.loc 1 214 1 view .LVU96
 409 0008 7047     		bx	lr
 410              	.L32:
 208:Core/Src/stm32f1xx_hal_msp.c ****   /* USER CODE BEGIN TIM2_MspDeInit 1 */
 411              		.loc 1 208 5 is_stmt 1 view .LVU97
 412 000a 034A     		ldr	r2, .L33
 413 000c D369     		ldr	r3, [r2, #28]
 414 000e 23F00103 		bic	r3, r3, #1
 415 0012 D361     		str	r3, [r2, #28]
 416              		.loc 1 214 1 is_stmt 0 view .LVU98
 417 0014 F8E7     		b	.L30
 418              	.L34:
 419 0016 00BF     		.align	2
 420              	.L33:
 421 0018 00100240 		.word	1073876992
 422              		.cfi_endproc
 423              	.LFE70:
 425              		.section	.text.HAL_UART_MspInit,"ax",%progbits
 426              		.align	1
 427              		.global	HAL_UART_MspInit
 428              		.syntax unified
 429              		.thumb
 430              		.thumb_func
 432              	HAL_UART_MspInit:
 433              	.LVL20:
 434              	.LFB71:
 215:Core/Src/stm32f1xx_hal_msp.c **** 
 216:Core/Src/stm32f1xx_hal_msp.c **** /**
 217:Core/Src/stm32f1xx_hal_msp.c **** * @brief UART MSP Initialization
 218:Core/Src/stm32f1xx_hal_msp.c **** * This function configures the hardware resources used in this example
 219:Core/Src/stm32f1xx_hal_msp.c **** * @param huart: UART handle pointer
 220:Core/Src/stm32f1xx_hal_msp.c **** * @retval None
 221:Core/Src/stm32f1xx_hal_msp.c **** */
 222:Core/Src/stm32f1xx_hal_msp.c **** void HAL_UART_MspInit(UART_HandleTypeDef* huart)
 223:Core/Src/stm32f1xx_hal_msp.c **** {
 435              		.loc 1 223 1 is_stmt 1 view -0
 436              		.cfi_startproc
 437              		@ args = 0, pretend = 0, frame = 24
ARM GAS  /tmp/ccjfbzoc.s 			page 13


 438              		@ frame_needed = 0, uses_anonymous_args = 0
 439              		.loc 1 223 1 is_stmt 0 view .LVU100
 440 0000 30B5     		push	{r4, r5, lr}
 441              		.cfi_def_cfa_offset 12
 442              		.cfi_offset 4, -12
 443              		.cfi_offset 5, -8
 444              		.cfi_offset 14, -4
 445 0002 87B0     		sub	sp, sp, #28
 446              		.cfi_def_cfa_offset 40
 224:Core/Src/stm32f1xx_hal_msp.c ****   GPIO_InitTypeDef GPIO_InitStruct = {0};
 447              		.loc 1 224 3 is_stmt 1 view .LVU101
 448              		.loc 1 224 20 is_stmt 0 view .LVU102
 449 0004 0023     		movs	r3, #0
 450 0006 0293     		str	r3, [sp, #8]
 451 0008 0393     		str	r3, [sp, #12]
 452 000a 0493     		str	r3, [sp, #16]
 453 000c 0593     		str	r3, [sp, #20]
 225:Core/Src/stm32f1xx_hal_msp.c ****   if(huart->Instance==USART2)
 454              		.loc 1 225 3 is_stmt 1 view .LVU103
 455              		.loc 1 225 11 is_stmt 0 view .LVU104
 456 000e 0268     		ldr	r2, [r0]
 457              		.loc 1 225 5 view .LVU105
 458 0010 174B     		ldr	r3, .L39
 459 0012 9A42     		cmp	r2, r3
 460 0014 01D0     		beq	.L38
 461              	.LVL21:
 462              	.L35:
 226:Core/Src/stm32f1xx_hal_msp.c ****   {
 227:Core/Src/stm32f1xx_hal_msp.c ****   /* USER CODE BEGIN USART2_MspInit 0 */
 228:Core/Src/stm32f1xx_hal_msp.c **** 
 229:Core/Src/stm32f1xx_hal_msp.c ****   /* USER CODE END USART2_MspInit 0 */
 230:Core/Src/stm32f1xx_hal_msp.c ****     /* Peripheral clock enable */
 231:Core/Src/stm32f1xx_hal_msp.c ****     __HAL_RCC_USART2_CLK_ENABLE();
 232:Core/Src/stm32f1xx_hal_msp.c **** 
 233:Core/Src/stm32f1xx_hal_msp.c ****     __HAL_RCC_GPIOA_CLK_ENABLE();
 234:Core/Src/stm32f1xx_hal_msp.c ****     /**USART2 GPIO Configuration
 235:Core/Src/stm32f1xx_hal_msp.c ****     PA2     ------> USART2_TX
 236:Core/Src/stm32f1xx_hal_msp.c ****     PA3     ------> USART2_RX
 237:Core/Src/stm32f1xx_hal_msp.c ****     */
 238:Core/Src/stm32f1xx_hal_msp.c ****     GPIO_InitStruct.Pin = GPIO_PIN_2;
 239:Core/Src/stm32f1xx_hal_msp.c ****     GPIO_InitStruct.Mode = GPIO_MODE_AF_PP;
 240:Core/Src/stm32f1xx_hal_msp.c ****     GPIO_InitStruct.Speed = GPIO_SPEED_FREQ_HIGH;
 241:Core/Src/stm32f1xx_hal_msp.c ****     HAL_GPIO_Init(GPIOA, &GPIO_InitStruct);
 242:Core/Src/stm32f1xx_hal_msp.c **** 
 243:Core/Src/stm32f1xx_hal_msp.c ****     GPIO_InitStruct.Pin = GPIO_PIN_3;
 244:Core/Src/stm32f1xx_hal_msp.c ****     GPIO_InitStruct.Mode = GPIO_MODE_INPUT;
 245:Core/Src/stm32f1xx_hal_msp.c ****     GPIO_InitStruct.Pull = GPIO_NOPULL;
 246:Core/Src/stm32f1xx_hal_msp.c ****     HAL_GPIO_Init(GPIOA, &GPIO_InitStruct);
 247:Core/Src/stm32f1xx_hal_msp.c **** 
 248:Core/Src/stm32f1xx_hal_msp.c ****   /* USER CODE BEGIN USART2_MspInit 1 */
 249:Core/Src/stm32f1xx_hal_msp.c **** 
 250:Core/Src/stm32f1xx_hal_msp.c ****   /* USER CODE END USART2_MspInit 1 */
 251:Core/Src/stm32f1xx_hal_msp.c **** 
 252:Core/Src/stm32f1xx_hal_msp.c ****   }
 253:Core/Src/stm32f1xx_hal_msp.c **** 
 254:Core/Src/stm32f1xx_hal_msp.c **** }
 463              		.loc 1 254 1 view .LVU106
ARM GAS  /tmp/ccjfbzoc.s 			page 14


 464 0016 07B0     		add	sp, sp, #28
 465              		.cfi_remember_state
 466              		.cfi_def_cfa_offset 12
 467              		@ sp needed
 468 0018 30BD     		pop	{r4, r5, pc}
 469              	.LVL22:
 470              	.L38:
 471              		.cfi_restore_state
 231:Core/Src/stm32f1xx_hal_msp.c **** 
 472              		.loc 1 231 5 is_stmt 1 view .LVU107
 473              	.LBB9:
 231:Core/Src/stm32f1xx_hal_msp.c **** 
 474              		.loc 1 231 5 view .LVU108
 231:Core/Src/stm32f1xx_hal_msp.c **** 
 475              		.loc 1 231 5 view .LVU109
 476 001a 03F5E633 		add	r3, r3, #117760
 477 001e DA69     		ldr	r2, [r3, #28]
 478 0020 42F40032 		orr	r2, r2, #131072
 479 0024 DA61     		str	r2, [r3, #28]
 231:Core/Src/stm32f1xx_hal_msp.c **** 
 480              		.loc 1 231 5 view .LVU110
 481 0026 DA69     		ldr	r2, [r3, #28]
 482 0028 02F40032 		and	r2, r2, #131072
 483 002c 0092     		str	r2, [sp]
 231:Core/Src/stm32f1xx_hal_msp.c **** 
 484              		.loc 1 231 5 view .LVU111
 485 002e 009A     		ldr	r2, [sp]
 486              	.LBE9:
 231:Core/Src/stm32f1xx_hal_msp.c **** 
 487              		.loc 1 231 5 view .LVU112
 233:Core/Src/stm32f1xx_hal_msp.c ****     /**USART2 GPIO Configuration
 488              		.loc 1 233 5 view .LVU113
 489              	.LBB10:
 233:Core/Src/stm32f1xx_hal_msp.c ****     /**USART2 GPIO Configuration
 490              		.loc 1 233 5 view .LVU114
 233:Core/Src/stm32f1xx_hal_msp.c ****     /**USART2 GPIO Configuration
 491              		.loc 1 233 5 view .LVU115
 492 0030 9A69     		ldr	r2, [r3, #24]
 493 0032 42F00402 		orr	r2, r2, #4
 494 0036 9A61     		str	r2, [r3, #24]
 233:Core/Src/stm32f1xx_hal_msp.c ****     /**USART2 GPIO Configuration
 495              		.loc 1 233 5 view .LVU116
 496 0038 9B69     		ldr	r3, [r3, #24]
 497 003a 03F00403 		and	r3, r3, #4
 498 003e 0193     		str	r3, [sp, #4]
 233:Core/Src/stm32f1xx_hal_msp.c ****     /**USART2 GPIO Configuration
 499              		.loc 1 233 5 view .LVU117
 500 0040 019B     		ldr	r3, [sp, #4]
 501              	.LBE10:
 233:Core/Src/stm32f1xx_hal_msp.c ****     /**USART2 GPIO Configuration
 502              		.loc 1 233 5 view .LVU118
 238:Core/Src/stm32f1xx_hal_msp.c ****     GPIO_InitStruct.Mode = GPIO_MODE_AF_PP;
 503              		.loc 1 238 5 view .LVU119
 238:Core/Src/stm32f1xx_hal_msp.c ****     GPIO_InitStruct.Mode = GPIO_MODE_AF_PP;
 504              		.loc 1 238 25 is_stmt 0 view .LVU120
 505 0042 0423     		movs	r3, #4
 506 0044 0293     		str	r3, [sp, #8]
ARM GAS  /tmp/ccjfbzoc.s 			page 15


 239:Core/Src/stm32f1xx_hal_msp.c ****     GPIO_InitStruct.Speed = GPIO_SPEED_FREQ_HIGH;
 507              		.loc 1 239 5 is_stmt 1 view .LVU121
 239:Core/Src/stm32f1xx_hal_msp.c ****     GPIO_InitStruct.Speed = GPIO_SPEED_FREQ_HIGH;
 508              		.loc 1 239 26 is_stmt 0 view .LVU122
 509 0046 0223     		movs	r3, #2
 510 0048 0393     		str	r3, [sp, #12]
 240:Core/Src/stm32f1xx_hal_msp.c ****     HAL_GPIO_Init(GPIOA, &GPIO_InitStruct);
 511              		.loc 1 240 5 is_stmt 1 view .LVU123
 240:Core/Src/stm32f1xx_hal_msp.c ****     HAL_GPIO_Init(GPIOA, &GPIO_InitStruct);
 512              		.loc 1 240 27 is_stmt 0 view .LVU124
 513 004a 0323     		movs	r3, #3
 514 004c 0593     		str	r3, [sp, #20]
 241:Core/Src/stm32f1xx_hal_msp.c **** 
 515              		.loc 1 241 5 is_stmt 1 view .LVU125
 516 004e 02AD     		add	r5, sp, #8
 517 0050 084C     		ldr	r4, .L39+4
 518 0052 2946     		mov	r1, r5
 519 0054 2046     		mov	r0, r4
 520              	.LVL23:
 241:Core/Src/stm32f1xx_hal_msp.c **** 
 521              		.loc 1 241 5 is_stmt 0 view .LVU126
 522 0056 FFF7FEFF 		bl	HAL_GPIO_Init
 523              	.LVL24:
 243:Core/Src/stm32f1xx_hal_msp.c ****     GPIO_InitStruct.Mode = GPIO_MODE_INPUT;
 524              		.loc 1 243 5 is_stmt 1 view .LVU127
 243:Core/Src/stm32f1xx_hal_msp.c ****     GPIO_InitStruct.Mode = GPIO_MODE_INPUT;
 525              		.loc 1 243 25 is_stmt 0 view .LVU128
 526 005a 0823     		movs	r3, #8
 527 005c 0293     		str	r3, [sp, #8]
 244:Core/Src/stm32f1xx_hal_msp.c ****     GPIO_InitStruct.Pull = GPIO_NOPULL;
 528              		.loc 1 244 5 is_stmt 1 view .LVU129
 244:Core/Src/stm32f1xx_hal_msp.c ****     GPIO_InitStruct.Pull = GPIO_NOPULL;
 529              		.loc 1 244 26 is_stmt 0 view .LVU130
 530 005e 0023     		movs	r3, #0
 531 0060 0393     		str	r3, [sp, #12]
 245:Core/Src/stm32f1xx_hal_msp.c ****     HAL_GPIO_Init(GPIOA, &GPIO_InitStruct);
 532              		.loc 1 245 5 is_stmt 1 view .LVU131
 245:Core/Src/stm32f1xx_hal_msp.c ****     HAL_GPIO_Init(GPIOA, &GPIO_InitStruct);
 533              		.loc 1 245 26 is_stmt 0 view .LVU132
 534 0062 0493     		str	r3, [sp, #16]
 246:Core/Src/stm32f1xx_hal_msp.c **** 
 535              		.loc 1 246 5 is_stmt 1 view .LVU133
 536 0064 2946     		mov	r1, r5
 537 0066 2046     		mov	r0, r4
 538 0068 FFF7FEFF 		bl	HAL_GPIO_Init
 539              	.LVL25:
 540              		.loc 1 254 1 is_stmt 0 view .LVU134
 541 006c D3E7     		b	.L35
 542              	.L40:
 543 006e 00BF     		.align	2
 544              	.L39:
 545 0070 00440040 		.word	1073759232
 546 0074 00080140 		.word	1073809408
 547              		.cfi_endproc
 548              	.LFE71:
 550              		.section	.text.HAL_UART_MspDeInit,"ax",%progbits
 551              		.align	1
ARM GAS  /tmp/ccjfbzoc.s 			page 16


 552              		.global	HAL_UART_MspDeInit
 553              		.syntax unified
 554              		.thumb
 555              		.thumb_func
 557              	HAL_UART_MspDeInit:
 558              	.LVL26:
 559              	.LFB72:
 255:Core/Src/stm32f1xx_hal_msp.c **** 
 256:Core/Src/stm32f1xx_hal_msp.c **** /**
 257:Core/Src/stm32f1xx_hal_msp.c **** * @brief UART MSP De-Initialization
 258:Core/Src/stm32f1xx_hal_msp.c **** * This function freeze the hardware resources used in this example
 259:Core/Src/stm32f1xx_hal_msp.c **** * @param huart: UART handle pointer
 260:Core/Src/stm32f1xx_hal_msp.c **** * @retval None
 261:Core/Src/stm32f1xx_hal_msp.c **** */
 262:Core/Src/stm32f1xx_hal_msp.c **** void HAL_UART_MspDeInit(UART_HandleTypeDef* huart)
 263:Core/Src/stm32f1xx_hal_msp.c **** {
 560              		.loc 1 263 1 is_stmt 1 view -0
 561              		.cfi_startproc
 562              		@ args = 0, pretend = 0, frame = 0
 563              		@ frame_needed = 0, uses_anonymous_args = 0
 564              		.loc 1 263 1 is_stmt 0 view .LVU136
 565 0000 08B5     		push	{r3, lr}
 566              		.cfi_def_cfa_offset 8
 567              		.cfi_offset 3, -8
 568              		.cfi_offset 14, -4
 264:Core/Src/stm32f1xx_hal_msp.c ****   if(huart->Instance==USART2)
 569              		.loc 1 264 3 is_stmt 1 view .LVU137
 570              		.loc 1 264 11 is_stmt 0 view .LVU138
 571 0002 0268     		ldr	r2, [r0]
 572              		.loc 1 264 5 view .LVU139
 573 0004 064B     		ldr	r3, .L45
 574 0006 9A42     		cmp	r2, r3
 575 0008 00D0     		beq	.L44
 576              	.LVL27:
 577              	.L41:
 265:Core/Src/stm32f1xx_hal_msp.c ****   {
 266:Core/Src/stm32f1xx_hal_msp.c ****   /* USER CODE BEGIN USART2_MspDeInit 0 */
 267:Core/Src/stm32f1xx_hal_msp.c **** 
 268:Core/Src/stm32f1xx_hal_msp.c ****   /* USER CODE END USART2_MspDeInit 0 */
 269:Core/Src/stm32f1xx_hal_msp.c ****     /* Peripheral clock disable */
 270:Core/Src/stm32f1xx_hal_msp.c ****     __HAL_RCC_USART2_CLK_DISABLE();
 271:Core/Src/stm32f1xx_hal_msp.c **** 
 272:Core/Src/stm32f1xx_hal_msp.c ****     /**USART2 GPIO Configuration
 273:Core/Src/stm32f1xx_hal_msp.c ****     PA2     ------> USART2_TX
 274:Core/Src/stm32f1xx_hal_msp.c ****     PA3     ------> USART2_RX
 275:Core/Src/stm32f1xx_hal_msp.c ****     */
 276:Core/Src/stm32f1xx_hal_msp.c ****     HAL_GPIO_DeInit(GPIOA, GPIO_PIN_2|GPIO_PIN_3);
 277:Core/Src/stm32f1xx_hal_msp.c **** 
 278:Core/Src/stm32f1xx_hal_msp.c ****   /* USER CODE BEGIN USART2_MspDeInit 1 */
 279:Core/Src/stm32f1xx_hal_msp.c **** 
 280:Core/Src/stm32f1xx_hal_msp.c ****   /* USER CODE END USART2_MspDeInit 1 */
 281:Core/Src/stm32f1xx_hal_msp.c ****   }
 282:Core/Src/stm32f1xx_hal_msp.c **** 
 283:Core/Src/stm32f1xx_hal_msp.c **** }
 578              		.loc 1 283 1 view .LVU140
 579 000a 08BD     		pop	{r3, pc}
 580              	.LVL28:
ARM GAS  /tmp/ccjfbzoc.s 			page 17


 581              	.L44:
 270:Core/Src/stm32f1xx_hal_msp.c **** 
 582              		.loc 1 270 5 is_stmt 1 view .LVU141
 583 000c 054A     		ldr	r2, .L45+4
 584 000e D369     		ldr	r3, [r2, #28]
 585 0010 23F40033 		bic	r3, r3, #131072
 586 0014 D361     		str	r3, [r2, #28]
 276:Core/Src/stm32f1xx_hal_msp.c **** 
 587              		.loc 1 276 5 view .LVU142
 588 0016 0C21     		movs	r1, #12
 589 0018 0348     		ldr	r0, .L45+8
 590              	.LVL29:
 276:Core/Src/stm32f1xx_hal_msp.c **** 
 591              		.loc 1 276 5 is_stmt 0 view .LVU143
 592 001a FFF7FEFF 		bl	HAL_GPIO_DeInit
 593              	.LVL30:
 594              		.loc 1 283 1 view .LVU144
 595 001e F4E7     		b	.L41
 596              	.L46:
 597              		.align	2
 598              	.L45:
 599 0020 00440040 		.word	1073759232
 600 0024 00100240 		.word	1073876992
 601 0028 00080140 		.word	1073809408
 602              		.cfi_endproc
 603              	.LFE72:
 605              		.text
 606              	.Letext0:
 607              		.file 2 "/usr/arm-none-eabi/include/machine/_default_types.h"
 608              		.file 3 "/usr/arm-none-eabi/include/sys/_stdint.h"
 609              		.file 4 "Drivers/CMSIS/Device/ST/STM32F1xx/Include/stm32f103xb.h"
 610              		.file 5 "Drivers/CMSIS/Device/ST/STM32F1xx/Include/stm32f1xx.h"
 611              		.file 6 "Drivers/STM32F1xx_HAL_Driver/Inc/stm32f1xx_hal_def.h"
 612              		.file 7 "Drivers/STM32F1xx_HAL_Driver/Inc/stm32f1xx_hal_gpio.h"
 613              		.file 8 "Drivers/STM32F1xx_HAL_Driver/Inc/stm32f1xx_hal_dma.h"
 614              		.file 9 "Drivers/STM32F1xx_HAL_Driver/Inc/stm32f1xx_hal_adc.h"
 615              		.file 10 "Drivers/STM32F1xx_HAL_Driver/Inc/stm32f1xx_hal_tim.h"
 616              		.file 11 "Drivers/STM32F1xx_HAL_Driver/Inc/stm32f1xx_hal_uart.h"
ARM GAS  /tmp/ccjfbzoc.s 			page 18


DEFINED SYMBOLS
                            *ABS*:00000000 stm32f1xx_hal_msp.c
     /tmp/ccjfbzoc.s:19     .text.HAL_MspInit:00000000 $t
     /tmp/ccjfbzoc.s:25     .text.HAL_MspInit:00000000 HAL_MspInit
     /tmp/ccjfbzoc.s:89     .text.HAL_MspInit:0000003c $d
     /tmp/ccjfbzoc.s:95     .text.HAL_ADC_MspInit:00000000 $t
     /tmp/ccjfbzoc.s:101    .text.HAL_ADC_MspInit:00000000 HAL_ADC_MspInit
     /tmp/ccjfbzoc.s:190    .text.HAL_ADC_MspInit:00000058 $d
     /tmp/ccjfbzoc.s:196    .text.HAL_ADC_MspDeInit:00000000 $t
     /tmp/ccjfbzoc.s:202    .text.HAL_ADC_MspDeInit:00000000 HAL_ADC_MspDeInit
     /tmp/ccjfbzoc.s:244    .text.HAL_ADC_MspDeInit:00000020 $d
     /tmp/ccjfbzoc.s:251    .text.HAL_TIM_PWM_MspInit:00000000 $t
     /tmp/ccjfbzoc.s:257    .text.HAL_TIM_PWM_MspInit:00000000 HAL_TIM_PWM_MspInit
     /tmp/ccjfbzoc.s:301    .text.HAL_TIM_MspPostInit:00000000 $t
     /tmp/ccjfbzoc.s:307    .text.HAL_TIM_MspPostInit:00000000 HAL_TIM_MspPostInit
     /tmp/ccjfbzoc.s:382    .text.HAL_TIM_MspPostInit:00000044 $d
     /tmp/ccjfbzoc.s:387    .text.HAL_TIM_PWM_MspDeInit:00000000 $t
     /tmp/ccjfbzoc.s:393    .text.HAL_TIM_PWM_MspDeInit:00000000 HAL_TIM_PWM_MspDeInit
     /tmp/ccjfbzoc.s:421    .text.HAL_TIM_PWM_MspDeInit:00000018 $d
     /tmp/ccjfbzoc.s:426    .text.HAL_UART_MspInit:00000000 $t
     /tmp/ccjfbzoc.s:432    .text.HAL_UART_MspInit:00000000 HAL_UART_MspInit
     /tmp/ccjfbzoc.s:545    .text.HAL_UART_MspInit:00000070 $d
     /tmp/ccjfbzoc.s:551    .text.HAL_UART_MspDeInit:00000000 $t
     /tmp/ccjfbzoc.s:557    .text.HAL_UART_MspDeInit:00000000 HAL_UART_MspDeInit
     /tmp/ccjfbzoc.s:599    .text.HAL_UART_MspDeInit:00000020 $d

UNDEFINED SYMBOLS
HAL_GPIO_Init
HAL_GPIO_DeInit
