Archive member included to satisfy reference by file (symbol)

/usr/lib/gcc/arm-none-eabi/14.2.0/../../../../arm-none-eabi/lib/thumb/v7-m/nofp/libc_nano.a(libc_a-atexit.o)
                              /usr/lib/gcc/arm-none-eabi/14.2.0/../../../../arm-none-eabi/lib/thumb/v7-m/nofp/crt0.o (atexit)
/usr/lib/gcc/arm-none-eabi/14.2.0/../../../../arm-none-eabi/lib/thumb/v7-m/nofp/libc_nano.a(libc_a-exit.o)
                              /usr/lib/gcc/arm-none-eabi/14.2.0/../../../../arm-none-eabi/lib/thumb/v7-m/nofp/crt0.o (exit)
/usr/lib/gcc/arm-none-eabi/14.2.0/../../../../arm-none-eabi/lib/thumb/v7-m/nofp/libc_nano.a(libc_a-findfp.o)
                              /usr/lib/gcc/arm-none-eabi/14.2.0/../../../../arm-none-eabi/lib/thumb/v7-m/nofp/libc_nano.a(libc_a-exit.o) (__stdio_exit_handler)
/usr/lib/gcc/arm-none-eabi/14.2.0/../../../../arm-none-eabi/lib/thumb/v7-m/nofp/libc_nano.a(libc_a-fwalk.o)
                              /usr/lib/gcc/arm-none-eabi/14.2.0/../../../../arm-none-eabi/lib/thumb/v7-m/nofp/libc_nano.a(libc_a-findfp.o) (_fwalk_sglue)
/usr/lib/gcc/arm-none-eabi/14.2.0/../../../../arm-none-eabi/lib/thumb/v7-m/nofp/libc_nano.a(libc_a-stdio.o)
                              /usr/lib/gcc/arm-none-eabi/14.2.0/../../../../arm-none-eabi/lib/thumb/v7-m/nofp/libc_nano.a(libc_a-findfp.o) (__sread)
/usr/lib/gcc/arm-none-eabi/14.2.0/../../../../arm-none-eabi/lib/thumb/v7-m/nofp/libc_nano.a(libc_a-memset.o)
                              /usr/lib/gcc/arm-none-eabi/14.2.0/../../../../arm-none-eabi/lib/thumb/v7-m/nofp/crt0.o (memset)
/usr/lib/gcc/arm-none-eabi/14.2.0/../../../../arm-none-eabi/lib/thumb/v7-m/nofp/libc_nano.a(libc_a-closer.o)
                              /usr/lib/gcc/arm-none-eabi/14.2.0/../../../../arm-none-eabi/lib/thumb/v7-m/nofp/libc_nano.a(libc_a-stdio.o) (_close_r)
/usr/lib/gcc/arm-none-eabi/14.2.0/../../../../arm-none-eabi/lib/thumb/v7-m/nofp/libc_nano.a(libc_a-reent.o)
                              /usr/lib/gcc/arm-none-eabi/14.2.0/../../../../arm-none-eabi/lib/thumb/v7-m/nofp/libc_nano.a(libc_a-closer.o) (errno)
/usr/lib/gcc/arm-none-eabi/14.2.0/../../../../arm-none-eabi/lib/thumb/v7-m/nofp/libc_nano.a(libc_a-impure.o)
                              /usr/lib/gcc/arm-none-eabi/14.2.0/../../../../arm-none-eabi/lib/thumb/v7-m/nofp/libc_nano.a(libc_a-reent.o) (_impure_ptr)
/usr/lib/gcc/arm-none-eabi/14.2.0/../../../../arm-none-eabi/lib/thumb/v7-m/nofp/libc_nano.a(libc_a-lseekr.o)
                              /usr/lib/gcc/arm-none-eabi/14.2.0/../../../../arm-none-eabi/lib/thumb/v7-m/nofp/libc_nano.a(libc_a-stdio.o) (_lseek_r)
/usr/lib/gcc/arm-none-eabi/14.2.0/../../../../arm-none-eabi/lib/thumb/v7-m/nofp/libc_nano.a(libc_a-readr.o)
                              /usr/lib/gcc/arm-none-eabi/14.2.0/../../../../arm-none-eabi/lib/thumb/v7-m/nofp/libc_nano.a(libc_a-stdio.o) (_read_r)
/usr/lib/gcc/arm-none-eabi/14.2.0/../../../../arm-none-eabi/lib/thumb/v7-m/nofp/libc_nano.a(libc_a-writer.o)
                              /usr/lib/gcc/arm-none-eabi/14.2.0/../../../../arm-none-eabi/lib/thumb/v7-m/nofp/libc_nano.a(libc_a-stdio.o) (_write_r)
/usr/lib/gcc/arm-none-eabi/14.2.0/../../../../arm-none-eabi/lib/thumb/v7-m/nofp/libc_nano.a(libc_a-errno.o)
                              build/debug/syscalls.o (__errno)
/usr/lib/gcc/arm-none-eabi/14.2.0/../../../../arm-none-eabi/lib/thumb/v7-m/nofp/libc_nano.a(libc_a-init.o)
                              /usr/lib/gcc/arm-none-eabi/14.2.0/../../../../arm-none-eabi/lib/thumb/v7-m/nofp/crt0.o (__libc_init_array)
/usr/lib/gcc/arm-none-eabi/14.2.0/../../../../arm-none-eabi/lib/thumb/v7-m/nofp/libc_nano.a(libc_a-fini.o)
                              /usr/lib/gcc/arm-none-eabi/14.2.0/../../../../arm-none-eabi/lib/thumb/v7-m/nofp/crt0.o (__libc_fini_array)
/usr/lib/gcc/arm-none-eabi/14.2.0/../../../../arm-none-eabi/lib/thumb/v7-m/nofp/libc_nano.a(libc_a-lock.o)
                              /usr/lib/gcc/arm-none-eabi/14.2.0/../../../../arm-none-eabi/lib/thumb/v7-m/nofp/libc_nano.a(libc_a-findfp.o) (__retarget_lock_init_recursive)
/usr/lib/gcc/arm-none-eabi/14.2.0/../../../../arm-none-eabi/lib/thumb/v7-m/nofp/libc_nano.a(libc_a-__atexit.o)
                              /usr/lib/gcc/arm-none-eabi/14.2.0/../../../../arm-none-eabi/lib/thumb/v7-m/nofp/libc_nano.a(libc_a-atexit.o) (__register_exitproc)
/usr/lib/gcc/arm-none-eabi/14.2.0/../../../../arm-none-eabi/lib/thumb/v7-m/nofp/libc_nano.a(libc_a-__call_atexit.o)
                              /usr/lib/gcc/arm-none-eabi/14.2.0/../../../../arm-none-eabi/lib/thumb/v7-m/nofp/libc_nano.a(libc_a-__atexit.o) (__call_exitprocs)
/usr/lib/gcc/arm-none-eabi/14.2.0/../../../../arm-none-eabi/lib/thumb/v7-m/nofp/libc_nano.a(libc_a-freer.o)
                              /usr/lib/gcc/arm-none-eabi/14.2.0/../../../../arm-none-eabi/lib/thumb/v7-m/nofp/libc_nano.a(libc_a-reent.o) (_free_r)
/usr/lib/gcc/arm-none-eabi/14.2.0/../../../../arm-none-eabi/lib/thumb/v7-m/nofp/libc_nano.a(libc_a-mallocr.o)
[...]
Memory Configuration

Name             Origin             Length             Attributes
RAM              0x20000000         0x00005000         xrw
FLASH            0x08000000         0x00010000         xr
*default*        0x00000000         0xffffffff

Linker script and memory map

LOAD /usr/lib/gcc/arm-none-eabi/14.2.0/thumb/v7-m/nofp/crti.o
LOAD /usr/lib/gcc/arm-none-eabi/14.2.0/thumb/v7-m/nofp/crtbegin.o
LOAD /usr/lib/gcc/arm-none-eabi/14.2.0/../../../../arm-none-eabi/lib/thumb/v7-m/nofp/crt0.o
LOAD build/debug/main.o
LOAD build/debug/stm32f1xx_hal.o
LOAD build/debug/stm32f1xx_hal_cortex.o
LOAD build/debug/stm32f1xx_hal_dma.o
LOAD build/debug/stm32f1xx_hal_exti.o
LOAD build/debug/stm32f1xx_hal_flash.o
LOAD build/debug/stm32f1xx_hal_flash_ex.o
LOAD build/debug/stm32f1xx_hal_gpio.o
LOAD build/debug/stm32f1xx_hal_gpio_ex.o
LOAD build/debug/stm32f1xx_hal_msp.o
LOAD build/debug/stm32f1xx_hal_pwr.o
LOAD build/debug/stm32f1xx_hal_rcc.o
LOAD build/debug/stm32f1xx_hal_rcc_ex.o
LOAD build/debug/stm32f1xx_it.o
LOAD build/debug/syscalls.o
LOAD build/debug/sysmem.o
LOAD build/debug/system_stm32f1xx.o
LOAD build/debug/startup_stm32f103xb.o
LOAD /usr/lib/gcc/arm-none-eabi/14.2.0/../../../../arm-none-eabi/lib/thumb/v7-m/nofp/libc_nano.a
LOAD /usr/lib/gcc/arm-none-eabi/14.2.0/../../../../arm-none-eabi/lib/thumb/v7-m/nofp/libm.a
LOAD /usr/lib/gcc/arm-none-eabi/14.2.0/../../../../arm-none-eabi/lib/thumb/v7-m/nofp/libnosys.a
START GROUP
LOAD /usr/lib/gcc/arm-none-eabi/14.2.0/thumb/v7-m/nofp/libgcc.a
LOAD /usr/lib/gcc/arm-none-eabi/14.2.0/../../../../arm-none-eabi/lib/thumb/v7-m/nofp/libc_nano.a
END GROUP
START GROUP
LOAD /usr/lib/gcc/arm-none-eabi/14.2.0/thumb/v7-m/nofp/libgcc.a
LOAD /usr/lib/gcc/arm-none-eabi/14.2.0/../../../../arm-none-eabi/lib/thumb/v7-m/nofp/libc_nano.a
END GROUP
LOAD /usr/lib/gcc/arm-none-eabi/14.2.0/thumb/v7-m/nofp/crtend.o
LOAD /usr/lib/gcc/arm-none-eabi/14.2.0/thumb/v7-m/nofp/crtn.o
                0x20005000                        _estack = (ORIGIN (RAM) + LENGTH (RAM))
                0x00000200                        _Min_Heap_Size = 0x200
                0x00000400                        _Min_Stack_Size = 0x400

.isr_vector     0x08000000      0x10c
                0x08000000                        . = ALIGN (0x4)
 *(.isr_vector)
 .isr_vector    0x08000000      0x10c build/debug/startup_stm32f103xb.o
                0x08000000                g_pfnVectors
                0x0800010c                        . = ALIGN (0x4)

.text           0x0800010c      0xbc0
                0x0800010c                        . = ALIGN (0x4)
 *(.text)
 *(.text*)
 .text.__do_global_dtors_aux
                0x0800010c       0x24 /usr/lib/gcc/arm-none-eabi/14.2.0/thumb/v7-m/nofp/crtbegin.o
 .text.frame_dummy
                0x08000130       0x1c /usr/lib/gcc/arm-none-eabi/14.2.0/thumb/v7-m/nofp/crtbegin.o
 .text.MX_GPIO_Init
                0x0800014c       0x68 build/debug/main.o
 .text.Error_Handler
                0x080001b4        0x4 build/debug/main.o
                0x080001b4                Error_Handler
 .text.SystemClock_Config
                0x080001b8       0x52 build/debug/main.o
                0x080001b8                SystemClock_Config
 *fill*         0x0800020a        0x2 
 .text.main     0x0800020c       0x20 build/debug/main.o
                0x0800020c                main
 .text.HAL_InitTick
                0x0800022c       0x4c build/debug/stm32f1xx_hal.o
                0x0800022c                HAL_InitTick
 .text.HAL_Init
                0x08000278       0x24 build/debug/stm32f1xx_hal.o
                0x08000278                HAL_Init
 .text.HAL_IncTick
                0x0800029c       0x18 build/debug/stm32f1xx_hal.o
                0x0800029c                HAL_IncTick
 .text.HAL_GetTick
                0x080002b4        0xc build/debug/stm32f1xx_hal.o
                0x080002b4                HAL_GetTick
 .text.__NVIC_SetPriority
                0x080002c0       0x28 build/debug/stm32f1xx_hal_cortex.o
 .text.NVIC_EncodePriority
                0x080002e8       0x3e build/debug/stm32f1xx_hal_cortex.o
 *fill*         0x08000326        0x2 
 .text.HAL_NVIC_SetPriorityGrouping
                0x08000328       0x24 build/debug/stm32f1xx_hal_cortex.o
                0x08000328                HAL_NVIC_SetPriorityGrouping
 .text.HAL_NVIC_SetPriority
                0x0800034c       0x20 build/debug/stm32f1xx_hal_cortex.o
                0x0800034c                HAL_NVIC_SetPriority
 .text.HAL_SYSTICK_Config
                0x0800036c       0x28 build/debug/stm32f1xx_hal_cortex.o
                0x0800036c                HAL_SYSTICK_Config
 .text.HAL_GPIO_Init
                0x08000394      0x214 build/debug/stm32f1xx_hal_gpio.o
                0x08000394                HAL_GPIO_Init
 .text.HAL_GPIO_WritePin
                0x080005a8        0xc build/debug/stm32f1xx_hal_gpio.o
                0x080005a8                HAL_GPIO_WritePin
 .text.HAL_MspInit
                0x080005b4       0x44 build/debug/stm32f1xx_hal_msp.o
                0x080005b4                HAL_MspInit
 .text.RCC_Delay
                0x080005f8       0x2c build/debug/stm32f1xx_hal_rcc.o
 .text.HAL_RCC_OscConfig
                0x08000624      0x410 build/debug/stm32f1xx_hal_rcc.o
                0x08000624                HAL_RCC_OscConfig
 .text.HAL_RCC_GetSysClockFreq
                0x08000a34       0x54 build/debug/stm32f1xx_hal_rcc.o
                0x08000a34                HAL_RCC_GetSysClockFreq
 .text.HAL_RCC_ClockConfig
                0x08000a88      0x16c build/debug/stm32f1xx_hal_rcc.o
                0x08000a88                HAL_RCC_ClockConfig
 .text.NMI_Handler
                0x08000bf4        0x2 build/debug/stm32f1xx_it.o
                0x08000bf4                NMI_Handler
 .text.HardFault_Handler
                0x08000bf6        0x2 build/debug/stm32f1xx_it.o
                0x08000bf6                HardFault_Handler
 .text.MemManage_Handler
                0x08000bf8        0x2 build/debug/stm32f1xx_it.o
                0x08000bf8                MemManage_Handler
 .text.BusFault_Handler
                0x08000bfa        0x2 build/debug/stm32f1xx_it.o
                0x08000bfa                BusFault_Handler
 .text.UsageFault_Handler
                0x08000bfc        0x2 build/debug/stm32f1xx_it.o
                0x08000bfc                UsageFault_Handler
 .text.SVC_Handler
                0x08000bfe        0x2 build/debug/stm32f1xx_it.o
                0x08000bfe                SVC_Handler
 .text.DebugMon_Handler
                0x08000c00        0x2 build/debug/stm32f1xx_it.o
                0x08000c00                DebugMon_Handler
 .text.PendSV_Handler
                0x08000c02        0x2 build/debug/stm32f1xx_it.o
                0x08000c02                PendSV_Handler
 .text.SysTick_Handler
                0x08000c04        0x8 build/debug/stm32f1xx_it.o
                0x08000c04                SysTick_Handler
 .text.SystemInit
                0x08000c0c        0x2 build/debug/system_stm32f1xx.o
                0x08000c0c                SystemInit
 *fill*         0x08000c0e        0x2 
 .text.Reset_Handler
                0x08000c10       0x48 build/debug/startup_stm32f103xb.o
                0x08000c10                Reset_Handler
 .text.Default_Handler
                0x08000c58        0x2 build/debug/startup_stm32f103xb.o
                0x08000c58                RTC_Alarm_IRQHandler
                0x08000c58                EXTI2_IRQHandler
                0x08000c58                TIM1_CC_IRQHandler
                0x08000c58                PVD_IRQHandler
                0x08000c58                EXTI3_IRQHandler
                0x08000c58                EXTI0_IRQHandler
                0x08000c58                I2C2_EV_IRQHandler
                0x08000c58                ADC1_2_IRQHandler
                0x08000c58                SPI1_IRQHandler
                0x08000c58                TAMPER_IRQHandler
                0x08000c58                DMA1_Channel4_IRQHandler
                0x08000c58                USART3_IRQHandler
                0x08000c58                RTC_IRQHandler
                0x08000c58                DMA1_Channel7_IRQHandler
                0x08000c58                CAN1_RX1_IRQHandler
                0x08000c58                TIM4_IRQHandler
                0x08000c58                I2C1_EV_IRQHandler
                0x08000c58                DMA1_Channel6_IRQHandler
                0x08000c58                TIM3_IRQHandler
                0x08000c58                RCC_IRQHandler
                0x08000c58                TIM1_TRG_COM_IRQHandler
                0x08000c58                DMA1_Channel1_IRQHandler
                0x08000c58                Default_Handler
                0x08000c58                EXTI15_10_IRQHandler
                0x08000c58                EXTI9_5_IRQHandler
                0x08000c58                SPI2_IRQHandler
                0x08000c58                DMA1_Channel5_IRQHandler
                0x08000c58                EXTI4_IRQHandler
                0x08000c58                USB_LP_CAN1_RX0_IRQHandler
                0x08000c58                USB_HP_CAN1_TX_IRQHandler
                0x08000c58                DMA1_Channel3_IRQHandler
                0x08000c58                TIM1_UP_IRQHandler
                0x08000c58                WWDG_IRQHandler
                0x08000c58                TIM2_IRQHandler
                0x08000c58                TIM1_BRK_IRQHandler
                0x08000c58                EXTI1_IRQHandler
                0x08000c58                USART2_IRQHandler
                0x08000c58                I2C2_ER_IRQHandler
                0x08000c58                DMA1_Channel2_IRQHandler
                0x08000c58                CAN1_SCE_IRQHandler
                0x08000c58                FLASH_IRQHandler
                0x08000c58                USART1_IRQHandler
                0x08000c58                I2C1_ER_IRQHandler
                0x08000c58                USBWakeUp_IRQHandler
 .text.memset   0x08000c5a       0x10 /usr/lib/gcc/arm-none-eabi/14.2.0/../../../../arm-none-eabi/lib/thumb/v7-m/nofp/libc_nano.a(libc_a-memset.o)
                0x08000c5a                memset
 *fill*         0x08000c6a        0x2 
 .text.__libc_init_array
                0x08000c6c       0x48 /usr/lib/gcc/arm-none-eabi/14.2.0/../../../../arm-none-eabi/lib/thumb/v7-m/nofp/libc_nano.a(libc_a-init.o)
                0x08000c6c                __libc_init_array
 *(.glue_7)
 .glue_7        0x08000cb4        0x0 linker stubs
 *(.glue_7t)
 .glue_7t       0x08000cb4        0x0 linker stubs
 *(.eh_frame)
 .eh_frame      0x08000cb4        0x0 /usr/lib/gcc/arm-none-eabi/14.2.0/thumb/v7-m/nofp/crtbegin.o
 *(.init)
 .init          0x08000cb4        0x4 /usr/lib/gcc/arm-none-eabi/14.2.0/thumb/v7-m/nofp/crti.o
                0x08000cb4                _init
 .init          0x08000cb8        0x8 /usr/lib/gcc/arm-none-eabi/14.2.0/thumb/v7-m/nofp/crtn.o
 *(.fini)
 .fini          0x08000cc0        0x4 /usr/lib/gcc/arm-none-eabi/14.2.0/thumb/v7-m/nofp/crti.o
                0x08000cc0                _fini
 .fini          0x08000cc4        0x8 /usr/lib/gcc/arm-none-eabi/14.2.0/thumb/v7-m/nofp/crtn.o
                0x08000ccc                        . = ALIGN (0x4)
                0x08000ccc                        _etext = .

.vfp11_veneer   0x08000ccc        0x0
 .vfp11_veneer  0x08000ccc        0x0 linker stubs

.v4_bx          0x08000ccc        0x0
 .v4_bx         0x08000ccc        0x0 linker stubs

.iplt           0x08000ccc        0x0
 .iplt          0x08000ccc        0x0 /usr/lib/gcc/arm-none-eabi/14.2.0/thumb/v7-m/nofp/crtbegin.o

.rodata         0x08000ccc       0x24
                0x08000ccc                        . = ALIGN (0x4)
 *(.rodata)
 *(.rodata*)
 .rodata.aPredivFactorTable.0
                0x08000ccc        0x2 build/debug/stm32f1xx_hal_rcc.o
 *fill*         0x08000cce        0x2 
 .rodata.aPLLMULFactorTable.1
                0x08000cd0       0x10 build/debug/stm32f1xx_hal_rcc.o
 .rodata.AHBPrescTable
                0x08000ce0       0x10 build/debug/system_stm32f1xx.o
                0x08000ce0                AHBPrescTable
                0x08000cf0                        . = ALIGN (0x4)

.rel.dyn        0x08000cf0        0x0
 .rel.iplt      0x08000cf0        0x0 /usr/lib/gcc/arm-none-eabi/14.2.0/thumb/v7-m/nofp/crtbegin.o

.ARM.extab
 *(.ARM.extab* .gnu.linkonce.armextab.*)

.ARM            0x08000cf0        0x0
                0x08000cf0                        __exidx_start = .
 *(.ARM.exidx*)
                0x08000cf0                        __exidx_end = .

.preinit_array  0x08000cf0        0x0
                0x08000cf0                        PROVIDE (__preinit_array_start = .)
 *(.preinit_array*)
                0x08000cf0                        PROVIDE (__preinit_array_end = .)

.init_array     0x08000cf0        0x4
                0x08000cf0                        PROVIDE (__init_array_start = .)
 *(SORT_BY_NAME(.init_array.*))
 *(.init_array*)
 .init_array    0x08000cf0        0x4 /usr/lib/gcc/arm-none-eabi/14.2.0/thumb/v7-m/nofp/crtbegin.o
                0x08000cf4                        PROVIDE (__init_array_end = .)

.fini_array     0x08000cf4        0x4
                0x08000cf4                        PROVIDE (__fini_array_start = .)
 *(SORT_BY_NAME(.fini_array.*))
 *(.fini_array*)
 .fini_array    0x08000cf4        0x4 /usr/lib/gcc/arm-none-eabi/14.2.0/thumb/v7-m/nofp/crtbegin.o
                0x08000cf8                        PROVIDE (__fini_array_end = .)
                0x08000cf8                        _sidata = LOADADDR (.data)

.data           0x20000000        0xc load address 0x08000cf8
                0x20000000                        . = ALIGN (0x4)
                0x20000000                        _sdata = .
 *(.data)
 *(.data*)
 .data.uwTickFreq
                0x20000000        0x1 build/debug/stm32f1xx_hal.o
                0x20000000                uwTickFreq
 *fill*         0x20000001        0x3 
 .data.uwTickPrio
                0x20000004        0x4 build/debug/stm32f1xx_hal.o
                0x20000004                uwTickPrio
 .data.SystemCoreClock
                0x20000008        0x4 build/debug/system_stm32f1xx.o
                0x20000008                SystemCoreClock
                0x2000000c                        . = ALIGN (0x4)
                0x2000000c                        _edata = .

.igot.plt       0x2000000c        0x0 load address 0x08000d04
 .igot.plt      0x2000000c        0x0 /usr/lib/gcc/arm-none-eabi/14.2.0/thumb/v7-m/nofp/crtbegin.o
                0x2000000c                        . = ALIGN (0x4)

.bss            0x2000000c       0x20 load address 0x08000d04
                0x2000000c                        _sbss = .
                0x2000000c                        __bss_start__ = _sbss
 *(.bss)
 *(.bss*)
 .bss.completed.1
                0x2000000c        0x1 /usr/lib/gcc/arm-none-eabi/14.2.0/thumb/v7-m/nofp/crtbegin.o
 *fill*         0x2000000d        0x3 
 .bss.object.0  0x20000010       0x18 /usr/lib/gcc/arm-none-eabi/14.2.0/thumb/v7-m/nofp/crtbegin.o
 .bss.uwTick    0x20000028        0x4 build/debug/stm32f1xx_hal.o
                0x20000028                uwTick
 *(COMMON)
                0x2000002c                        . = ALIGN (0x4)
                0x2000002c                        _ebss = .
                0x2000002c                        __bss_end__ = _ebss

._user_heap_stack
                0x2000002c      0x604 load address 0x08000d04
                0x20000030                        . = ALIGN (0x8)
 *fill*         0x2000002c        0x4 
                [!provide]                        PROVIDE (end = .)
                0x20000030                        PROVIDE (_end = .)
                0x20000230                        . = (. + _Min_Heap_Size)
 *fill*         0x20000030      0x200 
                0x20000630                        . = (. + _Min_Stack_Size)
 *fill*         0x20000230      0x400 
                0x20000630                        . = ALIGN (0x8)

/DISCARD/
 libc.a(*)
 libm.a(*)
 libgcc.a(*)
OUTPUT(build/debug/ledblink.elf elf32-littlearm)
LOAD linker stubs
LOAD /usr/lib/gcc/arm-none-eabi/14.2.0/../../../../arm-none-eabi/lib/thumb/v7-m/nofp/libc.a
LOAD /usr/lib/gcc/arm-none-eabi/14.2.0/../../../../arm-none-eabi/lib/thumb/v7-m/nofp/libm.a
LOAD /usr/lib/gcc/arm-none-eabi/14.2.0/thumb/v7-m/nofp/libgcc.a

.ARM.attributes
                0x00000000       0x29
 .ARM.attributes
                0x00000000       0x1d /usr/lib/gcc/arm-none-eabi/14.2.0/thumb/v7-m/nofp/crti.o
 .ARM.attributes
                0x0000001d       0x2d /usr/lib/gcc/arm-none-eabi/14.2.0/thumb/v7-m/nofp/crtbegin.o
 .ARM.attributes
                0x0000004a       0x2d build/debug/main.o
 .ARM.attributes
                0x00000077       0x2d build/debug/stm32f1xx_hal.o
 .ARM.attributes
                0x000000a4       0x2d build/debug/stm32f1xx_hal_cortex.o
 .ARM.attributes
                0x000000d1       0x2d build/debug/stm32f1xx_hal_gpio.o
 .ARM.attributes
                0x000000fe       0x2d build/debug/stm32f1xx_hal_msp.o
 .ARM.attributes
                0x0000012b       0x2d build/debug/stm32f1xx_hal_rcc.o
 .ARM.attributes
                0x00000158       0x2d build/debug/stm32f1xx_it.o
 .ARM.attributes
                0x00000185       0x2d build/debug/system_stm32f1xx.o
 .ARM.attributes
                0x000001b2       0x21 build/debug/startup_stm32f103xb.o
 .ARM.attributes
                0x000001d3       0x2d /usr/lib/gcc/arm-none-eabi/14.2.0/../../../../arm-none-eabi/lib/thumb/v7-m/nofp/libc_nano.a(libc_a-memset.o)
 .ARM.attributes
                0x00000200       0x2d /usr/lib/gcc/arm-none-eabi/14.2.0/../../../../arm-none-eabi/lib/thumb/v7-m/nofp/libc_nano.a(libc_a-init.o)
 .ARM.attributes
                0x0000022d       0x1d /usr/lib/gcc/arm-none-eabi/14.2.0/thumb/v7-m/nofp/crtn.o

.comment        0x00000000       0x1e
 .comment       0x00000000       0x1e build/debug/main.o
                                 0x1f (size before relaxing)
 .comment       0x0000001e       0x1f build/debug/stm32f1xx_hal.o
 .comment       0x0000001e       0x1f build/debug/stm32f1xx_hal_cortex.o
 .comment       0x0000001e       0x1f build/debug/stm32f1xx_hal_gpio.o
 .comment       0x0000001e       0x1f build/debug/stm32f1xx_hal_msp.o
 .comment       0x0000001e       0x1f build/debug/stm32f1xx_hal_rcc.o
 .comment       0x0000001e       0x1f build/debug/stm32f1xx_it.o
 .comment       0x0000001e       0x1f build/debug/system_stm32f1xx.o
 .comment       0x0000001e       0x1f /usr/lib/gcc/arm-none-eabi/14.2.0/../../../../arm-none-eabi/lib/thumb/v7-m/nofp/libc_nano.a(libc_a-memset.o)
 .comment       0x0000001e       0x1f /usr/lib/gcc/arm-none-eabi/14.2.0/../../../../arm-none-eabi/lib/thumb/v7-m/nofp/libc_nano.a(libc_a-init.o)

.debug_info     0x00000000     0x3110
 .debug_info    0x00000000      0x571 build/debug/main.o
 .debug_info    0x00000571      0x7a2 build/debug/stm32f1xx_hal.o
 .debug_info    0x00000d13      0xcd9 build/debug/stm32f1xx_hal_cortex.o
 .debug_info    0x000019ec      0x604 build/debug/stm32f1xx_hal_gpio.o
 .debug_info    0x00001ff0      0x1f4 build/debug/stm32f1xx_hal_msp.o
 .debug_info    0x000021e4      0x9c7 build/debug/stm32f1xx_hal_rcc.o
 .debug_info    0x00002bab      0x11d build/debug/stm32f1xx_it.o
 .debug_info    0x00002cc8      0x22d build/debug/system_stm32f1xx.o
 .debug_info    0x00002ef5       0x30 build/debug/startup_stm32f103xb.o
 .debug_info    0x00002f25       0xe0 /usr/lib/gcc/arm-none-eabi/14.2.0/../../../../arm-none-eabi/lib/thumb/v7-m/nofp/libc_nano.a(libc_a-memset.o)
 .debug_info    0x00003005      0x10b /usr/lib/gcc/arm-none-eabi/14.2.0/../../../../arm-none-eabi/lib/thumb/v7-m/nofp/libc_nano.a(libc_a-init.o)

.debug_abbrev   0x00000000     0x1064
 .debug_abbrev  0x00000000      0x1fc build/debug/main.o
 .debug_abbrev  0x000001fc      0x22d build/debug/stm32f1xx_hal.o
 .debug_abbrev  0x00000429      0x36d build/debug/stm32f1xx_hal_cortex.o
 .debug_abbrev  0x00000796      0x1f7 build/debug/stm32f1xx_hal_gpio.o
 .debug_abbrev  0x0000098d       0xed build/debug/stm32f1xx_hal_msp.o
 .debug_abbrev  0x00000a7a      0x2a0 build/debug/stm32f1xx_hal_rcc.o
 .debug_abbrev  0x00000d1a       0x7c build/debug/stm32f1xx_it.o
 .debug_abbrev  0x00000d96      0x143 build/debug/system_stm32f1xx.o
 .debug_abbrev  0x00000ed9       0x24 build/debug/startup_stm32f103xb.o
 .debug_abbrev  0x00000efd       0x9e /usr/lib/gcc/arm-none-eabi/14.2.0/../../../../arm-none-eabi/lib/thumb/v7-m/nofp/libc_nano.a(libc_a-memset.o)
 .debug_abbrev  0x00000f9b       0xc9 /usr/lib/gcc/arm-none-eabi/14.2.0/../../../../arm-none-eabi/lib/thumb/v7-m/nofp/libc_nano.a(libc_a-init.o)

.debug_aranges  0x00000000      0x3d0
 .debug_aranges
                0x00000000       0x38 build/debug/main.o
 .debug_aranges
                0x00000038       0xe0 build/debug/stm32f1xx_hal.o
 .debug_aranges
                0x00000118       0xc0 build/debug/stm32f1xx_hal_cortex.o
 .debug_aranges
                0x000001d8       0x58 build/debug/stm32f1xx_hal_gpio.o
 .debug_aranges
                0x00000230       0x20 build/debug/stm32f1xx_hal_msp.o
 .debug_aranges
                0x00000250       0x90 build/debug/stm32f1xx_hal_rcc.o
 .debug_aranges
                0x000002e0       0x60 build/debug/stm32f1xx_it.o
 .debug_aranges
                0x00000340       0x28 build/debug/system_stm32f1xx.o
 .debug_aranges
                0x00000368       0x28 build/debug/startup_stm32f103xb.o
 .debug_aranges
                0x00000390       0x20 /usr/lib/gcc/arm-none-eabi/14.2.0/../../../../arm-none-eabi/lib/thumb/v7-m/nofp/libc_nano.a(libc_a-memset.o)
 .debug_aranges
                0x000003b0       0x20 /usr/lib/gcc/arm-none-eabi/14.2.0/../../../../arm-none-eabi/lib/thumb/v7-m/nofp/libc_nano.a(libc_a-init.o)

.debug_rnglists
                0x00000000      0x2be
 .debug_rnglists
                0x00000000       0x25 build/debug/main.o
 .debug_rnglists
                0x00000025       0xa3 build/debug/stm32f1xx_hal.o
 .debug_rnglists
                0x000000c8       0x8b build/debug/stm32f1xx_hal_cortex.o
 .debug_rnglists
                0x00000153       0x3f build/debug/stm32f1xx_hal_gpio.o
 .debug_rnglists
                0x00000192       0x13 build/debug/stm32f1xx_hal_msp.o
 .debug_rnglists
                0x000001a5       0x7d build/debug/stm32f1xx_hal_rcc.o
 .debug_rnglists
                0x00000222       0x43 build/debug/stm32f1xx_it.o
 .debug_rnglists
                0x00000265       0x1a build/debug/system_stm32f1xx.o
 .debug_rnglists
                0x0000027f       0x19 build/debug/startup_stm32f103xb.o
 .debug_rnglists
                0x00000298       0x13 /usr/lib/gcc/arm-none-eabi/14.2.0/../../../../arm-none-eabi/lib/thumb/v7-m/nofp/libc_nano.a(libc_a-memset.o)
 .debug_rnglists
                0x000002ab       0x13 /usr/lib/gcc/arm-none-eabi/14.2.0/../../../../arm-none-eabi/lib/thumb/v7-m/nofp/libc_nano.a(libc_a-init.o)

.debug_line     0x00000000     0x25ee
 .debug_line    0x00000000      0x2bd build/debug/main.o
 .debug_line    0x000002bd      0x4b6 build/debug/stm32f1xx_hal.o
 .debug_line    0x00000773      0x62f build/debug/stm32f1xx_hal_cortex.o
 .debug_line    0x00000da2      0x551 build/debug/stm32f1xx_hal_gpio.o
 .debug_line    0x000012f3      0x104 build/debug/stm32f1xx_hal_msp.o
 .debug_line    0x000013f7      0xc40 build/debug/stm32f1xx_hal_rcc.o
 .debug_line    0x00002037      0x13d build/debug/stm32f1xx_it.o
 .debug_line    0x00002174      0x1cd build/debug/system_stm32f1xx.o
 .debug_line    0x00002341       0x74 build/debug/startup_stm32f103xb.o
 .debug_line    0x000023b5      0x123 /usr/lib/gcc/arm-none-eabi/14.2.0/../../../../arm-none-eabi/lib/thumb/v7-m/nofp/libc_nano.a(libc_a-memset.o)
 .debug_line    0x000024d8      0x116 /usr/lib/gcc/arm-none-eabi/14.2.0/../../../../arm-none-eabi/lib/thumb/v7-m/nofp/libc_nano.a(libc_a-init.o)

.debug_str      0x00000000     0x1401
 .debug_str     0x00000000     0x1401 build/debug/main.o
                                0x41d (size before relaxing)
 .debug_str     0x00001401      0x7fd build/debug/stm32f1xx_hal.o
 .debug_str     0x00001401      0x8a2 build/debug/stm32f1xx_hal_cortex.o
 .debug_str     0x00001401      0x3cf build/debug/stm32f1xx_hal_gpio.o
 .debug_str     0x00001401      0x1ee build/debug/stm32f1xx_hal_msp.o
 .debug_str     0x00001401      0x5fa build/debug/stm32f1xx_hal_rcc.o
 .debug_str     0x00001401      0x1f1 build/debug/stm32f1xx_it.o
 .debug_str     0x00001401      0x223 build/debug/system_stm32f1xx.o
 .debug_str     0x00001401       0x5d build/debug/startup_stm32f103xb.o
 .debug_str     0x00001401      0x1b7 /usr/lib/gcc/arm-none-eabi/14.2.0/../../../../arm-none-eabi/lib/thumb/v7-m/nofp/libc_nano.a(libc_a-memset.o)
 .debug_str     0x00001401      0x218 /usr/lib/gcc/arm-none-eabi/14.2.0/../../../../arm-none-eabi/lib/thumb/v7-m/nofp/libc_nano.a(libc_a-init.o)

.debug_frame    0x00000000      0x798
 .debug_frame   0x00000000       0x7c build/debug/main.o
 .debug_frame   0x0000007c      0x1cc build/debug/stm32f1xx_hal.o
 .debug_frame   0x00000248      0x19c build/debug/stm32f1xx_hal_cortex.o
 .debug_frame   0x000003e4       0xe4 build/debug/stm32f1xx_hal_gpio.o
 .debug_frame   0x000004c8       0x28 build/debug/stm32f1xx_hal_msp.o
 .debug_frame   0x000004f0      0x184 build/debug/stm32f1xx_hal_rcc.o
 .debug_frame   0x00000674       0xa8 build/debug/stm32f1xx_it.o
 .debug_frame   0x0000071c       0x30 build/debug/system_stm32f1xx.o
 .debug_frame   0x0000074c       0x20 /usr/lib/gcc/arm-none-eabi/14.2.0/../../../../arm-none-eabi/lib/thumb/v7-m/nofp/libc_nano.a(libc_a-memset.o)
 .debug_frame   0x0000076c       0x2c /usr/lib/gcc/arm-none-eabi/14.2.0/../../../../arm-none-eabi/lib/thumb/v7-m/nofp/libc_nano.a(libc_a-init.o)

.debug_loclists
                0x00000000      0xe8c
 .debug_loclists
                0x00000000       0xe1 build/debug/stm32f1xx_hal.o
 .debug_loclists
                0x000000e1      0x530 build/debug/stm32f1xx_hal_cortex.o
 .debug_loclists
                0x00000611      0x300 build/debug/stm32f1xx_hal_gpio.o
 .debug_loclists
                0x00000911       0x17 build/debug/stm32f1xx_hal_msp.o
 .debug_loclists
                0x00000928      0x42e build/debug/stm32f1xx_hal_rcc.o
 .debug_loclists
                0x00000d56       0xb7 build/debug/system_stm32f1xx.o
 .debug_loclists
                0x00000e0d       0x3b /usr/lib/gcc/arm-none-eabi/14.2.0/../../../../arm-none-eabi/lib/thumb/v7-m/nofp/libc_nano.a(libc_a-memset.o)
 .debug_loclists
                0x00000e48       0x44 /usr/lib/gcc/arm-none-eabi/14.2.0/../../../../arm-none-eabi/lib/thumb/v7-m/nofp/libc_nano.a(libc_a-init.o)

.debug_line_str
                0x00000000       0x43
 .debug_line_str
                0x00000000       0x43 build/debug/startup_stm32f103xb.o

Cross Reference Table

Symbol                                            File
ADC1_2_IRQHandler                                 build/debug/startup_stm32f103xb.o
AHBPrescTable                                     build/debug/system_stm32f1xx.o
                                                  build/debug/stm32f1xx_hal_rcc.o
APBPrescTable                                     build/debug/system_stm32f1xx.o
                                                  build/debug/stm32f1xx_hal_rcc.o
BusFault_Handler                                  build/debug/stm32f1xx_it.o
CAN1_RX1_IRQHandler                               build/debug/startup_stm32f103xb.o
CAN1_SCE_IRQHandler                               build/debug/startup_stm32f103xb.o
DMA1_Channel1_IRQHandler                          build/debug/startup_stm32f103xb.o
DMA1_Channel2_IRQHandler                          build/debug/startup_stm32f103xb.o
DMA1_Channel3_IRQHandler                          build/debug/startup_stm32f103xb.o
DMA1_Channel4_IRQHandler                          build/debug/startup_stm32f103xb.o
DMA1_Channel5_IRQHandler                          build/debug/startup_stm32f103xb.o
DMA1_Channel6_IRQHandler                          build/debug/startup_stm32f103xb.o
DMA1_Channel7_IRQHandler                          build/debug/startup_stm32f103xb.o
DebugMon_Handler                                  build/debug/stm32f1xx_it.o
Default_Handler                                   build/debug/startup_stm32f103xb.o
EXTI0_IRQHandler                                  build/debug/startup_stm32f103xb.o
EXTI15_10_IRQHandler                              build/debug/startup_stm32f103xb.o
EXTI1_IRQHandler                                  build/debug/startup_stm32f103xb.o
EXTI2_IRQHandler                                  build/debug/startup_stm32f103xb.o
EXTI3_IRQHandler                                  build/debug/startup_stm32f103xb.o
EXTI4_IRQHandler                                  build/debug/startup_stm32f103xb.o
EXTI9_5_IRQHandler                                build/debug/startup_stm32f103xb.o
Error_Handler                                     build/debug/main.o
FLASH_IRQHandler                                  build/debug/startup_stm32f103xb.o
FLASH_PageErase                                   build/debug/stm32f1xx_hal_flash_ex.o
                                                  build/debug/stm32f1xx_hal_flash.o
FLASH_WaitForLastOperation                        build/debug/stm32f1xx_hal_flash.o
                                                  build/debug/stm32f1xx_hal_flash_ex.o
HAL_DBGMCU_DisableDBGSleepMode                    build/debug/stm32f1xx_hal.o
HAL_DBGMCU_DisableDBGStandbyMode                  build/debug/stm32f1xx_hal.o
HAL_DBGMCU_DisableDBGStopMode                     build/debug/stm32f1xx_hal.o
HAL_DBGMCU_EnableDBGSleepMode                     build/debug/stm32f1xx_hal.o
HAL_DBGMCU_EnableDBGStandbyMode                   build/debug/stm32f1xx_hal.o
HAL_DBGMCU_EnableDBGStopMode                      build/debug/stm32f1xx_hal.o
HAL_DMA_Abort                                     build/debug/stm32f1xx_hal_dma.o
HAL_DMA_Abort_IT                                  build/debug/stm32f1xx_hal_dma.o
HAL_DMA_DeInit                                    build/debug/stm32f1xx_hal_dma.o
HAL_DMA_GetError                                  build/debug/stm32f1xx_hal_dma.o
HAL_DMA_GetState                                  build/debug/stm32f1xx_hal_dma.o
HAL_DMA_IRQHandler                                build/debug/stm32f1xx_hal_dma.o
HAL_DMA_Init                                      build/debug/stm32f1xx_hal_dma.o
HAL_DMA_PollForTransfer                           build/debug/stm32f1xx_hal_dma.o
HAL_DMA_RegisterCallback                          build/debug/stm32f1xx_hal_dma.o
HAL_DMA_Start                                     build/debug/stm32f1xx_hal_dma.o
HAL_DMA_Start_IT                                  build/debug/stm32f1xx_hal_dma.o
HAL_DMA_UnRegisterCallback                        build/debug/stm32f1xx_hal_dma.o
HAL_DeInit                                        build/debug/stm32f1xx_hal.o
HAL_Delay                                         build/debug/stm32f1xx_hal.o
HAL_EXTI_ClearConfigLine                          build/debug/stm32f1xx_hal_exti.o
HAL_EXTI_ClearPending                             build/debug/stm32f1xx_hal_exti.o
HAL_EXTI_GenerateSWI                              build/debug/stm32f1xx_hal_exti.o
HAL_EXTI_GetConfigLine                            build/debug/stm32f1xx_hal_exti.o
HAL_EXTI_GetHandle                                build/debug/stm32f1xx_hal_exti.o
HAL_EXTI_GetPending                               build/debug/stm32f1xx_hal_exti.o
HAL_EXTI_IRQHandler                               build/debug/stm32f1xx_hal_exti.o
HAL_EXTI_RegisterCallback                         build/debug/stm32f1xx_hal_exti.o
HAL_EXTI_SetConfigLine                            build/debug/stm32f1xx_hal_exti.o
HAL_FLASHEx_Erase                                 build/debug/stm32f1xx_hal_flash_ex.o
HAL_FLASHEx_Erase_IT                              build/debug/stm32f1xx_hal_flash_ex.o
HAL_FLASHEx_OBErase                               build/debug/stm32f1xx_hal_flash_ex.o
HAL_FLASHEx_OBGetConfig                           build/debug/stm32f1xx_hal_flash_ex.o
HAL_FLASHEx_OBGetUserData                         build/debug/stm32f1xx_hal_flash_ex.o
HAL_FLASHEx_OBProgram                             build/debug/stm32f1xx_hal_flash_ex.o
HAL_FLASH_EndOfOperationCallback                  build/debug/stm32f1xx_hal_flash.o
HAL_FLASH_GetError                                build/debug/stm32f1xx_hal_flash.o
HAL_FLASH_IRQHandler                              build/debug/stm32f1xx_hal_flash.o
HAL_FLASH_Lock                                    build/debug/stm32f1xx_hal_flash.o
HAL_FLASH_OB_Launch                               build/debug/stm32f1xx_hal_flash.o
HAL_FLASH_OB_Lock                                 build/debug/stm32f1xx_hal_flash.o
HAL_FLASH_OB_Unlock                               build/debug/stm32f1xx_hal_flash.o
HAL_FLASH_OperationErrorCallback                  build/debug/stm32f1xx_hal_flash.o
HAL_FLASH_Program                                 build/debug/stm32f1xx_hal_flash.o
HAL_FLASH_Program_IT                              build/debug/stm32f1xx_hal_flash.o
HAL_FLASH_Unlock                                  build/debug/stm32f1xx_hal_flash.o
HAL_GPIOEx_ConfigEventout                         build/debug/stm32f1xx_hal_gpio_ex.o
HAL_GPIOEx_DisableEventout                        build/debug/stm32f1xx_hal_gpio_ex.o
HAL_GPIOEx_EnableEventout                         build/debug/stm32f1xx_hal_gpio_ex.o
HAL_GPIO_DeInit                                   build/debug/stm32f1xx_hal_gpio.o
HAL_GPIO_EXTI_Callback                            build/debug/stm32f1xx_hal_gpio.o
HAL_GPIO_EXTI_IRQHandler                          build/debug/stm32f1xx_hal_gpio.o
HAL_GPIO_Init                                     build/debug/stm32f1xx_hal_gpio.o
                                                  build/debug/stm32f1xx_hal_rcc.o
                                                  build/debug/main.o
HAL_GPIO_LockPin                                  build/debug/stm32f1xx_hal_gpio.o
HAL_GPIO_ReadPin                                  build/debug/stm32f1xx_hal_gpio.o
HAL_GPIO_TogglePin                                build/debug/stm32f1xx_hal_gpio.o
HAL_GPIO_WritePin                                 build/debug/stm32f1xx_hal_gpio.o
                                                  build/debug/main.o
HAL_GetDEVID                                      build/debug/stm32f1xx_hal.o
HAL_GetHalVersion                                 build/debug/stm32f1xx_hal.o
HAL_GetREVID                                      build/debug/stm32f1xx_hal.o
HAL_GetTick                                       build/debug/stm32f1xx_hal.o
                                                  build/debug/stm32f1xx_hal_rcc_ex.o
                                                  build/debug/stm32f1xx_hal_rcc.o
                                                  build/debug/stm32f1xx_hal_flash.o
                                                  build/debug/stm32f1xx_hal_dma.o
HAL_GetTickFreq                                   build/debug/stm32f1xx_hal.o
HAL_GetTickPrio                                   build/debug/stm32f1xx_hal.o
HAL_GetUIDw0                                      build/debug/stm32f1xx_hal.o
HAL_GetUIDw1                                      build/debug/stm32f1xx_hal.o
HAL_GetUIDw2                                      build/debug/stm32f1xx_hal.o
HAL_IncTick                                       build/debug/stm32f1xx_hal.o
                                                  build/debug/stm32f1xx_it.o
HAL_Init                                          build/debug/stm32f1xx_hal.o
                                                  build/debug/main.o
HAL_InitTick                                      build/debug/stm32f1xx_hal.o
                                                  build/debug/stm32f1xx_hal_rcc.o
HAL_MspDeInit                                     build/debug/stm32f1xx_hal.o
HAL_MspInit                                       build/debug/stm32f1xx_hal_msp.o
                                                  build/debug/stm32f1xx_hal.o
HAL_NVIC_ClearPendingIRQ                          build/debug/stm32f1xx_hal_cortex.o
HAL_NVIC_DisableIRQ                               build/debug/stm32f1xx_hal_cortex.o
HAL_NVIC_EnableIRQ                                build/debug/stm32f1xx_hal_cortex.o
HAL_NVIC_GetActive                                build/debug/stm32f1xx_hal_cortex.o
HAL_NVIC_GetPendingIRQ                            build/debug/stm32f1xx_hal_cortex.o
HAL_NVIC_GetPriority                              build/debug/stm32f1xx_hal_cortex.o
HAL_NVIC_GetPriorityGrouping                      build/debug/stm32f1xx_hal_cortex.o
HAL_NVIC_SetPendingIRQ                            build/debug/stm32f1xx_hal_cortex.o
HAL_NVIC_SetPriority                              build/debug/stm32f1xx_hal_cortex.o
                                                  build/debug/stm32f1xx_hal.o
HAL_NVIC_SetPriorityGrouping                      build/debug/stm32f1xx_hal_cortex.o
                                                  build/debug/stm32f1xx_hal.o
HAL_NVIC_SystemReset                              build/debug/stm32f1xx_hal_cortex.o
                                                  build/debug/stm32f1xx_hal_flash.o
HAL_PWR_ConfigPVD                                 build/debug/stm32f1xx_hal_pwr.o
HAL_PWR_DeInit                                    build/debug/stm32f1xx_hal_pwr.o
HAL_PWR_DisableBkUpAccess                         build/debug/stm32f1xx_hal_pwr.o
HAL_PWR_DisablePVD                                build/debug/stm32f1xx_hal_pwr.o
HAL_PWR_DisableSEVOnPend                          build/debug/stm32f1xx_hal_pwr.o
HAL_PWR_DisableSleepOnExit                        build/debug/stm32f1xx_hal_pwr.o
HAL_PWR_DisableWakeUpPin                          build/debug/stm32f1xx_hal_pwr.o
HAL_PWR_EnableBkUpAccess                          build/debug/stm32f1xx_hal_pwr.o
HAL_PWR_EnablePVD                                 build/debug/stm32f1xx_hal_pwr.o
HAL_PWR_EnableSEVOnPend                           build/debug/stm32f1xx_hal_pwr.o
HAL_PWR_EnableSleepOnExit                         build/debug/stm32f1xx_hal_pwr.o
HAL_PWR_EnableWakeUpPin                           build/debug/stm32f1xx_hal_pwr.o
HAL_PWR_EnterSLEEPMode                            build/debug/stm32f1xx_hal_pwr.o
HAL_PWR_EnterSTANDBYMode                          build/debug/stm32f1xx_hal_pwr.o
HAL_PWR_EnterSTOPMode                             build/debug/stm32f1xx_hal_pwr.o
HAL_PWR_PVDCallback                               build/debug/stm32f1xx_hal_pwr.o
HAL_PWR_PVD_IRQHandler                            build/debug/stm32f1xx_hal_pwr.o
HAL_RCCEx_GetPeriphCLKConfig                      build/debug/stm32f1xx_hal_rcc_ex.o
HAL_RCCEx_GetPeriphCLKFreq                        build/debug/stm32f1xx_hal_rcc_ex.o
HAL_RCCEx_PeriphCLKConfig                         build/debug/stm32f1xx_hal_rcc_ex.o
HAL_RCC_CSSCallback                               build/debug/stm32f1xx_hal_rcc.o
HAL_RCC_ClockConfig                               build/debug/stm32f1xx_hal_rcc.o
                                                  build/debug/main.o
HAL_RCC_DeInit                                    build/debug/stm32f1xx_hal_rcc.o
HAL_RCC_DisableCSS                                build/debug/stm32f1xx_hal_rcc.o
HAL_RCC_EnableCSS                                 build/debug/stm32f1xx_hal_rcc.o
HAL_RCC_GetClockConfig                            build/debug/stm32f1xx_hal_rcc.o
HAL_RCC_GetHCLKFreq                               build/debug/stm32f1xx_hal_rcc.o
HAL_RCC_GetOscConfig                              build/debug/stm32f1xx_hal_rcc.o
HAL_RCC_GetPCLK1Freq                              build/debug/stm32f1xx_hal_rcc.o
HAL_RCC_GetPCLK2Freq                              build/debug/stm32f1xx_hal_rcc.o
                                                  build/debug/stm32f1xx_hal_rcc_ex.o
HAL_RCC_GetSysClockFreq                           build/debug/stm32f1xx_hal_rcc.o
HAL_RCC_MCOConfig                                 build/debug/stm32f1xx_hal_rcc.o
HAL_RCC_NMI_IRQHandler                            build/debug/stm32f1xx_hal_rcc.o
HAL_RCC_OscConfig                                 build/debug/stm32f1xx_hal_rcc.o
                                                  build/debug/main.o
HAL_ResumeTick                                    build/debug/stm32f1xx_hal.o
HAL_SYSTICK_CLKSourceConfig                       build/debug/stm32f1xx_hal_cortex.o
HAL_SYSTICK_Callback                              build/debug/stm32f1xx_hal_cortex.o
HAL_SYSTICK_Config                                build/debug/stm32f1xx_hal_cortex.o
                                                  build/debug/stm32f1xx_hal.o
HAL_SYSTICK_IRQHandler                            build/debug/stm32f1xx_hal_cortex.o
HAL_SetTickFreq                                   build/debug/stm32f1xx_hal.o
HAL_SuspendTick                                   build/debug/stm32f1xx_hal.o
HardFault_Handler                                 build/debug/stm32f1xx_it.o
I2C1_ER_IRQHandler                                build/debug/startup_stm32f103xb.o
I2C1_EV_IRQHandler                                build/debug/startup_stm32f103xb.o
I2C2_ER_IRQHandler                                build/debug/startup_stm32f103xb.o
I2C2_EV_IRQHandler                                build/debug/startup_stm32f103xb.o
MemManage_Handler                                 build/debug/stm32f1xx_it.o
NMI_Handler                                       build/debug/stm32f1xx_it.o
PVD_IRQHandler                                    build/debug/startup_stm32f103xb.o
PendSV_Handler                                    build/debug/stm32f1xx_it.o
RCC_IRQHandler                                    build/debug/startup_stm32f103xb.o
RTC_Alarm_IRQHandler                              build/debug/startup_stm32f103xb.o
RTC_IRQHandler                                    build/debug/startup_stm32f103xb.o
Reset_Handler                                     build/debug/startup_stm32f103xb.o
SPI1_IRQHandler                                   build/debug/startup_stm32f103xb.o
SPI2_IRQHandler                                   build/debug/startup_stm32f103xb.o
SVC_Handler                                       build/debug/stm32f1xx_it.o
SysTick_Handler                                   build/debug/stm32f1xx_it.o
SystemClock_Config                                build/debug/main.o
SystemCoreClock                                   build/debug/system_stm32f1xx.o
                                                  build/debug/stm32f1xx_hal_rcc.o
                                                  build/debug/stm32f1xx_hal.o
SystemCoreClockUpdate                             build/debug/system_stm32f1xx.o
SystemInit                                        build/debug/system_stm32f1xx.o
                                                  build/debug/startup_stm32f103xb.o
TAMPER_IRQHandler                                 build/debug/startup_stm32f103xb.o
TIM1_BRK_IRQHandler                               build/debug/startup_stm32f103xb.o
TIM1_CC_IRQHandler                                build/debug/startup_stm32f103xb.o
TIM1_TRG_COM_IRQHandler                           build/debug/startup_stm32f103xb.o
TIM1_UP_IRQHandler                                build/debug/startup_stm32f103xb.o
TIM2_IRQHandler                                   build/debug/startup_stm32f103xb.o
TIM3_IRQHandler                                   build/debug/startup_stm32f103xb.o
TIM4_IRQHandler                                   build/debug/startup_stm32f103xb.o
USART1_IRQHandler                                 build/debug/startup_stm32f103xb.o
USART2_IRQHandler                                 build/debug/startup_stm32f103xb.o
USART3_IRQHandler                                 build/debug/startup_stm32f103xb.o
USBWakeUp_IRQHandler                              build/debug/startup_stm32f103xb.o
USB_HP_CAN1_TX_IRQHandler                         build/debug/startup_stm32f103xb.o
USB_LP_CAN1_RX0_IRQHandler                        build/debug/startup_stm32f103xb.o
UsageFault_Handler                                build/debug/stm32f1xx_it.o
WWDG_IRQHandler                                   build/debug/startup_stm32f103xb.o
_Min_Stack_Size                                   build/debug/sysmem.o
__atexit                                          /usr/lib/gcc/arm-none-eabi/14.2.0/../../../../arm-none-eabi/lib/thumb/v7-m/nofp/libc_nano.a(libc_a-__call_atexit.o)
                                                  /usr/lib/gcc/arm-none-eabi/14.2.0/../../../../arm-none-eabi/lib/thumb/v7-m/nofp/libc_nano.a(libc_a-__atexit.o)
__atexit0                                         /usr/lib/gcc/arm-none-eabi/14.2.0/../../../../arm-none-eabi/lib/thumb/v7-m/nofp/libc_nano.a(libc_a-__atexit.o)
__atexit_dummy                                    /usr/lib/gcc/arm-none-eabi/14.2.0/../../../../arm-none-eabi/lib/thumb/v7-m/nofp/libc_nano.a(libc_a-__atexit.o)
__atexit_recursive_mutex                          /usr/lib/gcc/arm-none-eabi/14.2.0/../../../../arm-none-eabi/lib/thumb/v7-m/nofp/libc_nano.a(libc_a-__call_atexit.o)
                                                  /usr/lib/gcc/arm-none-eabi/14.2.0/../../../../arm-none-eabi/lib/thumb/v7-m/nofp/libc_nano.a(libc_a-__atexit.o)
__bss_end__                                       /usr/lib/gcc/arm-none-eabi/14.2.0/../../../../arm-none-eabi/lib/thumb/v7-m/nofp/crt0.o
__bss_start__                                     /usr/lib/gcc/arm-none-eabi/14.2.0/../../../../arm-none-eabi/lib/thumb/v7-m/nofp/crt0.o
__call_exitprocs                                  /usr/lib/gcc/arm-none-eabi/14.2.0/../../../../arm-none-eabi/lib/thumb/v7-m/nofp/libc_nano.a(libc_a-__call_atexit.o)
                                                  /usr/lib/gcc/arm-none-eabi/14.2.0/../../../../arm-none-eabi/lib/thumb/v7-m/nofp/libc_nano.a(libc_a-__atexit.o)
                                                  /usr/lib/gcc/arm-none-eabi/14.2.0/../../../../arm-none-eabi/lib/thumb/v7-m/nofp/libc_nano.a(libc_a-exit.o)
__deregister_frame_info                           /usr/lib/gcc/arm-none-eabi/14.2.0/thumb/v7-m/nofp/crtbegin.o
__dso_handle                                      /usr/lib/gcc/arm-none-eabi/14.2.0/thumb/v7-m/nofp/crtbegin.o
__env                                             build/debug/syscalls.o
__errno                                           /usr/lib/gcc/arm-none-eabi/14.2.0/../../../../arm-none-eabi/lib/thumb/v7-m/nofp/libc_nano.a(libc_a-errno.o)
                                                  build/debug/sysmem.o
                                                  build/debug/syscalls.o
__fini_array_end                                  /usr/lib/gcc/arm-none-eabi/14.2.0/../../../../arm-none-eabi/lib/thumb/v7-m/nofp/libc_nano.a(libc_a-fini.o)
__fini_array_start                                /usr/lib/gcc/arm-none-eabi/14.2.0/../../../../arm-none-eabi/lib/thumb/v7-m/nofp/libc_nano.a(libc_a-fini.o)
__fp_lock_all                                     /usr/lib/gcc/arm-none-eabi/14.2.0/../../../../arm-none-eabi/lib/thumb/v7-m/nofp/libc_nano.a(libc_a-findfp.o)
__fp_unlock_all                                   /usr/lib/gcc/arm-none-eabi/14.2.0/../../../../arm-none-eabi/lib/thumb/v7-m/nofp/libc_nano.a(libc_a-findfp.o)
__init_array_end                                  /usr/lib/gcc/arm-none-eabi/14.2.0/../../../../arm-none-eabi/lib/thumb/v7-m/nofp/libc_nano.a(libc_a-init.o)
__init_array_start                                /usr/lib/gcc/arm-none-eabi/14.2.0/../../../../arm-none-eabi/lib/thumb/v7-m/nofp/libc_nano.a(libc_a-init.o)
__io_getchar                                      build/debug/syscalls.o
__io_putchar                                      build/debug/syscalls.o
__libc_fini_array                                 /usr/lib/gcc/arm-none-eabi/14.2.0/../../../../arm-none-eabi/lib/thumb/v7-m/nofp/libc_nano.a(libc_a-fini.o)
                                                  /usr/lib/gcc/arm-none-eabi/14.2.0/../../../../arm-none-eabi/lib/thumb/v7-m/nofp/crt0.o
__libc_init_array                                 /usr/lib/gcc/arm-none-eabi/14.2.0/../../../../arm-none-eabi/lib/thumb/v7-m/nofp/libc_nano.a(libc_a-init.o)
                                                  build/debug/startup_stm32f103xb.o
                                                  /usr/lib/gcc/arm-none-eabi/14.2.0/../../../../arm-none-eabi/lib/thumb/v7-m/nofp/crt0.o
__lock___arc4random_mutex                         /usr/lib/gcc/arm-none-eabi/14.2.0/../../../../arm-none-eabi/lib/thumb/v7-m/nofp/libc_nano.a(libc_a-lock.o)
__lock___at_quick_exit_mutex                      /usr/lib/gcc/arm-none-eabi/14.2.0/../../../../arm-none-eabi/lib/thumb/v7-m/nofp/libc_nano.a(libc_a-lock.o)
__lock___atexit_recursive_mutex                   /usr/lib/gcc/arm-none-eabi/14.2.0/../../../../arm-none-eabi/lib/thumb/v7-m/nofp/libc_nano.a(libc_a-lock.o)
                                                  /usr/lib/gcc/arm-none-eabi/14.2.0/../../../../arm-none-eabi/lib/thumb/v7-m/nofp/libc_nano.a(libc_a-__call_atexit.o)
__lock___dd_hash_mutex                            /usr/lib/gcc/arm-none-eabi/14.2.0/../../../../arm-none-eabi/lib/thumb/v7-m/nofp/libc_nano.a(libc_a-lock.o)
__lock___env_recursive_mutex                      /usr/lib/gcc/arm-none-eabi/14.2.0/../../../../arm-none-eabi/lib/thumb/v7-m/nofp/libc_nano.a(libc_a-lock.o)
__lock___malloc_recursive_mutex                   /usr/lib/gcc/arm-none-eabi/14.2.0/../../../../arm-none-eabi/lib/thumb/v7-m/nofp/libc_nano.a(libc_a-lock.o)
                                                  /usr/lib/gcc/arm-none-eabi/14.2.0/../../../../arm-none-eabi/lib/thumb/v7-m/nofp/libc_nano.a(libc_a-mlock.o)
__lock___sfp_recursive_mutex                      /usr/lib/gcc/arm-none-eabi/14.2.0/../../../../arm-none-eabi/lib/thumb/v7-m/nofp/libc_nano.a(libc_a-lock.o)
                                                  /usr/lib/gcc/arm-none-eabi/14.2.0/../../../../arm-none-eabi/lib/thumb/v7-m/nofp/libc_nano.a(libc_a-findfp.o)
__lock___tz_mutex                                 /usr/lib/gcc/arm-none-eabi/14.2.0/../../../../arm-none-eabi/lib/thumb/v7-m/nofp/libc_nano.a(libc_a-lock.o)
__malloc_free_list                                /usr/lib/gcc/arm-none-eabi/14.2.0/../../../../arm-none-eabi/lib/thumb/v7-m/nofp/libc_nano.a(libc_a-mallocr.o)
                                                  /usr/lib/gcc/arm-none-eabi/14.2.0/../../../../arm-none-eabi/lib/thumb/v7-m/nofp/libc_nano.a(libc_a-freer.o)
__malloc_lock                                     /usr/lib/gcc/arm-none-eabi/14.2.0/../../../../arm-none-eabi/lib/thumb/v7-m/nofp/libc_nano.a(libc_a-mlock.o)
                                                  /usr/lib/gcc/arm-none-eabi/14.2.0/../../../../arm-none-eabi/lib/thumb/v7-m/nofp/libc_nano.a(libc_a-mallocr.o)
                                                  /usr/lib/gcc/arm-none-eabi/14.2.0/../../../../arm-none-eabi/lib/thumb/v7-m/nofp/libc_nano.a(libc_a-freer.o)
__malloc_sbrk_start                               /usr/lib/gcc/arm-none-eabi/14.2.0/../../../../arm-none-eabi/lib/thumb/v7-m/nofp/libc_nano.a(libc_a-mallocr.o)
__malloc_unlock                                   /usr/lib/gcc/arm-none-eabi/14.2.0/../../../../arm-none-eabi/lib/thumb/v7-m/nofp/libc_nano.a(libc_a-mlock.o)
                                                  /usr/lib/gcc/arm-none-eabi/14.2.0/../../../../arm-none-eabi/lib/thumb/v7-m/nofp/libc_nano.a(libc_a-mallocr.o)
                                                  /usr/lib/gcc/arm-none-eabi/14.2.0/../../../../arm-none-eabi/lib/thumb/v7-m/nofp/libc_nano.a(libc_a-freer.o)
__on_exit_args                                    /usr/lib/gcc/arm-none-eabi/14.2.0/../../../../arm-none-eabi/lib/thumb/v7-m/nofp/libc_nano.a(libc_a-__atexit.o)
__preinit_array_end                               /usr/lib/gcc/arm-none-eabi/14.2.0/../../../../arm-none-eabi/lib/thumb/v7-m/nofp/libc_nano.a(libc_a-init.o)
__preinit_array_start                             /usr/lib/gcc/arm-none-eabi/14.2.0/../../../../arm-none-eabi/lib/thumb/v7-m/nofp/libc_nano.a(libc_a-init.o)
__register_exitproc                               /usr/lib/gcc/arm-none-eabi/14.2.0/../../../../arm-none-eabi/lib/thumb/v7-m/nofp/libc_nano.a(libc_a-__atexit.o)
                                                  /usr/lib/gcc/arm-none-eabi/14.2.0/../../../../arm-none-eabi/lib/thumb/v7-m/nofp/libc_nano.a(libc_a-atexit.o)
__register_frame_info                             /usr/lib/gcc/arm-none-eabi/14.2.0/thumb/v7-m/nofp/crtbegin.o
__retarget_lock_acquire                           /usr/lib/gcc/arm-none-eabi/14.2.0/../../../../arm-none-eabi/lib/thumb/v7-m/nofp/libc_nano.a(libc_a-lock.o)
__retarget_lock_acquire_recursive                 /usr/lib/gcc/arm-none-eabi/14.2.0/../../../../arm-none-eabi/lib/thumb/v7-m/nofp/libc_nano.a(libc_a-lock.o)
                                                  /usr/lib/gcc/arm-none-eabi/14.2.0/../../../../arm-none-eabi/lib/thumb/v7-m/nofp/libc_nano.a(libc_a-fflush.o)
                                                  /usr/lib/gcc/arm-none-eabi/14.2.0/../../../../arm-none-eabi/lib/thumb/v7-m/nofp/libc_nano.a(libc_a-mlock.o)
                                                  /usr/lib/gcc/arm-none-eabi/14.2.0/../../../../arm-none-eabi/lib/thumb/v7-m/nofp/libc_nano.a(libc_a-__call_atexit.o)
                                                  /usr/lib/gcc/arm-none-eabi/14.2.0/../../../../arm-none-eabi/lib/thumb/v7-m/nofp/libc_nano.a(libc_a-__atexit.o)
                                                  /usr/lib/gcc/arm-none-eabi/14.2.0/../../../../arm-none-eabi/lib/thumb/v7-m/nofp/libc_nano.a(libc_a-findfp.o)
__retarget_lock_close                             /usr/lib/gcc/arm-none-eabi/14.2.0/../../../../arm-none-eabi/lib/thumb/v7-m/nofp/libc_nano.a(libc_a-lock.o)
__retarget_lock_close_recursive                   /usr/lib/gcc/arm-none-eabi/14.2.0/../../../../arm-none-eabi/lib/thumb/v7-m/nofp/libc_nano.a(libc_a-lock.o)
__retarget_lock_init                              /usr/lib/gcc/arm-none-eabi/14.2.0/../../../../arm-none-eabi/lib/thumb/v7-m/nofp/libc_nano.a(libc_a-lock.o)
__retarget_lock_init_recursive                    /usr/lib/gcc/arm-none-eabi/14.2.0/../../../../arm-none-eabi/lib/thumb/v7-m/nofp/libc_nano.a(libc_a-lock.o)
                                                  /usr/lib/gcc/arm-none-eabi/14.2.0/../../../../arm-none-eabi/lib/thumb/v7-m/nofp/libc_nano.a(libc_a-findfp.o)
__retarget_lock_release                           /usr/lib/gcc/arm-none-eabi/14.2.0/../../../../arm-none-eabi/lib/thumb/v7-m/nofp/libc_nano.a(libc_a-lock.o)
__retarget_lock_release_recursive                 /usr/lib/gcc/arm-none-eabi/14.2.0/../../../../arm-none-eabi/lib/thumb/v7-m/nofp/libc_nano.a(libc_a-lock.o)
                                                  /usr/lib/gcc/arm-none-eabi/14.2.0/../../../../arm-none-eabi/lib/thumb/v7-m/nofp/libc_nano.a(libc_a-fflush.o)
                                                  /usr/lib/gcc/arm-none-eabi/14.2.0/../../../../arm-none-eabi/lib/thumb/v7-m/nofp/libc_nano.a(libc_a-mlock.o)
                                                  /usr/lib/gcc/arm-none-eabi/14.2.0/../../../../arm-none-eabi/lib/thumb/v7-m/nofp/libc_nano.a(libc_a-__call_atexit.o)
                                                  /usr/lib/gcc/arm-none-eabi/14.2.0/../../../../arm-none-eabi/lib/thumb/v7-m/nofp/libc_nano.a(libc_a-__atexit.o)
                                                  /usr/lib/gcc/arm-none-eabi/14.2.0/../../../../arm-none-eabi/lib/thumb/v7-m/nofp/libc_nano.a(libc_a-findfp.o)
__retarget_lock_try_acquire                       /usr/lib/gcc/arm-none-eabi/14.2.0/../../../../arm-none-eabi/lib/thumb/v7-m/nofp/libc_nano.a(libc_a-lock.o)
__retarget_lock_try_acquire_recursive             /usr/lib/gcc/arm-none-eabi/14.2.0/../../../../arm-none-eabi/lib/thumb/v7-m/nofp/libc_nano.a(libc_a-lock.o)
__sclose                                          /usr/lib/gcc/arm-none-eabi/14.2.0/../../../../arm-none-eabi/lib/thumb/v7-m/nofp/libc_nano.a(libc_a-stdio.o)
                                                  /usr/lib/gcc/arm-none-eabi/14.2.0/../../../../arm-none-eabi/lib/thumb/v7-m/nofp/libc_nano.a(libc_a-findfp.o)
__seofread                                        /usr/lib/gcc/arm-none-eabi/14.2.0/../../../../arm-none-eabi/lib/thumb/v7-m/nofp/libc_nano.a(libc_a-stdio.o)
__sf                                              /usr/lib/gcc/arm-none-eabi/14.2.0/../../../../arm-none-eabi/lib/thumb/v7-m/nofp/libc_nano.a(libc_a-findfp.o)
                                                  /usr/lib/gcc/arm-none-eabi/14.2.0/../../../../arm-none-eabi/lib/thumb/v7-m/nofp/libc_nano.a(libc_a-impure.o)
__sflush_r                                        /usr/lib/gcc/arm-none-eabi/14.2.0/../../../../arm-none-eabi/lib/thumb/v7-m/nofp/libc_nano.a(libc_a-fflush.o)
__sfp                                             /usr/lib/gcc/arm-none-eabi/14.2.0/../../../../arm-none-eabi/lib/thumb/v7-m/nofp/libc_nano.a(libc_a-findfp.o)
__sfp_lock_acquire                                /usr/lib/gcc/arm-none-eabi/14.2.0/../../../../arm-none-eabi/lib/thumb/v7-m/nofp/libc_nano.a(libc_a-findfp.o)
__sfp_lock_release                                /usr/lib/gcc/arm-none-eabi/14.2.0/../../../../arm-none-eabi/lib/thumb/v7-m/nofp/libc_nano.a(libc_a-findfp.o)
__sglue                                           /usr/lib/gcc/arm-none-eabi/14.2.0/../../../../arm-none-eabi/lib/thumb/v7-m/nofp/libc_nano.a(libc_a-findfp.o)
                                                  /usr/lib/gcc/arm-none-eabi/14.2.0/../../../../arm-none-eabi/lib/thumb/v7-m/nofp/libc_nano.a(libc_a-fflush.o)
__sinit                                           /usr/lib/gcc/arm-none-eabi/14.2.0/../../../../arm-none-eabi/lib/thumb/v7-m/nofp/libc_nano.a(libc_a-findfp.o)
                                                  /usr/lib/gcc/arm-none-eabi/14.2.0/../../../../arm-none-eabi/lib/thumb/v7-m/nofp/libc_nano.a(libc_a-fflush.o)
__sread                                           /usr/lib/gcc/arm-none-eabi/14.2.0/../../../../arm-none-eabi/lib/thumb/v7-m/nofp/libc_nano.a(libc_a-stdio.o)
                                                  /usr/lib/gcc/arm-none-eabi/14.2.0/../../../../arm-none-eabi/lib/thumb/v7-m/nofp/libc_nano.a(libc_a-findfp.o)
__sseek                                           /usr/lib/gcc/arm-none-eabi/14.2.0/../../../../arm-none-eabi/lib/thumb/v7-m/nofp/libc_nano.a(libc_a-stdio.o)
                                                  /usr/lib/gcc/arm-none-eabi/14.2.0/../../../../arm-none-eabi/lib/thumb/v7-m/nofp/libc_nano.a(libc_a-findfp.o)
__stack                                           /usr/lib/gcc/arm-none-eabi/14.2.0/../../../../arm-none-eabi/lib/thumb/v7-m/nofp/crt0.o
__stdio_exit_handler                              /usr/lib/gcc/arm-none-eabi/14.2.0/../../../../arm-none-eabi/lib/thumb/v7-m/nofp/libc_nano.a(libc_a-findfp.o)
                                                  /usr/lib/gcc/arm-none-eabi/14.2.0/../../../../arm-none-eabi/lib/thumb/v7-m/nofp/libc_nano.a(libc_a-exit.o)
__swrite                                          /usr/lib/gcc/arm-none-eabi/14.2.0/../../../../arm-none-eabi/lib/thumb/v7-m/nofp/libc_nano.a(libc_a-stdio.o)
                                                  /usr/lib/gcc/arm-none-eabi/14.2.0/../../../../arm-none-eabi/lib/thumb/v7-m/nofp/libc_nano.a(libc_a-findfp.o)
_close                                            build/debug/syscalls.o
                                                  /usr/lib/gcc/arm-none-eabi/14.2.0/../../../../arm-none-eabi/lib/thumb/v7-m/nofp/libc_nano.a(libc_a-closer.o)
_close_r                                          /usr/lib/gcc/arm-none-eabi/14.2.0/../../../../arm-none-eabi/lib/thumb/v7-m/nofp/libc_nano.a(libc_a-closer.o)
                                                  /usr/lib/gcc/arm-none-eabi/14.2.0/../../../../arm-none-eabi/lib/thumb/v7-m/nofp/libc_nano.a(libc_a-stdio.o)
_ebss                                             build/debug/startup_stm32f103xb.o
_edata                                            build/debug/startup_stm32f103xb.o
_end                                              build/debug/sysmem.o
_estack                                           build/debug/startup_stm32f103xb.o
                                                  build/debug/sysmem.o
_execve                                           build/debug/syscalls.o
_exit                                             build/debug/syscalls.o
                                                  /usr/lib/gcc/arm-none-eabi/14.2.0/../../../../arm-none-eabi/lib/thumb/v7-m/nofp/libc_nano.a(libc_a-exit.o)
_fflush_r                                         /usr/lib/gcc/arm-none-eabi/14.2.0/../../../../arm-none-eabi/lib/thumb/v7-m/nofp/libc_nano.a(libc_a-fflush.o)
                                                  /usr/lib/gcc/arm-none-eabi/14.2.0/../../../../arm-none-eabi/lib/thumb/v7-m/nofp/libc_nano.a(libc_a-findfp.o)
_fini                                             /usr/lib/gcc/arm-none-eabi/14.2.0/thumb/v7-m/nofp/crti.o
                                                  /usr/lib/gcc/arm-none-eabi/14.2.0/../../../../arm-none-eabi/lib/thumb/v7-m/nofp/libc_nano.a(libc_a-fini.o)
_fork                                             build/debug/syscalls.o
_free_r                                           /usr/lib/gcc/arm-none-eabi/14.2.0/../../../../arm-none-eabi/lib/thumb/v7-m/nofp/libc_nano.a(libc_a-freer.o)
                                                  /usr/lib/gcc/arm-none-eabi/14.2.0/../../../../arm-none-eabi/lib/thumb/v7-m/nofp/libc_nano.a(libc_a-fflush.o)
                                                  /usr/lib/gcc/arm-none-eabi/14.2.0/../../../../arm-none-eabi/lib/thumb/v7-m/nofp/libc_nano.a(libc_a-reent.o)
_fstat                                            build/debug/syscalls.o
_fwalk_sglue                                      /usr/lib/gcc/arm-none-eabi/14.2.0/../../../../arm-none-eabi/lib/thumb/v7-m/nofp/libc_nano.a(libc_a-fwalk.o)
                                                  /usr/lib/gcc/arm-none-eabi/14.2.0/../../../../arm-none-eabi/lib/thumb/v7-m/nofp/libc_nano.a(libc_a-fflush.o)
                                                  /usr/lib/gcc/arm-none-eabi/14.2.0/../../../../arm-none-eabi/lib/thumb/v7-m/nofp/libc_nano.a(libc_a-findfp.o)
_getpid                                           build/debug/syscalls.o
_impure_data                                      /usr/lib/gcc/arm-none-eabi/14.2.0/../../../../arm-none-eabi/lib/thumb/v7-m/nofp/libc_nano.a(libc_a-impure.o)
                                                  /usr/lib/gcc/arm-none-eabi/14.2.0/../../../../arm-none-eabi/lib/thumb/v7-m/nofp/libc_nano.a(libc_a-fflush.o)
                                                  /usr/lib/gcc/arm-none-eabi/14.2.0/../../../../arm-none-eabi/lib/thumb/v7-m/nofp/libc_nano.a(libc_a-findfp.o)
_impure_ptr                                       /usr/lib/gcc/arm-none-eabi/14.2.0/../../../../arm-none-eabi/lib/thumb/v7-m/nofp/libc_nano.a(libc_a-impure.o)
                                                  /usr/lib/gcc/arm-none-eabi/14.2.0/../../../../arm-none-eabi/lib/thumb/v7-m/nofp/libc_nano.a(libc_a-fflush.o)
                                                  /usr/lib/gcc/arm-none-eabi/14.2.0/../../../../arm-none-eabi/lib/thumb/v7-m/nofp/libc_nano.a(libc_a-errno.o)
                                                  /usr/lib/gcc/arm-none-eabi/14.2.0/../../../../arm-none-eabi/lib/thumb/v7-m/nofp/libc_nano.a(libc_a-reent.o)
_init                                             /usr/lib/gcc/arm-none-eabi/14.2.0/thumb/v7-m/nofp/crti.o
                                                  /usr/lib/gcc/arm-none-eabi/14.2.0/../../../../arm-none-eabi/lib/thumb/v7-m/nofp/libc_nano.a(libc_a-init.o)
_isatty                                           build/debug/syscalls.o
_kill                                             build/debug/syscalls.o
_link                                             build/debug/syscalls.o
_lseek                                            build/debug/syscalls.o
                                                  /usr/lib/gcc/arm-none-eabi/14.2.0/../../../../arm-none-eabi/lib/thumb/v7-m/nofp/libc_nano.a(libc_a-lseekr.o)
_lseek_r                                          /usr/lib/gcc/arm-none-eabi/14.2.0/../../../../arm-none-eabi/lib/thumb/v7-m/nofp/libc_nano.a(libc_a-lseekr.o)
                                                  /usr/lib/gcc/arm-none-eabi/14.2.0/../../../../arm-none-eabi/lib/thumb/v7-m/nofp/libc_nano.a(libc_a-stdio.o)
_mainCRTStartup                                   /usr/lib/gcc/arm-none-eabi/14.2.0/../../../../arm-none-eabi/lib/thumb/v7-m/nofp/crt0.o
_malloc_r                                         /usr/lib/gcc/arm-none-eabi/14.2.0/../../../../arm-none-eabi/lib/thumb/v7-m/nofp/libc_nano.a(libc_a-mallocr.o)
                                                  /usr/lib/gcc/arm-none-eabi/14.2.0/../../../../arm-none-eabi/lib/thumb/v7-m/nofp/libc_nano.a(libc_a-findfp.o)
_open                                             build/debug/syscalls.o
_read                                             build/debug/syscalls.o
                                                  /usr/lib/gcc/arm-none-eabi/14.2.0/../../../../arm-none-eabi/lib/thumb/v7-m/nofp/libc_nano.a(libc_a-readr.o)
_read_r                                           /usr/lib/gcc/arm-none-eabi/14.2.0/../../../../arm-none-eabi/lib/thumb/v7-m/nofp/libc_nano.a(libc_a-readr.o)
                                                  /usr/lib/gcc/arm-none-eabi/14.2.0/../../../../arm-none-eabi/lib/thumb/v7-m/nofp/libc_nano.a(libc_a-stdio.o)
_reclaim_reent                                    /usr/lib/gcc/arm-none-eabi/14.2.0/../../../../arm-none-eabi/lib/thumb/v7-m/nofp/libc_nano.a(libc_a-reent.o)
_sbrk                                             build/debug/sysmem.o
                                                  /usr/lib/gcc/arm-none-eabi/14.2.0/../../../../arm-none-eabi/lib/thumb/v7-m/nofp/libc_nano.a(libc_a-sbrkr.o)
_sbrk_r                                           /usr/lib/gcc/arm-none-eabi/14.2.0/../../../../arm-none-eabi/lib/thumb/v7-m/nofp/libc_nano.a(libc_a-sbrkr.o)
                                                  /usr/lib/gcc/arm-none-eabi/14.2.0/../../../../arm-none-eabi/lib/thumb/v7-m/nofp/libc_nano.a(libc_a-mallocr.o)
_sbss                                             build/debug/startup_stm32f103xb.o
_sdata                                            build/debug/startup_stm32f103xb.o
_sidata                                           build/debug/startup_stm32f103xb.o
_stack_init                                       /usr/lib/gcc/arm-none-eabi/14.2.0/../../../../arm-none-eabi/lib/thumb/v7-m/nofp/crt0.o
_start                                            /usr/lib/gcc/arm-none-eabi/14.2.0/../../../../arm-none-eabi/lib/thumb/v7-m/nofp/crt0.o
_stat                                             build/debug/syscalls.o
_times                                            build/debug/syscalls.o
_unlink                                           build/debug/syscalls.o
_wait                                             build/debug/syscalls.o
_write                                            build/debug/syscalls.o
                                                  /usr/lib/gcc/arm-none-eabi/14.2.0/../../../../arm-none-eabi/lib/thumb/v7-m/nofp/libc_nano.a(libc_a-writer.o)
_write_r                                          /usr/lib/gcc/arm-none-eabi/14.2.0/../../../../arm-none-eabi/lib/thumb/v7-m/nofp/libc_nano.a(libc_a-writer.o)
                                                  /usr/lib/gcc/arm-none-eabi/14.2.0/../../../../arm-none-eabi/lib/thumb/v7-m/nofp/libc_nano.a(libc_a-stdio.o)
atexit                                            /usr/lib/gcc/arm-none-eabi/14.2.0/../../../../arm-none-eabi/lib/thumb/v7-m/nofp/libc_nano.a(libc_a-atexit.o)
                                                  /usr/lib/gcc/arm-none-eabi/14.2.0/../../../../arm-none-eabi/lib/thumb/v7-m/nofp/crt0.o
environ                                           build/debug/syscalls.o
errno                                             /usr/lib/gcc/arm-none-eabi/14.2.0/../../../../arm-none-eabi/lib/thumb/v7-m/nofp/libc_nano.a(libc_a-reent.o)
                                                  /usr/lib/gcc/arm-none-eabi/14.2.0/../../../../arm-none-eabi/lib/thumb/v7-m/nofp/libc_nano.a(libc_a-sbrkr.o)
                                                  /usr/lib/gcc/arm-none-eabi/14.2.0/../../../../arm-none-eabi/lib/thumb/v7-m/nofp/libc_nano.a(libc_a-writer.o)
                                                  /usr/lib/gcc/arm-none-eabi/14.2.0/../../../../arm-none-eabi/lib/thumb/v7-m/nofp/libc_nano.a(libc_a-readr.o)
                                                  /usr/lib/gcc/arm-none-eabi/14.2.0/../../../../arm-none-eabi/lib/thumb/v7-m/nofp/libc_nano.a(libc_a-lseekr.o)
                                                  /usr/lib/gcc/arm-none-eabi/14.2.0/../../../../arm-none-eabi/lib/thumb/v7-m/nofp/libc_nano.a(libc_a-closer.o)
exit                                              /usr/lib/gcc/arm-none-eabi/14.2.0/../../../../arm-none-eabi/lib/thumb/v7-m/nofp/libc_nano.a(libc_a-exit.o)
                                                  /usr/lib/gcc/arm-none-eabi/14.2.0/../../../../arm-none-eabi/lib/thumb/v7-m/nofp/crt0.o
fflush                                            /usr/lib/gcc/arm-none-eabi/14.2.0/../../../../arm-none-eabi/lib/thumb/v7-m/nofp/libc_nano.a(libc_a-fflush.o)
g_pfnVectors                                      build/debug/startup_stm32f103xb.o
hardware_init_hook                                /usr/lib/gcc/arm-none-eabi/14.2.0/../../../../arm-none-eabi/lib/thumb/v7-m/nofp/crt0.o
initialise_monitor_handles                        build/debug/syscalls.o
main                                              build/debug/main.o
                                                  build/debug/startup_stm32f103xb.o
                                                  /usr/lib/gcc/arm-none-eabi/14.2.0/../../../../arm-none-eabi/lib/thumb/v7-m/nofp/crt0.o
malloc                                            /usr/lib/gcc/arm-none-eabi/14.2.0/../../../../arm-none-eabi/lib/thumb/v7-m/nofp/libc_nano.a(libc_a-__atexit.o)
memset                                            /usr/lib/gcc/arm-none-eabi/14.2.0/../../../../arm-none-eabi/lib/thumb/v7-m/nofp/libc_nano.a(libc_a-memset.o)
                                                  /usr/lib/gcc/arm-none-eabi/14.2.0/../../../../arm-none-eabi/lib/thumb/v7-m/nofp/libc_nano.a(libc_a-findfp.o)
                                                  build/debug/main.o
                                                  /usr/lib/gcc/arm-none-eabi/14.2.0/../../../../arm-none-eabi/lib/thumb/v7-m/nofp/crt0.o
pFlash                                            build/debug/stm32f1xx_hal_flash.o
                                                  build/debug/stm32f1xx_hal_flash_ex.o
software_init_hook                                /usr/lib/gcc/arm-none-eabi/14.2.0/../../../../arm-none-eabi/lib/thumb/v7-m/nofp/crt0.o
uwTick                                            build/debug/stm32f1xx_hal.o
uwTickFreq                                        build/debug/stm32f1xx_hal.o
uwTickPrio                                        build/debug/stm32f1xx_hal.o
                                                  build/debug/stm32f1xx_hal_rcc.o
