Archive member included to satisfy reference by file (symbol)

/usr/lib/gcc/arm-none-eabi/14.2.0/../../../../arm-none-eabi/lib/thumb/v7-m/nofp/libc_nano.a(libc_a-atexit.o)
                              /usr/lib/gcc/arm-none-eabi/14.2.0/../../../../arm-none-eabi/lib/thumb/v7-m/nofp/crt0.o (atexit)
/usr/lib/gcc/arm-none-eabi/14.2.0/../../../../arm-none-eabi/lib/thumb/v7-m/nofp/libc_nano.a(libc_a-exit.o)
                              /usr/lib/gcc/arm-none-eabi/14.2.0/../../../../arm-none-eabi/lib/thumb/v7-m/nofp/crt0.o (exit)
/usr/lib/gcc/arm-none-eabi/14.2.0/../../../../arm-none-eabi/lib/thumb/v7-m/nofp/libc_nano.a(libc_a-findfp.o)
                              /usr/lib/gcc/arm-none-eabi/14.2.0/../../../../arm-none-eabi/lib/thumb/v7-m/nofp/libc_nano.a(libc_a-exit.o) (__stdio_exit_handler)
/usr/lib/gcc/arm-none-eabi/14.2.0/../../../../arm-none-eabi/lib/thumb/v7-m/nofp/libc_nano.a(libc_a-fwalk.o)
                              /usr/lib/gcc/arm-none-eabi/14.2.0/../../../../arm-none-eabi/lib/thumb/v7-m/nofp/libc_nano.a(libc_a-findfp.o) (_fwalk_sglue)
/usr/lib/gcc/arm-none-eabi/14.2.0/../../../../arm-none-eabi/lib/thumb/v7-m/nofp/libc_nano.a(libc_a-stdio.o)
                              /usr/lib/gcc/arm-none-eabi/14.2.0/../../../../arm-none-eabi/lib/thumb/v7-m/nofp/libc_nano.a(libc_a-findfp.o) (__sread)
/usr/lib/gcc/arm-none-eabi/14.2.0/../../../../arm-none-eabi/lib/thumb/v7-m/nofp/libc_nano.a(libc_a-memset.o)
                              /usr/lib/gcc/arm-none-eabi/14.2.0/../../../../arm-none-eabi/lib/thumb/v7-m/nofp/crt0.o (memset)
/usr/lib/gcc/arm-none-eabi/14.2.0/../../../../arm-none-eabi/lib/thumb/v7-m/nofp/libc_nano.a(libc_a-closer.o)
                              /usr/lib/gcc/arm-none-eabi/14.2.0/../../../../arm-none-eabi/lib/thumb/v7-m/nofp/libc_nano.a(libc_a-stdio.o) (_close_r)
/usr/lib/gcc/arm-none-eabi/14.2.0/../../../../arm-none-eabi/lib/thumb/v7-m/nofp/libc_nano.a(libc_a-reent.o)
                              /usr/lib/gcc/arm-none-eabi/14.2.0/../../../../arm-none-eabi/lib/thumb/v7-m/nofp/libc_nano.a(libc_a-closer.o) (errno)
/usr/lib/gcc/arm-none-eabi/14.2.0/../../../../arm-none-eabi/lib/thumb/v7-m/nofp/libc_nano.a(libc_a-impure.o)
                              /usr/lib/gcc/arm-none-eabi/14.2.0/../../../../arm-none-eabi/lib/thumb/v7-m/nofp/libc_nano.a(libc_a-reent.o) (_impure_ptr)
/usr/lib/gcc/arm-none-eabi/14.2.0/../../../../arm-none-eabi/lib/thumb/v7-m/nofp/libc_nano.a(libc_a-lseekr.o)
                              /usr/lib/gcc/arm-none-eabi/14.2.0/../../../../arm-none-eabi/lib/thumb/v7-m/nofp/libc_nano.a(libc_a-stdio.o) (_lseek_r)
/usr/lib/gcc/arm-none-eabi/14.2.0/../../../../arm-none-eabi/lib/thumb/v7-m/nofp/libc_nano.a(libc_a-readr.o)
                              /usr/lib/gcc/arm-none-eabi/14.2.0/../../../../arm-none-eabi/lib/thumb/v7-m/nofp/libc_nano.a(libc_a-stdio.o) (_read_r)
/usr/lib/gcc/arm-none-eabi/14.2.0/../../../../arm-none-eabi/lib/thumb/v7-m/nofp/libc_nano.a(libc_a-writer.o)
                              /usr/lib/gcc/arm-none-eabi/14.2.0/../../../../arm-none-eabi/lib/thumb/v7-m/nofp/libc_nano.a(libc_a-stdio.o) (_write_r)
/usr/lib/gcc/arm-none-eabi/14.2.0/../../../../arm-none-eabi/lib/thumb/v7-m/nofp/libc_nano.a(libc_a-errno.o)
                              build/debug/syscalls.o (__errno)
/usr/lib/gcc/arm-none-eabi/14.2.0/../../../../arm-none-eabi/lib/thumb/v7-m/nofp/libc_nano.a(libc_a-init.o)
                              /usr/lib/gcc/arm-none-eabi/14.2.0/../../../../arm-none-eabi/lib/thumb/v7-m/nofp/crt0.o (__libc_init_array)
/usr/lib/gcc/arm-none-eabi/14.2.0/../../../../arm-none-eabi/lib/thumb/v7-m/nofp/libc_nano.a(libc_a-fini.o)
                              /usr/lib/gcc/arm-none-eabi/14.2.0/../../../../arm-none-eabi/lib/thumb/v7-m/nofp/crt0.o (__libc_fini_array)
/usr/lib/gcc/arm-none-eabi/14.2.0/../../../../arm-none-eabi/lib/thumb/v7-m/nofp/libc_nano.a(libc_a-lock.o)
                              /usr/lib/gcc/arm-none-eabi/14.2.0/../../../../arm-none-eabi/lib/thumb/v7-m/nofp/libc_nano.a(libc_a-findfp.o) (__retarget_lock_init_recursive)
/usr/lib/gcc/arm-none-eabi/14.2.0/../../../../arm-none-eabi/lib/thumb/v7-m/nofp/libc_nano.a(libc_a-__atexit.o)
                              /usr/lib/gcc/arm-none-eabi/14.2.0/../../../../arm-none-eabi/lib/thumb/v7-m/nofp/libc_nano.a(libc_a-atexit.o) (__register_exitproc)
/usr/lib/gcc/arm-none-eabi/14.2.0/../../../../arm-none-eabi/lib/thumb/v7-m/nofp/libc_nano.a(libc_a-__call_atexit.o)
                              /usr/lib/gcc/arm-none-eabi/14.2.0/../../../../arm-none-eabi/lib/thumb/v7-m/nofp/libc_nano.a(libc_a-__atexit.o) (__call_exitprocs)
/usr/lib/gcc/arm-none-eabi/14.2.0/../../../../arm-none-eabi/lib/thumb/v7-m/nofp/libc_nano.a(libc_a-freer.o)
                              /usr/lib/gcc/arm-none-eabi/14.2.0/../../../../arm-none-eabi/lib/thumb/v7-m/nofp/libc_nano.a(libc_a-reent.o) (_free_r)
/usr/lib/gcc/arm-none-eabi/14.2.0/../../../../arm-none-eabi/lib/thumb/v7-m/nofp/libc_nano.a(libc_a-mallocr.o)
[...]
Memory Configuration

Name             Origin             Length             Attributes
RAM              0x20000000         0x00005000         xrw
FLASH            0x08000000         0x00010000         xr
*default*        0x00000000         0xffffffff

Linker script and memory map

LOAD /usr/lib/gcc/arm-none-eabi/14.2.0/thumb/v7-m/nofp/crti.o
LOAD /usr/lib/gcc/arm-none-eabi/14.2.0/thumb/v7-m/nofp/crtbegin.o
LOAD /usr/lib/gcc/arm-none-eabi/14.2.0/../../../../arm-none-eabi/lib/thumb/v7-m/nofp/crt0.o
LOAD build/debug/main.o
LOAD build/debug/stm32f1xx_hal.o
LOAD build/debug/stm32f1xx_hal_adc.o
LOAD build/debug/stm32f1xx_hal_adc_ex.o
LOAD build/debug/stm32f1xx_hal_cortex.o
LOAD build/debug/stm32f1xx_hal_dma.o
LOAD build/debug/stm32f1xx_hal_exti.o
LOAD build/debug/stm32f1xx_hal_flash.o
LOAD build/debug/stm32f1xx_hal_flash_ex.o
LOAD build/debug/stm32f1xx_hal_gpio.o
LOAD build/debug/stm32f1xx_hal_gpio_ex.o
LOAD build/debug/stm32f1xx_hal_msp.o
LOAD build/debug/stm32f1xx_hal_pwr.o
LOAD build/debug/stm32f1xx_hal_rcc.o
LOAD build/debug/stm32f1xx_hal_rcc_ex.o
LOAD build/debug/stm32f1xx_hal_tim.o
LOAD build/debug/stm32f1xx_hal_tim_ex.o
LOAD build/debug/stm32f1xx_it.o
LOAD build/debug/syscalls.o
LOAD build/debug/sysmem.o
LOAD build/debug/system_stm32f1xx.o
LOAD build/debug/startup_stm32f103xb.o
LOAD /usr/lib/gcc/arm-none-eabi/14.2.0/../../../../arm-none-eabi/lib/thumb/v7-m/nofp/libc_nano.a
LOAD /usr/lib/gcc/arm-none-eabi/14.2.0/../../../../arm-none-eabi/lib/thumb/v7-m/nofp/libm.a
LOAD /usr/lib/gcc/arm-none-eabi/14.2.0/../../../../arm-none-eabi/lib/thumb/v7-m/nofp/libnosys.a
START GROUP
LOAD /usr/lib/gcc/arm-none-eabi/14.2.0/thumb/v7-m/nofp/libgcc.a
LOAD /usr/lib/gcc/arm-none-eabi/14.2.0/../../../../arm-none-eabi/lib/thumb/v7-m/nofp/libc_nano.a
END GROUP
START GROUP
LOAD /usr/lib/gcc/arm-none-eabi/14.2.0/thumb/v7-m/nofp/libgcc.a
LOAD /usr/lib/gcc/arm-none-eabi/14.2.0/../../../../arm-none-eabi/lib/thumb/v7-m/nofp/libc_nano.a
END GROUP
LOAD /usr/lib/gcc/arm-none-eabi/14.2.0/thumb/v7-m/nofp/crtend.o
LOAD /usr/lib/gcc/arm-none-eabi/14.2.0/thumb/v7-m/nofp/crtn.o
                0x20005000                        _estack = (ORIGIN (RAM) + LENGTH (RAM))
                0x00000200                        _Min_Heap_Size = 0x200
                0x00000400                        _Min_Stack_Size = 0x400

.isr_vector     0x08000000      0x10c
                0x08000000                        . = ALIGN (0x4)
 *(.isr_vector)
 .isr_vector    0x08000000      0x10c build/debug/startup_stm32f103xb.o
                0x08000000                g_pfnVectors
                0x0800010c                        . = ALIGN (0x4)

.text           0x0800010c     0x1aac
                0x0800010c                        . = ALIGN (0x4)
 *(.text)
 *(.text*)
 .text.__do_global_dtors_aux
                0x0800010c       0x24 /usr/lib/gcc/arm-none-eabi/14.2.0/thumb/v7-m/nofp/crtbegin.o
 .text.frame_dummy
                0x08000130       0x1c /usr/lib/gcc/arm-none-eabi/14.2.0/thumb/v7-m/nofp/crtbegin.o
 .text.MX_GPIO_Init
                0x0800014c       0x68 build/debug/main.o
 .text.Error_Handler
                0x080001b4        0x4 build/debug/main.o
                0x080001b4                Error_Handler
 .text.MX_ADC1_Init
                0x080001b8       0x54 build/debug/main.o
 .text.MX_TIM1_Init
                0x0800020c       0xac build/debug/main.o
 .text.SystemClock_Config
                0x080002b8       0x82 build/debug/main.o
                0x080002b8                SystemClock_Config
 *fill*         0x0800033a        0x2 
 .text.main     0x0800033c       0x64 build/debug/main.o
                0x0800033c                main
 .text.HAL_InitTick
                0x080003a0       0x4c build/debug/stm32f1xx_hal.o
                0x080003a0                HAL_InitTick
 .text.HAL_Init
                0x080003ec       0x24 build/debug/stm32f1xx_hal.o
                0x080003ec                HAL_Init
 .text.HAL_IncTick
                0x08000410       0x18 build/debug/stm32f1xx_hal.o
                0x08000410                HAL_IncTick
 .text.HAL_GetTick
                0x08000428        0xc build/debug/stm32f1xx_hal.o
                0x08000428                HAL_GetTick
 .text.HAL_Delay
                0x08000434       0x28 build/debug/stm32f1xx_hal.o
                0x08000434                HAL_Delay
 .text.HAL_ADC_PollForConversion
                0x0800045c      0x184 build/debug/stm32f1xx_hal_adc.o
                0x0800045c                HAL_ADC_PollForConversion
 .text.HAL_ADC_GetValue
                0x080005e0        0x6 build/debug/stm32f1xx_hal_adc.o
                0x080005e0                HAL_ADC_GetValue
 *fill*         0x080005e6        0x2 
 .text.HAL_ADC_ConfigChannel
                0x080005e8      0x140 build/debug/stm32f1xx_hal_adc.o
                0x080005e8                HAL_ADC_ConfigChannel
 .text.ADC_Enable
                0x08000728       0x88 build/debug/stm32f1xx_hal_adc.o
                0x08000728                ADC_Enable
 .text.HAL_ADC_Start
                0x080007b0       0xe8 build/debug/stm32f1xx_hal_adc.o
                0x080007b0                HAL_ADC_Start
 .text.ADC_ConversionStop_Disable
                0x08000898       0x56 build/debug/stm32f1xx_hal_adc.o
                0x08000898                ADC_ConversionStop_Disable
 *fill*         0x080008ee        0x2 
 .text.HAL_ADC_Init
                0x080008f0      0x108 build/debug/stm32f1xx_hal_adc.o
                0x080008f0                HAL_ADC_Init
 .text.__NVIC_SetPriority
                0x080009f8       0x28 build/debug/stm32f1xx_hal_cortex.o
 .text.NVIC_EncodePriority
                0x08000a20       0x3e build/debug/stm32f1xx_hal_cortex.o
 *fill*         0x08000a5e        0x2 
 .text.HAL_NVIC_SetPriorityGrouping
                0x08000a60       0x24 build/debug/stm32f1xx_hal_cortex.o
                0x08000a60                HAL_NVIC_SetPriorityGrouping
 .text.HAL_NVIC_SetPriority
                0x08000a84       0x20 build/debug/stm32f1xx_hal_cortex.o
                0x08000a84                HAL_NVIC_SetPriority
 .text.HAL_SYSTICK_Config
                0x08000aa4       0x28 build/debug/stm32f1xx_hal_cortex.o
                0x08000aa4                HAL_SYSTICK_Config
 .text.HAL_GPIO_Init
                0x08000acc      0x214 build/debug/stm32f1xx_hal_gpio.o
                0x08000acc                HAL_GPIO_Init
 .text.HAL_GPIO_WritePin
                0x08000ce0        0xc build/debug/stm32f1xx_hal_gpio.o
                0x08000ce0                HAL_GPIO_WritePin
 .text.HAL_MspInit
                0x08000cec       0x44 build/debug/stm32f1xx_hal_msp.o
                0x08000cec                HAL_MspInit
 .text.HAL_ADC_MspInit
                0x08000d30       0x60 build/debug/stm32f1xx_hal_msp.o
                0x08000d30                HAL_ADC_MspInit
 .text.HAL_TIM_PWM_MspInit
                0x08000d90       0x2c build/debug/stm32f1xx_hal_msp.o
                0x08000d90                HAL_TIM_PWM_MspInit
 .text.HAL_TIM_MspPostInit
                0x08000dbc       0x50 build/debug/stm32f1xx_hal_msp.o
                0x08000dbc                HAL_TIM_MspPostInit
 .text.RCC_Delay
                0x08000e0c       0x2c build/debug/stm32f1xx_hal_rcc.o
 .text.HAL_RCC_OscConfig
                0x08000e38      0x410 build/debug/stm32f1xx_hal_rcc.o
                0x08000e38                HAL_RCC_OscConfig
 .text.HAL_RCC_GetSysClockFreq
                0x08001248       0x54 build/debug/stm32f1xx_hal_rcc.o
                0x08001248                HAL_RCC_GetSysClockFreq
 .text.HAL_RCC_ClockConfig
                0x0800129c      0x16c build/debug/stm32f1xx_hal_rcc.o
                0x0800129c                HAL_RCC_ClockConfig
 .text.HAL_RCC_GetHCLKFreq
                0x08001408        0xc build/debug/stm32f1xx_hal_rcc.o
                0x08001408                HAL_RCC_GetHCLKFreq
 .text.HAL_RCC_GetPCLK2Freq
                0x08001414       0x20 build/debug/stm32f1xx_hal_rcc.o
                0x08001414                HAL_RCC_GetPCLK2Freq
 .text.HAL_RCCEx_PeriphCLKConfig
                0x08001434      0x118 build/debug/stm32f1xx_hal_rcc_ex.o
                0x08001434                HAL_RCCEx_PeriphCLKConfig
 .text.HAL_RCCEx_GetPeriphCLKFreq
                0x0800154c       0xd8 build/debug/stm32f1xx_hal_rcc_ex.o
                0x0800154c                HAL_RCCEx_GetPeriphCLKFreq
 .text.TIM_OC1_SetConfig
                0x08001624       0x54 build/debug/stm32f1xx_hal_tim.o
 .text.TIM_OC3_SetConfig
                0x08001678       0x5c build/debug/stm32f1xx_hal_tim.o
 .text.TIM_OC4_SetConfig
                0x080016d4       0x48 build/debug/stm32f1xx_hal_tim.o
 .text.TIM_Base_SetConfig
                0x0800171c       0x84 build/debug/stm32f1xx_hal_tim.o
                0x0800171c                TIM_Base_SetConfig
 .text.HAL_TIM_PWM_Init
                0x080017a0       0x58 build/debug/stm32f1xx_hal_tim.o
                0x080017a0                HAL_TIM_PWM_Init
 .text.TIM_OC2_SetConfig
                0x080017f8       0x5c build/debug/stm32f1xx_hal_tim.o
                0x080017f8                TIM_OC2_SetConfig
 .text.HAL_TIM_PWM_ConfigChannel
                0x08001854       0xdc build/debug/stm32f1xx_hal_tim.o
                0x08001854                HAL_TIM_PWM_ConfigChannel
 .text.TIM_CCxChannelCmd
                0x08001930       0x1e build/debug/stm32f1xx_hal_tim.o
                0x08001930                TIM_CCxChannelCmd
 *fill*         0x0800194e        0x2 
 .text.HAL_TIM_PWM_Start
                0x08001950       0xd4 build/debug/stm32f1xx_hal_tim.o
                0x08001950                HAL_TIM_PWM_Start
 .text.HAL_TIMEx_MasterConfigSynchronization
                0x08001a24       0x6c build/debug/stm32f1xx_hal_tim_ex.o
                0x08001a24                HAL_TIMEx_MasterConfigSynchronization
 .text.HAL_TIMEx_ConfigBreakDeadTime
                0x08001a90       0x52 build/debug/stm32f1xx_hal_tim_ex.o
                0x08001a90                HAL_TIMEx_ConfigBreakDeadTime
 .text.NMI_Handler
                0x08001ae2        0x2 build/debug/stm32f1xx_it.o
                0x08001ae2                NMI_Handler
 .text.HardFault_Handler
                0x08001ae4        0x2 build/debug/stm32f1xx_it.o
                0x08001ae4                HardFault_Handler
 .text.MemManage_Handler
                0x08001ae6        0x2 build/debug/stm32f1xx_it.o
                0x08001ae6                MemManage_Handler
 .text.BusFault_Handler
                0x08001ae8        0x2 build/debug/stm32f1xx_it.o
                0x08001ae8                BusFault_Handler
 .text.UsageFault_Handler
                0x08001aea        0x2 build/debug/stm32f1xx_it.o
                0x08001aea                UsageFault_Handler
 .text.SVC_Handler
                0x08001aec        0x2 build/debug/stm32f1xx_it.o
                0x08001aec                SVC_Handler
 .text.DebugMon_Handler
                0x08001aee        0x2 build/debug/stm32f1xx_it.o
                0x08001aee                DebugMon_Handler
 .text.PendSV_Handler
                0x08001af0        0x2 build/debug/stm32f1xx_it.o
                0x08001af0                PendSV_Handler
 .text.SysTick_Handler
                0x08001af2        0x8 build/debug/stm32f1xx_it.o
                0x08001af2                SysTick_Handler
 .text.SystemInit
                0x08001afa        0x2 build/debug/system_stm32f1xx.o
                0x08001afa                SystemInit
 .text.Reset_Handler
                0x08001afc       0x48 build/debug/startup_stm32f103xb.o
                0x08001afc                Reset_Handler
 .text.Default_Handler
                0x08001b44        0x2 build/debug/startup_stm32f103xb.o
                0x08001b44                RTC_Alarm_IRQHandler
                0x08001b44                EXTI2_IRQHandler
                0x08001b44                TIM1_CC_IRQHandler
                0x08001b44                PVD_IRQHandler
                0x08001b44                EXTI3_IRQHandler
                0x08001b44                EXTI0_IRQHandler
                0x08001b44                I2C2_EV_IRQHandler
                0x08001b44                ADC1_2_IRQHandler
                0x08001b44                SPI1_IRQHandler
                0x08001b44                TAMPER_IRQHandler
                0x08001b44                DMA1_Channel4_IRQHandler
                0x08001b44                USART3_IRQHandler
                0x08001b44                RTC_IRQHandler
                0x08001b44                DMA1_Channel7_IRQHandler
                0x08001b44                CAN1_RX1_IRQHandler
                0x08001b44                TIM4_IRQHandler
                0x08001b44                I2C1_EV_IRQHandler
                0x08001b44                DMA1_Channel6_IRQHandler
                0x08001b44                TIM3_IRQHandler
                0x08001b44                RCC_IRQHandler
                0x08001b44                TIM1_TRG_COM_IRQHandler
                0x08001b44                DMA1_Channel1_IRQHandler
                0x08001b44                Default_Handler
                0x08001b44                EXTI15_10_IRQHandler
                0x08001b44                EXTI9_5_IRQHandler
                0x08001b44                SPI2_IRQHandler
                0x08001b44                DMA1_Channel5_IRQHandler
                0x08001b44                EXTI4_IRQHandler
                0x08001b44                USB_LP_CAN1_RX0_IRQHandler
                0x08001b44                USB_HP_CAN1_TX_IRQHandler
                0x08001b44                DMA1_Channel3_IRQHandler
                0x08001b44                TIM1_UP_IRQHandler
                0x08001b44                WWDG_IRQHandler
                0x08001b44                TIM2_IRQHandler
                0x08001b44                TIM1_BRK_IRQHandler
                0x08001b44                EXTI1_IRQHandler
                0x08001b44                USART2_IRQHandler
                0x08001b44                I2C2_ER_IRQHandler
                0x08001b44                DMA1_Channel2_IRQHandler
                0x08001b44                CAN1_SCE_IRQHandler
                0x08001b44                FLASH_IRQHandler
                0x08001b44                USART1_IRQHandler
                0x08001b44                I2C1_ER_IRQHandler
                0x08001b44                USBWakeUp_IRQHandler
 .text.memset   0x08001b46       0x10 /usr/lib/gcc/arm-none-eabi/14.2.0/../../../../arm-none-eabi/lib/thumb/v7-m/nofp/libc_nano.a(libc_a-memset.o)
                0x08001b46                memset
 *fill*         0x08001b56        0x2 
 .text.__libc_init_array
                0x08001b58       0x48 /usr/lib/gcc/arm-none-eabi/14.2.0/../../../../arm-none-eabi/lib/thumb/v7-m/nofp/libc_nano.a(libc_a-init.o)
                0x08001b58                __libc_init_array
 *(.glue_7)
 .glue_7        0x08001ba0        0x0 linker stubs
 *(.glue_7t)
 .glue_7t       0x08001ba0        0x0 linker stubs
 *(.eh_frame)
 .eh_frame      0x08001ba0        0x0 /usr/lib/gcc/arm-none-eabi/14.2.0/thumb/v7-m/nofp/crtbegin.o
 *(.init)
 .init          0x08001ba0        0x4 /usr/lib/gcc/arm-none-eabi/14.2.0/thumb/v7-m/nofp/crti.o
                0x08001ba0                _init
 .init          0x08001ba4        0x8 /usr/lib/gcc/arm-none-eabi/14.2.0/thumb/v7-m/nofp/crtn.o
 *(.fini)
 .fini          0x08001bac        0x4 /usr/lib/gcc/arm-none-eabi/14.2.0/thumb/v7-m/nofp/crti.o
                0x08001bac                _fini
 .fini          0x08001bb0        0x8 /usr/lib/gcc/arm-none-eabi/14.2.0/thumb/v7-m/nofp/crtn.o
                0x08001bb8                        . = ALIGN (0x4)
                0x08001bb8                        _etext = .

.vfp11_veneer   0x08001bb8        0x0
 .vfp11_veneer  0x08001bb8        0x0 linker stubs

.v4_bx          0x08001bb8        0x0
 .v4_bx         0x08001bb8        0x0 linker stubs

.iplt           0x08001bb8        0x0
 .iplt          0x08001bb8        0x0 /usr/lib/gcc/arm-none-eabi/14.2.0/thumb/v7-m/nofp/crtbegin.o

.rodata         0x08001bb8       0x40
                0x08001bb8                        . = ALIGN (0x4)
 *(.rodata)
 *(.rodata*)
 .rodata.aPredivFactorTable.0
                0x08001bb8        0x2 build/debug/stm32f1xx_hal_rcc.o
 *fill*         0x08001bba        0x2 
 .rodata.aPLLMULFactorTable.1
                0x08001bbc       0x10 build/debug/stm32f1xx_hal_rcc.o
 .rodata.aPredivFactorTable.0
                0x08001bcc        0x2 build/debug/stm32f1xx_hal_rcc_ex.o
 *fill*         0x08001bce        0x2 
 .rodata.aPLLMULFactorTable.1
                0x08001bd0       0x10 build/debug/stm32f1xx_hal_rcc_ex.o
 .rodata.APBPrescTable
                0x08001be0        0x8 build/debug/system_stm32f1xx.o
                0x08001be0                APBPrescTable
 .rodata.AHBPrescTable
                0x08001be8       0x10 build/debug/system_stm32f1xx.o
                0x08001be8                AHBPrescTable
                0x08001bf8                        . = ALIGN (0x4)

.rel.dyn        0x08001bf8        0x0
 .rel.iplt      0x08001bf8        0x0 /usr/lib/gcc/arm-none-eabi/14.2.0/thumb/v7-m/nofp/crtbegin.o

.ARM.extab
 *(.ARM.extab* .gnu.linkonce.armextab.*)

.ARM            0x08001bf8        0x0
                0x08001bf8                        __exidx_start = .
 *(.ARM.exidx*)
                0x08001bf8                        __exidx_end = .

.preinit_array  0x08001bf8        0x0
                0x08001bf8                        PROVIDE (__preinit_array_start = .)
 *(.preinit_array*)
                0x08001bf8                        PROVIDE (__preinit_array_end = .)

.init_array     0x08001bf8        0x4
                0x08001bf8                        PROVIDE (__init_array_start = .)
 *(SORT_BY_NAME(.init_array.*))
 *(.init_array*)
 .init_array    0x08001bf8        0x4 /usr/lib/gcc/arm-none-eabi/14.2.0/thumb/v7-m/nofp/crtbegin.o
                0x08001bfc                        PROVIDE (__init_array_end = .)

.fini_array     0x08001bfc        0x4
                0x08001bfc                        PROVIDE (__fini_array_start = .)
 *(SORT_BY_NAME(.fini_array.*))
 *(.fini_array*)
 .fini_array    0x08001bfc        0x4 /usr/lib/gcc/arm-none-eabi/14.2.0/thumb/v7-m/nofp/crtbegin.o
                0x08001c00                        PROVIDE (__fini_array_end = .)
                0x08001c00                        _sidata = LOADADDR (.data)

.data           0x20000000        0xc load address 0x08001c00
                0x20000000                        . = ALIGN (0x4)
                0x20000000                        _sdata = .
 *(.data)
 *(.data*)
 .data.uwTickFreq
                0x20000000        0x1 build/debug/stm32f1xx_hal.o
                0x20000000                uwTickFreq
 *fill*         0x20000001        0x3 
 .data.uwTickPrio
                0x20000004        0x4 build/debug/stm32f1xx_hal.o
                0x20000004                uwTickPrio
 .data.SystemCoreClock
                0x20000008        0x4 build/debug/system_stm32f1xx.o
                0x20000008                SystemCoreClock
                0x2000000c                        . = ALIGN (0x4)
                0x2000000c                        _edata = .

.igot.plt       0x2000000c        0x0 load address 0x08001c0c
 .igot.plt      0x2000000c        0x0 /usr/lib/gcc/arm-none-eabi/14.2.0/thumb/v7-m/nofp/crtbegin.o
                0x2000000c                        . = ALIGN (0x4)

.bss            0x2000000c       0x98 load address 0x08001c0c
                0x2000000c                        _sbss = .
                0x2000000c                        __bss_start__ = _sbss
 *(.bss)
 *(.bss*)
 .bss.completed.1
                0x2000000c        0x1 /usr/lib/gcc/arm-none-eabi/14.2.0/thumb/v7-m/nofp/crtbegin.o
 *fill*         0x2000000d        0x3 
 .bss.object.0  0x20000010       0x18 /usr/lib/gcc/arm-none-eabi/14.2.0/thumb/v7-m/nofp/crtbegin.o
 .bss.htim1     0x20000028       0x48 build/debug/main.o
                0x20000028                htim1
 .bss.hadc1     0x20000070       0x30 build/debug/main.o
                0x20000070                hadc1
 .bss.uwTick    0x200000a0        0x4 build/debug/stm32f1xx_hal.o
                0x200000a0                uwTick
 *(COMMON)
                0x200000a4                        . = ALIGN (0x4)
                0x200000a4                        _ebss = .
                0x200000a4                        __bss_end__ = _ebss

._user_heap_stack
                0x200000a4      0x604 load address 0x08001c0c
                0x200000a8                        . = ALIGN (0x8)
 *fill*         0x200000a4        0x4 
                [!provide]                        PROVIDE (end = .)
                0x200000a8                        PROVIDE (_end = .)
                0x200002a8                        . = (. + _Min_Heap_Size)
 *fill*         0x200000a8      0x200 
                0x200006a8                        . = (. + _Min_Stack_Size)
 *fill*         0x200002a8      0x400 
                0x200006a8                        . = ALIGN (0x8)

/DISCARD/
 libc.a(*)
 libm.a(*)
 libgcc.a(*)
OUTPUT(build/debug/pwm-timer.elf elf32-littlearm)
LOAD linker stubs
LOAD /usr/lib/gcc/arm-none-eabi/14.2.0/../../../../arm-none-eabi/lib/thumb/v7-m/nofp/libc.a
LOAD /usr/lib/gcc/arm-none-eabi/14.2.0/../../../../arm-none-eabi/lib/thumb/v7-m/nofp/libm.a
LOAD /usr/lib/gcc/arm-none-eabi/14.2.0/thumb/v7-m/nofp/libgcc.a

.ARM.attributes
                0x00000000       0x29
 .ARM.attributes
                0x00000000       0x1d /usr/lib/gcc/arm-none-eabi/14.2.0/thumb/v7-m/nofp/crti.o
 .ARM.attributes
                0x0000001d       0x2d /usr/lib/gcc/arm-none-eabi/14.2.0/thumb/v7-m/nofp/crtbegin.o
 .ARM.attributes
                0x0000004a       0x2d build/debug/main.o
 .ARM.attributes
                0x00000077       0x2d build/debug/stm32f1xx_hal.o
 .ARM.attributes
                0x000000a4       0x2d build/debug/stm32f1xx_hal_adc.o
 .ARM.attributes
                0x000000d1       0x2d build/debug/stm32f1xx_hal_cortex.o
 .ARM.attributes
                0x000000fe       0x2d build/debug/stm32f1xx_hal_gpio.o
 .ARM.attributes
                0x0000012b       0x2d build/debug/stm32f1xx_hal_msp.o
 .ARM.attributes
                0x00000158       0x2d build/debug/stm32f1xx_hal_rcc.o
 .ARM.attributes
                0x00000185       0x2d build/debug/stm32f1xx_hal_rcc_ex.o
 .ARM.attributes
                0x000001b2       0x2d build/debug/stm32f1xx_hal_tim.o
 .ARM.attributes
                0x000001df       0x2d build/debug/stm32f1xx_hal_tim_ex.o
 .ARM.attributes
                0x0000020c       0x2d build/debug/stm32f1xx_it.o
 .ARM.attributes
                0x00000239       0x2d build/debug/system_stm32f1xx.o
 .ARM.attributes
                0x00000266       0x21 build/debug/startup_stm32f103xb.o
 .ARM.attributes
                0x00000287       0x2d /usr/lib/gcc/arm-none-eabi/14.2.0/../../../../arm-none-eabi/lib/thumb/v7-m/nofp/libc_nano.a(libc_a-memset.o)
 .ARM.attributes
                0x000002b4       0x2d /usr/lib/gcc/arm-none-eabi/14.2.0/../../../../arm-none-eabi/lib/thumb/v7-m/nofp/libc_nano.a(libc_a-init.o)
 .ARM.attributes
                0x000002e1       0x1d /usr/lib/gcc/arm-none-eabi/14.2.0/thumb/v7-m/nofp/crtn.o

.comment        0x00000000       0x1e
 .comment       0x00000000       0x1e build/debug/main.o
                                 0x1f (size before relaxing)
 .comment       0x0000001e       0x1f build/debug/stm32f1xx_hal.o
 .comment       0x0000001e       0x1f build/debug/stm32f1xx_hal_adc.o
 .comment       0x0000001e       0x1f build/debug/stm32f1xx_hal_cortex.o
 .comment       0x0000001e       0x1f build/debug/stm32f1xx_hal_gpio.o
 .comment       0x0000001e       0x1f build/debug/stm32f1xx_hal_msp.o
 .comment       0x0000001e       0x1f build/debug/stm32f1xx_hal_rcc.o
 .comment       0x0000001e       0x1f build/debug/stm32f1xx_hal_rcc_ex.o
 .comment       0x0000001e       0x1f build/debug/stm32f1xx_hal_tim.o
 .comment       0x0000001e       0x1f build/debug/stm32f1xx_hal_tim_ex.o
 .comment       0x0000001e       0x1f build/debug/stm32f1xx_it.o
 .comment       0x0000001e       0x1f build/debug/system_stm32f1xx.o
 .comment       0x0000001e       0x1f /usr/lib/gcc/arm-none-eabi/14.2.0/../../../../arm-none-eabi/lib/thumb/v7-m/nofp/libc_nano.a(libc_a-memset.o)
 .comment       0x0000001e       0x1f /usr/lib/gcc/arm-none-eabi/14.2.0/../../../../arm-none-eabi/lib/thumb/v7-m/nofp/libc_nano.a(libc_a-init.o)

.debug_info     0x00000000     0xb1cd
 .debug_info    0x00000000     0x1283 build/debug/main.o
 .debug_info    0x00001283      0x7a2 build/debug/stm32f1xx_hal.o
 .debug_info    0x00001a25      0xed9 build/debug/stm32f1xx_hal_adc.o
 .debug_info    0x000028fe      0xcd9 build/debug/stm32f1xx_hal_cortex.o
 .debug_info    0x000035d7      0x604 build/debug/stm32f1xx_hal_gpio.o
 .debug_info    0x00003bdb      0xbf9 build/debug/stm32f1xx_hal_msp.o
 .debug_info    0x000047d4      0x9c7 build/debug/stm32f1xx_hal_rcc.o
 .debug_info    0x0000519b      0x420 build/debug/stm32f1xx_hal_rcc_ex.o
 .debug_info    0x000055bb     0x3c0f build/debug/stm32f1xx_hal_tim.o
 .debug_info    0x000091ca     0x1a9e build/debug/stm32f1xx_hal_tim_ex.o
 .debug_info    0x0000ac68      0x11d build/debug/stm32f1xx_it.o
 .debug_info    0x0000ad85      0x22d build/debug/system_stm32f1xx.o
 .debug_info    0x0000afb2       0x30 build/debug/startup_stm32f103xb.o
 .debug_info    0x0000afe2       0xe0 /usr/lib/gcc/arm-none-eabi/14.2.0/../../../../arm-none-eabi/lib/thumb/v7-m/nofp/libc_nano.a(libc_a-memset.o)
 .debug_info    0x0000b0c2      0x10b /usr/lib/gcc/arm-none-eabi/14.2.0/../../../../arm-none-eabi/lib/thumb/v7-m/nofp/libc_nano.a(libc_a-init.o)

.debug_abbrev   0x00000000     0x1b57
 .debug_abbrev  0x00000000      0x2e4 build/debug/main.o
 .debug_abbrev  0x000002e4      0x22d build/debug/stm32f1xx_hal.o
 .debug_abbrev  0x00000511      0x252 build/debug/stm32f1xx_hal_adc.o
 .debug_abbrev  0x00000763      0x36d build/debug/stm32f1xx_hal_cortex.o
 .debug_abbrev  0x00000ad0      0x1f7 build/debug/stm32f1xx_hal_gpio.o
 .debug_abbrev  0x00000cc7      0x1f0 build/debug/stm32f1xx_hal_msp.o
 .debug_abbrev  0x00000eb7      0x2a0 build/debug/stm32f1xx_hal_rcc.o
 .debug_abbrev  0x00001157      0x1d8 build/debug/stm32f1xx_hal_rcc_ex.o
 .debug_abbrev  0x0000132f      0x270 build/debug/stm32f1xx_hal_tim.o
 .debug_abbrev  0x0000159f      0x26e build/debug/stm32f1xx_hal_tim_ex.o
 .debug_abbrev  0x0000180d       0x7c build/debug/stm32f1xx_it.o
 .debug_abbrev  0x00001889      0x143 build/debug/system_stm32f1xx.o
 .debug_abbrev  0x000019cc       0x24 build/debug/startup_stm32f103xb.o
 .debug_abbrev  0x000019f0       0x9e /usr/lib/gcc/arm-none-eabi/14.2.0/../../../../arm-none-eabi/lib/thumb/v7-m/nofp/libc_nano.a(libc_a-memset.o)
 .debug_abbrev  0x00001a8e       0xc9 /usr/lib/gcc/arm-none-eabi/14.2.0/../../../../arm-none-eabi/lib/thumb/v7-m/nofp/libc_nano.a(libc_a-init.o)

.debug_loclists
                0x00000000     0x6592
 .debug_loclists
                0x00000000       0x35 build/debug/main.o
 .debug_loclists
                0x00000035       0xe1 build/debug/stm32f1xx_hal.o
 .debug_loclists
                0x00000116      0x7c5 build/debug/stm32f1xx_hal_adc.o
 .debug_loclists
                0x000008db      0x530 build/debug/stm32f1xx_hal_cortex.o
 .debug_loclists
                0x00000e0b      0x300 build/debug/stm32f1xx_hal_gpio.o
 .debug_loclists
                0x0000110b       0xb3 build/debug/stm32f1xx_hal_msp.o
 .debug_loclists
                0x000011be      0x42e build/debug/stm32f1xx_hal_rcc.o
 .debug_loclists
                0x000015ec      0x2ca build/debug/stm32f1xx_hal_rcc_ex.o
 .debug_loclists
                0x000018b6     0x37f3 build/debug/stm32f1xx_hal_tim.o
 .debug_loclists
                0x000050a9     0x13b3 build/debug/stm32f1xx_hal_tim_ex.o
 .debug_loclists
                0x0000645c       0xb7 build/debug/system_stm32f1xx.o
 .debug_loclists
                0x00006513       0x3b /usr/lib/gcc/arm-none-eabi/14.2.0/../../../../arm-none-eabi/lib/thumb/v7-m/nofp/libc_nano.a(libc_a-memset.o)
 .debug_loclists
                0x0000654e       0x44 /usr/lib/gcc/arm-none-eabi/14.2.0/../../../../arm-none-eabi/lib/thumb/v7-m/nofp/libc_nano.a(libc_a-init.o)

.debug_aranges  0x00000000      0xa60
 .debug_aranges
                0x00000000       0x48 build/debug/main.o
 .debug_aranges
                0x00000048       0xe0 build/debug/stm32f1xx_hal.o
 .debug_aranges
                0x00000128       0xf0 build/debug/stm32f1xx_hal_adc.o
 .debug_aranges
                0x00000218       0xc0 build/debug/stm32f1xx_hal_cortex.o
 .debug_aranges
                0x000002d8       0x58 build/debug/stm32f1xx_hal_gpio.o
 .debug_aranges
                0x00000330       0x48 build/debug/stm32f1xx_hal_msp.o
 .debug_aranges
                0x00000378       0x90 build/debug/stm32f1xx_hal_rcc.o
 .debug_aranges
                0x00000408       0x30 build/debug/stm32f1xx_hal_rcc_ex.o
 .debug_aranges
                0x00000438      0x3d0 build/debug/stm32f1xx_hal_tim.o
 .debug_aranges
                0x00000808      0x168 build/debug/stm32f1xx_hal_tim_ex.o
 .debug_aranges
                0x00000970       0x60 build/debug/stm32f1xx_it.o
 .debug_aranges
                0x000009d0       0x28 build/debug/system_stm32f1xx.o
 .debug_aranges
                0x000009f8       0x28 build/debug/startup_stm32f103xb.o
 .debug_aranges
                0x00000a20       0x20 /usr/lib/gcc/arm-none-eabi/14.2.0/../../../../arm-none-eabi/lib/thumb/v7-m/nofp/libc_nano.a(libc_a-memset.o)
 .debug_aranges
                0x00000a40       0x20 /usr/lib/gcc/arm-none-eabi/14.2.0/../../../../arm-none-eabi/lib/thumb/v7-m/nofp/libc_nano.a(libc_a-init.o)

.debug_rnglists
                0x00000000      0x7ea
 .debug_rnglists
                0x00000000       0x33 build/debug/main.o
 .debug_rnglists
                0x00000033       0xa3 build/debug/stm32f1xx_hal.o
 .debug_rnglists
                0x000000d6       0xb8 build/debug/stm32f1xx_hal_adc.o
 .debug_rnglists
                0x0000018e       0x8b build/debug/stm32f1xx_hal_cortex.o
 .debug_rnglists
                0x00000219       0x3f build/debug/stm32f1xx_hal_gpio.o
 .debug_rnglists
                0x00000258       0x31 build/debug/stm32f1xx_hal_msp.o
 .debug_rnglists
                0x00000289       0x7d build/debug/stm32f1xx_hal_rcc.o
 .debug_rnglists
                0x00000306       0x2f build/debug/stm32f1xx_hal_rcc_ex.o
 .debug_rnglists
                0x00000335      0x2ff build/debug/stm32f1xx_hal_tim.o
 .debug_rnglists
                0x00000634      0x11a build/debug/stm32f1xx_hal_tim_ex.o
 .debug_rnglists
                0x0000074e       0x43 build/debug/stm32f1xx_it.o
 .debug_rnglists
                0x00000791       0x1a build/debug/system_stm32f1xx.o
 .debug_rnglists
                0x000007ab       0x19 build/debug/startup_stm32f103xb.o
 .debug_rnglists
                0x000007c4       0x13 /usr/lib/gcc/arm-none-eabi/14.2.0/../../../../arm-none-eabi/lib/thumb/v7-m/nofp/libc_nano.a(libc_a-memset.o)
 .debug_rnglists
                0x000007d7       0x13 /usr/lib/gcc/arm-none-eabi/14.2.0/../../../../arm-none-eabi/lib/thumb/v7-m/nofp/libc_nano.a(libc_a-init.o)

.debug_line     0x00000000     0x9abf
 .debug_line    0x00000000      0x565 build/debug/main.o
 .debug_line    0x00000565      0x4b6 build/debug/stm32f1xx_hal.o
 .debug_line    0x00000a1b      0xdec build/debug/stm32f1xx_hal_adc.o
 .debug_line    0x00001807      0x62f build/debug/stm32f1xx_hal_cortex.o
 .debug_line    0x00001e36      0x551 build/debug/stm32f1xx_hal_gpio.o
 .debug_line    0x00002387      0x2dc build/debug/stm32f1xx_hal_msp.o
 .debug_line    0x00002663      0xc40 build/debug/stm32f1xx_hal_rcc.o
 .debug_line    0x000032a3      0x431 build/debug/stm32f1xx_hal_rcc_ex.o
 .debug_line    0x000036d4     0x452c build/debug/stm32f1xx_hal_tim.o
 .debug_line    0x00007c00     0x1908 build/debug/stm32f1xx_hal_tim_ex.o
 .debug_line    0x00009508      0x13d build/debug/stm32f1xx_it.o
 .debug_line    0x00009645      0x1cd build/debug/system_stm32f1xx.o
 .debug_line    0x00009812       0x74 build/debug/startup_stm32f103xb.o
 .debug_line    0x00009886      0x123 /usr/lib/gcc/arm-none-eabi/14.2.0/../../../../arm-none-eabi/lib/thumb/v7-m/nofp/libc_nano.a(libc_a-memset.o)
 .debug_line    0x000099a9      0x116 /usr/lib/gcc/arm-none-eabi/14.2.0/../../../../arm-none-eabi/lib/thumb/v7-m/nofp/libc_nano.a(libc_a-init.o)

.debug_str      0x00000000     0x3337
 .debug_str     0x00000000     0x3337 build/debug/main.o
                                0xd3f (size before relaxing)
 .debug_str     0x00003337      0x7fe build/debug/stm32f1xx_hal.o
 .debug_str     0x00003337      0x8aa build/debug/stm32f1xx_hal_adc.o
 .debug_str     0x00003337      0x8a3 build/debug/stm32f1xx_hal_cortex.o
 .debug_str     0x00003337      0x3d0 build/debug/stm32f1xx_hal_gpio.o
 .debug_str     0x00003337      0x8b8 build/debug/stm32f1xx_hal_msp.o
 .debug_str     0x00003337      0x5fb build/debug/stm32f1xx_hal_rcc.o
 .debug_str     0x00003337      0x3a3 build/debug/stm32f1xx_hal_rcc_ex.o
 .debug_str     0x00003337     0x1655 build/debug/stm32f1xx_hal_tim.o
 .debug_str     0x00003337      0xe61 build/debug/stm32f1xx_hal_tim_ex.o
 .debug_str     0x00003337      0x1f2 build/debug/stm32f1xx_it.o
 .debug_str     0x00003337      0x224 build/debug/system_stm32f1xx.o
 .debug_str     0x00003337       0x5e build/debug/startup_stm32f103xb.o
 .debug_str     0x00003337      0x1b7 /usr/lib/gcc/arm-none-eabi/14.2.0/../../../../arm-none-eabi/lib/thumb/v7-m/nofp/libc_nano.a(libc_a-memset.o)
 .debug_str     0x00003337      0x218 /usr/lib/gcc/arm-none-eabi/14.2.0/../../../../arm-none-eabi/lib/thumb/v7-m/nofp/libc_nano.a(libc_a-init.o)

.debug_frame    0x00000000     0x1ab4
 .debug_frame   0x00000000       0xc0 build/debug/main.o
 .debug_frame   0x000000c0      0x1cc build/debug/stm32f1xx_hal.o
 .debug_frame   0x0000028c      0x2c8 build/debug/stm32f1xx_hal_adc.o
 .debug_frame   0x00000554      0x19c build/debug/stm32f1xx_hal_cortex.o
 .debug_frame   0x000006f0       0xe4 build/debug/stm32f1xx_hal_gpio.o
 .debug_frame   0x000007d4       0xa8 build/debug/stm32f1xx_hal_msp.o
 .debug_frame   0x0000087c      0x184 build/debug/stm32f1xx_hal_rcc.o
 .debug_frame   0x00000a00       0x60 build/debug/stm32f1xx_hal_rcc_ex.o
 .debug_frame   0x00000a60      0xb18 build/debug/stm32f1xx_hal_tim.o
 .debug_frame   0x00001578      0x418 build/debug/stm32f1xx_hal_tim_ex.o
 .debug_frame   0x00001990       0xa8 build/debug/stm32f1xx_it.o
 .debug_frame   0x00001a38       0x30 build/debug/system_stm32f1xx.o
 .debug_frame   0x00001a68       0x20 /usr/lib/gcc/arm-none-eabi/14.2.0/../../../../arm-none-eabi/lib/thumb/v7-m/nofp/libc_nano.a(libc_a-memset.o)
 .debug_frame   0x00001a88       0x2c /usr/lib/gcc/arm-none-eabi/14.2.0/../../../../arm-none-eabi/lib/thumb/v7-m/nofp/libc_nano.a(libc_a-init.o)

.debug_line_str
                0x00000000       0x44
 .debug_line_str
                0x00000000       0x44 build/debug/startup_stm32f103xb.o

Cross Reference Table

Symbol                                            File
ADC1_2_IRQHandler                                 build/debug/startup_stm32f103xb.o
ADC_ConversionStop_Disable                        build/debug/stm32f1xx_hal_adc.o
                                                  build/debug/stm32f1xx_hal_adc_ex.o
ADC_DMAConvCplt                                   build/debug/stm32f1xx_hal_adc.o
                                                  build/debug/stm32f1xx_hal_adc_ex.o
ADC_DMAError                                      build/debug/stm32f1xx_hal_adc.o
                                                  build/debug/stm32f1xx_hal_adc_ex.o
ADC_DMAHalfConvCplt                               build/debug/stm32f1xx_hal_adc.o
                                                  build/debug/stm32f1xx_hal_adc_ex.o
ADC_Enable                                        build/debug/stm32f1xx_hal_adc.o
                                                  build/debug/stm32f1xx_hal_adc_ex.o
AHBPrescTable                                     build/debug/system_stm32f1xx.o
                                                  build/debug/stm32f1xx_hal_rcc.o
APBPrescTable                                     build/debug/system_stm32f1xx.o
                                                  build/debug/stm32f1xx_hal_rcc.o
BusFault_Handler                                  build/debug/stm32f1xx_it.o
CAN1_RX1_IRQHandler                               build/debug/startup_stm32f103xb.o
CAN1_SCE_IRQHandler                               build/debug/startup_stm32f103xb.o
DMA1_Channel1_IRQHandler                          build/debug/startup_stm32f103xb.o
DMA1_Channel2_IRQHandler                          build/debug/startup_stm32f103xb.o
DMA1_Channel3_IRQHandler                          build/debug/startup_stm32f103xb.o
DMA1_Channel4_IRQHandler                          build/debug/startup_stm32f103xb.o
DMA1_Channel5_IRQHandler                          build/debug/startup_stm32f103xb.o
DMA1_Channel6_IRQHandler                          build/debug/startup_stm32f103xb.o
DMA1_Channel7_IRQHandler                          build/debug/startup_stm32f103xb.o
DebugMon_Handler                                  build/debug/stm32f1xx_it.o
Default_Handler                                   build/debug/startup_stm32f103xb.o
EXTI0_IRQHandler                                  build/debug/startup_stm32f103xb.o
EXTI15_10_IRQHandler                              build/debug/startup_stm32f103xb.o
EXTI1_IRQHandler                                  build/debug/startup_stm32f103xb.o
EXTI2_IRQHandler                                  build/debug/startup_stm32f103xb.o
EXTI3_IRQHandler                                  build/debug/startup_stm32f103xb.o
EXTI4_IRQHandler                                  build/debug/startup_stm32f103xb.o
EXTI9_5_IRQHandler                                build/debug/startup_stm32f103xb.o
Error_Handler                                     build/debug/main.o
FLASH_IRQHandler                                  build/debug/startup_stm32f103xb.o
FLASH_PageErase                                   build/debug/stm32f1xx_hal_flash_ex.o
                                                  build/debug/stm32f1xx_hal_flash.o
FLASH_WaitForLastOperation                        build/debug/stm32f1xx_hal_flash.o
                                                  build/debug/stm32f1xx_hal_flash_ex.o
HAL_ADCEx_Calibration_Start                       build/debug/stm32f1xx_hal_adc_ex.o
HAL_ADCEx_InjectedConfigChannel                   build/debug/stm32f1xx_hal_adc_ex.o
HAL_ADCEx_InjectedConvCpltCallback                build/debug/stm32f1xx_hal_adc_ex.o
                                                  build/debug/stm32f1xx_hal_adc.o
HAL_ADCEx_InjectedGetValue                        build/debug/stm32f1xx_hal_adc_ex.o
HAL_ADCEx_InjectedPollForConversion               build/debug/stm32f1xx_hal_adc_ex.o
HAL_ADCEx_InjectedStart                           build/debug/stm32f1xx_hal_adc_ex.o
HAL_ADCEx_InjectedStart_IT                        build/debug/stm32f1xx_hal_adc_ex.o
HAL_ADCEx_InjectedStop                            build/debug/stm32f1xx_hal_adc_ex.o
HAL_ADCEx_InjectedStop_IT                         build/debug/stm32f1xx_hal_adc_ex.o
HAL_ADCEx_MultiModeConfigChannel                  build/debug/stm32f1xx_hal_adc_ex.o
HAL_ADCEx_MultiModeGetValue                       build/debug/stm32f1xx_hal_adc_ex.o
HAL_ADCEx_MultiModeStart_DMA                      build/debug/stm32f1xx_hal_adc_ex.o
HAL_ADCEx_MultiModeStop_DMA                       build/debug/stm32f1xx_hal_adc_ex.o
HAL_ADC_AnalogWDGConfig                           build/debug/stm32f1xx_hal_adc.o
HAL_ADC_ConfigChannel                             build/debug/stm32f1xx_hal_adc.o
                                                  build/debug/main.o
HAL_ADC_ConvCpltCallback                          build/debug/stm32f1xx_hal_adc.o
HAL_ADC_ConvHalfCpltCallback                      build/debug/stm32f1xx_hal_adc.o
HAL_ADC_DeInit                                    build/debug/stm32f1xx_hal_adc.o
HAL_ADC_ErrorCallback                             build/debug/stm32f1xx_hal_adc.o
HAL_ADC_GetError                                  build/debug/stm32f1xx_hal_adc.o
HAL_ADC_GetState                                  build/debug/stm32f1xx_hal_adc.o
HAL_ADC_GetValue                                  build/debug/stm32f1xx_hal_adc.o
                                                  build/debug/main.o
HAL_ADC_IRQHandler                                build/debug/stm32f1xx_hal_adc.o
HAL_ADC_Init                                      build/debug/stm32f1xx_hal_adc.o
                                                  build/debug/main.o
HAL_ADC_LevelOutOfWindowCallback                  build/debug/stm32f1xx_hal_adc.o
HAL_ADC_MspDeInit                                 build/debug/stm32f1xx_hal_msp.o
                                                  build/debug/stm32f1xx_hal_adc.o
HAL_ADC_MspInit                                   build/debug/stm32f1xx_hal_msp.o
                                                  build/debug/stm32f1xx_hal_adc.o
HAL_ADC_PollForConversion                         build/debug/stm32f1xx_hal_adc.o
                                                  build/debug/main.o
HAL_ADC_PollForEvent                              build/debug/stm32f1xx_hal_adc.o
HAL_ADC_Start                                     build/debug/stm32f1xx_hal_adc.o
                                                  build/debug/main.o
HAL_ADC_Start_DMA                                 build/debug/stm32f1xx_hal_adc.o
HAL_ADC_Start_IT                                  build/debug/stm32f1xx_hal_adc.o
HAL_ADC_Stop                                      build/debug/stm32f1xx_hal_adc.o
HAL_ADC_Stop_DMA                                  build/debug/stm32f1xx_hal_adc.o
HAL_ADC_Stop_IT                                   build/debug/stm32f1xx_hal_adc.o
HAL_DBGMCU_DisableDBGSleepMode                    build/debug/stm32f1xx_hal.o
HAL_DBGMCU_DisableDBGStandbyMode                  build/debug/stm32f1xx_hal.o
HAL_DBGMCU_DisableDBGStopMode                     build/debug/stm32f1xx_hal.o
HAL_DBGMCU_EnableDBGSleepMode                     build/debug/stm32f1xx_hal.o
HAL_DBGMCU_EnableDBGStandbyMode                   build/debug/stm32f1xx_hal.o
HAL_DBGMCU_EnableDBGStopMode                      build/debug/stm32f1xx_hal.o
HAL_DMA_Abort                                     build/debug/stm32f1xx_hal_dma.o
                                                  build/debug/stm32f1xx_hal_adc_ex.o
                                                  build/debug/stm32f1xx_hal_adc.o
HAL_DMA_Abort_IT                                  build/debug/stm32f1xx_hal_dma.o
                                                  build/debug/stm32f1xx_hal_tim_ex.o
                                                  build/debug/stm32f1xx_hal_tim.o
HAL_DMA_DeInit                                    build/debug/stm32f1xx_hal_dma.o
HAL_DMA_GetError                                  build/debug/stm32f1xx_hal_dma.o
HAL_DMA_GetState                                  build/debug/stm32f1xx_hal_dma.o
HAL_DMA_IRQHandler                                build/debug/stm32f1xx_hal_dma.o
HAL_DMA_Init                                      build/debug/stm32f1xx_hal_dma.o
HAL_DMA_PollForTransfer                           build/debug/stm32f1xx_hal_dma.o
HAL_DMA_RegisterCallback                          build/debug/stm32f1xx_hal_dma.o
HAL_DMA_Start                                     build/debug/stm32f1xx_hal_dma.o
HAL_DMA_Start_IT                                  build/debug/stm32f1xx_hal_dma.o
                                                  build/debug/stm32f1xx_hal_tim_ex.o
                                                  build/debug/stm32f1xx_hal_tim.o
                                                  build/debug/stm32f1xx_hal_adc_ex.o
                                                  build/debug/stm32f1xx_hal_adc.o
HAL_DMA_UnRegisterCallback                        build/debug/stm32f1xx_hal_dma.o
HAL_DeInit                                        build/debug/stm32f1xx_hal.o
HAL_Delay                                         build/debug/stm32f1xx_hal.o
                                                  build/debug/main.o
HAL_EXTI_ClearConfigLine                          build/debug/stm32f1xx_hal_exti.o
HAL_EXTI_ClearPending                             build/debug/stm32f1xx_hal_exti.o
HAL_EXTI_GenerateSWI                              build/debug/stm32f1xx_hal_exti.o
HAL_EXTI_GetConfigLine                            build/debug/stm32f1xx_hal_exti.o
HAL_EXTI_GetHandle                                build/debug/stm32f1xx_hal_exti.o
HAL_EXTI_GetPending                               build/debug/stm32f1xx_hal_exti.o
HAL_EXTI_IRQHandler                               build/debug/stm32f1xx_hal_exti.o
HAL_EXTI_RegisterCallback                         build/debug/stm32f1xx_hal_exti.o
HAL_EXTI_SetConfigLine                            build/debug/stm32f1xx_hal_exti.o
HAL_FLASHEx_Erase                                 build/debug/stm32f1xx_hal_flash_ex.o
HAL_FLASHEx_Erase_IT                              build/debug/stm32f1xx_hal_flash_ex.o
HAL_FLASHEx_OBErase                               build/debug/stm32f1xx_hal_flash_ex.o
HAL_FLASHEx_OBGetConfig                           build/debug/stm32f1xx_hal_flash_ex.o
HAL_FLASHEx_OBGetUserData                         build/debug/stm32f1xx_hal_flash_ex.o
HAL_FLASHEx_OBProgram                             build/debug/stm32f1xx_hal_flash_ex.o
HAL_FLASH_EndOfOperationCallback                  build/debug/stm32f1xx_hal_flash.o
HAL_FLASH_GetError                                build/debug/stm32f1xx_hal_flash.o
HAL_FLASH_IRQHandler                              build/debug/stm32f1xx_hal_flash.o
HAL_FLASH_Lock                                    build/debug/stm32f1xx_hal_flash.o
HAL_FLASH_OB_Launch                               build/debug/stm32f1xx_hal_flash.o
HAL_FLASH_OB_Lock                                 build/debug/stm32f1xx_hal_flash.o
HAL_FLASH_OB_Unlock                               build/debug/stm32f1xx_hal_flash.o
HAL_FLASH_OperationErrorCallback                  build/debug/stm32f1xx_hal_flash.o
HAL_FLASH_Program                                 build/debug/stm32f1xx_hal_flash.o
HAL_FLASH_Program_IT                              build/debug/stm32f1xx_hal_flash.o
HAL_FLASH_Unlock                                  build/debug/stm32f1xx_hal_flash.o
HAL_GPIOEx_ConfigEventout                         build/debug/stm32f1xx_hal_gpio_ex.o
HAL_GPIOEx_DisableEventout                        build/debug/stm32f1xx_hal_gpio_ex.o
HAL_GPIOEx_EnableEventout                         build/debug/stm32f1xx_hal_gpio_ex.o
HAL_GPIO_DeInit                                   build/debug/stm32f1xx_hal_gpio.o
                                                  build/debug/stm32f1xx_hal_msp.o
HAL_GPIO_EXTI_Callback                            build/debug/stm32f1xx_hal_gpio.o
HAL_GPIO_EXTI_IRQHandler                          build/debug/stm32f1xx_hal_gpio.o
HAL_GPIO_Init                                     build/debug/stm32f1xx_hal_gpio.o
                                                  build/debug/stm32f1xx_hal_rcc.o
                                                  build/debug/stm32f1xx_hal_msp.o
                                                  build/debug/main.o
HAL_GPIO_LockPin                                  build/debug/stm32f1xx_hal_gpio.o
HAL_GPIO_ReadPin                                  build/debug/stm32f1xx_hal_gpio.o
HAL_GPIO_TogglePin                                build/debug/stm32f1xx_hal_gpio.o
HAL_GPIO_WritePin                                 build/debug/stm32f1xx_hal_gpio.o
                                                  build/debug/main.o
HAL_GetDEVID                                      build/debug/stm32f1xx_hal.o
HAL_GetHalVersion                                 build/debug/stm32f1xx_hal.o
HAL_GetREVID                                      build/debug/stm32f1xx_hal.o
HAL_GetTick                                       build/debug/stm32f1xx_hal.o
                                                  build/debug/stm32f1xx_hal_rcc_ex.o
                                                  build/debug/stm32f1xx_hal_rcc.o
                                                  build/debug/stm32f1xx_hal_flash.o
                                                  build/debug/stm32f1xx_hal_dma.o
                                                  build/debug/stm32f1xx_hal_adc_ex.o
                                                  build/debug/stm32f1xx_hal_adc.o
HAL_GetTickFreq                                   build/debug/stm32f1xx_hal.o
HAL_GetTickPrio                                   build/debug/stm32f1xx_hal.o
HAL_GetUIDw0                                      build/debug/stm32f1xx_hal.o
HAL_GetUIDw1                                      build/debug/stm32f1xx_hal.o
HAL_GetUIDw2                                      build/debug/stm32f1xx_hal.o
HAL_IncTick                                       build/debug/stm32f1xx_hal.o
                                                  build/debug/stm32f1xx_it.o
HAL_Init                                          build/debug/stm32f1xx_hal.o
                                                  build/debug/main.o
HAL_InitTick                                      build/debug/stm32f1xx_hal.o
                                                  build/debug/stm32f1xx_hal_rcc.o
HAL_MspDeInit                                     build/debug/stm32f1xx_hal.o
HAL_MspInit                                       build/debug/stm32f1xx_hal_msp.o
                                                  build/debug/stm32f1xx_hal.o
HAL_NVIC_ClearPendingIRQ                          build/debug/stm32f1xx_hal_cortex.o
HAL_NVIC_DisableIRQ                               build/debug/stm32f1xx_hal_cortex.o
HAL_NVIC_EnableIRQ                                build/debug/stm32f1xx_hal_cortex.o
HAL_NVIC_GetActive                                build/debug/stm32f1xx_hal_cortex.o
HAL_NVIC_GetPendingIRQ                            build/debug/stm32f1xx_hal_cortex.o
HAL_NVIC_GetPriority                              build/debug/stm32f1xx_hal_cortex.o
HAL_NVIC_GetPriorityGrouping                      build/debug/stm32f1xx_hal_cortex.o
HAL_NVIC_SetPendingIRQ                            build/debug/stm32f1xx_hal_cortex.o
HAL_NVIC_SetPriority                              build/debug/stm32f1xx_hal_cortex.o
                                                  build/debug/stm32f1xx_hal.o
HAL_NVIC_SetPriorityGrouping                      build/debug/stm32f1xx_hal_cortex.o
                                                  build/debug/stm32f1xx_hal.o
HAL_NVIC_SystemReset                              build/debug/stm32f1xx_hal_cortex.o
                                                  build/debug/stm32f1xx_hal_flash.o
HAL_PWR_ConfigPVD                                 build/debug/stm32f1xx_hal_pwr.o
HAL_PWR_DeInit                                    build/debug/stm32f1xx_hal_pwr.o
HAL_PWR_DisableBkUpAccess                         build/debug/stm32f1xx_hal_pwr.o
HAL_PWR_DisablePVD                                build/debug/stm32f1xx_hal_pwr.o
HAL_PWR_DisableSEVOnPend                          build/debug/stm32f1xx_hal_pwr.o
HAL_PWR_DisableSleepOnExit                        build/debug/stm32f1xx_hal_pwr.o
HAL_PWR_DisableWakeUpPin                          build/debug/stm32f1xx_hal_pwr.o
HAL_PWR_EnableBkUpAccess                          build/debug/stm32f1xx_hal_pwr.o
HAL_PWR_EnablePVD                                 build/debug/stm32f1xx_hal_pwr.o
HAL_PWR_EnableSEVOnPend                           build/debug/stm32f1xx_hal_pwr.o
HAL_PWR_EnableSleepOnExit                         build/debug/stm32f1xx_hal_pwr.o
HAL_PWR_EnableWakeUpPin                           build/debug/stm32f1xx_hal_pwr.o
HAL_PWR_EnterSLEEPMode                            build/debug/stm32f1xx_hal_pwr.o
HAL_PWR_EnterSTANDBYMode                          build/debug/stm32f1xx_hal_pwr.o
HAL_PWR_EnterSTOPMode                             build/debug/stm32f1xx_hal_pwr.o
HAL_PWR_PVDCallback                               build/debug/stm32f1xx_hal_pwr.o
HAL_PWR_PVD_IRQHandler                            build/debug/stm32f1xx_hal_pwr.o
HAL_RCCEx_GetPeriphCLKConfig                      build/debug/stm32f1xx_hal_rcc_ex.o
HAL_RCCEx_GetPeriphCLKFreq                        build/debug/stm32f1xx_hal_rcc_ex.o
                                                  build/debug/stm32f1xx_hal_adc_ex.o
                                                  build/debug/stm32f1xx_hal_adc.o
HAL_RCCEx_PeriphCLKConfig                         build/debug/stm32f1xx_hal_rcc_ex.o
                                                  build/debug/main.o
HAL_RCC_CSSCallback                               build/debug/stm32f1xx_hal_rcc.o
HAL_RCC_ClockConfig                               build/debug/stm32f1xx_hal_rcc.o
                                                  build/debug/main.o
HAL_RCC_DeInit                                    build/debug/stm32f1xx_hal_rcc.o
HAL_RCC_DisableCSS                                build/debug/stm32f1xx_hal_rcc.o
HAL_RCC_EnableCSS                                 build/debug/stm32f1xx_hal_rcc.o
HAL_RCC_GetClockConfig                            build/debug/stm32f1xx_hal_rcc.o
HAL_RCC_GetHCLKFreq                               build/debug/stm32f1xx_hal_rcc.o
HAL_RCC_GetOscConfig                              build/debug/stm32f1xx_hal_rcc.o
HAL_RCC_GetPCLK1Freq                              build/debug/stm32f1xx_hal_rcc.o
HAL_RCC_GetPCLK2Freq                              build/debug/stm32f1xx_hal_rcc.o
                                                  build/debug/stm32f1xx_hal_rcc_ex.o
HAL_RCC_GetSysClockFreq                           build/debug/stm32f1xx_hal_rcc.o
HAL_RCC_MCOConfig                                 build/debug/stm32f1xx_hal_rcc.o
HAL_RCC_NMI_IRQHandler                            build/debug/stm32f1xx_hal_rcc.o
HAL_RCC_OscConfig                                 build/debug/stm32f1xx_hal_rcc.o
                                                  build/debug/main.o
HAL_ResumeTick                                    build/debug/stm32f1xx_hal.o
HAL_SYSTICK_CLKSourceConfig                       build/debug/stm32f1xx_hal_cortex.o
HAL_SYSTICK_Callback                              build/debug/stm32f1xx_hal_cortex.o
HAL_SYSTICK_Config                                build/debug/stm32f1xx_hal_cortex.o
                                                  build/debug/stm32f1xx_hal.o
HAL_SYSTICK_IRQHandler                            build/debug/stm32f1xx_hal_cortex.o
HAL_SetTickFreq                                   build/debug/stm32f1xx_hal.o
HAL_SuspendTick                                   build/debug/stm32f1xx_hal.o
HAL_TIMEx_BreakCallback                           build/debug/stm32f1xx_hal_tim_ex.o
                                                  build/debug/stm32f1xx_hal_tim.o
HAL_TIMEx_CommutCallback                          build/debug/stm32f1xx_hal_tim_ex.o
                                                  build/debug/stm32f1xx_hal_tim.o
HAL_TIMEx_CommutHalfCpltCallback                  build/debug/stm32f1xx_hal_tim_ex.o
HAL_TIMEx_ConfigBreakDeadTime                     build/debug/stm32f1xx_hal_tim_ex.o
                                                  build/debug/main.o
HAL_TIMEx_ConfigCommutEvent                       build/debug/stm32f1xx_hal_tim_ex.o
HAL_TIMEx_ConfigCommutEvent_DMA                   build/debug/stm32f1xx_hal_tim_ex.o
HAL_TIMEx_ConfigCommutEvent_IT                    build/debug/stm32f1xx_hal_tim_ex.o
HAL_TIMEx_GetChannelNState                        build/debug/stm32f1xx_hal_tim_ex.o
HAL_TIMEx_HallSensor_DeInit                       build/debug/stm32f1xx_hal_tim_ex.o
HAL_TIMEx_HallSensor_GetState                     build/debug/stm32f1xx_hal_tim_ex.o
HAL_TIMEx_HallSensor_Init                         build/debug/stm32f1xx_hal_tim_ex.o
HAL_TIMEx_HallSensor_MspDeInit                    build/debug/stm32f1xx_hal_tim_ex.o
HAL_TIMEx_HallSensor_MspInit                      build/debug/stm32f1xx_hal_tim_ex.o
HAL_TIMEx_HallSensor_Start                        build/debug/stm32f1xx_hal_tim_ex.o
HAL_TIMEx_HallSensor_Start_DMA                    build/debug/stm32f1xx_hal_tim_ex.o
HAL_TIMEx_HallSensor_Start_IT                     build/debug/stm32f1xx_hal_tim_ex.o
HAL_TIMEx_HallSensor_Stop                         build/debug/stm32f1xx_hal_tim_ex.o
HAL_TIMEx_HallSensor_Stop_DMA                     build/debug/stm32f1xx_hal_tim_ex.o
HAL_TIMEx_HallSensor_Stop_IT                      build/debug/stm32f1xx_hal_tim_ex.o
HAL_TIMEx_MasterConfigSynchronization             build/debug/stm32f1xx_hal_tim_ex.o
                                                  build/debug/main.o
HAL_TIMEx_OCN_Start                               build/debug/stm32f1xx_hal_tim_ex.o
HAL_TIMEx_OCN_Start_DMA                           build/debug/stm32f1xx_hal_tim_ex.o
HAL_TIMEx_OCN_Start_IT                            build/debug/stm32f1xx_hal_tim_ex.o
HAL_TIMEx_OCN_Stop                                build/debug/stm32f1xx_hal_tim_ex.o
HAL_TIMEx_OCN_Stop_DMA                            build/debug/stm32f1xx_hal_tim_ex.o
HAL_TIMEx_OCN_Stop_IT                             build/debug/stm32f1xx_hal_tim_ex.o
HAL_TIMEx_OnePulseN_Start                         build/debug/stm32f1xx_hal_tim_ex.o
HAL_TIMEx_OnePulseN_Start_IT                      build/debug/stm32f1xx_hal_tim_ex.o
HAL_TIMEx_OnePulseN_Stop                          build/debug/stm32f1xx_hal_tim_ex.o
HAL_TIMEx_OnePulseN_Stop_IT                       build/debug/stm32f1xx_hal_tim_ex.o
HAL_TIMEx_PWMN_Start                              build/debug/stm32f1xx_hal_tim_ex.o
HAL_TIMEx_PWMN_Start_DMA                          build/debug/stm32f1xx_hal_tim_ex.o
HAL_TIMEx_PWMN_Start_IT                           build/debug/stm32f1xx_hal_tim_ex.o
HAL_TIMEx_PWMN_Stop                               build/debug/stm32f1xx_hal_tim_ex.o
HAL_TIMEx_PWMN_Stop_DMA                           build/debug/stm32f1xx_hal_tim_ex.o
HAL_TIMEx_PWMN_Stop_IT                            build/debug/stm32f1xx_hal_tim_ex.o
HAL_TIMEx_RemapConfig                             build/debug/stm32f1xx_hal_tim_ex.o
HAL_TIM_Base_DeInit                               build/debug/stm32f1xx_hal_tim.o
HAL_TIM_Base_GetState                             build/debug/stm32f1xx_hal_tim.o
HAL_TIM_Base_Init                                 build/debug/stm32f1xx_hal_tim.o
HAL_TIM_Base_MspDeInit                            build/debug/stm32f1xx_hal_tim.o
HAL_TIM_Base_MspInit                              build/debug/stm32f1xx_hal_tim.o
HAL_TIM_Base_Start                                build/debug/stm32f1xx_hal_tim.o
HAL_TIM_Base_Start_DMA                            build/debug/stm32f1xx_hal_tim.o
HAL_TIM_Base_Start_IT                             build/debug/stm32f1xx_hal_tim.o
HAL_TIM_Base_Stop                                 build/debug/stm32f1xx_hal_tim.o
HAL_TIM_Base_Stop_DMA                             build/debug/stm32f1xx_hal_tim.o
HAL_TIM_Base_Stop_IT                              build/debug/stm32f1xx_hal_tim.o
HAL_TIM_ConfigClockSource                         build/debug/stm32f1xx_hal_tim.o
HAL_TIM_ConfigOCrefClear                          build/debug/stm32f1xx_hal_tim.o
HAL_TIM_ConfigTI1Input                            build/debug/stm32f1xx_hal_tim.o
HAL_TIM_DMABurstState                             build/debug/stm32f1xx_hal_tim.o
HAL_TIM_DMABurst_MultiReadStart                   build/debug/stm32f1xx_hal_tim.o
HAL_TIM_DMABurst_MultiWriteStart                  build/debug/stm32f1xx_hal_tim.o
HAL_TIM_DMABurst_ReadStart                        build/debug/stm32f1xx_hal_tim.o
HAL_TIM_DMABurst_ReadStop                         build/debug/stm32f1xx_hal_tim.o
HAL_TIM_DMABurst_WriteStart                       build/debug/stm32f1xx_hal_tim.o
HAL_TIM_DMABurst_WriteStop                        build/debug/stm32f1xx_hal_tim.o
HAL_TIM_Encoder_DeInit                            build/debug/stm32f1xx_hal_tim.o
HAL_TIM_Encoder_GetState                          build/debug/stm32f1xx_hal_tim.o
HAL_TIM_Encoder_Init                              build/debug/stm32f1xx_hal_tim.o
HAL_TIM_Encoder_MspDeInit                         build/debug/stm32f1xx_hal_tim.o
HAL_TIM_Encoder_MspInit                           build/debug/stm32f1xx_hal_tim.o
HAL_TIM_Encoder_Start                             build/debug/stm32f1xx_hal_tim.o
HAL_TIM_Encoder_Start_DMA                         build/debug/stm32f1xx_hal_tim.o
HAL_TIM_Encoder_Start_IT                          build/debug/stm32f1xx_hal_tim.o
HAL_TIM_Encoder_Stop                              build/debug/stm32f1xx_hal_tim.o
HAL_TIM_Encoder_Stop_DMA                          build/debug/stm32f1xx_hal_tim.o
HAL_TIM_Encoder_Stop_IT                           build/debug/stm32f1xx_hal_tim.o
HAL_TIM_ErrorCallback                             build/debug/stm32f1xx_hal_tim.o
                                                  build/debug/stm32f1xx_hal_tim_ex.o
HAL_TIM_GenerateEvent                             build/debug/stm32f1xx_hal_tim.o
HAL_TIM_GetActiveChannel                          build/debug/stm32f1xx_hal_tim.o
HAL_TIM_GetChannelState                           build/debug/stm32f1xx_hal_tim.o
HAL_TIM_IC_CaptureCallback                        build/debug/stm32f1xx_hal_tim.o
HAL_TIM_IC_CaptureHalfCpltCallback                build/debug/stm32f1xx_hal_tim.o
HAL_TIM_IC_ConfigChannel                          build/debug/stm32f1xx_hal_tim.o
HAL_TIM_IC_DeInit                                 build/debug/stm32f1xx_hal_tim.o
HAL_TIM_IC_GetState                               build/debug/stm32f1xx_hal_tim.o
HAL_TIM_IC_Init                                   build/debug/stm32f1xx_hal_tim.o
HAL_TIM_IC_MspDeInit                              build/debug/stm32f1xx_hal_tim.o
HAL_TIM_IC_MspInit                                build/debug/stm32f1xx_hal_tim.o
HAL_TIM_IC_Start                                  build/debug/stm32f1xx_hal_tim.o
HAL_TIM_IC_Start_DMA                              build/debug/stm32f1xx_hal_tim.o
HAL_TIM_IC_Start_IT                               build/debug/stm32f1xx_hal_tim.o
HAL_TIM_IC_Stop                                   build/debug/stm32f1xx_hal_tim.o
HAL_TIM_IC_Stop_DMA                               build/debug/stm32f1xx_hal_tim.o
HAL_TIM_IC_Stop_IT                                build/debug/stm32f1xx_hal_tim.o
HAL_TIM_IRQHandler                                build/debug/stm32f1xx_hal_tim.o
HAL_TIM_MspPostInit                               build/debug/stm32f1xx_hal_msp.o
                                                  build/debug/main.o
HAL_TIM_OC_ConfigChannel                          build/debug/stm32f1xx_hal_tim.o
HAL_TIM_OC_DeInit                                 build/debug/stm32f1xx_hal_tim.o
HAL_TIM_OC_DelayElapsedCallback                   build/debug/stm32f1xx_hal_tim.o
HAL_TIM_OC_GetState                               build/debug/stm32f1xx_hal_tim.o
HAL_TIM_OC_Init                                   build/debug/stm32f1xx_hal_tim.o
HAL_TIM_OC_MspDeInit                              build/debug/stm32f1xx_hal_tim.o
HAL_TIM_OC_MspInit                                build/debug/stm32f1xx_hal_tim.o
HAL_TIM_OC_Start                                  build/debug/stm32f1xx_hal_tim.o
HAL_TIM_OC_Start_DMA                              build/debug/stm32f1xx_hal_tim.o
HAL_TIM_OC_Start_IT                               build/debug/stm32f1xx_hal_tim.o
HAL_TIM_OC_Stop                                   build/debug/stm32f1xx_hal_tim.o
HAL_TIM_OC_Stop_DMA                               build/debug/stm32f1xx_hal_tim.o
HAL_TIM_OC_Stop_IT                                build/debug/stm32f1xx_hal_tim.o
HAL_TIM_OnePulse_ConfigChannel                    build/debug/stm32f1xx_hal_tim.o
HAL_TIM_OnePulse_DeInit                           build/debug/stm32f1xx_hal_tim.o
HAL_TIM_OnePulse_GetState                         build/debug/stm32f1xx_hal_tim.o
HAL_TIM_OnePulse_Init                             build/debug/stm32f1xx_hal_tim.o
HAL_TIM_OnePulse_MspDeInit                        build/debug/stm32f1xx_hal_tim.o
HAL_TIM_OnePulse_MspInit                          build/debug/stm32f1xx_hal_tim.o
HAL_TIM_OnePulse_Start                            build/debug/stm32f1xx_hal_tim.o
HAL_TIM_OnePulse_Start_IT                         build/debug/stm32f1xx_hal_tim.o
HAL_TIM_OnePulse_Stop                             build/debug/stm32f1xx_hal_tim.o
HAL_TIM_OnePulse_Stop_IT                          build/debug/stm32f1xx_hal_tim.o
HAL_TIM_PWM_ConfigChannel                         build/debug/stm32f1xx_hal_tim.o
                                                  build/debug/main.o
HAL_TIM_PWM_DeInit                                build/debug/stm32f1xx_hal_tim.o
HAL_TIM_PWM_GetState                              build/debug/stm32f1xx_hal_tim.o
HAL_TIM_PWM_Init                                  build/debug/stm32f1xx_hal_tim.o
                                                  build/debug/main.o
HAL_TIM_PWM_MspDeInit                             build/debug/stm32f1xx_hal_msp.o
HAL_TIM_PWM_MspInit                               build/debug/stm32f1xx_hal_msp.o
HAL_TIM_PWM_PulseFinishedCallback                 build/debug/stm32f1xx_hal_tim.o
                                                  build/debug/stm32f1xx_hal_tim_ex.o
HAL_TIM_PWM_PulseFinishedHalfCpltCallback         build/debug/stm32f1xx_hal_tim.o
HAL_TIM_PWM_Start                                 build/debug/stm32f1xx_hal_tim.o
                                                  build/debug/main.o
HAL_TIM_PWM_Start_DMA                             build/debug/stm32f1xx_hal_tim.o
HAL_TIM_PWM_Start_IT                              build/debug/stm32f1xx_hal_tim.o
HAL_TIM_PWM_Stop                                  build/debug/stm32f1xx_hal_tim.o
HAL_TIM_PWM_Stop_DMA                              build/debug/stm32f1xx_hal_tim.o
HAL_TIM_PWM_Stop_IT                               build/debug/stm32f1xx_hal_tim.o
HAL_TIM_PeriodElapsedCallback                     build/debug/stm32f1xx_hal_tim.o
HAL_TIM_PeriodElapsedHalfCpltCallback             build/debug/stm32f1xx_hal_tim.o
HAL_TIM_ReadCapturedValue                         build/debug/stm32f1xx_hal_tim.o
HAL_TIM_SlaveConfigSynchro                        build/debug/stm32f1xx_hal_tim.o
HAL_TIM_SlaveConfigSynchro_IT                     build/debug/stm32f1xx_hal_tim.o
HAL_TIM_TriggerCallback                           build/debug/stm32f1xx_hal_tim.o
HAL_TIM_TriggerHalfCpltCallback                   build/debug/stm32f1xx_hal_tim.o
HardFault_Handler                                 build/debug/stm32f1xx_it.o
I2C1_ER_IRQHandler                                build/debug/startup_stm32f103xb.o
I2C1_EV_IRQHandler                                build/debug/startup_stm32f103xb.o
I2C2_ER_IRQHandler                                build/debug/startup_stm32f103xb.o
I2C2_EV_IRQHandler                                build/debug/startup_stm32f103xb.o
MemManage_Handler                                 build/debug/stm32f1xx_it.o
NMI_Handler                                       build/debug/stm32f1xx_it.o
PVD_IRQHandler                                    build/debug/startup_stm32f103xb.o
PendSV_Handler                                    build/debug/stm32f1xx_it.o
RCC_IRQHandler                                    build/debug/startup_stm32f103xb.o
RTC_Alarm_IRQHandler                              build/debug/startup_stm32f103xb.o
RTC_IRQHandler                                    build/debug/startup_stm32f103xb.o
Reset_Handler                                     build/debug/startup_stm32f103xb.o
SPI1_IRQHandler                                   build/debug/startup_stm32f103xb.o
SPI2_IRQHandler                                   build/debug/startup_stm32f103xb.o
SVC_Handler                                       build/debug/stm32f1xx_it.o
SysTick_Handler                                   build/debug/stm32f1xx_it.o
SystemClock_Config                                build/debug/main.o
SystemCoreClock                                   build/debug/system_stm32f1xx.o
                                                  build/debug/stm32f1xx_hal_rcc.o
                                                  build/debug/stm32f1xx_hal_adc_ex.o
                                                  build/debug/stm32f1xx_hal_adc.o
                                                  build/debug/stm32f1xx_hal.o
SystemCoreClockUpdate                             build/debug/system_stm32f1xx.o
SystemInit                                        build/debug/system_stm32f1xx.o
                                                  build/debug/startup_stm32f103xb.o
TAMPER_IRQHandler                                 build/debug/startup_stm32f103xb.o
TIM1_BRK_IRQHandler                               build/debug/startup_stm32f103xb.o
TIM1_CC_IRQHandler                                build/debug/startup_stm32f103xb.o
TIM1_TRG_COM_IRQHandler                           build/debug/startup_stm32f103xb.o
TIM1_UP_IRQHandler                                build/debug/startup_stm32f103xb.o
TIM2_IRQHandler                                   build/debug/startup_stm32f103xb.o
TIM3_IRQHandler                                   build/debug/startup_stm32f103xb.o
TIM4_IRQHandler                                   build/debug/startup_stm32f103xb.o
TIMEx_DMACommutationCplt                          build/debug/stm32f1xx_hal_tim_ex.o
                                                  build/debug/stm32f1xx_hal_tim.o
TIMEx_DMACommutationHalfCplt                      build/debug/stm32f1xx_hal_tim_ex.o
                                                  build/debug/stm32f1xx_hal_tim.o
TIM_Base_SetConfig                                build/debug/stm32f1xx_hal_tim.o
                                                  build/debug/stm32f1xx_hal_tim_ex.o
TIM_CCxChannelCmd                                 build/debug/stm32f1xx_hal_tim.o
                                                  build/debug/stm32f1xx_hal_tim_ex.o
TIM_DMACaptureCplt                                build/debug/stm32f1xx_hal_tim.o
                                                  build/debug/stm32f1xx_hal_tim_ex.o
TIM_DMACaptureHalfCplt                            build/debug/stm32f1xx_hal_tim.o
                                                  build/debug/stm32f1xx_hal_tim_ex.o
TIM_DMADelayPulseHalfCplt                         build/debug/stm32f1xx_hal_tim.o
                                                  build/debug/stm32f1xx_hal_tim_ex.o
TIM_DMAError                                      build/debug/stm32f1xx_hal_tim.o
                                                  build/debug/stm32f1xx_hal_tim_ex.o
TIM_ETR_SetConfig                                 build/debug/stm32f1xx_hal_tim.o
TIM_OC2_SetConfig                                 build/debug/stm32f1xx_hal_tim.o
                                                  build/debug/stm32f1xx_hal_tim_ex.o
TIM_TI1_SetConfig                                 build/debug/stm32f1xx_hal_tim.o
                                                  build/debug/stm32f1xx_hal_tim_ex.o
USART1_IRQHandler                                 build/debug/startup_stm32f103xb.o
USART2_IRQHandler                                 build/debug/startup_stm32f103xb.o
USART3_IRQHandler                                 build/debug/startup_stm32f103xb.o
USBWakeUp_IRQHandler                              build/debug/startup_stm32f103xb.o
USB_HP_CAN1_TX_IRQHandler                         build/debug/startup_stm32f103xb.o
USB_LP_CAN1_RX0_IRQHandler                        build/debug/startup_stm32f103xb.o
UsageFault_Handler                                build/debug/stm32f1xx_it.o
WWDG_IRQHandler                                   build/debug/startup_stm32f103xb.o
_Min_Stack_Size                                   build/debug/sysmem.o
__atexit                                          /usr/lib/gcc/arm-none-eabi/14.2.0/../../../../arm-none-eabi/lib/thumb/v7-m/nofp/libc_nano.a(libc_a-__call_atexit.o)
                                                  /usr/lib/gcc/arm-none-eabi/14.2.0/../../../../arm-none-eabi/lib/thumb/v7-m/nofp/libc_nano.a(libc_a-__atexit.o)
__atexit0                                         /usr/lib/gcc/arm-none-eabi/14.2.0/../../../../arm-none-eabi/lib/thumb/v7-m/nofp/libc_nano.a(libc_a-__atexit.o)
__atexit_dummy                                    /usr/lib/gcc/arm-none-eabi/14.2.0/../../../../arm-none-eabi/lib/thumb/v7-m/nofp/libc_nano.a(libc_a-__atexit.o)
__atexit_recursive_mutex                          /usr/lib/gcc/arm-none-eabi/14.2.0/../../../../arm-none-eabi/lib/thumb/v7-m/nofp/libc_nano.a(libc_a-__call_atexit.o)
                                                  /usr/lib/gcc/arm-none-eabi/14.2.0/../../../../arm-none-eabi/lib/thumb/v7-m/nofp/libc_nano.a(libc_a-__atexit.o)
__bss_end__                                       /usr/lib/gcc/arm-none-eabi/14.2.0/../../../../arm-none-eabi/lib/thumb/v7-m/nofp/crt0.o
__bss_start__                                     /usr/lib/gcc/arm-none-eabi/14.2.0/../../../../arm-none-eabi/lib/thumb/v7-m/nofp/crt0.o
__call_exitprocs                                  /usr/lib/gcc/arm-none-eabi/14.2.0/../../../../arm-none-eabi/lib/thumb/v7-m/nofp/libc_nano.a(libc_a-__call_atexit.o)
                                                  /usr/lib/gcc/arm-none-eabi/14.2.0/../../../../arm-none-eabi/lib/thumb/v7-m/nofp/libc_nano.a(libc_a-__atexit.o)
                                                  /usr/lib/gcc/arm-none-eabi/14.2.0/../../../../arm-none-eabi/lib/thumb/v7-m/nofp/libc_nano.a(libc_a-exit.o)
__deregister_frame_info                           /usr/lib/gcc/arm-none-eabi/14.2.0/thumb/v7-m/nofp/crtbegin.o
__dso_handle                                      /usr/lib/gcc/arm-none-eabi/14.2.0/thumb/v7-m/nofp/crtbegin.o
__env                                             build/debug/syscalls.o
__errno                                           /usr/lib/gcc/arm-none-eabi/14.2.0/../../../../arm-none-eabi/lib/thumb/v7-m/nofp/libc_nano.a(libc_a-errno.o)
                                                  build/debug/sysmem.o
                                                  build/debug/syscalls.o
__fini_array_end                                  /usr/lib/gcc/arm-none-eabi/14.2.0/../../../../arm-none-eabi/lib/thumb/v7-m/nofp/libc_nano.a(libc_a-fini.o)
__fini_array_start                                /usr/lib/gcc/arm-none-eabi/14.2.0/../../../../arm-none-eabi/lib/thumb/v7-m/nofp/libc_nano.a(libc_a-fini.o)
__fp_lock_all                                     /usr/lib/gcc/arm-none-eabi/14.2.0/../../../../arm-none-eabi/lib/thumb/v7-m/nofp/libc_nano.a(libc_a-findfp.o)
__fp_unlock_all                                   /usr/lib/gcc/arm-none-eabi/14.2.0/../../../../arm-none-eabi/lib/thumb/v7-m/nofp/libc_nano.a(libc_a-findfp.o)
__init_array_end                                  /usr/lib/gcc/arm-none-eabi/14.2.0/../../../../arm-none-eabi/lib/thumb/v7-m/nofp/libc_nano.a(libc_a-init.o)
__init_array_start                                /usr/lib/gcc/arm-none-eabi/14.2.0/../../../../arm-none-eabi/lib/thumb/v7-m/nofp/libc_nano.a(libc_a-init.o)
__io_getchar                                      build/debug/syscalls.o
__io_putchar                                      build/debug/syscalls.o
__libc_fini_array                                 /usr/lib/gcc/arm-none-eabi/14.2.0/../../../../arm-none-eabi/lib/thumb/v7-m/nofp/libc_nano.a(libc_a-fini.o)
                                                  /usr/lib/gcc/arm-none-eabi/14.2.0/../../../../arm-none-eabi/lib/thumb/v7-m/nofp/crt0.o
__libc_init_array                                 /usr/lib/gcc/arm-none-eabi/14.2.0/../../../../arm-none-eabi/lib/thumb/v7-m/nofp/libc_nano.a(libc_a-init.o)
                                                  build/debug/startup_stm32f103xb.o
                                                  /usr/lib/gcc/arm-none-eabi/14.2.0/../../../../arm-none-eabi/lib/thumb/v7-m/nofp/crt0.o
__lock___arc4random_mutex                         /usr/lib/gcc/arm-none-eabi/14.2.0/../../../../arm-none-eabi/lib/thumb/v7-m/nofp/libc_nano.a(libc_a-lock.o)
__lock___at_quick_exit_mutex                      /usr/lib/gcc/arm-none-eabi/14.2.0/../../../../arm-none-eabi/lib/thumb/v7-m/nofp/libc_nano.a(libc_a-lock.o)
__lock___atexit_recursive_mutex                   /usr/lib/gcc/arm-none-eabi/14.2.0/../../../../arm-none-eabi/lib/thumb/v7-m/nofp/libc_nano.a(libc_a-lock.o)
                                                  /usr/lib/gcc/arm-none-eabi/14.2.0/../../../../arm-none-eabi/lib/thumb/v7-m/nofp/libc_nano.a(libc_a-__call_atexit.o)
__lock___dd_hash_mutex                            /usr/lib/gcc/arm-none-eabi/14.2.0/../../../../arm-none-eabi/lib/thumb/v7-m/nofp/libc_nano.a(libc_a-lock.o)
__lock___env_recursive_mutex                      /usr/lib/gcc/arm-none-eabi/14.2.0/../../../../arm-none-eabi/lib/thumb/v7-m/nofp/libc_nano.a(libc_a-lock.o)
__lock___malloc_recursive_mutex                   /usr/lib/gcc/arm-none-eabi/14.2.0/../../../../arm-none-eabi/lib/thumb/v7-m/nofp/libc_nano.a(libc_a-lock.o)
                                                  /usr/lib/gcc/arm-none-eabi/14.2.0/../../../../arm-none-eabi/lib/thumb/v7-m/nofp/libc_nano.a(libc_a-mlock.o)
__lock___sfp_recursive_mutex                      /usr/lib/gcc/arm-none-eabi/14.2.0/../../../../arm-none-eabi/lib/thumb/v7-m/nofp/libc_nano.a(libc_a-lock.o)
                                                  /usr/lib/gcc/arm-none-eabi/14.2.0/../../../../arm-none-eabi/lib/thumb/v7-m/nofp/libc_nano.a(libc_a-findfp.o)
__lock___tz_mutex                                 /usr/lib/gcc/arm-none-eabi/14.2.0/../../../../arm-none-eabi/lib/thumb/v7-m/nofp/libc_nano.a(libc_a-lock.o)
__malloc_free_list                                /usr/lib/gcc/arm-none-eabi/14.2.0/../../../../arm-none-eabi/lib/thumb/v7-m/nofp/libc_nano.a(libc_a-mallocr.o)
                                                  /usr/lib/gcc/arm-none-eabi/14.2.0/../../../../arm-none-eabi/lib/thumb/v7-m/nofp/libc_nano.a(libc_a-freer.o)
__malloc_lock                                     /usr/lib/gcc/arm-none-eabi/14.2.0/../../../../arm-none-eabi/lib/thumb/v7-m/nofp/libc_nano.a(libc_a-mlock.o)
                                                  /usr/lib/gcc/arm-none-eabi/14.2.0/../../../../arm-none-eabi/lib/thumb/v7-m/nofp/libc_nano.a(libc_a-mallocr.o)
                                                  /usr/lib/gcc/arm-none-eabi/14.2.0/../../../../arm-none-eabi/lib/thumb/v7-m/nofp/libc_nano.a(libc_a-freer.o)
__malloc_sbrk_start                               /usr/lib/gcc/arm-none-eabi/14.2.0/../../../../arm-none-eabi/lib/thumb/v7-m/nofp/libc_nano.a(libc_a-mallocr.o)
__malloc_unlock                                   /usr/lib/gcc/arm-none-eabi/14.2.0/../../../../arm-none-eabi/lib/thumb/v7-m/nofp/libc_nano.a(libc_a-mlock.o)
                                                  /usr/lib/gcc/arm-none-eabi/14.2.0/../../../../arm-none-eabi/lib/thumb/v7-m/nofp/libc_nano.a(libc_a-mallocr.o)
                                                  /usr/lib/gcc/arm-none-eabi/14.2.0/../../../../arm-none-eabi/lib/thumb/v7-m/nofp/libc_nano.a(libc_a-freer.o)
__on_exit_args                                    /usr/lib/gcc/arm-none-eabi/14.2.0/../../../../arm-none-eabi/lib/thumb/v7-m/nofp/libc_nano.a(libc_a-__atexit.o)
__preinit_array_end                               /usr/lib/gcc/arm-none-eabi/14.2.0/../../../../arm-none-eabi/lib/thumb/v7-m/nofp/libc_nano.a(libc_a-init.o)
__preinit_array_start                             /usr/lib/gcc/arm-none-eabi/14.2.0/../../../../arm-none-eabi/lib/thumb/v7-m/nofp/libc_nano.a(libc_a-init.o)
__register_exitproc                               /usr/lib/gcc/arm-none-eabi/14.2.0/../../../../arm-none-eabi/lib/thumb/v7-m/nofp/libc_nano.a(libc_a-__atexit.o)
                                                  /usr/lib/gcc/arm-none-eabi/14.2.0/../../../../arm-none-eabi/lib/thumb/v7-m/nofp/libc_nano.a(libc_a-atexit.o)
__register_frame_info                             /usr/lib/gcc/arm-none-eabi/14.2.0/thumb/v7-m/nofp/crtbegin.o
__retarget_lock_acquire                           /usr/lib/gcc/arm-none-eabi/14.2.0/../../../../arm-none-eabi/lib/thumb/v7-m/nofp/libc_nano.a(libc_a-lock.o)
__retarget_lock_acquire_recursive                 /usr/lib/gcc/arm-none-eabi/14.2.0/../../../../arm-none-eabi/lib/thumb/v7-m/nofp/libc_nano.a(libc_a-lock.o)
                                                  /usr/lib/gcc/arm-none-eabi/14.2.0/../../../../arm-none-eabi/lib/thumb/v7-m/nofp/libc_nano.a(libc_a-fflush.o)
                                                  /usr/lib/gcc/arm-none-eabi/14.2.0/../../../../arm-none-eabi/lib/thumb/v7-m/nofp/libc_nano.a(libc_a-mlock.o)
                                                  /usr/lib/gcc/arm-none-eabi/14.2.0/../../../../arm-none-eabi/lib/thumb/v7-m/nofp/libc_nano.a(libc_a-__call_atexit.o)
                                                  /usr/lib/gcc/arm-none-eabi/14.2.0/../../../../arm-none-eabi/lib/thumb/v7-m/nofp/libc_nano.a(libc_a-__atexit.o)
                                                  /usr/lib/gcc/arm-none-eabi/14.2.0/../../../../arm-none-eabi/lib/thumb/v7-m/nofp/libc_nano.a(libc_a-findfp.o)
__retarget_lock_close                             /usr/lib/gcc/arm-none-eabi/14.2.0/../../../../arm-none-eabi/lib/thumb/v7-m/nofp/libc_nano.a(libc_a-lock.o)
__retarget_lock_close_recursive                   /usr/lib/gcc/arm-none-eabi/14.2.0/../../../../arm-none-eabi/lib/thumb/v7-m/nofp/libc_nano.a(libc_a-lock.o)
__retarget_lock_init                              /usr/lib/gcc/arm-none-eabi/14.2.0/../../../../arm-none-eabi/lib/thumb/v7-m/nofp/libc_nano.a(libc_a-lock.o)
__retarget_lock_init_recursive                    /usr/lib/gcc/arm-none-eabi/14.2.0/../../../../arm-none-eabi/lib/thumb/v7-m/nofp/libc_nano.a(libc_a-lock.o)
                                                  /usr/lib/gcc/arm-none-eabi/14.2.0/../../../../arm-none-eabi/lib/thumb/v7-m/nofp/libc_nano.a(libc_a-findfp.o)
__retarget_lock_release                           /usr/lib/gcc/arm-none-eabi/14.2.0/../../../../arm-none-eabi/lib/thumb/v7-m/nofp/libc_nano.a(libc_a-lock.o)
__retarget_lock_release_recursive                 /usr/lib/gcc/arm-none-eabi/14.2.0/../../../../arm-none-eabi/lib/thumb/v7-m/nofp/libc_nano.a(libc_a-lock.o)
                                                  /usr/lib/gcc/arm-none-eabi/14.2.0/../../../../arm-none-eabi/lib/thumb/v7-m/nofp/libc_nano.a(libc_a-fflush.o)
                                                  /usr/lib/gcc/arm-none-eabi/14.2.0/../../../../arm-none-eabi/lib/thumb/v7-m/nofp/libc_nano.a(libc_a-mlock.o)
                                                  /usr/lib/gcc/arm-none-eabi/14.2.0/../../../../arm-none-eabi/lib/thumb/v7-m/nofp/libc_nano.a(libc_a-__call_atexit.o)
                                                  /usr/lib/gcc/arm-none-eabi/14.2.0/../../../../arm-none-eabi/lib/thumb/v7-m/nofp/libc_nano.a(libc_a-__atexit.o)
                                                  /usr/lib/gcc/arm-none-eabi/14.2.0/../../../../arm-none-eabi/lib/thumb/v7-m/nofp/libc_nano.a(libc_a-findfp.o)
__retarget_lock_try_acquire                       /usr/lib/gcc/arm-none-eabi/14.2.0/../../../../arm-none-eabi/lib/thumb/v7-m/nofp/libc_nano.a(libc_a-lock.o)
__retarget_lock_try_acquire_recursive             /usr/lib/gcc/arm-none-eabi/14.2.0/../../../../arm-none-eabi/lib/thumb/v7-m/nofp/libc_nano.a(libc_a-lock.o)
__sclose                                          /usr/lib/gcc/arm-none-eabi/14.2.0/../../../../arm-none-eabi/lib/thumb/v7-m/nofp/libc_nano.a(libc_a-stdio.o)
                                                  /usr/lib/gcc/arm-none-eabi/14.2.0/../../../../arm-none-eabi/lib/thumb/v7-m/nofp/libc_nano.a(libc_a-findfp.o)
__seofread                                        /usr/lib/gcc/arm-none-eabi/14.2.0/../../../../arm-none-eabi/lib/thumb/v7-m/nofp/libc_nano.a(libc_a-stdio.o)
__sf                                              /usr/lib/gcc/arm-none-eabi/14.2.0/../../../../arm-none-eabi/lib/thumb/v7-m/nofp/libc_nano.a(libc_a-findfp.o)
                                                  /usr/lib/gcc/arm-none-eabi/14.2.0/../../../../arm-none-eabi/lib/thumb/v7-m/nofp/libc_nano.a(libc_a-impure.o)
__sflush_r                                        /usr/lib/gcc/arm-none-eabi/14.2.0/../../../../arm-none-eabi/lib/thumb/v7-m/nofp/libc_nano.a(libc_a-fflush.o)
__sfp                                             /usr/lib/gcc/arm-none-eabi/14.2.0/../../../../arm-none-eabi/lib/thumb/v7-m/nofp/libc_nano.a(libc_a-findfp.o)
__sfp_lock_acquire                                /usr/lib/gcc/arm-none-eabi/14.2.0/../../../../arm-none-eabi/lib/thumb/v7-m/nofp/libc_nano.a(libc_a-findfp.o)
__sfp_lock_release                                /usr/lib/gcc/arm-none-eabi/14.2.0/../../../../arm-none-eabi/lib/thumb/v7-m/nofp/libc_nano.a(libc_a-findfp.o)
__sglue                                           /usr/lib/gcc/arm-none-eabi/14.2.0/../../../../arm-none-eabi/lib/thumb/v7-m/nofp/libc_nano.a(libc_a-findfp.o)
                                                  /usr/lib/gcc/arm-none-eabi/14.2.0/../../../../arm-none-eabi/lib/thumb/v7-m/nofp/libc_nano.a(libc_a-fflush.o)
__sinit                                           /usr/lib/gcc/arm-none-eabi/14.2.0/../../../../arm-none-eabi/lib/thumb/v7-m/nofp/libc_nano.a(libc_a-findfp.o)
                                                  /usr/lib/gcc/arm-none-eabi/14.2.0/../../../../arm-none-eabi/lib/thumb/v7-m/nofp/libc_nano.a(libc_a-fflush.o)
__sread                                           /usr/lib/gcc/arm-none-eabi/14.2.0/../../../../arm-none-eabi/lib/thumb/v7-m/nofp/libc_nano.a(libc_a-stdio.o)
                                                  /usr/lib/gcc/arm-none-eabi/14.2.0/../../../../arm-none-eabi/lib/thumb/v7-m/nofp/libc_nano.a(libc_a-findfp.o)
__sseek                                           /usr/lib/gcc/arm-none-eabi/14.2.0/../../../../arm-none-eabi/lib/thumb/v7-m/nofp/libc_nano.a(libc_a-stdio.o)
                                                  /usr/lib/gcc/arm-none-eabi/14.2.0/../../../../arm-none-eabi/lib/thumb/v7-m/nofp/libc_nano.a(libc_a-findfp.o)
__stack                                           /usr/lib/gcc/arm-none-eabi/14.2.0/../../../../arm-none-eabi/lib/thumb/v7-m/nofp/crt0.o
__stdio_exit_handler                              /usr/lib/gcc/arm-none-eabi/14.2.0/../../../../arm-none-eabi/lib/thumb/v7-m/nofp/libc_nano.a(libc_a-findfp.o)
                                                  /usr/lib/gcc/arm-none-eabi/14.2.0/../../../../arm-none-eabi/lib/thumb/v7-m/nofp/libc_nano.a(libc_a-exit.o)
__swrite                                          /usr/lib/gcc/arm-none-eabi/14.2.0/../../../../arm-none-eabi/lib/thumb/v7-m/nofp/libc_nano.a(libc_a-stdio.o)
                                                  /usr/lib/gcc/arm-none-eabi/14.2.0/../../../../arm-none-eabi/lib/thumb/v7-m/nofp/libc_nano.a(libc_a-findfp.o)
_close                                            build/debug/syscalls.o
                                                  /usr/lib/gcc/arm-none-eabi/14.2.0/../../../../arm-none-eabi/lib/thumb/v7-m/nofp/libc_nano.a(libc_a-closer.o)
_close_r                                          /usr/lib/gcc/arm-none-eabi/14.2.0/../../../../arm-none-eabi/lib/thumb/v7-m/nofp/libc_nano.a(libc_a-closer.o)
                                                  /usr/lib/gcc/arm-none-eabi/14.2.0/../../../../arm-none-eabi/lib/thumb/v7-m/nofp/libc_nano.a(libc_a-stdio.o)
_ebss                                             build/debug/startup_stm32f103xb.o
_edata                                            build/debug/startup_stm32f103xb.o
_end                                              build/debug/sysmem.o
_estack                                           build/debug/startup_stm32f103xb.o
                                                  build/debug/sysmem.o
_execve                                           build/debug/syscalls.o
_exit                                             build/debug/syscalls.o
                                                  /usr/lib/gcc/arm-none-eabi/14.2.0/../../../../arm-none-eabi/lib/thumb/v7-m/nofp/libc_nano.a(libc_a-exit.o)
_fflush_r                                         /usr/lib/gcc/arm-none-eabi/14.2.0/../../../../arm-none-eabi/lib/thumb/v7-m/nofp/libc_nano.a(libc_a-fflush.o)
                                                  /usr/lib/gcc/arm-none-eabi/14.2.0/../../../../arm-none-eabi/lib/thumb/v7-m/nofp/libc_nano.a(libc_a-findfp.o)
_fini                                             /usr/lib/gcc/arm-none-eabi/14.2.0/thumb/v7-m/nofp/crti.o
                                                  /usr/lib/gcc/arm-none-eabi/14.2.0/../../../../arm-none-eabi/lib/thumb/v7-m/nofp/libc_nano.a(libc_a-fini.o)
_fork                                             build/debug/syscalls.o
_free_r                                           /usr/lib/gcc/arm-none-eabi/14.2.0/../../../../arm-none-eabi/lib/thumb/v7-m/nofp/libc_nano.a(libc_a-freer.o)
                                                  /usr/lib/gcc/arm-none-eabi/14.2.0/../../../../arm-none-eabi/lib/thumb/v7-m/nofp/libc_nano.a(libc_a-fflush.o)
                                                  /usr/lib/gcc/arm-none-eabi/14.2.0/../../../../arm-none-eabi/lib/thumb/v7-m/nofp/libc_nano.a(libc_a-reent.o)
_fstat                                            build/debug/syscalls.o
_fwalk_sglue                                      /usr/lib/gcc/arm-none-eabi/14.2.0/../../../../arm-none-eabi/lib/thumb/v7-m/nofp/libc_nano.a(libc_a-fwalk.o)
                                                  /usr/lib/gcc/arm-none-eabi/14.2.0/../../../../arm-none-eabi/lib/thumb/v7-m/nofp/libc_nano.a(libc_a-fflush.o)
                                                  /usr/lib/gcc/arm-none-eabi/14.2.0/../../../../arm-none-eabi/lib/thumb/v7-m/nofp/libc_nano.a(libc_a-findfp.o)
_getpid                                           build/debug/syscalls.o
_impure_data                                      /usr/lib/gcc/arm-none-eabi/14.2.0/../../../../arm-none-eabi/lib/thumb/v7-m/nofp/libc_nano.a(libc_a-impure.o)
                                                  /usr/lib/gcc/arm-none-eabi/14.2.0/../../../../arm-none-eabi/lib/thumb/v7-m/nofp/libc_nano.a(libc_a-fflush.o)
                                                  /usr/lib/gcc/arm-none-eabi/14.2.0/../../../../arm-none-eabi/lib/thumb/v7-m/nofp/libc_nano.a(libc_a-findfp.o)
_impure_ptr                                       /usr/lib/gcc/arm-none-eabi/14.2.0/../../../../arm-none-eabi/lib/thumb/v7-m/nofp/libc_nano.a(libc_a-impure.o)
                                                  /usr/lib/gcc/arm-none-eabi/14.2.0/../../../../arm-none-eabi/lib/thumb/v7-m/nofp/libc_nano.a(libc_a-fflush.o)
                                                  /usr/lib/gcc/arm-none-eabi/14.2.0/../../../../arm-none-eabi/lib/thumb/v7-m/nofp/libc_nano.a(libc_a-errno.o)
                                                  /usr/lib/gcc/arm-none-eabi/14.2.0/../../../../arm-none-eabi/lib/thumb/v7-m/nofp/libc_nano.a(libc_a-reent.o)
_init                                             /usr/lib/gcc/arm-none-eabi/14.2.0/thumb/v7-m/nofp/crti.o
                                                  /usr/lib/gcc/arm-none-eabi/14.2.0/../../../../arm-none-eabi/lib/thumb/v7-m/nofp/libc_nano.a(libc_a-init.o)
_isatty                                           build/debug/syscalls.o
_kill                                             build/debug/syscalls.o
_link                                             build/debug/syscalls.o
_lseek                                            build/debug/syscalls.o
                                                  /usr/lib/gcc/arm-none-eabi/14.2.0/../../../../arm-none-eabi/lib/thumb/v7-m/nofp/libc_nano.a(libc_a-lseekr.o)
_lseek_r                                          /usr/lib/gcc/arm-none-eabi/14.2.0/../../../../arm-none-eabi/lib/thumb/v7-m/nofp/libc_nano.a(libc_a-lseekr.o)
                                                  /usr/lib/gcc/arm-none-eabi/14.2.0/../../../../arm-none-eabi/lib/thumb/v7-m/nofp/libc_nano.a(libc_a-stdio.o)
_mainCRTStartup                                   /usr/lib/gcc/arm-none-eabi/14.2.0/../../../../arm-none-eabi/lib/thumb/v7-m/nofp/crt0.o
_malloc_r                                         /usr/lib/gcc/arm-none-eabi/14.2.0/../../../../arm-none-eabi/lib/thumb/v7-m/nofp/libc_nano.a(libc_a-mallocr.o)
                                                  /usr/lib/gcc/arm-none-eabi/14.2.0/../../../../arm-none-eabi/lib/thumb/v7-m/nofp/libc_nano.a(libc_a-findfp.o)
_open                                             build/debug/syscalls.o
_read                                             build/debug/syscalls.o
                                                  /usr/lib/gcc/arm-none-eabi/14.2.0/../../../../arm-none-eabi/lib/thumb/v7-m/nofp/libc_nano.a(libc_a-readr.o)
_read_r                                           /usr/lib/gcc/arm-none-eabi/14.2.0/../../../../arm-none-eabi/lib/thumb/v7-m/nofp/libc_nano.a(libc_a-readr.o)
                                                  /usr/lib/gcc/arm-none-eabi/14.2.0/../../../../arm-none-eabi/lib/thumb/v7-m/nofp/libc_nano.a(libc_a-stdio.o)
_reclaim_reent                                    /usr/lib/gcc/arm-none-eabi/14.2.0/../../../../arm-none-eabi/lib/thumb/v7-m/nofp/libc_nano.a(libc_a-reent.o)
_sbrk                                             build/debug/sysmem.o
                                                  /usr/lib/gcc/arm-none-eabi/14.2.0/../../../../arm-none-eabi/lib/thumb/v7-m/nofp/libc_nano.a(libc_a-sbrkr.o)
_sbrk_r                                           /usr/lib/gcc/arm-none-eabi/14.2.0/../../../../arm-none-eabi/lib/thumb/v7-m/nofp/libc_nano.a(libc_a-sbrkr.o)
                                                  /usr/lib/gcc/arm-none-eabi/14.2.0/../../../../arm-none-eabi/lib/thumb/v7-m/nofp/libc_nano.a(libc_a-mallocr.o)
_sbss                                             build/debug/startup_stm32f103xb.o
_sdata                                            build/debug/startup_stm32f103xb.o
_sidata                                           build/debug/startup_stm32f103xb.o
_stack_init                                       /usr/lib/gcc/arm-none-eabi/14.2.0/../../../../arm-none-eabi/lib/thumb/v7-m/nofp/crt0.o
_start                                            /usr/lib/gcc/arm-none-eabi/14.2.0/../../../../arm-none-eabi/lib/thumb/v7-m/nofp/crt0.o
_stat                                             build/debug/syscalls.o
_times                                            build/debug/syscalls.o
_unlink                                           build/debug/syscalls.o
_wait                                             build/debug/syscalls.o
_write                                            build/debug/syscalls.o
                                                  /usr/lib/gcc/arm-none-eabi/14.2.0/../../../../arm-none-eabi/lib/thumb/v7-m/nofp/libc_nano.a(libc_a-writer.o)
_write_r                                          /usr/lib/gcc/arm-none-eabi/14.2.0/../../../../arm-none-eabi/lib/thumb/v7-m/nofp/libc_nano.a(libc_a-writer.o)