ARM GAS  /tmp/ccDMM8HT.s 			page 1


   1              		.cpu cortex-m3
   2              		.arch armv7-m
   3              		.fpu softvfp
   4              		.eabi_attribute 20, 1
   5              		.eabi_attribute 21, 1
   6              		.eabi_attribute 23, 3
   7              		.eabi_attribute 24, 1
   8              		.eabi_attribute 25, 1
   9              		.eabi_attribute 26, 1
  10              		.eabi_attribute 30, 1
  11              		.eabi_attribute 34, 1
  12              		.eabi_attribute 18, 4
  13              		.file	"main.c"
  14              		.text
  15              	.Ltext0:
  16              		.cfi_sections	.debug_frame
  17              		.file 1 "Core/Src/main.c"
  18              		.section	.text.MX_GPIO_Init,"ax",%progbits
  19              		.align	1
  20              		.syntax unified
  21              		.thumb
  22              		.thumb_func
  24              	MX_GPIO_Init:
  25              	.LFB69:
   1:Core/Src/main.c **** /* USER CODE BEGIN Header */
   2:Core/Src/main.c **** /**
   3:Core/Src/main.c ****   ******************************************************************************
   4:Core/Src/main.c ****   * @file           : main.c
   5:Core/Src/main.c ****   * @brief          : Main program body
   6:Core/Src/main.c ****   ******************************************************************************
   7:Core/Src/main.c ****   * @attention
   8:Core/Src/main.c ****   *
   9:Core/Src/main.c ****   * Copyright (c) 2025 STMicroelectronics.
  10:Core/Src/main.c ****   * All rights reserved.
  11:Core/Src/main.c ****   *
  12:Core/Src/main.c ****   * This software is licensed under terms that can be found in the LICENSE file
  13:Core/Src/main.c ****   * in the root directory of this software component.
  14:Core/Src/main.c ****   * If no LICENSE file comes with this software, it is provided AS-IS.
  15:Core/Src/main.c ****   *
  16:Core/Src/main.c ****   ******************************************************************************
  17:Core/Src/main.c ****   */
  18:Core/Src/main.c **** /* USER CODE END Header */
  19:Core/Src/main.c **** /* Includes ------------------------------------------------------------------*/
  20:Core/Src/main.c **** #include "main.h"
  21:Core/Src/main.c **** 
  22:Core/Src/main.c **** /* Private includes ----------------------------------------------------------*/
  23:Core/Src/main.c **** /* USER CODE BEGIN Includes */
  24:Core/Src/main.c **** 
  25:Core/Src/main.c **** /* USER CODE END Includes */
  26:Core/Src/main.c **** 
  27:Core/Src/main.c **** /* Private typedef -----------------------------------------------------------*/
  28:Core/Src/main.c **** /* USER CODE BEGIN PTD */
  29:Core/Src/main.c **** 
  30:Core/Src/main.c **** /* USER CODE END PTD */
  31:Core/Src/main.c **** 
  32:Core/Src/main.c **** /* Private define ------------------------------------------------------------*/
  33:Core/Src/main.c **** /* USER CODE BEGIN PD */
ARM GAS  /tmp/ccDMM8HT.s 			page 2


  34:Core/Src/main.c **** volatile int pwm_started=0;
  35:Core/Src/main.c **** 
  36:Core/Src/main.c **** /* USER CODE END PD */
  37:Core/Src/main.c **** 
  38:Core/Src/main.c **** /* Private macro -------------------------------------------------------------*/
  39:Core/Src/main.c **** /* USER CODE BEGIN PM */
  40:Core/Src/main.c **** 
  41:Core/Src/main.c **** /* USER CODE END PM */
  42:Core/Src/main.c **** 
  43:Core/Src/main.c **** /* Private variables ---------------------------------------------------------*/
  44:Core/Src/main.c **** TIM_HandleTypeDef htim4;
  45:Core/Src/main.c **** 
  46:Core/Src/main.c **** /* USER CODE BEGIN PV */
  47:Core/Src/main.c **** 
  48:Core/Src/main.c **** /* USER CODE END PV */
  49:Core/Src/main.c **** 
  50:Core/Src/main.c **** /* Private function prototypes -----------------------------------------------*/
  51:Core/Src/main.c **** void SystemClock_Config(void);
  52:Core/Src/main.c **** static void MX_GPIO_Init(void);
  53:Core/Src/main.c **** static void MX_TIM4_Init(void);
  54:Core/Src/main.c **** /* USER CODE BEGIN PFP */
  55:Core/Src/main.c **** 
  56:Core/Src/main.c **** /* USER CODE END PFP */
  57:Core/Src/main.c **** 
  58:Core/Src/main.c **** /* Private user code ---------------------------------------------------------*/
  59:Core/Src/main.c **** /* USER CODE BEGIN 0 */
  60:Core/Src/main.c **** void map(int angle) {
  61:Core/Src/main.c ****   if (angle < 0) angle = 0;
  62:Core/Src/main.c ****   if (angle > 180) angle = 180;
  63:Core/Src/main.c **** 
  64:Core/Src/main.c ****   int pulse = 500 + (angle *1000/180);
  65:Core/Src/main.c ****   TIM4->CCR4 = pulse;
  66:Core/Src/main.c **** }
  67:Core/Src/main.c **** /* USER CODE END 0 */
  68:Core/Src/main.c **** 
  69:Core/Src/main.c **** /**
  70:Core/Src/main.c ****   * @brief  The application entry point.
  71:Core/Src/main.c ****   * @retval int
  72:Core/Src/main.c ****   */
  73:Core/Src/main.c **** int main(void)
  74:Core/Src/main.c **** {
  75:Core/Src/main.c **** 
  76:Core/Src/main.c ****   /* USER CODE BEGIN 1 */
  77:Core/Src/main.c ****   
  78:Core/Src/main.c ****   /* USER CODE END 1 */
  79:Core/Src/main.c **** 
  80:Core/Src/main.c ****   /* MCU Configuration--------------------------------------------------------*/
  81:Core/Src/main.c **** 
  82:Core/Src/main.c ****   /* Reset of all peripherals, Initializes the Flash interface and the Systick. */
  83:Core/Src/main.c ****   HAL_Init();
  84:Core/Src/main.c **** 
  85:Core/Src/main.c ****   /* USER CODE BEGIN Init */
  86:Core/Src/main.c **** 
  87:Core/Src/main.c ****   /* USER CODE END Init */
  88:Core/Src/main.c **** 
  89:Core/Src/main.c ****   /* Configure the system clock */
  90:Core/Src/main.c ****   SystemClock_Config();
ARM GAS  /tmp/ccDMM8HT.s 			page 3


  91:Core/Src/main.c **** 
  92:Core/Src/main.c ****   /* USER CODE BEGIN SysInit */
  93:Core/Src/main.c **** 
  94:Core/Src/main.c ****   /* USER CODE END SysInit */
  95:Core/Src/main.c **** 
  96:Core/Src/main.c ****   /* Initialize all configured peripherals */
  97:Core/Src/main.c ****   MX_GPIO_Init();
  98:Core/Src/main.c ****   MX_TIM4_Init();
  99:Core/Src/main.c ****   /* USER CODE BEGIN 2 */
 100:Core/Src/main.c ****   HAL_TIM_PWM_Start(&htim4,TIM_CHANNEL_4);
 101:Core/Src/main.c ****   /* USER CODE END 2 */
 102:Core/Src/main.c **** 
 103:Core/Src/main.c ****   /* Infinite loop */
 104:Core/Src/main.c ****   /* USER CODE BEGIN WHILE */
 105:Core/Src/main.c ****   while (1)
 106:Core/Src/main.c ****   {
 107:Core/Src/main.c ****     /* USER CODE END WHILE */
 108:Core/Src/main.c **** 
 109:Core/Src/main.c ****     /* USER CODE BEGIN 3 */
 110:Core/Src/main.c **** map(0);   
 111:Core/Src/main.c **** HAL_Delay(1000);
 112:Core/Src/main.c **** map(90);  
 113:Core/Src/main.c **** HAL_Delay(1000);
 114:Core/Src/main.c **** map(45);
 115:Core/Src/main.c **** HAL_Delay(1000);
 116:Core/Src/main.c **** map(180);
 117:Core/Src/main.c **** HAL_Delay(1000);
 118:Core/Src/main.c **** 
 119:Core/Src/main.c ****   }
 120:Core/Src/main.c ****   /* USER CODE END 3 */
 121:Core/Src/main.c **** }
 122:Core/Src/main.c **** 
 123:Core/Src/main.c **** /**
 124:Core/Src/main.c ****   * @brief System Clock Configuration
 125:Core/Src/main.c ****   * @retval None
 126:Core/Src/main.c ****   */
 127:Core/Src/main.c **** void SystemClock_Config(void)
 128:Core/Src/main.c **** {
 129:Core/Src/main.c ****   RCC_OscInitTypeDef RCC_OscInitStruct = {0};
 130:Core/Src/main.c ****   RCC_ClkInitTypeDef RCC_ClkInitStruct = {0};
 131:Core/Src/main.c **** 
 132:Core/Src/main.c ****   /** Initializes the RCC Oscillators according to the specified parameters
 133:Core/Src/main.c ****   * in the RCC_OscInitTypeDef structure.
 134:Core/Src/main.c ****   */
 135:Core/Src/main.c ****   RCC_OscInitStruct.OscillatorType = RCC_OSCILLATORTYPE_HSE;
 136:Core/Src/main.c ****   RCC_OscInitStruct.HSEState = RCC_HSE_ON;
 137:Core/Src/main.c ****   RCC_OscInitStruct.HSEPredivValue = RCC_HSE_PREDIV_DIV1;
 138:Core/Src/main.c ****   RCC_OscInitStruct.HSIState = RCC_HSI_ON;
 139:Core/Src/main.c ****   RCC_OscInitStruct.PLL.PLLState = RCC_PLL_ON;
 140:Core/Src/main.c ****   RCC_OscInitStruct.PLL.PLLSource = RCC_PLLSOURCE_HSE;
 141:Core/Src/main.c ****   RCC_OscInitStruct.PLL.PLLMUL = RCC_PLL_MUL9;
 142:Core/Src/main.c ****   if (HAL_RCC_OscConfig(&RCC_OscInitStruct) != HAL_OK)
 143:Core/Src/main.c ****   {
 144:Core/Src/main.c ****     Error_Handler();
 145:Core/Src/main.c ****   }
 146:Core/Src/main.c **** 
 147:Core/Src/main.c ****   /** Initializes the CPU, AHB and APB buses clocks
ARM GAS  /tmp/ccDMM8HT.s 			page 4


 148:Core/Src/main.c ****   */
 149:Core/Src/main.c ****   RCC_ClkInitStruct.ClockType = RCC_CLOCKTYPE_HCLK|RCC_CLOCKTYPE_SYSCLK
 150:Core/Src/main.c ****                               |RCC_CLOCKTYPE_PCLK1|RCC_CLOCKTYPE_PCLK2;
 151:Core/Src/main.c ****   RCC_ClkInitStruct.SYSCLKSource = RCC_SYSCLKSOURCE_PLLCLK;
 152:Core/Src/main.c ****   RCC_ClkInitStruct.AHBCLKDivider = RCC_SYSCLK_DIV1;
 153:Core/Src/main.c ****   RCC_ClkInitStruct.APB1CLKDivider = RCC_HCLK_DIV2;
 154:Core/Src/main.c ****   RCC_ClkInitStruct.APB2CLKDivider = RCC_HCLK_DIV1;
 155:Core/Src/main.c **** 
 156:Core/Src/main.c ****   if (HAL_RCC_ClockConfig(&RCC_ClkInitStruct, FLASH_LATENCY_2) != HAL_OK)
 157:Core/Src/main.c ****   {
 158:Core/Src/main.c ****     Error_Handler();
 159:Core/Src/main.c ****   }
 160:Core/Src/main.c **** }
 161:Core/Src/main.c **** 
 162:Core/Src/main.c **** /**
 163:Core/Src/main.c ****   * @brief TIM4 Initialization Function
 164:Core/Src/main.c ****   * @param None
 165:Core/Src/main.c ****   * @retval None
 166:Core/Src/main.c ****   */
 167:Core/Src/main.c **** static void MX_TIM4_Init(void)
 168:Core/Src/main.c **** {
 169:Core/Src/main.c **** 
 170:Core/Src/main.c ****   /* USER CODE BEGIN TIM4_Init 0 */
 171:Core/Src/main.c **** 
 172:Core/Src/main.c ****   /* USER CODE END TIM4_Init 0 */
 173:Core/Src/main.c **** 
 174:Core/Src/main.c ****   TIM_MasterConfigTypeDef sMasterConfig = {0};
 175:Core/Src/main.c ****   TIM_OC_InitTypeDef sConfigOC = {0};
 176:Core/Src/main.c **** 
 177:Core/Src/main.c ****   /* USER CODE BEGIN TIM4_Init 1 */
 178:Core/Src/main.c **** 
 179:Core/Src/main.c ****   /* USER CODE END TIM4_Init 1 */
 180:Core/Src/main.c ****   htim4.Instance = TIM4;
 181:Core/Src/main.c ****   htim4.Init.Prescaler = 72-1;
 182:Core/Src/main.c ****   htim4.Init.CounterMode = TIM_COUNTERMODE_UP;
 183:Core/Src/main.c ****   htim4.Init.Period = 20000-1;
 184:Core/Src/main.c ****   htim4.Init.ClockDivision = TIM_CLOCKDIVISION_DIV1;
 185:Core/Src/main.c ****   htim4.Init.AutoReloadPreload = TIM_AUTORELOAD_PRELOAD_DISABLE;
 186:Core/Src/main.c ****   if (HAL_TIM_PWM_Init(&htim4) != HAL_OK)
 187:Core/Src/main.c ****   {
 188:Core/Src/main.c ****     Error_Handler();
 189:Core/Src/main.c ****   }
 190:Core/Src/main.c ****   sMasterConfig.MasterOutputTrigger = TIM_TRGO_RESET;
 191:Core/Src/main.c ****   sMasterConfig.MasterSlaveMode = TIM_MASTERSLAVEMODE_DISABLE;
 192:Core/Src/main.c ****   if (HAL_TIMEx_MasterConfigSynchronization(&htim4, &sMasterConfig) != HAL_OK)
 193:Core/Src/main.c ****   {
 194:Core/Src/main.c ****     Error_Handler();
 195:Core/Src/main.c ****   }
 196:Core/Src/main.c ****   sConfigOC.OCMode = TIM_OCMODE_PWM1;
 197:Core/Src/main.c ****   sConfigOC.Pulse = 0;
 198:Core/Src/main.c ****   sConfigOC.OCPolarity = TIM_OCPOLARITY_HIGH;
 199:Core/Src/main.c ****   sConfigOC.OCFastMode = TIM_OCFAST_DISABLE;
 200:Core/Src/main.c ****   if (HAL_TIM_PWM_ConfigChannel(&htim4, &sConfigOC, TIM_CHANNEL_4) != HAL_OK)
 201:Core/Src/main.c ****   {
 202:Core/Src/main.c ****     Error_Handler();
 203:Core/Src/main.c ****   }
 204:Core/Src/main.c ****   /* USER CODE BEGIN TIM4_Init 2 */
ARM GAS  /tmp/ccDMM8HT.s 			page 5


 205:Core/Src/main.c **** 
 206:Core/Src/main.c ****   /* USER CODE END TIM4_Init 2 */
 207:Core/Src/main.c ****   HAL_TIM_MspPostInit(&htim4);
 208:Core/Src/main.c **** 
 209:Core/Src/main.c **** }
 210:Core/Src/main.c **** 
 211:Core/Src/main.c **** /**
 212:Core/Src/main.c ****   * @brief GPIO Initialization Function
 213:Core/Src/main.c ****   * @param None
 214:Core/Src/main.c ****   * @retval None
 215:Core/Src/main.c ****   */
 216:Core/Src/main.c **** static void MX_GPIO_Init(void)
 217:Core/Src/main.c **** {
  26              		.loc 1 217 1 view -0
  27              		.cfi_startproc
  28              		@ args = 0, pretend = 0, frame = 16
  29              		@ frame_needed = 0, uses_anonymous_args = 0
  30              		@ link register save eliminated.
  31 0000 84B0     		sub	sp, sp, #16
  32              		.cfi_def_cfa_offset 16
 218:Core/Src/main.c **** /* USER CODE BEGIN MX_GPIO_Init_1 */
 219:Core/Src/main.c **** /* USER CODE END MX_GPIO_Init_1 */
 220:Core/Src/main.c **** 
 221:Core/Src/main.c ****   /* GPIO Ports Clock Enable */
 222:Core/Src/main.c ****   __HAL_RCC_GPIOD_CLK_ENABLE();
  33              		.loc 1 222 3 view .LVU1
  34              	.LBB4:
  35              		.loc 1 222 3 view .LVU2
  36              		.loc 1 222 3 view .LVU3
  37 0002 0F4B     		ldr	r3, .L3
  38 0004 9A69     		ldr	r2, [r3, #24]
  39 0006 42F02002 		orr	r2, r2, #32
  40 000a 9A61     		str	r2, [r3, #24]
  41              		.loc 1 222 3 view .LVU4
  42 000c 9A69     		ldr	r2, [r3, #24]
  43 000e 02F02002 		and	r2, r2, #32
  44 0012 0192     		str	r2, [sp, #4]
  45              		.loc 1 222 3 view .LVU5
  46 0014 019A     		ldr	r2, [sp, #4]
  47              	.LBE4:
  48              		.loc 1 222 3 view .LVU6
 223:Core/Src/main.c ****   __HAL_RCC_GPIOA_CLK_ENABLE();
  49              		.loc 1 223 3 view .LVU7
  50              	.LBB5:
  51              		.loc 1 223 3 view .LVU8
  52              		.loc 1 223 3 view .LVU9
  53 0016 9A69     		ldr	r2, [r3, #24]
  54 0018 42F00402 		orr	r2, r2, #4
  55 001c 9A61     		str	r2, [r3, #24]
  56              		.loc 1 223 3 view .LVU10
  57 001e 9A69     		ldr	r2, [r3, #24]
  58 0020 02F00402 		and	r2, r2, #4
  59 0024 0292     		str	r2, [sp, #8]
  60              		.loc 1 223 3 view .LVU11
  61 0026 029A     		ldr	r2, [sp, #8]
  62              	.LBE5:
  63              		.loc 1 223 3 view .LVU12
ARM GAS  /tmp/ccDMM8HT.s 			page 6


 224:Core/Src/main.c ****   __HAL_RCC_GPIOB_CLK_ENABLE();
  64              		.loc 1 224 3 view .LVU13
  65              	.LBB6:
  66              		.loc 1 224 3 view .LVU14
  67              		.loc 1 224 3 view .LVU15
  68 0028 9A69     		ldr	r2, [r3, #24]
  69 002a 42F00802 		orr	r2, r2, #8
  70 002e 9A61     		str	r2, [r3, #24]
  71              		.loc 1 224 3 view .LVU16
  72 0030 9B69     		ldr	r3, [r3, #24]
  73 0032 03F00803 		and	r3, r3, #8
  74 0036 0393     		str	r3, [sp, #12]
  75              		.loc 1 224 3 view .LVU17
  76 0038 039B     		ldr	r3, [sp, #12]
  77              	.LBE6:
  78              		.loc 1 224 3 view .LVU18
 225:Core/Src/main.c **** 
 226:Core/Src/main.c **** /* USER CODE BEGIN MX_GPIO_Init_2 */
 227:Core/Src/main.c **** /* USER CODE END MX_GPIO_Init_2 */
 228:Core/Src/main.c **** }
  79              		.loc 1 228 1 is_stmt 0 view .LVU19
  80 003a 04B0     		add	sp, sp, #16
  81              		.cfi_def_cfa_offset 0
  82              		@ sp needed
  83 003c 7047     		bx	lr
  84              	.L4:
  85 003e 00BF     		.align	2
  86              	.L3:
  87 0040 00100240 		.word	1073876992
  88              		.cfi_endproc
  89              	.LFE69:
  91              		.section	.text.map,"ax",%progbits
  92              		.align	1
  93              		.global	map
  94              		.syntax unified
  95              		.thumb
  96              		.thumb_func
  98              	map:
  99              	.LVL0:
 100              	.LFB65:
  60:Core/Src/main.c ****   if (angle < 0) angle = 0;
 101              		.loc 1 60 21 is_stmt 1 view -0
 102              		.cfi_startproc
 103              		@ args = 0, pretend = 0, frame = 0
 104              		@ frame_needed = 0, uses_anonymous_args = 0
 105              		@ link register save eliminated.
  61:Core/Src/main.c ****   if (angle > 180) angle = 180;
 106              		.loc 1 61 3 view .LVU21
  61:Core/Src/main.c ****   if (angle > 180) angle = 180;
 107              		.loc 1 61 6 is_stmt 0 view .LVU22
 108 0000 0028     		cmp	r0, #0
  61:Core/Src/main.c ****   if (angle > 180) angle = 180;
 109              		.loc 1 61 6 view .LVU23
 110 0002 03DB     		blt	.L7
  62:Core/Src/main.c **** 
 111              		.loc 1 62 3 is_stmt 1 view .LVU24
  62:Core/Src/main.c **** 
ARM GAS  /tmp/ccDMM8HT.s 			page 7


 112              		.loc 1 62 6 is_stmt 0 view .LVU25
 113 0004 B428     		cmp	r0, #180
 114 0006 02DD     		ble	.L6
  62:Core/Src/main.c **** 
 115              		.loc 1 62 26 discriminator 1 view .LVU26
 116 0008 B420     		movs	r0, #180
 117              	.LVL1:
  62:Core/Src/main.c **** 
 118              		.loc 1 62 26 discriminator 1 view .LVU27
 119 000a 00E0     		b	.L6
 120              	.LVL2:
 121              	.L7:
  61:Core/Src/main.c ****   if (angle > 180) angle = 180;
 122              		.loc 1 61 24 discriminator 1 view .LVU28
 123 000c 0020     		movs	r0, #0
 124              	.LVL3:
 125              	.L6:
  64:Core/Src/main.c ****   TIM4->CCR4 = pulse;
 126              		.loc 1 64 3 is_stmt 1 view .LVU29
  64:Core/Src/main.c ****   TIM4->CCR4 = pulse;
 127              		.loc 1 64 28 is_stmt 0 view .LVU30
 128 000e 4FF47A73 		mov	r3, #1000
 129 0012 03FB00F0 		mul	r0, r3, r0
 130              	.LVL4:
  64:Core/Src/main.c ****   TIM4->CCR4 = pulse;
 131              		.loc 1 64 33 view .LVU31
 132 0016 064B     		ldr	r3, .L9
 133 0018 83FB0023 		smull	r2, r3, r3, r0
 134 001c 0344     		add	r3, r3, r0
 135 001e C017     		asrs	r0, r0, #31
 136 0020 C0EBE310 		rsb	r0, r0, r3, asr #7
  64:Core/Src/main.c ****   TIM4->CCR4 = pulse;
 137              		.loc 1 64 7 view .LVU32
 138 0024 00F5FA70 		add	r0, r0, #500
 139              	.LVL5:
  65:Core/Src/main.c **** }
 140              		.loc 1 65 3 is_stmt 1 view .LVU33
  65:Core/Src/main.c **** }
 141              		.loc 1 65 14 is_stmt 0 view .LVU34
 142 0028 024B     		ldr	r3, .L9+4
 143 002a 1864     		str	r0, [r3, #64]
  66:Core/Src/main.c **** /* USER CODE END 0 */
 144              		.loc 1 66 1 view .LVU35
 145 002c 7047     		bx	lr
 146              	.L10:
 147 002e 00BF     		.align	2
 148              	.L9:
 149 0030 B7600BB6 		.word	-1240768329
 150 0034 00080040 		.word	1073743872
 151              		.cfi_endproc
 152              	.LFE65:
 154              		.section	.text.Error_Handler,"ax",%progbits
 155              		.align	1
 156              		.global	Error_Handler
 157              		.syntax unified
 158              		.thumb
 159              		.thumb_func
ARM GAS  /tmp/ccDMM8HT.s 			page 8


 161              	Error_Handler:
 162              	.LFB70:
 229:Core/Src/main.c **** 
 230:Core/Src/main.c **** /* USER CODE BEGIN 4 */
 231:Core/Src/main.c **** 
 232:Core/Src/main.c **** /* USER CODE END 4 */
 233:Core/Src/main.c **** 
 234:Core/Src/main.c **** /**
 235:Core/Src/main.c ****   * @brief  This function is executed in case of error occurrence.
 236:Core/Src/main.c ****   * @retval None
 237:Core/Src/main.c ****   */
 238:Core/Src/main.c **** void Error_Handler(void)
 239:Core/Src/main.c **** {
 163              		.loc 1 239 1 is_stmt 1 view -0
 164              		.cfi_startproc
 165              		@ Volatile: function does not return.
 166              		@ args = 0, pretend = 0, frame = 0
 167              		@ frame_needed = 0, uses_anonymous_args = 0
 168              		@ link register save eliminated.
 240:Core/Src/main.c ****   /* USER CODE BEGIN Error_Handler_Debug */
 241:Core/Src/main.c ****   /* User can add his own implementation to report the HAL error return state */
 242:Core/Src/main.c ****   __disable_irq();
 169              		.loc 1 242 3 view .LVU37
 170              	.LBB7:
 171              	.LBI7:
 172              		.file 2 "Drivers/CMSIS/Include/cmsis_gcc.h"
   1:Drivers/CMSIS/Include/cmsis_gcc.h **** /**************************************************************************//**
   2:Drivers/CMSIS/Include/cmsis_gcc.h ****  * @file     cmsis_gcc.h
   3:Drivers/CMSIS/Include/cmsis_gcc.h ****  * @brief    CMSIS compiler GCC header file
   4:Drivers/CMSIS/Include/cmsis_gcc.h ****  * @version  V5.0.4
   5:Drivers/CMSIS/Include/cmsis_gcc.h ****  * @date     09. April 2018
   6:Drivers/CMSIS/Include/cmsis_gcc.h ****  ******************************************************************************/
   7:Drivers/CMSIS/Include/cmsis_gcc.h **** /*
   8:Drivers/CMSIS/Include/cmsis_gcc.h ****  * Copyright (c) 2009-2018 Arm Limited. All rights reserved.
   9:Drivers/CMSIS/Include/cmsis_gcc.h ****  *
  10:Drivers/CMSIS/Include/cmsis_gcc.h ****  * SPDX-License-Identifier: Apache-2.0
  11:Drivers/CMSIS/Include/cmsis_gcc.h ****  *
  12:Drivers/CMSIS/Include/cmsis_gcc.h ****  * Licensed under the Apache License, Version 2.0 (the License); you may
  13:Drivers/CMSIS/Include/cmsis_gcc.h ****  * not use this file except in compliance with the License.
  14:Drivers/CMSIS/Include/cmsis_gcc.h ****  * You may obtain a copy of the License at
  15:Drivers/CMSIS/Include/cmsis_gcc.h ****  *
  16:Drivers/CMSIS/Include/cmsis_gcc.h ****  * www.apache.org/licenses/LICENSE-2.0
  17:Drivers/CMSIS/Include/cmsis_gcc.h ****  *
  18:Drivers/CMSIS/Include/cmsis_gcc.h ****  * Unless required by applicable law or agreed to in writing, software
  19:Drivers/CMSIS/Include/cmsis_gcc.h ****  * distributed under the License is distributed on an AS IS BASIS, WITHOUT
  20:Drivers/CMSIS/Include/cmsis_gcc.h ****  * WARRANTIES OR CONDITIONS OF ANY KIND, either express or implied.
  21:Drivers/CMSIS/Include/cmsis_gcc.h ****  * See the License for the specific language governing permissions and
  22:Drivers/CMSIS/Include/cmsis_gcc.h ****  * limitations under the License.
  23:Drivers/CMSIS/Include/cmsis_gcc.h ****  */
  24:Drivers/CMSIS/Include/cmsis_gcc.h **** 
  25:Drivers/CMSIS/Include/cmsis_gcc.h **** #ifndef __CMSIS_GCC_H
  26:Drivers/CMSIS/Include/cmsis_gcc.h **** #define __CMSIS_GCC_H
  27:Drivers/CMSIS/Include/cmsis_gcc.h **** 
  28:Drivers/CMSIS/Include/cmsis_gcc.h **** /* ignore some GCC warnings */
  29:Drivers/CMSIS/Include/cmsis_gcc.h **** #pragma GCC diagnostic push
  30:Drivers/CMSIS/Include/cmsis_gcc.h **** #pragma GCC diagnostic ignored "-Wsign-conversion"
  31:Drivers/CMSIS/Include/cmsis_gcc.h **** #pragma GCC diagnostic ignored "-Wconversion"
ARM GAS  /tmp/ccDMM8HT.s 			page 9


  32:Drivers/CMSIS/Include/cmsis_gcc.h **** #pragma GCC diagnostic ignored "-Wunused-parameter"
  33:Drivers/CMSIS/Include/cmsis_gcc.h **** 
  34:Drivers/CMSIS/Include/cmsis_gcc.h **** /* Fallback for __has_builtin */
  35:Drivers/CMSIS/Include/cmsis_gcc.h **** #ifndef __has_builtin
  36:Drivers/CMSIS/Include/cmsis_gcc.h ****   #define __has_builtin(x) (0)
  37:Drivers/CMSIS/Include/cmsis_gcc.h **** #endif
  38:Drivers/CMSIS/Include/cmsis_gcc.h **** 
  39:Drivers/CMSIS/Include/cmsis_gcc.h **** /* CMSIS compiler specific defines */
  40:Drivers/CMSIS/Include/cmsis_gcc.h **** #ifndef   __ASM
  41:Drivers/CMSIS/Include/cmsis_gcc.h ****   #define __ASM                                  __asm
  42:Drivers/CMSIS/Include/cmsis_gcc.h **** #endif
  43:Drivers/CMSIS/Include/cmsis_gcc.h **** #ifndef   __INLINE
  44:Drivers/CMSIS/Include/cmsis_gcc.h ****   #define __INLINE                               inline
  45:Drivers/CMSIS/Include/cmsis_gcc.h **** #endif
  46:Drivers/CMSIS/Include/cmsis_gcc.h **** #ifndef   __STATIC_INLINE
  47:Drivers/CMSIS/Include/cmsis_gcc.h ****   #define __STATIC_INLINE                        static inline
  48:Drivers/CMSIS/Include/cmsis_gcc.h **** #endif
  49:Drivers/CMSIS/Include/cmsis_gcc.h **** #ifndef   __STATIC_FORCEINLINE                 
  50:Drivers/CMSIS/Include/cmsis_gcc.h ****   #define __STATIC_FORCEINLINE                   __attribute__((always_inline)) static inline
  51:Drivers/CMSIS/Include/cmsis_gcc.h **** #endif                                           
  52:Drivers/CMSIS/Include/cmsis_gcc.h **** #ifndef   __NO_RETURN
  53:Drivers/CMSIS/Include/cmsis_gcc.h ****   #define __NO_RETURN                            __attribute__((__noreturn__))
  54:Drivers/CMSIS/Include/cmsis_gcc.h **** #endif
  55:Drivers/CMSIS/Include/cmsis_gcc.h **** #ifndef   __USED
  56:Drivers/CMSIS/Include/cmsis_gcc.h ****   #define __USED                                 __attribute__((used))
  57:Drivers/CMSIS/Include/cmsis_gcc.h **** #endif
  58:Drivers/CMSIS/Include/cmsis_gcc.h **** #ifndef   __WEAK
  59:Drivers/CMSIS/Include/cmsis_gcc.h ****   #define __WEAK                                 __attribute__((weak))
  60:Drivers/CMSIS/Include/cmsis_gcc.h **** #endif
  61:Drivers/CMSIS/Include/cmsis_gcc.h **** #ifndef   __PACKED
  62:Drivers/CMSIS/Include/cmsis_gcc.h ****   #define __PACKED                               __attribute__((packed, aligned(1)))
  63:Drivers/CMSIS/Include/cmsis_gcc.h **** #endif
  64:Drivers/CMSIS/Include/cmsis_gcc.h **** #ifndef   __PACKED_STRUCT
  65:Drivers/CMSIS/Include/cmsis_gcc.h ****   #define __PACKED_STRUCT                        struct __attribute__((packed, aligned(1)))
  66:Drivers/CMSIS/Include/cmsis_gcc.h **** #endif
  67:Drivers/CMSIS/Include/cmsis_gcc.h **** #ifndef   __PACKED_UNION
  68:Drivers/CMSIS/Include/cmsis_gcc.h ****   #define __PACKED_UNION                         union __attribute__((packed, aligned(1)))
  69:Drivers/CMSIS/Include/cmsis_gcc.h **** #endif
  70:Drivers/CMSIS/Include/cmsis_gcc.h **** #ifndef   __UNALIGNED_UINT32        /* deprecated */
  71:Drivers/CMSIS/Include/cmsis_gcc.h ****   #pragma GCC diagnostic push
  72:Drivers/CMSIS/Include/cmsis_gcc.h ****   #pragma GCC diagnostic ignored "-Wpacked"
  73:Drivers/CMSIS/Include/cmsis_gcc.h ****   #pragma GCC diagnostic ignored "-Wattributes"
  74:Drivers/CMSIS/Include/cmsis_gcc.h ****   struct __attribute__((packed)) T_UINT32 { uint32_t v; };
  75:Drivers/CMSIS/Include/cmsis_gcc.h ****   #pragma GCC diagnostic pop
  76:Drivers/CMSIS/Include/cmsis_gcc.h ****   #define __UNALIGNED_UINT32(x)                  (((struct T_UINT32 *)(x))->v)
  77:Drivers/CMSIS/Include/cmsis_gcc.h **** #endif
  78:Drivers/CMSIS/Include/cmsis_gcc.h **** #ifndef   __UNALIGNED_UINT16_WRITE
  79:Drivers/CMSIS/Include/cmsis_gcc.h ****   #pragma GCC diagnostic push
  80:Drivers/CMSIS/Include/cmsis_gcc.h ****   #pragma GCC diagnostic ignored "-Wpacked"
  81:Drivers/CMSIS/Include/cmsis_gcc.h ****   #pragma GCC diagnostic ignored "-Wattributes"
  82:Drivers/CMSIS/Include/cmsis_gcc.h ****   __PACKED_STRUCT T_UINT16_WRITE { uint16_t v; };
  83:Drivers/CMSIS/Include/cmsis_gcc.h ****   #pragma GCC diagnostic pop
  84:Drivers/CMSIS/Include/cmsis_gcc.h ****   #define __UNALIGNED_UINT16_WRITE(addr, val)    (void)((((struct T_UINT16_WRITE *)(void *)(addr))-
  85:Drivers/CMSIS/Include/cmsis_gcc.h **** #endif
  86:Drivers/CMSIS/Include/cmsis_gcc.h **** #ifndef   __UNALIGNED_UINT16_READ
  87:Drivers/CMSIS/Include/cmsis_gcc.h ****   #pragma GCC diagnostic push
  88:Drivers/CMSIS/Include/cmsis_gcc.h ****   #pragma GCC diagnostic ignored "-Wpacked"
ARM GAS  /tmp/ccDMM8HT.s 			page 10


  89:Drivers/CMSIS/Include/cmsis_gcc.h ****   #pragma GCC diagnostic ignored "-Wattributes"
  90:Drivers/CMSIS/Include/cmsis_gcc.h ****   __PACKED_STRUCT T_UINT16_READ { uint16_t v; };
  91:Drivers/CMSIS/Include/cmsis_gcc.h ****   #pragma GCC diagnostic pop
  92:Drivers/CMSIS/Include/cmsis_gcc.h ****   #define __UNALIGNED_UINT16_READ(addr)          (((const struct T_UINT16_READ *)(const void *)(add
  93:Drivers/CMSIS/Include/cmsis_gcc.h **** #endif
  94:Drivers/CMSIS/Include/cmsis_gcc.h **** #ifndef   __UNALIGNED_UINT32_WRITE
  95:Drivers/CMSIS/Include/cmsis_gcc.h ****   #pragma GCC diagnostic push
  96:Drivers/CMSIS/Include/cmsis_gcc.h ****   #pragma GCC diagnostic ignored "-Wpacked"
  97:Drivers/CMSIS/Include/cmsis_gcc.h ****   #pragma GCC diagnostic ignored "-Wattributes"
  98:Drivers/CMSIS/Include/cmsis_gcc.h ****   __PACKED_STRUCT T_UINT32_WRITE { uint32_t v; };
  99:Drivers/CMSIS/Include/cmsis_gcc.h ****   #pragma GCC diagnostic pop
 100:Drivers/CMSIS/Include/cmsis_gcc.h ****   #define __UNALIGNED_UINT32_WRITE(addr, val)    (void)((((struct T_UINT32_WRITE *)(void *)(addr))-
 101:Drivers/CMSIS/Include/cmsis_gcc.h **** #endif
 102:Drivers/CMSIS/Include/cmsis_gcc.h **** #ifndef   __UNALIGNED_UINT32_READ
 103:Drivers/CMSIS/Include/cmsis_gcc.h ****   #pragma GCC diagnostic push
 104:Drivers/CMSIS/Include/cmsis_gcc.h ****   #pragma GCC diagnostic ignored "-Wpacked"
 105:Drivers/CMSIS/Include/cmsis_gcc.h ****   #pragma GCC diagnostic ignored "-Wattributes"
 106:Drivers/CMSIS/Include/cmsis_gcc.h ****   __PACKED_STRUCT T_UINT32_READ { uint32_t v; };
 107:Drivers/CMSIS/Include/cmsis_gcc.h ****   #pragma GCC diagnostic pop
 108:Drivers/CMSIS/Include/cmsis_gcc.h ****   #define __UNALIGNED_UINT32_READ(addr)          (((const struct T_UINT32_READ *)(const void *)(add
 109:Drivers/CMSIS/Include/cmsis_gcc.h **** #endif
 110:Drivers/CMSIS/Include/cmsis_gcc.h **** #ifndef   __ALIGNED
 111:Drivers/CMSIS/Include/cmsis_gcc.h ****   #define __ALIGNED(x)                           __attribute__((aligned(x)))
 112:Drivers/CMSIS/Include/cmsis_gcc.h **** #endif
 113:Drivers/CMSIS/Include/cmsis_gcc.h **** #ifndef   __RESTRICT
 114:Drivers/CMSIS/Include/cmsis_gcc.h ****   #define __RESTRICT                             __restrict
 115:Drivers/CMSIS/Include/cmsis_gcc.h **** #endif
 116:Drivers/CMSIS/Include/cmsis_gcc.h **** 
 117:Drivers/CMSIS/Include/cmsis_gcc.h **** 
 118:Drivers/CMSIS/Include/cmsis_gcc.h **** /* ###########################  Core Function Access  ########################### */
 119:Drivers/CMSIS/Include/cmsis_gcc.h **** /** \ingroup  CMSIS_Core_FunctionInterface
 120:Drivers/CMSIS/Include/cmsis_gcc.h ****     \defgroup CMSIS_Core_RegAccFunctions CMSIS Core Register Access Functions
 121:Drivers/CMSIS/Include/cmsis_gcc.h ****   @{
 122:Drivers/CMSIS/Include/cmsis_gcc.h ****  */
 123:Drivers/CMSIS/Include/cmsis_gcc.h **** 
 124:Drivers/CMSIS/Include/cmsis_gcc.h **** /**
 125:Drivers/CMSIS/Include/cmsis_gcc.h ****   \brief   Enable IRQ Interrupts
 126:Drivers/CMSIS/Include/cmsis_gcc.h ****   \details Enables IRQ interrupts by clearing the I-bit in the CPSR.
 127:Drivers/CMSIS/Include/cmsis_gcc.h ****            Can only be executed in Privileged modes.
 128:Drivers/CMSIS/Include/cmsis_gcc.h ****  */
 129:Drivers/CMSIS/Include/cmsis_gcc.h **** __STATIC_FORCEINLINE void __enable_irq(void)
 130:Drivers/CMSIS/Include/cmsis_gcc.h **** {
 131:Drivers/CMSIS/Include/cmsis_gcc.h ****   __ASM volatile ("cpsie i" : : : "memory");
 132:Drivers/CMSIS/Include/cmsis_gcc.h **** }
 133:Drivers/CMSIS/Include/cmsis_gcc.h **** 
 134:Drivers/CMSIS/Include/cmsis_gcc.h **** 
 135:Drivers/CMSIS/Include/cmsis_gcc.h **** /**
 136:Drivers/CMSIS/Include/cmsis_gcc.h ****   \brief   Disable IRQ Interrupts
 137:Drivers/CMSIS/Include/cmsis_gcc.h ****   \details Disables IRQ interrupts by setting the I-bit in the CPSR.
 138:Drivers/CMSIS/Include/cmsis_gcc.h ****            Can only be executed in Privileged modes.
 139:Drivers/CMSIS/Include/cmsis_gcc.h ****  */
 140:Drivers/CMSIS/Include/cmsis_gcc.h **** __STATIC_FORCEINLINE void __disable_irq(void)
 173              		.loc 2 140 27 view .LVU38
 174              	.LBB8:
 141:Drivers/CMSIS/Include/cmsis_gcc.h **** {
 142:Drivers/CMSIS/Include/cmsis_gcc.h ****   __ASM volatile ("cpsid i" : : : "memory");
 175              		.loc 2 142 3 view .LVU39
ARM GAS  /tmp/ccDMM8HT.s 			page 11


 176              		.syntax unified
 177              	@ 142 "Drivers/CMSIS/Include/cmsis_gcc.h" 1
 178 0000 72B6     		cpsid i
 179              	@ 0 "" 2
 180              		.thumb
 181              		.syntax unified
 182              	.L12:
 183              	.LBE8:
 184              	.LBE7:
 243:Core/Src/main.c ****   while (1)
 185              		.loc 1 243 3 view .LVU40
 244:Core/Src/main.c ****   {
 245:Core/Src/main.c ****   }
 186              		.loc 1 245 3 view .LVU41
 243:Core/Src/main.c ****   while (1)
 187              		.loc 1 243 9 view .LVU42
 188 0002 FEE7     		b	.L12
 189              		.cfi_endproc
 190              	.LFE70:
 192              		.section	.text.MX_TIM4_Init,"ax",%progbits
 193              		.align	1
 194              		.syntax unified
 195              		.thumb
 196              		.thumb_func
 198              	MX_TIM4_Init:
 199              	.LFB68:
 168:Core/Src/main.c **** 
 200              		.loc 1 168 1 view -0
 201              		.cfi_startproc
 202              		@ args = 0, pretend = 0, frame = 40
 203              		@ frame_needed = 0, uses_anonymous_args = 0
 204 0000 00B5     		push	{lr}
 205              		.cfi_def_cfa_offset 4
 206              		.cfi_offset 14, -4
 207 0002 8BB0     		sub	sp, sp, #44
 208              		.cfi_def_cfa_offset 48
 174:Core/Src/main.c ****   TIM_OC_InitTypeDef sConfigOC = {0};
 209              		.loc 1 174 3 view .LVU44
 174:Core/Src/main.c ****   TIM_OC_InitTypeDef sConfigOC = {0};
 210              		.loc 1 174 27 is_stmt 0 view .LVU45
 211 0004 0023     		movs	r3, #0
 212 0006 0893     		str	r3, [sp, #32]
 213 0008 0993     		str	r3, [sp, #36]
 175:Core/Src/main.c **** 
 214              		.loc 1 175 3 is_stmt 1 view .LVU46
 175:Core/Src/main.c **** 
 215              		.loc 1 175 22 is_stmt 0 view .LVU47
 216 000a 0193     		str	r3, [sp, #4]
 217 000c 0293     		str	r3, [sp, #8]
 218 000e 0393     		str	r3, [sp, #12]
 219 0010 0493     		str	r3, [sp, #16]
 220 0012 0593     		str	r3, [sp, #20]
 221 0014 0693     		str	r3, [sp, #24]
 222 0016 0793     		str	r3, [sp, #28]
 180:Core/Src/main.c ****   htim4.Init.Prescaler = 72-1;
 223              		.loc 1 180 3 is_stmt 1 view .LVU48
 180:Core/Src/main.c ****   htim4.Init.Prescaler = 72-1;
ARM GAS  /tmp/ccDMM8HT.s 			page 12


 224              		.loc 1 180 18 is_stmt 0 view .LVU49
 225 0018 1648     		ldr	r0, .L21
 226 001a 174A     		ldr	r2, .L21+4
 227 001c 0260     		str	r2, [r0]
 181:Core/Src/main.c ****   htim4.Init.CounterMode = TIM_COUNTERMODE_UP;
 228              		.loc 1 181 3 is_stmt 1 view .LVU50
 181:Core/Src/main.c ****   htim4.Init.CounterMode = TIM_COUNTERMODE_UP;
 229              		.loc 1 181 24 is_stmt 0 view .LVU51
 230 001e 4722     		movs	r2, #71
 231 0020 4260     		str	r2, [r0, #4]
 182:Core/Src/main.c ****   htim4.Init.Period = 20000-1;
 232              		.loc 1 182 3 is_stmt 1 view .LVU52
 182:Core/Src/main.c ****   htim4.Init.Period = 20000-1;
 233              		.loc 1 182 26 is_stmt 0 view .LVU53
 234 0022 8360     		str	r3, [r0, #8]
 183:Core/Src/main.c ****   htim4.Init.ClockDivision = TIM_CLOCKDIVISION_DIV1;
 235              		.loc 1 183 3 is_stmt 1 view .LVU54
 183:Core/Src/main.c ****   htim4.Init.ClockDivision = TIM_CLOCKDIVISION_DIV1;
 236              		.loc 1 183 21 is_stmt 0 view .LVU55
 237 0024 44F61F62 		movw	r2, #19999
 238 0028 C260     		str	r2, [r0, #12]
 184:Core/Src/main.c ****   htim4.Init.AutoReloadPreload = TIM_AUTORELOAD_PRELOAD_DISABLE;
 239              		.loc 1 184 3 is_stmt 1 view .LVU56
 184:Core/Src/main.c ****   htim4.Init.AutoReloadPreload = TIM_AUTORELOAD_PRELOAD_DISABLE;
 240              		.loc 1 184 28 is_stmt 0 view .LVU57
 241 002a 0361     		str	r3, [r0, #16]
 185:Core/Src/main.c ****   if (HAL_TIM_PWM_Init(&htim4) != HAL_OK)
 242              		.loc 1 185 3 is_stmt 1 view .LVU58
 185:Core/Src/main.c ****   if (HAL_TIM_PWM_Init(&htim4) != HAL_OK)
 243              		.loc 1 185 32 is_stmt 0 view .LVU59
 244 002c 8361     		str	r3, [r0, #24]
 186:Core/Src/main.c ****   {
 245              		.loc 1 186 3 is_stmt 1 view .LVU60
 186:Core/Src/main.c ****   {
 246              		.loc 1 186 7 is_stmt 0 view .LVU61
 247 002e FFF7FEFF 		bl	HAL_TIM_PWM_Init
 248              	.LVL6:
 186:Core/Src/main.c ****   {
 249              		.loc 1 186 6 discriminator 1 view .LVU62
 250 0032 C8B9     		cbnz	r0, .L18
 190:Core/Src/main.c ****   sMasterConfig.MasterSlaveMode = TIM_MASTERSLAVEMODE_DISABLE;
 251              		.loc 1 190 3 is_stmt 1 view .LVU63
 190:Core/Src/main.c ****   sMasterConfig.MasterSlaveMode = TIM_MASTERSLAVEMODE_DISABLE;
 252              		.loc 1 190 37 is_stmt 0 view .LVU64
 253 0034 0023     		movs	r3, #0
 254 0036 0893     		str	r3, [sp, #32]
 191:Core/Src/main.c ****   if (HAL_TIMEx_MasterConfigSynchronization(&htim4, &sMasterConfig) != HAL_OK)
 255              		.loc 1 191 3 is_stmt 1 view .LVU65
 191:Core/Src/main.c ****   if (HAL_TIMEx_MasterConfigSynchronization(&htim4, &sMasterConfig) != HAL_OK)
 256              		.loc 1 191 33 is_stmt 0 view .LVU66
 257 0038 0993     		str	r3, [sp, #36]
 192:Core/Src/main.c ****   {
 258              		.loc 1 192 3 is_stmt 1 view .LVU67
 192:Core/Src/main.c ****   {
 259              		.loc 1 192 7 is_stmt 0 view .LVU68
 260 003a 08A9     		add	r1, sp, #32
 261 003c 0D48     		ldr	r0, .L21
ARM GAS  /tmp/ccDMM8HT.s 			page 13


 262 003e FFF7FEFF 		bl	HAL_TIMEx_MasterConfigSynchronization
 263              	.LVL7:
 192:Core/Src/main.c ****   {
 264              		.loc 1 192 6 discriminator 1 view .LVU69
 265 0042 98B9     		cbnz	r0, .L19
 196:Core/Src/main.c ****   sConfigOC.Pulse = 0;
 266              		.loc 1 196 3 is_stmt 1 view .LVU70
 196:Core/Src/main.c ****   sConfigOC.Pulse = 0;
 267              		.loc 1 196 20 is_stmt 0 view .LVU71
 268 0044 6023     		movs	r3, #96
 269 0046 0193     		str	r3, [sp, #4]
 197:Core/Src/main.c ****   sConfigOC.OCPolarity = TIM_OCPOLARITY_HIGH;
 270              		.loc 1 197 3 is_stmt 1 view .LVU72
 197:Core/Src/main.c ****   sConfigOC.OCPolarity = TIM_OCPOLARITY_HIGH;
 271              		.loc 1 197 19 is_stmt 0 view .LVU73
 272 0048 0023     		movs	r3, #0
 273 004a 0293     		str	r3, [sp, #8]
 198:Core/Src/main.c ****   sConfigOC.OCFastMode = TIM_OCFAST_DISABLE;
 274              		.loc 1 198 3 is_stmt 1 view .LVU74
 198:Core/Src/main.c ****   sConfigOC.OCFastMode = TIM_OCFAST_DISABLE;
 275              		.loc 1 198 24 is_stmt 0 view .LVU75
 276 004c 0393     		str	r3, [sp, #12]
 199:Core/Src/main.c ****   if (HAL_TIM_PWM_ConfigChannel(&htim4, &sConfigOC, TIM_CHANNEL_4) != HAL_OK)
 277              		.loc 1 199 3 is_stmt 1 view .LVU76
 199:Core/Src/main.c ****   if (HAL_TIM_PWM_ConfigChannel(&htim4, &sConfigOC, TIM_CHANNEL_4) != HAL_OK)
 278              		.loc 1 199 24 is_stmt 0 view .LVU77
 279 004e 0593     		str	r3, [sp, #20]
 200:Core/Src/main.c ****   {
 280              		.loc 1 200 3 is_stmt 1 view .LVU78
 200:Core/Src/main.c ****   {
 281              		.loc 1 200 7 is_stmt 0 view .LVU79
 282 0050 0C22     		movs	r2, #12
 283 0052 01A9     		add	r1, sp, #4
 284 0054 0748     		ldr	r0, .L21
 285 0056 FFF7FEFF 		bl	HAL_TIM_PWM_ConfigChannel
 286              	.LVL8:
 200:Core/Src/main.c ****   {
 287              		.loc 1 200 6 discriminator 1 view .LVU80
 288 005a 48B9     		cbnz	r0, .L20
 207:Core/Src/main.c **** 
 289              		.loc 1 207 3 is_stmt 1 view .LVU81
 290 005c 0548     		ldr	r0, .L21
 291 005e FFF7FEFF 		bl	HAL_TIM_MspPostInit
 292              	.LVL9:
 209:Core/Src/main.c **** 
 293              		.loc 1 209 1 is_stmt 0 view .LVU82
 294 0062 0BB0     		add	sp, sp, #44
 295              		.cfi_remember_state
 296              		.cfi_def_cfa_offset 4
 297              		@ sp needed
 298 0064 5DF804FB 		ldr	pc, [sp], #4
 299              	.L18:
 300              		.cfi_restore_state
 188:Core/Src/main.c ****   }
 301              		.loc 1 188 5 is_stmt 1 view .LVU83
 302 0068 FFF7FEFF 		bl	Error_Handler
 303              	.LVL10:
ARM GAS  /tmp/ccDMM8HT.s 			page 14


 304              	.L19:
 194:Core/Src/main.c ****   }
 305              		.loc 1 194 5 view .LVU84
 306 006c FFF7FEFF 		bl	Error_Handler
 307              	.LVL11:
 308              	.L20:
 202:Core/Src/main.c ****   }
 309              		.loc 1 202 5 view .LVU85
 310 0070 FFF7FEFF 		bl	Error_Handler
 311              	.LVL12:
 312              	.L22:
 313              		.align	2
 314              	.L21:
 315 0074 00000000 		.word	htim4
 316 0078 00080040 		.word	1073743872
 317              		.cfi_endproc
 318              	.LFE68:
 320              		.section	.text.SystemClock_Config,"ax",%progbits
 321              		.align	1
 322              		.global	SystemClock_Config
 323              		.syntax unified
 324              		.thumb
 325              		.thumb_func
 327              	SystemClock_Config:
 328              	.LFB67:
 128:Core/Src/main.c ****   RCC_OscInitTypeDef RCC_OscInitStruct = {0};
 329              		.loc 1 128 1 view -0
 330              		.cfi_startproc
 331              		@ args = 0, pretend = 0, frame = 64
 332              		@ frame_needed = 0, uses_anonymous_args = 0
 333 0000 10B5     		push	{r4, lr}
 334              		.cfi_def_cfa_offset 8
 335              		.cfi_offset 4, -8
 336              		.cfi_offset 14, -4
 337 0002 90B0     		sub	sp, sp, #64
 338              		.cfi_def_cfa_offset 72
 129:Core/Src/main.c ****   RCC_ClkInitTypeDef RCC_ClkInitStruct = {0};
 339              		.loc 1 129 3 view .LVU87
 129:Core/Src/main.c ****   RCC_ClkInitTypeDef RCC_ClkInitStruct = {0};
 340              		.loc 1 129 22 is_stmt 0 view .LVU88
 341 0004 06AC     		add	r4, sp, #24
 342 0006 2822     		movs	r2, #40
 343 0008 0021     		movs	r1, #0
 344 000a 2046     		mov	r0, r4
 345 000c FFF7FEFF 		bl	memset
 346              	.LVL13:
 130:Core/Src/main.c **** 
 347              		.loc 1 130 3 is_stmt 1 view .LVU89
 130:Core/Src/main.c **** 
 348              		.loc 1 130 22 is_stmt 0 view .LVU90
 349 0010 0023     		movs	r3, #0
 350 0012 0193     		str	r3, [sp, #4]
 351 0014 0293     		str	r3, [sp, #8]
 352 0016 0393     		str	r3, [sp, #12]
 353 0018 0493     		str	r3, [sp, #16]
 354 001a 0593     		str	r3, [sp, #20]
 135:Core/Src/main.c ****   RCC_OscInitStruct.HSEState = RCC_HSE_ON;
ARM GAS  /tmp/ccDMM8HT.s 			page 15


 355              		.loc 1 135 3 is_stmt 1 view .LVU91
 135:Core/Src/main.c ****   RCC_OscInitStruct.HSEState = RCC_HSE_ON;
 356              		.loc 1 135 36 is_stmt 0 view .LVU92
 357 001c 0122     		movs	r2, #1
 358 001e 0692     		str	r2, [sp, #24]
 136:Core/Src/main.c ****   RCC_OscInitStruct.HSEPredivValue = RCC_HSE_PREDIV_DIV1;
 359              		.loc 1 136 3 is_stmt 1 view .LVU93
 136:Core/Src/main.c ****   RCC_OscInitStruct.HSEPredivValue = RCC_HSE_PREDIV_DIV1;
 360              		.loc 1 136 30 is_stmt 0 view .LVU94
 361 0020 4FF48033 		mov	r3, #65536
 362 0024 0793     		str	r3, [sp, #28]
 137:Core/Src/main.c ****   RCC_OscInitStruct.HSIState = RCC_HSI_ON;
 363              		.loc 1 137 3 is_stmt 1 view .LVU95
 138:Core/Src/main.c ****   RCC_OscInitStruct.PLL.PLLState = RCC_PLL_ON;
 364              		.loc 1 138 3 view .LVU96
 138:Core/Src/main.c ****   RCC_OscInitStruct.PLL.PLLState = RCC_PLL_ON;
 365              		.loc 1 138 30 is_stmt 0 view .LVU97
 366 0026 0A92     		str	r2, [sp, #40]
 139:Core/Src/main.c ****   RCC_OscInitStruct.PLL.PLLSource = RCC_PLLSOURCE_HSE;
 367              		.loc 1 139 3 is_stmt 1 view .LVU98
 139:Core/Src/main.c ****   RCC_OscInitStruct.PLL.PLLSource = RCC_PLLSOURCE_HSE;
 368              		.loc 1 139 34 is_stmt 0 view .LVU99
 369 0028 0222     		movs	r2, #2
 370 002a 0D92     		str	r2, [sp, #52]
 140:Core/Src/main.c ****   RCC_OscInitStruct.PLL.PLLMUL = RCC_PLL_MUL9;
 371              		.loc 1 140 3 is_stmt 1 view .LVU100
 140:Core/Src/main.c ****   RCC_OscInitStruct.PLL.PLLMUL = RCC_PLL_MUL9;
 372              		.loc 1 140 35 is_stmt 0 view .LVU101
 373 002c 0E93     		str	r3, [sp, #56]
 141:Core/Src/main.c ****   if (HAL_RCC_OscConfig(&RCC_OscInitStruct) != HAL_OK)
 374              		.loc 1 141 3 is_stmt 1 view .LVU102
 141:Core/Src/main.c ****   if (HAL_RCC_OscConfig(&RCC_OscInitStruct) != HAL_OK)
 375              		.loc 1 141 32 is_stmt 0 view .LVU103
 376 002e 4FF4E013 		mov	r3, #1835008
 377 0032 0F93     		str	r3, [sp, #60]
 142:Core/Src/main.c ****   {
 378              		.loc 1 142 3 is_stmt 1 view .LVU104
 142:Core/Src/main.c ****   {
 379              		.loc 1 142 7 is_stmt 0 view .LVU105
 380 0034 2046     		mov	r0, r4
 381 0036 FFF7FEFF 		bl	HAL_RCC_OscConfig
 382              	.LVL14:
 142:Core/Src/main.c ****   {
 383              		.loc 1 142 6 discriminator 1 view .LVU106
 384 003a 78B9     		cbnz	r0, .L27
 149:Core/Src/main.c ****                               |RCC_CLOCKTYPE_PCLK1|RCC_CLOCKTYPE_PCLK2;
 385              		.loc 1 149 3 is_stmt 1 view .LVU107
 149:Core/Src/main.c ****                               |RCC_CLOCKTYPE_PCLK1|RCC_CLOCKTYPE_PCLK2;
 386              		.loc 1 149 31 is_stmt 0 view .LVU108
 387 003c 0F23     		movs	r3, #15
 388 003e 0193     		str	r3, [sp, #4]
 151:Core/Src/main.c ****   RCC_ClkInitStruct.AHBCLKDivider = RCC_SYSCLK_DIV1;
 389              		.loc 1 151 3 is_stmt 1 view .LVU109
 151:Core/Src/main.c ****   RCC_ClkInitStruct.AHBCLKDivider = RCC_SYSCLK_DIV1;
 390              		.loc 1 151 34 is_stmt 0 view .LVU110
 391 0040 0221     		movs	r1, #2
 392 0042 0291     		str	r1, [sp, #8]
ARM GAS  /tmp/ccDMM8HT.s 			page 16


 152:Core/Src/main.c ****   RCC_ClkInitStruct.APB1CLKDivider = RCC_HCLK_DIV2;
 393              		.loc 1 152 3 is_stmt 1 view .LVU111
 152:Core/Src/main.c ****   RCC_ClkInitStruct.APB1CLKDivider = RCC_HCLK_DIV2;
 394              		.loc 1 152 35 is_stmt 0 view .LVU112
 395 0044 0023     		movs	r3, #0
 396 0046 0393     		str	r3, [sp, #12]
 153:Core/Src/main.c ****   RCC_ClkInitStruct.APB2CLKDivider = RCC_HCLK_DIV1;
 397              		.loc 1 153 3 is_stmt 1 view .LVU113
 153:Core/Src/main.c ****   RCC_ClkInitStruct.APB2CLKDivider = RCC_HCLK_DIV1;
 398              		.loc 1 153 36 is_stmt 0 view .LVU114
 399 0048 4FF48062 		mov	r2, #1024
 400 004c 0492     		str	r2, [sp, #16]
 154:Core/Src/main.c **** 
 401              		.loc 1 154 3 is_stmt 1 view .LVU115
 154:Core/Src/main.c **** 
 402              		.loc 1 154 36 is_stmt 0 view .LVU116
 403 004e 0593     		str	r3, [sp, #20]
 156:Core/Src/main.c ****   {
 404              		.loc 1 156 3 is_stmt 1 view .LVU117
 156:Core/Src/main.c ****   {
 405              		.loc 1 156 7 is_stmt 0 view .LVU118
 406 0050 01A8     		add	r0, sp, #4
 407 0052 FFF7FEFF 		bl	HAL_RCC_ClockConfig
 408              	.LVL15:
 156:Core/Src/main.c ****   {
 409              		.loc 1 156 6 discriminator 1 view .LVU119
 410 0056 18B9     		cbnz	r0, .L28
 160:Core/Src/main.c **** 
 411              		.loc 1 160 1 view .LVU120
 412 0058 10B0     		add	sp, sp, #64
 413              		.cfi_remember_state
 414              		.cfi_def_cfa_offset 8
 415              		@ sp needed
 416 005a 10BD     		pop	{r4, pc}
 417              	.L27:
 418              		.cfi_restore_state
 144:Core/Src/main.c ****   }
 419              		.loc 1 144 5 is_stmt 1 view .LVU121
 420 005c FFF7FEFF 		bl	Error_Handler
 421              	.LVL16:
 422              	.L28:
 158:Core/Src/main.c ****   }
 423              		.loc 1 158 5 view .LVU122
 424 0060 FFF7FEFF 		bl	Error_Handler
 425              	.LVL17:
 426              		.cfi_endproc
 427              	.LFE67:
 429              		.section	.text.main,"ax",%progbits
 430              		.align	1
 431              		.global	main
 432              		.syntax unified
 433              		.thumb
 434              		.thumb_func
 436              	main:
 437              	.LFB66:
  74:Core/Src/main.c **** 
 438              		.loc 1 74 1 view -0
ARM GAS  /tmp/ccDMM8HT.s 			page 17


 439              		.cfi_startproc
 440              		@ Volatile: function does not return.
 441              		@ args = 0, pretend = 0, frame = 0
 442              		@ frame_needed = 0, uses_anonymous_args = 0
 443 0000 08B5     		push	{r3, lr}
 444              		.cfi_def_cfa_offset 8
 445              		.cfi_offset 3, -8
 446              		.cfi_offset 14, -4
  83:Core/Src/main.c **** 
 447              		.loc 1 83 3 view .LVU124
 448 0002 FFF7FEFF 		bl	HAL_Init
 449              	.LVL18:
  90:Core/Src/main.c **** 
 450              		.loc 1 90 3 view .LVU125
 451 0006 FFF7FEFF 		bl	SystemClock_Config
 452              	.LVL19:
  97:Core/Src/main.c ****   MX_TIM4_Init();
 453              		.loc 1 97 3 view .LVU126
 454 000a FFF7FEFF 		bl	MX_GPIO_Init
 455              	.LVL20:
  98:Core/Src/main.c ****   /* USER CODE BEGIN 2 */
 456              		.loc 1 98 3 view .LVU127
 457 000e FFF7FEFF 		bl	MX_TIM4_Init
 458              	.LVL21:
 100:Core/Src/main.c ****   /* USER CODE END 2 */
 459              		.loc 1 100 3 view .LVU128
 460 0012 0C21     		movs	r1, #12
 461 0014 0F48     		ldr	r0, .L32
 462 0016 FFF7FEFF 		bl	HAL_TIM_PWM_Start
 463              	.LVL22:
 464              	.L30:
 105:Core/Src/main.c ****   {
 465              		.loc 1 105 3 view .LVU129
 110:Core/Src/main.c **** HAL_Delay(1000);
 466              		.loc 1 110 1 view .LVU130
 467 001a 0020     		movs	r0, #0
 468 001c FFF7FEFF 		bl	map
 469              	.LVL23:
 111:Core/Src/main.c **** map(90);  
 470              		.loc 1 111 1 view .LVU131
 471 0020 4FF47A70 		mov	r0, #1000
 472 0024 FFF7FEFF 		bl	HAL_Delay
 473              	.LVL24:
 112:Core/Src/main.c **** HAL_Delay(1000);
 474              		.loc 1 112 1 view .LVU132
 475 0028 5A20     		movs	r0, #90
 476 002a FFF7FEFF 		bl	map
 477              	.LVL25:
 113:Core/Src/main.c **** map(45);
 478              		.loc 1 113 1 view .LVU133
 479 002e 4FF47A70 		mov	r0, #1000
 480 0032 FFF7FEFF 		bl	HAL_Delay
 481              	.LVL26:
 114:Core/Src/main.c **** HAL_Delay(1000);
 482              		.loc 1 114 1 view .LVU134
 483 0036 2D20     		movs	r0, #45
 484 0038 FFF7FEFF 		bl	map
ARM GAS  /tmp/ccDMM8HT.s 			page 18


 485              	.LVL27:
 115:Core/Src/main.c **** map(180);
 486              		.loc 1 115 1 view .LVU135
 487 003c 4FF47A70 		mov	r0, #1000
 488 0040 FFF7FEFF 		bl	HAL_Delay
 489              	.LVL28:
 116:Core/Src/main.c **** HAL_Delay(1000);
 490              		.loc 1 116 1 view .LVU136
 491 0044 B420     		movs	r0, #180
 492 0046 FFF7FEFF 		bl	map
 493              	.LVL29:
 117:Core/Src/main.c **** 
 494              		.loc 1 117 1 discriminator 1 view .LVU137
 495 004a 4FF47A70 		mov	r0, #1000
 496 004e FFF7FEFF 		bl	HAL_Delay
 497              	.LVL30:
 105:Core/Src/main.c ****   {
 498              		.loc 1 105 9 view .LVU138
 499 0052 E2E7     		b	.L30
 500              	.L33:
 501              		.align	2
 502              	.L32:
 503 0054 00000000 		.word	htim4
 504              		.cfi_endproc
 505              	.LFE66:
 507              		.global	htim4
 508              		.section	.bss.htim4,"aw",%nobits
 509              		.align	2
 512              	htim4:
 513 0000 00000000 		.space	72
 513      00000000 
 513      00000000 
 513      00000000 
 513      00000000 
 514              		.global	pwm_started
 515              		.section	.bss.pwm_started,"aw",%nobits
 516              		.align	2
 519              	pwm_started:
 520 0000 00000000 		.space	4
 521              		.text
 522              	.Letext0:
 523              		.file 3 "/usr/arm-none-eabi/include/machine/_default_types.h"
 524              		.file 4 "/usr/arm-none-eabi/include/sys/_stdint.h"
 525              		.file 5 "Drivers/CMSIS/Device/ST/STM32F1xx/Include/stm32f103xb.h"
 526              		.file 6 "Drivers/STM32F1xx_HAL_Driver/Inc/stm32f1xx_hal_def.h"
 527              		.file 7 "Drivers/STM32F1xx_HAL_Driver/Inc/stm32f1xx_hal_rcc.h"
 528              		.file 8 "Drivers/STM32F1xx_HAL_Driver/Inc/stm32f1xx_hal_rcc_ex.h"
 529              		.file 9 "Drivers/STM32F1xx_HAL_Driver/Inc/stm32f1xx_hal_dma.h"
 530              		.file 10 "Drivers/STM32F1xx_HAL_Driver/Inc/stm32f1xx_hal_tim.h"
 531              		.file 11 "Drivers/STM32F1xx_HAL_Driver/Inc/stm32f1xx_hal_tim_ex.h"
 532              		.file 12 "Core/Inc/main.h"
 533              		.file 13 "Drivers/STM32F1xx_HAL_Driver/Inc/stm32f1xx_hal.h"
 534              		.file 14 "<built-in>"
ARM GAS  /tmp/ccDMM8HT.s 			page 19


DEFINED SYMBOLS
                            *ABS*:00000000 main.c
     /tmp/ccDMM8HT.s:19     .text.MX_GPIO_Init:00000000 $t
     /tmp/ccDMM8HT.s:24     .text.MX_GPIO_Init:00000000 MX_GPIO_Init
     /tmp/ccDMM8HT.s:87     .text.MX_GPIO_Init:00000040 $d
     /tmp/ccDMM8HT.s:92     .text.map:00000000 $t
     /tmp/ccDMM8HT.s:98     .text.map:00000000 map
     /tmp/ccDMM8HT.s:149    .text.map:00000030 $d
     /tmp/ccDMM8HT.s:155    .text.Error_Handler:00000000 $t
     /tmp/ccDMM8HT.s:161    .text.Error_Handler:00000000 Error_Handler
     /tmp/ccDMM8HT.s:193    .text.MX_TIM4_Init:00000000 $t
     /tmp/ccDMM8HT.s:198    .text.MX_TIM4_Init:00000000 MX_TIM4_Init
     /tmp/ccDMM8HT.s:315    .text.MX_TIM4_Init:00000074 $d
     /tmp/ccDMM8HT.s:512    .bss.htim4:00000000 htim4
     /tmp/ccDMM8HT.s:321    .text.SystemClock_Config:00000000 $t
     /tmp/ccDMM8HT.s:327    .text.SystemClock_Config:00000000 SystemClock_Config
     /tmp/ccDMM8HT.s:430    .text.main:00000000 $t
     /tmp/ccDMM8HT.s:436    .text.main:00000000 main
     /tmp/ccDMM8HT.s:503    .text.main:00000054 $d
     /tmp/ccDMM8HT.s:509    .bss.htim4:00000000 $d
     /tmp/ccDMM8HT.s:519    .bss.pwm_started:00000000 pwm_started
     /tmp/ccDMM8HT.s:516    .bss.pwm_started:00000000 $d

UNDEFINED SYMBOLS
HAL_TIM_PWM_Init
HAL_TIMEx_MasterConfigSynchronization
HAL_TIM_PWM_ConfigChannel
HAL_TIM_MspPostInit
memset
HAL_RCC_OscConfig
HAL_RCC_ClockConfig
HAL_Init
HAL_TIM_PWM_Start
HAL_Delay
