ARM GAS  /tmp/cchpv6br.s 			page 1


   1              		.cpu cortex-m3
   2              		.arch armv7-m
   3              		.fpu softvfp
   4              		.eabi_attribute 20, 1
   5              		.eabi_attribute 21, 1
   6              		.eabi_attribute 23, 3
   7              		.eabi_attribute 24, 1
   8              		.eabi_attribute 25, 1
   9              		.eabi_attribute 26, 1
  10              		.eabi_attribute 30, 1
  11              		.eabi_attribute 34, 1
  12              		.eabi_attribute 18, 4
  13              		.file	"RC522.c"
  14              		.text
  15              		.section	.text.RC522_SPI_Transfer,"ax",%progbits
  16              		.align	1
  17              		.global	RC522_SPI_Transfer
  18              		.syntax unified
  19              		.thumb
  20              		.thumb_func
  22              	RC522_SPI_Transfer:
  23              		@ args = 0, pretend = 0, frame = 16
  24              		@ frame_needed = 0, uses_anonymous_args = 0
  25 0000 00B5     		push	{lr}
  26 0002 87B0     		sub	sp, sp, #28
  27 0004 8DF80F00 		strb	r0, [sp, #15]
  28 0008 6423     		movs	r3, #100
  29 000a 0093     		str	r3, [sp]
  30 000c 0123     		movs	r3, #1
  31 000e 0DF11702 		add	r2, sp, #23
  32 0012 0DF10F01 		add	r1, sp, #15
  33 0016 0448     		ldr	r0, .L3
  34 0018 FFF7FEFF 		bl	HAL_SPI_TransmitReceive
  35 001c 9DF81700 		ldrb	r0, [sp, #23]	@ zero_extendqisi2
  36 0020 07B0     		add	sp, sp, #28
  37              		@ sp needed
  38 0022 5DF804FB 		ldr	pc, [sp], #4
  39              	.L4:
  40 0026 00BF     		.align	2
  41              	.L3:
  42 0028 00000000 		.word	hspi2
  44              		.section	.text.Write_MFRC522,"ax",%progbits
  45              		.align	1
  46              		.global	Write_MFRC522
  47              		.syntax unified
  48              		.thumb
  49              		.thumb_func
  51              	Write_MFRC522:
  52              		@ args = 0, pretend = 0, frame = 0
  53              		@ frame_needed = 0, uses_anonymous_args = 0
  54 0000 70B5     		push	{r4, r5, r6, lr}
  55 0002 0446     		mov	r4, r0
  56 0004 0D46     		mov	r5, r1
  57 0006 0B4E     		ldr	r6, .L7
  58 0008 0022     		movs	r2, #0
  59 000a 4FF48051 		mov	r1, #4096
  60 000e 3046     		mov	r0, r6
ARM GAS  /tmp/cchpv6br.s 			page 2


  61 0010 FFF7FEFF 		bl	HAL_GPIO_WritePin
  62 0014 6000     		lsls	r0, r4, #1
  63 0016 00F07E00 		and	r0, r0, #126
  64 001a FFF7FEFF 		bl	RC522_SPI_Transfer
  65 001e 2846     		mov	r0, r5
  66 0020 FFF7FEFF 		bl	RC522_SPI_Transfer
  67 0024 0122     		movs	r2, #1
  68 0026 4FF48051 		mov	r1, #4096
  69 002a 3046     		mov	r0, r6
  70 002c FFF7FEFF 		bl	HAL_GPIO_WritePin
  71 0030 70BD     		pop	{r4, r5, r6, pc}
  72              	.L8:
  73 0032 00BF     		.align	2
  74              	.L7:
  75 0034 000C0140 		.word	1073810432
  77              		.section	.text.Read_MFRC522,"ax",%progbits
  78              		.align	1
  79              		.global	Read_MFRC522
  80              		.syntax unified
  81              		.thumb
  82              		.thumb_func
  84              	Read_MFRC522:
  85              		@ args = 0, pretend = 0, frame = 0
  86              		@ frame_needed = 0, uses_anonymous_args = 0
  87 0000 38B5     		push	{r3, r4, r5, lr}
  88 0002 0446     		mov	r4, r0
  89 0004 0C4D     		ldr	r5, .L11
  90 0006 0022     		movs	r2, #0
  91 0008 4FF48051 		mov	r1, #4096
  92 000c 2846     		mov	r0, r5
  93 000e FFF7FEFF 		bl	HAL_GPIO_WritePin
  94 0012 6000     		lsls	r0, r4, #1
  95 0014 00F07E00 		and	r0, r0, #126
  96 0018 40F08000 		orr	r0, r0, #128
  97 001c FFF7FEFF 		bl	RC522_SPI_Transfer
  98 0020 0020     		movs	r0, #0
  99 0022 FFF7FEFF 		bl	RC522_SPI_Transfer
 100 0026 0446     		mov	r4, r0
 101 0028 0122     		movs	r2, #1
 102 002a 4FF48051 		mov	r1, #4096
 103 002e 2846     		mov	r0, r5
 104 0030 FFF7FEFF 		bl	HAL_GPIO_WritePin
 105 0034 2046     		mov	r0, r4
 106 0036 38BD     		pop	{r3, r4, r5, pc}
 107              	.L12:
 108              		.align	2
 109              	.L11:
 110 0038 000C0140 		.word	1073810432
 112              		.section	.text.SetBitMask,"ax",%progbits
 113              		.align	1
 114              		.global	SetBitMask
 115              		.syntax unified
 116              		.thumb
 117              		.thumb_func
 119              	SetBitMask:
 120              		@ args = 0, pretend = 0, frame = 0
 121              		@ frame_needed = 0, uses_anonymous_args = 0
ARM GAS  /tmp/cchpv6br.s 			page 3


 122 0000 38B5     		push	{r3, r4, r5, lr}
 123 0002 0446     		mov	r4, r0
 124 0004 0D46     		mov	r5, r1
 125 0006 FFF7FEFF 		bl	Read_MFRC522
 126 000a 40EA0501 		orr	r1, r0, r5
 127 000e C9B2     		uxtb	r1, r1
 128 0010 2046     		mov	r0, r4
 129 0012 FFF7FEFF 		bl	Write_MFRC522
 130 0016 38BD     		pop	{r3, r4, r5, pc}
 132              		.section	.text.ClearBitMask,"ax",%progbits
 133              		.align	1
 134              		.global	ClearBitMask
 135              		.syntax unified
 136              		.thumb
 137              		.thumb_func
 139              	ClearBitMask:
 140              		@ args = 0, pretend = 0, frame = 0
 141              		@ frame_needed = 0, uses_anonymous_args = 0
 142 0000 38B5     		push	{r3, r4, r5, lr}
 143 0002 0546     		mov	r5, r0
 144 0004 0C46     		mov	r4, r1
 145 0006 FFF7FEFF 		bl	Read_MFRC522
 146 000a E443     		mvns	r4, r4
 147 000c 64B2     		sxtb	r4, r4
 148 000e 00EA0401 		and	r1, r0, r4
 149 0012 C9B2     		uxtb	r1, r1
 150 0014 2846     		mov	r0, r5
 151 0016 FFF7FEFF 		bl	Write_MFRC522
 152 001a 38BD     		pop	{r3, r4, r5, pc}
 154              		.section	.text.AntennaOn,"ax",%progbits
 155              		.align	1
 156              		.global	AntennaOn
 157              		.syntax unified
 158              		.thumb
 159              		.thumb_func
 161              	AntennaOn:
 162              		@ args = 0, pretend = 0, frame = 0
 163              		@ frame_needed = 0, uses_anonymous_args = 0
 164 0000 08B5     		push	{r3, lr}
 165 0002 1420     		movs	r0, #20
 166 0004 FFF7FEFF 		bl	Read_MFRC522
 167 0008 0321     		movs	r1, #3
 168 000a 1420     		movs	r0, #20
 169 000c FFF7FEFF 		bl	SetBitMask
 170 0010 08BD     		pop	{r3, pc}
 172              		.section	.text.AntennaOff,"ax",%progbits
 173              		.align	1
 174              		.global	AntennaOff
 175              		.syntax unified
 176              		.thumb
 177              		.thumb_func
 179              	AntennaOff:
 180              		@ args = 0, pretend = 0, frame = 0
 181              		@ frame_needed = 0, uses_anonymous_args = 0
 182 0000 08B5     		push	{r3, lr}
 183 0002 0321     		movs	r1, #3
 184 0004 1420     		movs	r0, #20
ARM GAS  /tmp/cchpv6br.s 			page 4


 185 0006 FFF7FEFF 		bl	ClearBitMask
 186 000a 08BD     		pop	{r3, pc}
 188              		.section	.text.MFRC522_Reset,"ax",%progbits
 189              		.align	1
 190              		.global	MFRC522_Reset
 191              		.syntax unified
 192              		.thumb
 193              		.thumb_func
 195              	MFRC522_Reset:
 196              		@ args = 0, pretend = 0, frame = 0
 197              		@ frame_needed = 0, uses_anonymous_args = 0
 198 0000 08B5     		push	{r3, lr}
 199 0002 0F21     		movs	r1, #15
 200 0004 0120     		movs	r0, #1
 201 0006 FFF7FEFF 		bl	Write_MFRC522
 202 000a 08BD     		pop	{r3, pc}
 204              		.section	.text.MFRC522_Init,"ax",%progbits
 205              		.align	1
 206              		.global	MFRC522_Init
 207              		.syntax unified
 208              		.thumb
 209              		.thumb_func
 211              	MFRC522_Init:
 212              		@ args = 0, pretend = 0, frame = 0
 213              		@ frame_needed = 0, uses_anonymous_args = 0
 214 0000 08B5     		push	{r3, lr}
 215 0002 0122     		movs	r2, #1
 216 0004 4FF48051 		mov	r1, #4096
 217 0008 1248     		ldr	r0, .L25
 218 000a FFF7FEFF 		bl	HAL_GPIO_WritePin
 219 000e 0122     		movs	r2, #1
 220 0010 1021     		movs	r1, #16
 221 0012 1148     		ldr	r0, .L25+4
 222 0014 FFF7FEFF 		bl	HAL_GPIO_WritePin
 223 0018 FFF7FEFF 		bl	MFRC522_Reset
 224 001c 8D21     		movs	r1, #141
 225 001e 2A20     		movs	r0, #42
 226 0020 FFF7FEFF 		bl	Write_MFRC522
 227 0024 3E21     		movs	r1, #62
 228 0026 2B20     		movs	r0, #43
 229 0028 FFF7FEFF 		bl	Write_MFRC522
 230 002c 1E21     		movs	r1, #30
 231 002e 2D20     		movs	r0, #45
 232 0030 FFF7FEFF 		bl	Write_MFRC522
 233 0034 0021     		movs	r1, #0
 234 0036 2C20     		movs	r0, #44
 235 0038 FFF7FEFF 		bl	Write_MFRC522
 236 003c 4021     		movs	r1, #64
 237 003e 1520     		movs	r0, #21
 238 0040 FFF7FEFF 		bl	Write_MFRC522
 239 0044 3D21     		movs	r1, #61
 240 0046 1120     		movs	r0, #17
 241 0048 FFF7FEFF 		bl	Write_MFRC522
 242 004c FFF7FEFF 		bl	AntennaOn
 243 0050 08BD     		pop	{r3, pc}
 244              	.L26:
 245 0052 00BF     		.align	2
ARM GAS  /tmp/cchpv6br.s 			page 5


 246              	.L25:
 247 0054 000C0140 		.word	1073810432
 248 0058 00080140 		.word	1073809408
 250              		.section	.text.MFRC522_ToCard,"ax",%progbits
 251              		.align	1
 252              		.global	MFRC522_ToCard
 253              		.syntax unified
 254              		.thumb
 255              		.thumb_func
 257              	MFRC522_ToCard:
 258              		@ args = 4, pretend = 0, frame = 0
 259              		@ frame_needed = 0, uses_anonymous_args = 0
 260 0000 2DE9F047 		push	{r4, r5, r6, r7, r8, r9, r10, lr}
 261 0004 0746     		mov	r7, r0
 262 0006 8A46     		mov	r10, r1
 263 0008 1546     		mov	r5, r2
 264 000a 9946     		mov	r9, r3
 265 000c 0C28     		cmp	r0, #12
 266 000e 17D0     		beq	.L41
 267 0010 0E28     		cmp	r0, #14
 268 0012 19D1     		bne	.L42
 269 0014 1026     		movs	r6, #16
 270 0016 4FF01208 		mov	r8, #18
 271              	.L28:
 272 001a 48F08001 		orr	r1, r8, #128
 273 001e 0220     		movs	r0, #2
 274 0020 FFF7FEFF 		bl	Write_MFRC522
 275 0024 8021     		movs	r1, #128
 276 0026 0420     		movs	r0, #4
 277 0028 FFF7FEFF 		bl	ClearBitMask
 278 002c 8021     		movs	r1, #128
 279 002e 0A20     		movs	r0, #10
 280 0030 FFF7FEFF 		bl	SetBitMask
 281 0034 0021     		movs	r1, #0
 282 0036 0120     		movs	r0, #1
 283 0038 FFF7FEFF 		bl	Write_MFRC522
 284 003c 0024     		movs	r4, #0
 285 003e 0CE0     		b	.L29
 286              	.L41:
 287 0040 3026     		movs	r6, #48
 288 0042 4FF07708 		mov	r8, #119
 289 0046 E8E7     		b	.L28
 290              	.L42:
 291 0048 0026     		movs	r6, #0
 292 004a B046     		mov	r8, r6
 293 004c E5E7     		b	.L28
 294              	.L30:
 295 004e 1AF80410 		ldrb	r1, [r10, r4]	@ zero_extendqisi2
 296 0052 0920     		movs	r0, #9
 297 0054 FFF7FEFF 		bl	Write_MFRC522
 298 0058 0134     		adds	r4, r4, #1
 299              	.L29:
 300 005a A542     		cmp	r5, r4
 301 005c F7D8     		bhi	.L30
 302 005e 3946     		mov	r1, r7
 303 0060 0120     		movs	r0, #1
 304 0062 FFF7FEFF 		bl	Write_MFRC522
ARM GAS  /tmp/cchpv6br.s 			page 6


 305 0066 0C2F     		cmp	r7, #12
 306 0068 16D0     		beq	.L49
 307              	.L31:
 308 006a 4FF4FA65 		mov	r5, #2000
 309              	.L33:
 310 006e 0420     		movs	r0, #4
 311 0070 FFF7FEFF 		bl	Read_MFRC522
 312 0074 0446     		mov	r4, r0
 313 0076 013D     		subs	r5, r5, #1
 314 0078 04D0     		beq	.L32
 315 007a 10F0010F 		tst	r0, #1
 316 007e 01D1     		bne	.L32
 317 0080 0642     		tst	r6, r0
 318 0082 F4D0     		beq	.L33
 319              	.L32:
 320 0084 8021     		movs	r1, #128
 321 0086 0D20     		movs	r0, #13
 322 0088 FFF7FEFF 		bl	ClearBitMask
 323 008c 4DB9     		cbnz	r5, .L50
 324 008e 4FF00208 		mov	r8, #2
 325              	.L34:
 326 0092 4046     		mov	r0, r8
 327 0094 BDE8F087 		pop	{r4, r5, r6, r7, r8, r9, r10, pc}
 328              	.L49:
 329 0098 8021     		movs	r1, #128
 330 009a 0D20     		movs	r0, #13
 331 009c FFF7FEFF 		bl	SetBitMask
 332 00a0 E3E7     		b	.L31
 333              	.L50:
 334 00a2 0620     		movs	r0, #6
 335 00a4 FFF7FEFF 		bl	Read_MFRC522
 336 00a8 10F01B0F 		tst	r0, #27
 337 00ac 2BD1     		bne	.L44
 338 00ae 08EA0408 		and	r8, r8, r4
 339 00b2 18F00108 		ands	r8, r8, #1
 340 00b6 01D0     		beq	.L35
 341 00b8 4FF00108 		mov	r8, #1
 342              	.L35:
 343 00bc 0C2F     		cmp	r7, #12
 344 00be E8D1     		bne	.L34
 345 00c0 0A20     		movs	r0, #10
 346 00c2 FFF7FEFF 		bl	Read_MFRC522
 347 00c6 0546     		mov	r5, r0
 348 00c8 0C20     		movs	r0, #12
 349 00ca FFF7FEFF 		bl	Read_MFRC522
 350 00ce 10F00700 		ands	r0, r0, #7
 351 00d2 09D0     		beq	.L36
 352 00d4 6B1E     		subs	r3, r5, #1
 353 00d6 00EBC300 		add	r0, r0, r3, lsl #3
 354 00da 089B     		ldr	r3, [sp, #32]
 355 00dc 1860     		str	r0, [r3]
 356              	.L37:
 357 00de 3DB1     		cbz	r5, .L46
 358 00e0 102D     		cmp	r5, #16
 359 00e2 06D9     		bls	.L38
 360 00e4 1025     		movs	r5, #16
 361 00e6 04E0     		b	.L38
ARM GAS  /tmp/cchpv6br.s 			page 7


 362              	.L36:
 363 00e8 EB00     		lsls	r3, r5, #3
 364 00ea 089A     		ldr	r2, [sp, #32]
 365 00ec 1360     		str	r3, [r2]
 366 00ee F6E7     		b	.L37
 367              	.L46:
 368 00f0 0125     		movs	r5, #1
 369              	.L38:
 370 00f2 0024     		movs	r4, #0
 371              	.L39:
 372 00f4 A542     		cmp	r5, r4
 373 00f6 CCD9     		bls	.L34
 374 00f8 0920     		movs	r0, #9
 375 00fa FFF7FEFF 		bl	Read_MFRC522
 376 00fe 09F80400 		strb	r0, [r9, r4]
 377 0102 0134     		adds	r4, r4, #1
 378 0104 F6E7     		b	.L39
 379              	.L44:
 380 0106 4FF00208 		mov	r8, #2
 381 010a C2E7     		b	.L34
 383              		.section	.text.MFRC522_Request,"ax",%progbits
 384              		.align	1
 385              		.global	MFRC522_Request
 386              		.syntax unified
 387              		.thumb
 388              		.thumb_func
 390              	MFRC522_Request:
 391              		@ args = 0, pretend = 0, frame = 8
 392              		@ frame_needed = 0, uses_anonymous_args = 0
 393 0000 30B5     		push	{r4, r5, lr}
 394 0002 85B0     		sub	sp, sp, #20
 395 0004 0546     		mov	r5, r0
 396 0006 0C46     		mov	r4, r1
 397 0008 0721     		movs	r1, #7
 398 000a 0D20     		movs	r0, #13
 399 000c FFF7FEFF 		bl	Write_MFRC522
 400 0010 2570     		strb	r5, [r4]
 401 0012 03AB     		add	r3, sp, #12
 402 0014 0093     		str	r3, [sp]
 403 0016 2346     		mov	r3, r4
 404 0018 0122     		movs	r2, #1
 405 001a 2146     		mov	r1, r4
 406 001c 0C20     		movs	r0, #12
 407 001e FFF7FEFF 		bl	MFRC522_ToCard
 408 0022 20B9     		cbnz	r0, .L53
 409 0024 039B     		ldr	r3, [sp, #12]
 410 0026 102B     		cmp	r3, #16
 411 0028 02D0     		beq	.L52
 412 002a 0220     		movs	r0, #2
 413 002c 00E0     		b	.L52
 414              	.L53:
 415 002e 0220     		movs	r0, #2
 416              	.L52:
 417 0030 05B0     		add	sp, sp, #20
 418              		@ sp needed
 419 0032 30BD     		pop	{r4, r5, pc}
 421              		.section	.text.MFRC522_Anticoll,"ax",%progbits
ARM GAS  /tmp/cchpv6br.s 			page 8


 422              		.align	1
 423              		.global	MFRC522_Anticoll
 424              		.syntax unified
 425              		.thumb
 426              		.thumb_func
 428              	MFRC522_Anticoll:
 429              		@ args = 0, pretend = 0, frame = 8
 430              		@ frame_needed = 0, uses_anonymous_args = 0
 431 0000 10B5     		push	{r4, lr}
 432 0002 84B0     		sub	sp, sp, #16
 433 0004 0446     		mov	r4, r0
 434 0006 0021     		movs	r1, #0
 435 0008 0D20     		movs	r0, #13
 436 000a FFF7FEFF 		bl	Write_MFRC522
 437 000e 9323     		movs	r3, #147
 438 0010 2370     		strb	r3, [r4]
 439 0012 2023     		movs	r3, #32
 440 0014 6370     		strb	r3, [r4, #1]
 441 0016 03AB     		add	r3, sp, #12
 442 0018 0093     		str	r3, [sp]
 443 001a 2346     		mov	r3, r4
 444 001c 0222     		movs	r2, #2
 445 001e 2146     		mov	r1, r4
 446 0020 0C20     		movs	r0, #12
 447 0022 FFF7FEFF 		bl	MFRC522_ToCard
 448 0026 68B1     		cbz	r0, .L60
 449              	.L58:
 450 0028 04B0     		add	sp, sp, #16
 451              		@ sp needed
 452 002a 10BD     		pop	{r4, pc}
 453              	.L59:
 454 002c A15C     		ldrb	r1, [r4, r2]	@ zero_extendqisi2
 455 002e 4B40     		eors	r3, r3, r1
 456 0030 DBB2     		uxtb	r3, r3
 457 0032 0132     		adds	r2, r2, #1
 458 0034 D2B2     		uxtb	r2, r2
 459              	.L57:
 460 0036 032A     		cmp	r2, #3
 461 0038 F8D9     		bls	.L59
 462 003a A25C     		ldrb	r2, [r4, r2]	@ zero_extendqisi2
 463 003c 9A42     		cmp	r2, r3
 464 003e F3D0     		beq	.L58
 465 0040 0220     		movs	r0, #2
 466 0042 F1E7     		b	.L58
 467              	.L60:
 468 0044 0346     		mov	r3, r0
 469 0046 0246     		mov	r2, r0
 470 0048 F5E7     		b	.L57
 472              		.section	.text.CalulateCRC,"ax",%progbits
 473              		.align	1
 474              		.global	CalulateCRC
 475              		.syntax unified
 476              		.thumb
 477              		.thumb_func
 479              	CalulateCRC:
 480              		@ args = 0, pretend = 0, frame = 0
 481              		@ frame_needed = 0, uses_anonymous_args = 0
ARM GAS  /tmp/cchpv6br.s 			page 9


 482 0000 F8B5     		push	{r3, r4, r5, r6, r7, lr}
 483 0002 0746     		mov	r7, r0
 484 0004 0D46     		mov	r5, r1
 485 0006 1646     		mov	r6, r2
 486 0008 0421     		movs	r1, #4
 487 000a 0520     		movs	r0, #5
 488 000c FFF7FEFF 		bl	ClearBitMask
 489 0010 8021     		movs	r1, #128
 490 0012 0A20     		movs	r0, #10
 491 0014 FFF7FEFF 		bl	SetBitMask
 492 0018 0024     		movs	r4, #0
 493 001a 05E0     		b	.L64
 494              	.L65:
 495 001c 395D     		ldrb	r1, [r7, r4]	@ zero_extendqisi2
 496 001e 0920     		movs	r0, #9
 497 0020 FFF7FEFF 		bl	Write_MFRC522
 498 0024 0134     		adds	r4, r4, #1
 499 0026 E4B2     		uxtb	r4, r4
 500              	.L64:
 501 0028 AC42     		cmp	r4, r5
 502 002a F7D3     		bcc	.L65
 503 002c 0321     		movs	r1, #3
 504 002e 0120     		movs	r0, #1
 505 0030 FFF7FEFF 		bl	Write_MFRC522
 506 0034 FF24     		movs	r4, #255
 507              	.L67:
 508 0036 0520     		movs	r0, #5
 509 0038 FFF7FEFF 		bl	Read_MFRC522
 510 003c 631E     		subs	r3, r4, #1
 511 003e 13F0FF04 		ands	r4, r3, #255
 512 0042 02D0     		beq	.L66
 513 0044 10F0040F 		tst	r0, #4
 514 0048 F5D0     		beq	.L67
 515              	.L66:
 516 004a 2220     		movs	r0, #34
 517 004c FFF7FEFF 		bl	Read_MFRC522
 518 0050 3070     		strb	r0, [r6]
 519 0052 2120     		movs	r0, #33
 520 0054 FFF7FEFF 		bl	Read_MFRC522
 521 0058 7070     		strb	r0, [r6, #1]
 522 005a F8BD     		pop	{r3, r4, r5, r6, r7, pc}
 524              		.section	.text.MFRC522_SelectTag,"ax",%progbits
 525              		.align	1
 526              		.global	MFRC522_SelectTag
 527              		.syntax unified
 528              		.thumb
 529              		.thumb_func
 531              	MFRC522_SelectTag:
 532              		@ args = 0, pretend = 0, frame = 16
 533              		@ frame_needed = 0, uses_anonymous_args = 0
 534 0000 10B5     		push	{r4, lr}
 535 0002 86B0     		sub	sp, sp, #24
 536 0004 9323     		movs	r3, #147
 537 0006 8DF80830 		strb	r3, [sp, #8]
 538 000a 7023     		movs	r3, #112
 539 000c 8DF80930 		strb	r3, [sp, #9]
 540 0010 0023     		movs	r3, #0
ARM GAS  /tmp/cchpv6br.s 			page 10


 541 0012 07E0     		b	.L70
 542              	.L71:
 543 0014 C15C     		ldrb	r1, [r0, r3]	@ zero_extendqisi2
 544 0016 03F11A02 		add	r2, r3, #26
 545 001a 6A44     		add	r2, sp, r2
 546 001c 02F8101C 		strb	r1, [r2, #-16]
 547 0020 0133     		adds	r3, r3, #1
 548 0022 DBB2     		uxtb	r3, r3
 549              	.L70:
 550 0024 042B     		cmp	r3, #4
 551 0026 F5D9     		bls	.L71
 552 0028 02AC     		add	r4, sp, #8
 553 002a 0DF10F02 		add	r2, sp, #15
 554 002e 0721     		movs	r1, #7
 555 0030 2046     		mov	r0, r4
 556 0032 FFF7FEFF 		bl	CalulateCRC
 557 0036 05AB     		add	r3, sp, #20
 558 0038 0093     		str	r3, [sp]
 559 003a 2346     		mov	r3, r4
 560 003c 0922     		movs	r2, #9
 561 003e 2146     		mov	r1, r4
 562 0040 0C20     		movs	r0, #12
 563 0042 FFF7FEFF 		bl	MFRC522_ToCard
 564 0046 28B9     		cbnz	r0, .L73
 565 0048 059B     		ldr	r3, [sp, #20]
 566 004a 182B     		cmp	r3, #24
 567 004c 03D1     		bne	.L72
 568 004e 9DF80800 		ldrb	r0, [sp, #8]	@ zero_extendqisi2
 569 0052 00E0     		b	.L72
 570              	.L73:
 571 0054 0020     		movs	r0, #0
 572              	.L72:
 573 0056 06B0     		add	sp, sp, #24
 574              		@ sp needed
 575 0058 10BD     		pop	{r4, pc}
 577              		.section	.text.MFRC522_Auth,"ax",%progbits
 578              		.align	1
 579              		.global	MFRC522_Auth
 580              		.syntax unified
 581              		.thumb
 582              		.thumb_func
 584              	MFRC522_Auth:
 585              		@ args = 0, pretend = 0, frame = 16
 586              		@ frame_needed = 0, uses_anonymous_args = 0
 587 0000 10B5     		push	{r4, lr}
 588 0002 86B0     		sub	sp, sp, #24
 589 0004 8DF80800 		strb	r0, [sp, #8]
 590 0008 8DF80910 		strb	r1, [sp, #9]
 591 000c 0021     		movs	r1, #0
 592 000e 08E0     		b	.L76
 593              	.L77:
 594 0010 12F801C0 		ldrb	ip, [r2, r1]	@ zero_extendqisi2
 595 0014 01F11A00 		add	r0, r1, #26
 596 0018 6844     		add	r0, sp, r0
 597 001a 00F810CC 		strb	ip, [r0, #-16]
 598 001e 0131     		adds	r1, r1, #1
 599 0020 C9B2     		uxtb	r1, r1
ARM GAS  /tmp/cchpv6br.s 			page 11


 600              	.L76:
 601 0022 0529     		cmp	r1, #5
 602 0024 F4D9     		bls	.L77
 603 0026 0022     		movs	r2, #0
 604 0028 07E0     		b	.L78
 605              	.L79:
 606 002a 985C     		ldrb	r0, [r3, r2]	@ zero_extendqisi2
 607 002c 02F12001 		add	r1, r2, #32
 608 0030 6944     		add	r1, sp, r1
 609 0032 01F8100C 		strb	r0, [r1, #-16]
 610 0036 0132     		adds	r2, r2, #1
 611 0038 D2B2     		uxtb	r2, r2
 612              	.L78:
 613 003a 032A     		cmp	r2, #3
 614 003c F5D9     		bls	.L79
 615 003e 02A9     		add	r1, sp, #8
 616 0040 05AB     		add	r3, sp, #20
 617 0042 0093     		str	r3, [sp]
 618 0044 0B46     		mov	r3, r1
 619 0046 0C22     		movs	r2, #12
 620 0048 0E20     		movs	r0, #14
 621 004a FFF7FEFF 		bl	MFRC522_ToCard
 622 004e 0446     		mov	r4, r0
 623 0050 18B1     		cbz	r0, .L84
 624 0052 0224     		movs	r4, #2
 625              	.L80:
 626 0054 2046     		mov	r0, r4
 627 0056 06B0     		add	sp, sp, #24
 628              		@ sp needed
 629 0058 10BD     		pop	{r4, pc}
 630              	.L84:
 631 005a 0820     		movs	r0, #8
 632 005c FFF7FEFF 		bl	Read_MFRC522
 633 0060 10F0080F 		tst	r0, #8
 634 0064 F6D1     		bne	.L80
 635 0066 0224     		movs	r4, #2
 636 0068 F4E7     		b	.L80
 638              		.section	.text.MFRC522_Read,"ax",%progbits
 639              		.align	1
 640              		.global	MFRC522_Read
 641              		.syntax unified
 642              		.thumb
 643              		.thumb_func
 645              	MFRC522_Read:
 646              		@ args = 0, pretend = 0, frame = 8
 647              		@ frame_needed = 0, uses_anonymous_args = 0
 648 0000 10B5     		push	{r4, lr}
 649 0002 84B0     		sub	sp, sp, #16
 650 0004 0C46     		mov	r4, r1
 651 0006 3023     		movs	r3, #48
 652 0008 0B70     		strb	r3, [r1]
 653 000a 4870     		strb	r0, [r1, #1]
 654 000c 8A1C     		adds	r2, r1, #2
 655 000e 0221     		movs	r1, #2
 656 0010 2046     		mov	r0, r4
 657 0012 FFF7FEFF 		bl	CalulateCRC
 658 0016 03AB     		add	r3, sp, #12
ARM GAS  /tmp/cchpv6br.s 			page 12


 659 0018 0093     		str	r3, [sp]
 660 001a 2346     		mov	r3, r4
 661 001c 0422     		movs	r2, #4
 662 001e 2146     		mov	r1, r4
 663 0020 0C20     		movs	r0, #12
 664 0022 FFF7FEFF 		bl	MFRC522_ToCard
 665 0026 20B9     		cbnz	r0, .L87
 666 0028 039B     		ldr	r3, [sp, #12]
 667 002a 902B     		cmp	r3, #144
 668 002c 02D0     		beq	.L86
 669 002e 0220     		movs	r0, #2
 670 0030 00E0     		b	.L86
 671              	.L87:
 672 0032 0220     		movs	r0, #2
 673              	.L86:
 674 0034 04B0     		add	sp, sp, #16
 675              		@ sp needed
 676 0036 10BD     		pop	{r4, pc}
 678              		.section	.text.MFRC522_Write,"ax",%progbits
 679              		.align	1
 680              		.global	MFRC522_Write
 681              		.syntax unified
 682              		.thumb
 683              		.thumb_func
 685              	MFRC522_Write:
 686              		@ args = 0, pretend = 0, frame = 24
 687              		@ frame_needed = 0, uses_anonymous_args = 0
 688 0000 30B5     		push	{r4, r5, lr}
 689 0002 89B0     		sub	sp, sp, #36
 690 0004 0C46     		mov	r4, r1
 691 0006 A023     		movs	r3, #160
 692 0008 8DF80830 		strb	r3, [sp, #8]
 693 000c 8DF80900 		strb	r0, [sp, #9]
 694 0010 02AD     		add	r5, sp, #8
 695 0012 0DF10A02 		add	r2, sp, #10
 696 0016 0221     		movs	r1, #2
 697 0018 2846     		mov	r0, r5
 698 001a FFF7FEFF 		bl	CalulateCRC
 699 001e 07AB     		add	r3, sp, #28
 700 0020 0093     		str	r3, [sp]
 701 0022 2B46     		mov	r3, r5
 702 0024 0422     		movs	r2, #4
 703 0026 2946     		mov	r1, r5
 704 0028 0C20     		movs	r0, #12
 705 002a FFF7FEFF 		bl	MFRC522_ToCard
 706 002e 98BB     		cbnz	r0, .L94
 707 0030 0346     		mov	r3, r0
 708 0032 079A     		ldr	r2, [sp, #28]
 709 0034 042A     		cmp	r2, #4
 710 0036 01D0     		beq	.L101
 711 0038 0220     		movs	r0, #2
 712 003a 2EE0     		b	.L91
 713              	.L101:
 714 003c 9DF80820 		ldrb	r2, [sp, #8]	@ zero_extendqisi2
 715 0040 02F00F02 		and	r2, r2, #15
 716 0044 0A2A     		cmp	r2, #10
 717 0046 09D0     		beq	.L92
ARM GAS  /tmp/cchpv6br.s 			page 13


 718 0048 0220     		movs	r0, #2
 719 004a 26E0     		b	.L91
 720              	.L93:
 721 004c E15C     		ldrb	r1, [r4, r3]	@ zero_extendqisi2
 722 004e 03F12002 		add	r2, r3, #32
 723 0052 6A44     		add	r2, sp, r2
 724 0054 02F8181C 		strb	r1, [r2, #-24]
 725 0058 0133     		adds	r3, r3, #1
 726 005a DBB2     		uxtb	r3, r3
 727              	.L92:
 728 005c 0F2B     		cmp	r3, #15
 729 005e F5D9     		bls	.L93
 730 0060 02AC     		add	r4, sp, #8
 731 0062 06AA     		add	r2, sp, #24
 732 0064 1021     		movs	r1, #16
 733 0066 2046     		mov	r0, r4
 734 0068 FFF7FEFF 		bl	CalulateCRC
 735 006c 07AB     		add	r3, sp, #28
 736 006e 0093     		str	r3, [sp]
 737 0070 2346     		mov	r3, r4
 738 0072 1222     		movs	r2, #18
 739 0074 2146     		mov	r1, r4
 740 0076 0C20     		movs	r0, #12
 741 0078 FFF7FEFF 		bl	MFRC522_ToCard
 742 007c 78B9     		cbnz	r0, .L97
 743 007e 079B     		ldr	r3, [sp, #28]
 744 0080 042B     		cmp	r3, #4
 745 0082 01D0     		beq	.L102
 746 0084 0220     		movs	r0, #2
 747 0086 08E0     		b	.L91
 748              	.L102:
 749 0088 9DF80830 		ldrb	r3, [sp, #8]	@ zero_extendqisi2
 750 008c 03F00F03 		and	r3, r3, #15
 751 0090 0A2B     		cmp	r3, #10
 752 0092 02D0     		beq	.L91
 753 0094 0220     		movs	r0, #2
 754 0096 00E0     		b	.L91
 755              	.L94:
 756 0098 0220     		movs	r0, #2
 757              	.L91:
 758 009a 09B0     		add	sp, sp, #36
 759              		@ sp needed
 760 009c 30BD     		pop	{r4, r5, pc}
 761              	.L97:
 762 009e 0220     		movs	r0, #2
 763 00a0 FBE7     		b	.L91
 765              		.section	.text.MFRC522_Halt,"ax",%progbits
 766              		.align	1
 767              		.global	MFRC522_Halt
 768              		.syntax unified
 769              		.thumb
 770              		.thumb_func
 772              	MFRC522_Halt:
 773              		@ args = 0, pretend = 0, frame = 8
 774              		@ frame_needed = 0, uses_anonymous_args = 0
 775 0000 10B5     		push	{r4, lr}
 776 0002 84B0     		sub	sp, sp, #16
ARM GAS  /tmp/cchpv6br.s 			page 14


 777 0004 5023     		movs	r3, #80
 778 0006 8DF80830 		strb	r3, [sp, #8]
 779 000a 0023     		movs	r3, #0
 780 000c 8DF80930 		strb	r3, [sp, #9]
 781 0010 02AC     		add	r4, sp, #8
 782 0012 0DF10A02 		add	r2, sp, #10
 783 0016 0221     		movs	r1, #2
 784 0018 2046     		mov	r0, r4
 785 001a FFF7FEFF 		bl	CalulateCRC
 786 001e 03AB     		add	r3, sp, #12
 787 0020 0093     		str	r3, [sp]
 788 0022 2346     		mov	r3, r4
 789 0024 0422     		movs	r2, #4
 790 0026 2146     		mov	r1, r4
 791 0028 0C20     		movs	r0, #12
 792 002a FFF7FEFF 		bl	MFRC522_ToCard
 793 002e 04B0     		add	sp, sp, #16
 794              		@ sp needed
 795 0030 10BD     		pop	{r4, pc}
 797              		.ident	"GCC: (Arch Repository) 14.2.0"
ARM GAS  /tmp/cchpv6br.s 			page 15


DEFINED SYMBOLS
                            *ABS*:00000000 RC522.c
     /tmp/cchpv6br.s:16     .text.RC522_SPI_Transfer:00000000 $t
     /tmp/cchpv6br.s:22     .text.RC522_SPI_Transfer:00000000 RC522_SPI_Transfer
     /tmp/cchpv6br.s:42     .text.RC522_SPI_Transfer:00000028 $d
     /tmp/cchpv6br.s:45     .text.Write_MFRC522:00000000 $t
     /tmp/cchpv6br.s:51     .text.Write_MFRC522:00000000 Write_MFRC522
     /tmp/cchpv6br.s:75     .text.Write_MFRC522:00000034 $d
     /tmp/cchpv6br.s:78     .text.Read_MFRC522:00000000 $t
     /tmp/cchpv6br.s:84     .text.Read_MFRC522:00000000 Read_MFRC522
     /tmp/cchpv6br.s:110    .text.Read_MFRC522:00000038 $d
     /tmp/cchpv6br.s:113    .text.SetBitMask:00000000 $t
     /tmp/cchpv6br.s:119    .text.SetBitMask:00000000 SetBitMask
     /tmp/cchpv6br.s:133    .text.ClearBitMask:00000000 $t
     /tmp/cchpv6br.s:139    .text.ClearBitMask:00000000 ClearBitMask
     /tmp/cchpv6br.s:155    .text.AntennaOn:00000000 $t
     /tmp/cchpv6br.s:161    .text.AntennaOn:00000000 AntennaOn
     /tmp/cchpv6br.s:173    .text.AntennaOff:00000000 $t
     /tmp/cchpv6br.s:179    .text.AntennaOff:00000000 AntennaOff
     /tmp/cchpv6br.s:189    .text.MFRC522_Reset:00000000 $t
     /tmp/cchpv6br.s:195    .text.MFRC522_Reset:00000000 MFRC522_Reset
     /tmp/cchpv6br.s:205    .text.MFRC522_Init:00000000 $t
     /tmp/cchpv6br.s:211    .text.MFRC522_Init:00000000 MFRC522_Init
     /tmp/cchpv6br.s:247    .text.MFRC522_Init:00000054 $d
     /tmp/cchpv6br.s:251    .text.MFRC522_ToCard:00000000 $t
     /tmp/cchpv6br.s:257    .text.MFRC522_ToCard:00000000 MFRC522_ToCard
     /tmp/cchpv6br.s:384    .text.MFRC522_Request:00000000 $t
     /tmp/cchpv6br.s:390    .text.MFRC522_Request:00000000 MFRC522_Request
     /tmp/cchpv6br.s:422    .text.MFRC522_Anticoll:00000000 $t
     /tmp/cchpv6br.s:428    .text.MFRC522_Anticoll:00000000 MFRC522_Anticoll
     /tmp/cchpv6br.s:473    .text.CalulateCRC:00000000 $t
     /tmp/cchpv6br.s:479    .text.CalulateCRC:00000000 CalulateCRC
     /tmp/cchpv6br.s:525    .text.MFRC522_SelectTag:00000000 $t
     /tmp/cchpv6br.s:531    .text.MFRC522_SelectTag:00000000 MFRC522_SelectTag
     /tmp/cchpv6br.s:578    .text.MFRC522_Auth:00000000 $t
     /tmp/cchpv6br.s:584    .text.MFRC522_Auth:00000000 MFRC522_Auth
     /tmp/cchpv6br.s:639    .text.MFRC522_Read:00000000 $t
     /tmp/cchpv6br.s:645    .text.MFRC522_Read:00000000 MFRC522_Read
     /tmp/cchpv6br.s:679    .text.MFRC522_Write:00000000 $t
     /tmp/cchpv6br.s:685    .text.MFRC522_Write:00000000 MFRC522_Write
     /tmp/cchpv6br.s:766    .text.MFRC522_Halt:00000000 $t
     /tmp/cchpv6br.s:772    .text.MFRC522_Halt:00000000 MFRC522_Halt

UNDEFINED SYMBOLS
HAL_SPI_TransmitReceive
hspi2
HAL_GPIO_WritePin
