ARM GAS  /tmp/ccMspYri.s 			page 1


   1              		.cpu cortex-m3
   2              		.arch armv7-m
   3              		.fpu softvfp
   4              		.eabi_attribute 20, 1
   5              		.eabi_attribute 21, 1
   6              		.eabi_attribute 23, 3
   7              		.eabi_attribute 24, 1
   8              		.eabi_attribute 25, 1
   9              		.eabi_attribute 26, 1
  10              		.eabi_attribute 30, 1
  11              		.eabi_attribute 34, 1
  12              		.eabi_attribute 18, 4
  13              		.file	"stm32f1xx_hal_msp.c"
  14              		.text
  15              		.section	.text.HAL_MspInit,"ax",%progbits
  16              		.align	1
  17              		.global	HAL_MspInit
  18              		.syntax unified
  19              		.thumb
  20              		.thumb_func
  22              	HAL_MspInit:
  23              		@ args = 0, pretend = 0, frame = 8
  24              		@ frame_needed = 0, uses_anonymous_args = 0
  25              		@ link register save eliminated.
  26 0000 82B0     		sub	sp, sp, #8
  27 0002 0E4B     		ldr	r3, .L3
  28 0004 9A69     		ldr	r2, [r3, #24]
  29 0006 42F00102 		orr	r2, r2, #1
  30 000a 9A61     		str	r2, [r3, #24]
  31 000c 9A69     		ldr	r2, [r3, #24]
  32 000e 02F00102 		and	r2, r2, #1
  33 0012 0092     		str	r2, [sp]
  34 0014 009A     		ldr	r2, [sp]
  35 0016 DA69     		ldr	r2, [r3, #28]
  36 0018 42F08052 		orr	r2, r2, #268435456
  37 001c DA61     		str	r2, [r3, #28]
  38 001e DB69     		ldr	r3, [r3, #28]
  39 0020 03F08053 		and	r3, r3, #268435456
  40 0024 0193     		str	r3, [sp, #4]
  41 0026 019B     		ldr	r3, [sp, #4]
  42 0028 054A     		ldr	r2, .L3+4
  43 002a 5368     		ldr	r3, [r2, #4]
  44 002c 23F0E063 		bic	r3, r3, #117440512
  45 0030 43F00073 		orr	r3, r3, #33554432
  46 0034 5360     		str	r3, [r2, #4]
  47 0036 02B0     		add	sp, sp, #8
  48              		@ sp needed
  49 0038 7047     		bx	lr
  50              	.L4:
  51 003a 00BF     		.align	2
  52              	.L3:
  53 003c 00100240 		.word	1073876992
  54 0040 00000140 		.word	1073807360
  56              		.section	.text.HAL_SPI_MspInit,"ax",%progbits
  57              		.align	1
  58              		.global	HAL_SPI_MspInit
  59              		.syntax unified
ARM GAS  /tmp/ccMspYri.s 			page 2


  60              		.thumb
  61              		.thumb_func
  63              	HAL_SPI_MspInit:
  64              		@ args = 0, pretend = 0, frame = 24
  65              		@ frame_needed = 0, uses_anonymous_args = 0
  66 0000 30B5     		push	{r4, r5, lr}
  67 0002 87B0     		sub	sp, sp, #28
  68 0004 0023     		movs	r3, #0
  69 0006 0293     		str	r3, [sp, #8]
  70 0008 0393     		str	r3, [sp, #12]
  71 000a 0493     		str	r3, [sp, #16]
  72 000c 0593     		str	r3, [sp, #20]
  73 000e 0268     		ldr	r2, [r0]
  74 0010 184B     		ldr	r3, .L9
  75 0012 9A42     		cmp	r2, r3
  76 0014 01D0     		beq	.L8
  77              	.L5:
  78 0016 07B0     		add	sp, sp, #28
  79              		@ sp needed
  80 0018 30BD     		pop	{r4, r5, pc}
  81              	.L8:
  82 001a 03F5EC33 		add	r3, r3, #120832
  83 001e DA69     		ldr	r2, [r3, #28]
  84 0020 42F48042 		orr	r2, r2, #16384
  85 0024 DA61     		str	r2, [r3, #28]
  86 0026 DA69     		ldr	r2, [r3, #28]
  87 0028 02F48042 		and	r2, r2, #16384
  88 002c 0092     		str	r2, [sp]
  89 002e 009A     		ldr	r2, [sp]
  90 0030 9A69     		ldr	r2, [r3, #24]
  91 0032 42F00802 		orr	r2, r2, #8
  92 0036 9A61     		str	r2, [r3, #24]
  93 0038 9B69     		ldr	r3, [r3, #24]
  94 003a 03F00803 		and	r3, r3, #8
  95 003e 0193     		str	r3, [sp, #4]
  96 0040 019B     		ldr	r3, [sp, #4]
  97 0042 4FF42043 		mov	r3, #40960
  98 0046 0293     		str	r3, [sp, #8]
  99 0048 0223     		movs	r3, #2
 100 004a 0393     		str	r3, [sp, #12]
 101 004c 0323     		movs	r3, #3
 102 004e 0593     		str	r3, [sp, #20]
 103 0050 02AD     		add	r5, sp, #8
 104 0052 094C     		ldr	r4, .L9+4
 105 0054 2946     		mov	r1, r5
 106 0056 2046     		mov	r0, r4
 107 0058 FFF7FEFF 		bl	HAL_GPIO_Init
 108 005c 4FF48043 		mov	r3, #16384
 109 0060 0293     		str	r3, [sp, #8]
 110 0062 0023     		movs	r3, #0
 111 0064 0393     		str	r3, [sp, #12]
 112 0066 0493     		str	r3, [sp, #16]
 113 0068 2946     		mov	r1, r5
 114 006a 2046     		mov	r0, r4
 115 006c FFF7FEFF 		bl	HAL_GPIO_Init
 116 0070 D1E7     		b	.L5
 117              	.L10:
ARM GAS  /tmp/ccMspYri.s 			page 3


 118 0072 00BF     		.align	2
 119              	.L9:
 120 0074 00380040 		.word	1073756160
 121 0078 000C0140 		.word	1073810432
 123              		.section	.text.HAL_SPI_MspDeInit,"ax",%progbits
 124              		.align	1
 125              		.global	HAL_SPI_MspDeInit
 126              		.syntax unified
 127              		.thumb
 128              		.thumb_func
 130              	HAL_SPI_MspDeInit:
 131              		@ args = 0, pretend = 0, frame = 0
 132              		@ frame_needed = 0, uses_anonymous_args = 0
 133 0000 08B5     		push	{r3, lr}
 134 0002 0268     		ldr	r2, [r0]
 135 0004 074B     		ldr	r3, .L15
 136 0006 9A42     		cmp	r2, r3
 137 0008 00D0     		beq	.L14
 138              	.L11:
 139 000a 08BD     		pop	{r3, pc}
 140              	.L14:
 141 000c 064A     		ldr	r2, .L15+4
 142 000e D369     		ldr	r3, [r2, #28]
 143 0010 23F48043 		bic	r3, r3, #16384
 144 0014 D361     		str	r3, [r2, #28]
 145 0016 4FF46041 		mov	r1, #57344
 146 001a 0448     		ldr	r0, .L15+8
 147 001c FFF7FEFF 		bl	HAL_GPIO_DeInit
 148 0020 F3E7     		b	.L11
 149              	.L16:
 150 0022 00BF     		.align	2
 151              	.L15:
 152 0024 00380040 		.word	1073756160
 153 0028 00100240 		.word	1073876992
 154 002c 000C0140 		.word	1073810432
 156              		.section	.text.HAL_TIM_Base_MspInit,"ax",%progbits
 157              		.align	1
 158              		.global	HAL_TIM_Base_MspInit
 159              		.syntax unified
 160              		.thumb
 161              		.thumb_func
 163              	HAL_TIM_Base_MspInit:
 164              		@ args = 0, pretend = 0, frame = 8
 165              		@ frame_needed = 0, uses_anonymous_args = 0
 166              		@ link register save eliminated.
 167 0000 0368     		ldr	r3, [r0]
 168 0002 B3F1804F 		cmp	r3, #1073741824
 169 0006 00D0     		beq	.L23
 170 0008 7047     		bx	lr
 171              	.L23:
 172 000a 82B0     		sub	sp, sp, #8
 173 000c 03F50433 		add	r3, r3, #135168
 174 0010 DA69     		ldr	r2, [r3, #28]
 175 0012 42F00102 		orr	r2, r2, #1
 176 0016 DA61     		str	r2, [r3, #28]
 177 0018 DB69     		ldr	r3, [r3, #28]
 178 001a 03F00103 		and	r3, r3, #1
ARM GAS  /tmp/ccMspYri.s 			page 4


 179 001e 0193     		str	r3, [sp, #4]
 180 0020 019B     		ldr	r3, [sp, #4]
 181 0022 02B0     		add	sp, sp, #8
 182              		@ sp needed
 183 0024 7047     		bx	lr
 185              		.section	.text.HAL_TIM_Base_MspDeInit,"ax",%progbits
 186              		.align	1
 187              		.global	HAL_TIM_Base_MspDeInit
 188              		.syntax unified
 189              		.thumb
 190              		.thumb_func
 192              	HAL_TIM_Base_MspDeInit:
 193              		@ args = 0, pretend = 0, frame = 0
 194              		@ frame_needed = 0, uses_anonymous_args = 0
 195              		@ link register save eliminated.
 196 0000 0368     		ldr	r3, [r0]
 197 0002 B3F1804F 		cmp	r3, #1073741824
 198 0006 00D0     		beq	.L26
 199              	.L24:
 200 0008 7047     		bx	lr
 201              	.L26:
 202 000a 034A     		ldr	r2, .L27
 203 000c D369     		ldr	r3, [r2, #28]
 204 000e 23F00103 		bic	r3, r3, #1
 205 0012 D361     		str	r3, [r2, #28]
 206 0014 F8E7     		b	.L24
 207              	.L28:
 208 0016 00BF     		.align	2
 209              	.L27:
 210 0018 00100240 		.word	1073876992
 212              		.ident	"GCC: (Arch Repository) 14.2.0"
ARM GAS  /tmp/ccMspYri.s 			page 5


DEFINED SYMBOLS
                            *ABS*:00000000 stm32f1xx_hal_msp.c
     /tmp/ccMspYri.s:16     .text.HAL_MspInit:00000000 $t
     /tmp/ccMspYri.s:22     .text.HAL_MspInit:00000000 HAL_MspInit
     /tmp/ccMspYri.s:53     .text.HAL_MspInit:0000003c $d
     /tmp/ccMspYri.s:57     .text.HAL_SPI_MspInit:00000000 $t
     /tmp/ccMspYri.s:63     .text.HAL_SPI_MspInit:00000000 HAL_SPI_MspInit
     /tmp/ccMspYri.s:120    .text.HAL_SPI_MspInit:00000074 $d
     /tmp/ccMspYri.s:124    .text.HAL_SPI_MspDeInit:00000000 $t
     /tmp/ccMspYri.s:130    .text.HAL_SPI_MspDeInit:00000000 HAL_SPI_MspDeInit
     /tmp/ccMspYri.s:152    .text.HAL_SPI_MspDeInit:00000024 $d
     /tmp/ccMspYri.s:157    .text.HAL_TIM_Base_MspInit:00000000 $t
     /tmp/ccMspYri.s:163    .text.HAL_TIM_Base_MspInit:00000000 HAL_TIM_Base_MspInit
     /tmp/ccMspYri.s:186    .text.HAL_TIM_Base_MspDeInit:00000000 $t
     /tmp/ccMspYri.s:192    .text.HAL_TIM_Base_MspDeInit:00000000 HAL_TIM_Base_MspDeInit
     /tmp/ccMspYri.s:210    .text.HAL_TIM_Base_MspDeInit:00000018 $d

UNDEFINED SYMBOLS
HAL_GPIO_Init
HAL_GPIO_DeInit
