ARM GAS  /tmp/cc8YWo57.s 			page 1


   1              		.cpu cortex-m3
   2              		.arch armv7-m
   3              		.fpu softvfp
   4              		.eabi_attribute 20, 1
   5              		.eabi_attribute 21, 1
   6              		.eabi_attribute 23, 3
   7              		.eabi_attribute 24, 1
   8              		.eabi_attribute 25, 1
   9              		.eabi_attribute 26, 1
  10              		.eabi_attribute 30, 1
  11              		.eabi_attribute 34, 1
  12              		.eabi_attribute 18, 4
  13              		.file	"stm32f1xx_hal_msp.c"
  14              		.text
  15              	.Ltext0:
  16              		.cfi_sections	.debug_frame
  17              		.file 1 "Core/Src/stm32f1xx_hal_msp.c"
  18              		.section	.text.HAL_MspInit,"ax",%progbits
  19              		.align	1
  20              		.global	HAL_MspInit
  21              		.syntax unified
  22              		.thumb
  23              		.thumb_func
  25              	HAL_MspInit:
  26              	.LFB65:
   1:Core/Src/stm32f1xx_hal_msp.c **** /* USER CODE BEGIN Header */
   2:Core/Src/stm32f1xx_hal_msp.c **** /**
   3:Core/Src/stm32f1xx_hal_msp.c ****   ******************************************************************************
   4:Core/Src/stm32f1xx_hal_msp.c ****   * @file         stm32f1xx_hal_msp.c
   5:Core/Src/stm32f1xx_hal_msp.c ****   * @brief        This file provides code for the MSP Initialization
   6:Core/Src/stm32f1xx_hal_msp.c ****   *               and de-Initialization codes.
   7:Core/Src/stm32f1xx_hal_msp.c ****   ******************************************************************************
   8:Core/Src/stm32f1xx_hal_msp.c ****   * @attention
   9:Core/Src/stm32f1xx_hal_msp.c ****   *
  10:Core/Src/stm32f1xx_hal_msp.c ****   * Copyright (c) 2025 STMicroelectronics.
  11:Core/Src/stm32f1xx_hal_msp.c ****   * All rights reserved.
  12:Core/Src/stm32f1xx_hal_msp.c ****   *
  13:Core/Src/stm32f1xx_hal_msp.c ****   * This software is licensed under terms that can be found in the LICENSE file
  14:Core/Src/stm32f1xx_hal_msp.c ****   * in the root directory of this software component.
  15:Core/Src/stm32f1xx_hal_msp.c ****   * If no LICENSE file comes with this software, it is provided AS-IS.
  16:Core/Src/stm32f1xx_hal_msp.c ****   *
  17:Core/Src/stm32f1xx_hal_msp.c ****   ******************************************************************************
  18:Core/Src/stm32f1xx_hal_msp.c ****   */
  19:Core/Src/stm32f1xx_hal_msp.c **** /* USER CODE END Header */
  20:Core/Src/stm32f1xx_hal_msp.c **** 
  21:Core/Src/stm32f1xx_hal_msp.c **** /* Includes ------------------------------------------------------------------*/
  22:Core/Src/stm32f1xx_hal_msp.c **** #include "main.h"
  23:Core/Src/stm32f1xx_hal_msp.c **** /* USER CODE BEGIN Includes */
  24:Core/Src/stm32f1xx_hal_msp.c **** 
  25:Core/Src/stm32f1xx_hal_msp.c **** /* USER CODE END Includes */
  26:Core/Src/stm32f1xx_hal_msp.c **** 
  27:Core/Src/stm32f1xx_hal_msp.c **** /* Private typedef -----------------------------------------------------------*/
  28:Core/Src/stm32f1xx_hal_msp.c **** /* USER CODE BEGIN TD */
  29:Core/Src/stm32f1xx_hal_msp.c **** 
  30:Core/Src/stm32f1xx_hal_msp.c **** /* USER CODE END TD */
  31:Core/Src/stm32f1xx_hal_msp.c **** 
  32:Core/Src/stm32f1xx_hal_msp.c **** /* Private define ------------------------------------------------------------*/
ARM GAS  /tmp/cc8YWo57.s 			page 2


  33:Core/Src/stm32f1xx_hal_msp.c **** /* USER CODE BEGIN Define */
  34:Core/Src/stm32f1xx_hal_msp.c **** 
  35:Core/Src/stm32f1xx_hal_msp.c **** /* USER CODE END Define */
  36:Core/Src/stm32f1xx_hal_msp.c **** 
  37:Core/Src/stm32f1xx_hal_msp.c **** /* Private macro -------------------------------------------------------------*/
  38:Core/Src/stm32f1xx_hal_msp.c **** /* USER CODE BEGIN Macro */
  39:Core/Src/stm32f1xx_hal_msp.c **** 
  40:Core/Src/stm32f1xx_hal_msp.c **** /* USER CODE END Macro */
  41:Core/Src/stm32f1xx_hal_msp.c **** 
  42:Core/Src/stm32f1xx_hal_msp.c **** /* Private variables ---------------------------------------------------------*/
  43:Core/Src/stm32f1xx_hal_msp.c **** /* USER CODE BEGIN PV */
  44:Core/Src/stm32f1xx_hal_msp.c **** 
  45:Core/Src/stm32f1xx_hal_msp.c **** /* USER CODE END PV */
  46:Core/Src/stm32f1xx_hal_msp.c **** 
  47:Core/Src/stm32f1xx_hal_msp.c **** /* Private function prototypes -----------------------------------------------*/
  48:Core/Src/stm32f1xx_hal_msp.c **** /* USER CODE BEGIN PFP */
  49:Core/Src/stm32f1xx_hal_msp.c **** 
  50:Core/Src/stm32f1xx_hal_msp.c **** /* USER CODE END PFP */
  51:Core/Src/stm32f1xx_hal_msp.c **** 
  52:Core/Src/stm32f1xx_hal_msp.c **** /* External functions --------------------------------------------------------*/
  53:Core/Src/stm32f1xx_hal_msp.c **** /* USER CODE BEGIN ExternalFunctions */
  54:Core/Src/stm32f1xx_hal_msp.c **** 
  55:Core/Src/stm32f1xx_hal_msp.c **** /* USER CODE END ExternalFunctions */
  56:Core/Src/stm32f1xx_hal_msp.c **** 
  57:Core/Src/stm32f1xx_hal_msp.c **** /* USER CODE BEGIN 0 */
  58:Core/Src/stm32f1xx_hal_msp.c **** 
  59:Core/Src/stm32f1xx_hal_msp.c **** /* USER CODE END 0 */
  60:Core/Src/stm32f1xx_hal_msp.c **** /**
  61:Core/Src/stm32f1xx_hal_msp.c ****   * Initializes the Global MSP.
  62:Core/Src/stm32f1xx_hal_msp.c ****   */
  63:Core/Src/stm32f1xx_hal_msp.c **** void HAL_MspInit(void)
  64:Core/Src/stm32f1xx_hal_msp.c **** {
  27              		.loc 1 64 1 view -0
  28              		.cfi_startproc
  29              		@ args = 0, pretend = 0, frame = 8
  30              		@ frame_needed = 0, uses_anonymous_args = 0
  31              		@ link register save eliminated.
  32 0000 82B0     		sub	sp, sp, #8
  33              	.LCFI0:
  34              		.cfi_def_cfa_offset 8
  65:Core/Src/stm32f1xx_hal_msp.c **** 
  66:Core/Src/stm32f1xx_hal_msp.c ****   /* USER CODE BEGIN MspInit 0 */
  67:Core/Src/stm32f1xx_hal_msp.c **** 
  68:Core/Src/stm32f1xx_hal_msp.c ****   /* USER CODE END MspInit 0 */
  69:Core/Src/stm32f1xx_hal_msp.c **** 
  70:Core/Src/stm32f1xx_hal_msp.c ****   __HAL_RCC_AFIO_CLK_ENABLE();
  35              		.loc 1 70 3 view .LVU1
  36              	.LBB2:
  37              		.loc 1 70 3 view .LVU2
  38              		.loc 1 70 3 view .LVU3
  39 0002 0E4B     		ldr	r3, .L3
  40 0004 9A69     		ldr	r2, [r3, #24]
  41 0006 42F00102 		orr	r2, r2, #1
  42 000a 9A61     		str	r2, [r3, #24]
  43              		.loc 1 70 3 view .LVU4
  44 000c 9A69     		ldr	r2, [r3, #24]
  45 000e 02F00102 		and	r2, r2, #1
ARM GAS  /tmp/cc8YWo57.s 			page 3


  46 0012 0092     		str	r2, [sp]
  47              		.loc 1 70 3 view .LVU5
  48 0014 009A     		ldr	r2, [sp]
  49              	.LBE2:
  50              		.loc 1 70 3 view .LVU6
  71:Core/Src/stm32f1xx_hal_msp.c ****   __HAL_RCC_PWR_CLK_ENABLE();
  51              		.loc 1 71 3 view .LVU7
  52              	.LBB3:
  53              		.loc 1 71 3 view .LVU8
  54              		.loc 1 71 3 view .LVU9
  55 0016 DA69     		ldr	r2, [r3, #28]
  56 0018 42F08052 		orr	r2, r2, #268435456
  57 001c DA61     		str	r2, [r3, #28]
  58              		.loc 1 71 3 view .LVU10
  59 001e DB69     		ldr	r3, [r3, #28]
  60 0020 03F08053 		and	r3, r3, #268435456
  61 0024 0193     		str	r3, [sp, #4]
  62              		.loc 1 71 3 view .LVU11
  63 0026 019B     		ldr	r3, [sp, #4]
  64              	.LBE3:
  65              		.loc 1 71 3 view .LVU12
  72:Core/Src/stm32f1xx_hal_msp.c **** 
  73:Core/Src/stm32f1xx_hal_msp.c ****   /* System interrupt init*/
  74:Core/Src/stm32f1xx_hal_msp.c **** 
  75:Core/Src/stm32f1xx_hal_msp.c ****   /** NOJTAG: JTAG-DP Disabled and SW-DP Enabled
  76:Core/Src/stm32f1xx_hal_msp.c ****   */
  77:Core/Src/stm32f1xx_hal_msp.c ****   __HAL_AFIO_REMAP_SWJ_NOJTAG();
  66              		.loc 1 77 3 view .LVU13
  67              	.LBB4:
  68              		.loc 1 77 3 view .LVU14
  69 0028 054A     		ldr	r2, .L3+4
  70 002a 5368     		ldr	r3, [r2, #4]
  71              	.LVL0:
  72              		.loc 1 77 3 view .LVU15
  73 002c 23F0E063 		bic	r3, r3, #117440512
  74              	.LVL1:
  75              		.loc 1 77 3 view .LVU16
  76 0030 43F00073 		orr	r3, r3, #33554432
  77              	.LVL2:
  78              		.loc 1 77 3 view .LVU17
  79 0034 5360     		str	r3, [r2, #4]
  80              	.LBE4:
  81              		.loc 1 77 3 view .LVU18
  78:Core/Src/stm32f1xx_hal_msp.c **** 
  79:Core/Src/stm32f1xx_hal_msp.c ****   /* USER CODE BEGIN MspInit 1 */
  80:Core/Src/stm32f1xx_hal_msp.c **** 
  81:Core/Src/stm32f1xx_hal_msp.c ****   /* USER CODE END MspInit 1 */
  82:Core/Src/stm32f1xx_hal_msp.c **** }
  82              		.loc 1 82 1 is_stmt 0 view .LVU19
  83 0036 02B0     		add	sp, sp, #8
  84              	.LCFI1:
  85              		.cfi_def_cfa_offset 0
  86              		@ sp needed
  87 0038 7047     		bx	lr
  88              	.L4:
  89 003a 00BF     		.align	2
  90              	.L3:
ARM GAS  /tmp/cc8YWo57.s 			page 4


  91 003c 00100240 		.word	1073876992
  92 0040 00000140 		.word	1073807360
  93              		.cfi_endproc
  94              	.LFE65:
  96              		.section	.text.HAL_TIM_Base_MspInit,"ax",%progbits
  97              		.align	1
  98              		.global	HAL_TIM_Base_MspInit
  99              		.syntax unified
 100              		.thumb
 101              		.thumb_func
 103              	HAL_TIM_Base_MspInit:
 104              	.LVL3:
 105              	.LFB66:
  83:Core/Src/stm32f1xx_hal_msp.c **** 
  84:Core/Src/stm32f1xx_hal_msp.c **** /**
  85:Core/Src/stm32f1xx_hal_msp.c **** * @brief TIM_Base MSP Initialization
  86:Core/Src/stm32f1xx_hal_msp.c **** * This function configures the hardware resources used in this example
  87:Core/Src/stm32f1xx_hal_msp.c **** * @param htim_base: TIM_Base handle pointer
  88:Core/Src/stm32f1xx_hal_msp.c **** * @retval None
  89:Core/Src/stm32f1xx_hal_msp.c **** */
  90:Core/Src/stm32f1xx_hal_msp.c **** void HAL_TIM_Base_MspInit(TIM_HandleTypeDef* htim_base)
  91:Core/Src/stm32f1xx_hal_msp.c **** {
 106              		.loc 1 91 1 is_stmt 1 view -0
 107              		.cfi_startproc
 108              		@ args = 0, pretend = 0, frame = 8
 109              		@ frame_needed = 0, uses_anonymous_args = 0
 110              		.loc 1 91 1 is_stmt 0 view .LVU21
 111 0000 00B5     		push	{lr}
 112              	.LCFI2:
 113              		.cfi_def_cfa_offset 4
 114              		.cfi_offset 14, -4
 115 0002 83B0     		sub	sp, sp, #12
 116              	.LCFI3:
 117              		.cfi_def_cfa_offset 16
  92:Core/Src/stm32f1xx_hal_msp.c ****   if(htim_base->Instance==TIM2)
 118              		.loc 1 92 3 is_stmt 1 view .LVU22
 119              		.loc 1 92 15 is_stmt 0 view .LVU23
 120 0004 0368     		ldr	r3, [r0]
 121              		.loc 1 92 5 view .LVU24
 122 0006 B3F1804F 		cmp	r3, #1073741824
 123 000a 05D0     		beq	.L9
  93:Core/Src/stm32f1xx_hal_msp.c ****   {
  94:Core/Src/stm32f1xx_hal_msp.c ****   /* USER CODE BEGIN TIM2_MspInit 0 */
  95:Core/Src/stm32f1xx_hal_msp.c **** 
  96:Core/Src/stm32f1xx_hal_msp.c ****   /* USER CODE END TIM2_MspInit 0 */
  97:Core/Src/stm32f1xx_hal_msp.c ****     /* Peripheral clock enable */
  98:Core/Src/stm32f1xx_hal_msp.c ****     __HAL_RCC_TIM2_CLK_ENABLE();
  99:Core/Src/stm32f1xx_hal_msp.c ****     /* TIM2 interrupt Init */
 100:Core/Src/stm32f1xx_hal_msp.c ****     HAL_NVIC_SetPriority(TIM2_IRQn, 0, 0);
 101:Core/Src/stm32f1xx_hal_msp.c ****     HAL_NVIC_EnableIRQ(TIM2_IRQn);
 102:Core/Src/stm32f1xx_hal_msp.c ****   /* USER CODE BEGIN TIM2_MspInit 1 */
 103:Core/Src/stm32f1xx_hal_msp.c **** 
 104:Core/Src/stm32f1xx_hal_msp.c ****   /* USER CODE END TIM2_MspInit 1 */
 105:Core/Src/stm32f1xx_hal_msp.c ****   }
 106:Core/Src/stm32f1xx_hal_msp.c ****   else if(htim_base->Instance==TIM3)
 124              		.loc 1 106 8 is_stmt 1 view .LVU25
 125              		.loc 1 106 10 is_stmt 0 view .LVU26
ARM GAS  /tmp/cc8YWo57.s 			page 5


 126 000c 164A     		ldr	r2, .L11
 127 000e 9342     		cmp	r3, r2
 128 0010 16D0     		beq	.L10
 129              	.LVL4:
 130              	.L5:
 107:Core/Src/stm32f1xx_hal_msp.c ****   {
 108:Core/Src/stm32f1xx_hal_msp.c ****   /* USER CODE BEGIN TIM3_MspInit 0 */
 109:Core/Src/stm32f1xx_hal_msp.c **** 
 110:Core/Src/stm32f1xx_hal_msp.c ****   /* USER CODE END TIM3_MspInit 0 */
 111:Core/Src/stm32f1xx_hal_msp.c ****     /* Peripheral clock enable */
 112:Core/Src/stm32f1xx_hal_msp.c ****     __HAL_RCC_TIM3_CLK_ENABLE();
 113:Core/Src/stm32f1xx_hal_msp.c ****     /* TIM3 interrupt Init */
 114:Core/Src/stm32f1xx_hal_msp.c ****     HAL_NVIC_SetPriority(TIM3_IRQn, 0, 0);
 115:Core/Src/stm32f1xx_hal_msp.c ****     HAL_NVIC_EnableIRQ(TIM3_IRQn);
 116:Core/Src/stm32f1xx_hal_msp.c ****   /* USER CODE BEGIN TIM3_MspInit 1 */
 117:Core/Src/stm32f1xx_hal_msp.c **** 
 118:Core/Src/stm32f1xx_hal_msp.c ****   /* USER CODE END TIM3_MspInit 1 */
 119:Core/Src/stm32f1xx_hal_msp.c ****   }
 120:Core/Src/stm32f1xx_hal_msp.c **** 
 121:Core/Src/stm32f1xx_hal_msp.c **** }
 131              		.loc 1 121 1 view .LVU27
 132 0012 03B0     		add	sp, sp, #12
 133              	.LCFI4:
 134              		.cfi_remember_state
 135              		.cfi_def_cfa_offset 4
 136              		@ sp needed
 137 0014 5DF804FB 		ldr	pc, [sp], #4
 138              	.LVL5:
 139              	.L9:
 140              	.LCFI5:
 141              		.cfi_restore_state
  98:Core/Src/stm32f1xx_hal_msp.c ****     /* TIM2 interrupt Init */
 142              		.loc 1 98 5 is_stmt 1 view .LVU28
 143              	.LBB5:
  98:Core/Src/stm32f1xx_hal_msp.c ****     /* TIM2 interrupt Init */
 144              		.loc 1 98 5 view .LVU29
  98:Core/Src/stm32f1xx_hal_msp.c ****     /* TIM2 interrupt Init */
 145              		.loc 1 98 5 view .LVU30
 146 0018 03F50433 		add	r3, r3, #135168
 147 001c DA69     		ldr	r2, [r3, #28]
 148 001e 42F00102 		orr	r2, r2, #1
 149 0022 DA61     		str	r2, [r3, #28]
  98:Core/Src/stm32f1xx_hal_msp.c ****     /* TIM2 interrupt Init */
 150              		.loc 1 98 5 view .LVU31
 151 0024 DB69     		ldr	r3, [r3, #28]
 152 0026 03F00103 		and	r3, r3, #1
 153 002a 0093     		str	r3, [sp]
  98:Core/Src/stm32f1xx_hal_msp.c ****     /* TIM2 interrupt Init */
 154              		.loc 1 98 5 view .LVU32
 155 002c 009B     		ldr	r3, [sp]
 156              	.LBE5:
  98:Core/Src/stm32f1xx_hal_msp.c ****     /* TIM2 interrupt Init */
 157              		.loc 1 98 5 view .LVU33
 100:Core/Src/stm32f1xx_hal_msp.c ****     HAL_NVIC_EnableIRQ(TIM2_IRQn);
 158              		.loc 1 100 5 view .LVU34
 159 002e 0022     		movs	r2, #0
 160 0030 1146     		mov	r1, r2
ARM GAS  /tmp/cc8YWo57.s 			page 6


 161 0032 1C20     		movs	r0, #28
 162              	.LVL6:
 100:Core/Src/stm32f1xx_hal_msp.c ****     HAL_NVIC_EnableIRQ(TIM2_IRQn);
 163              		.loc 1 100 5 is_stmt 0 view .LVU35
 164 0034 FFF7FEFF 		bl	HAL_NVIC_SetPriority
 165              	.LVL7:
 101:Core/Src/stm32f1xx_hal_msp.c ****   /* USER CODE BEGIN TIM2_MspInit 1 */
 166              		.loc 1 101 5 is_stmt 1 view .LVU36
 167 0038 1C20     		movs	r0, #28
 168 003a FFF7FEFF 		bl	HAL_NVIC_EnableIRQ
 169              	.LVL8:
 170 003e E8E7     		b	.L5
 171              	.LVL9:
 172              	.L10:
 112:Core/Src/stm32f1xx_hal_msp.c ****     /* TIM3 interrupt Init */
 173              		.loc 1 112 5 view .LVU37
 174              	.LBB6:
 112:Core/Src/stm32f1xx_hal_msp.c ****     /* TIM3 interrupt Init */
 175              		.loc 1 112 5 view .LVU38
 112:Core/Src/stm32f1xx_hal_msp.c ****     /* TIM3 interrupt Init */
 176              		.loc 1 112 5 view .LVU39
 177 0040 0A4B     		ldr	r3, .L11+4
 178 0042 DA69     		ldr	r2, [r3, #28]
 179 0044 42F00202 		orr	r2, r2, #2
 180 0048 DA61     		str	r2, [r3, #28]
 112:Core/Src/stm32f1xx_hal_msp.c ****     /* TIM3 interrupt Init */
 181              		.loc 1 112 5 view .LVU40
 182 004a DB69     		ldr	r3, [r3, #28]
 183 004c 03F00203 		and	r3, r3, #2
 184 0050 0193     		str	r3, [sp, #4]
 112:Core/Src/stm32f1xx_hal_msp.c ****     /* TIM3 interrupt Init */
 185              		.loc 1 112 5 view .LVU41
 186 0052 019B     		ldr	r3, [sp, #4]
 187              	.LBE6:
 112:Core/Src/stm32f1xx_hal_msp.c ****     /* TIM3 interrupt Init */
 188              		.loc 1 112 5 view .LVU42
 114:Core/Src/stm32f1xx_hal_msp.c ****     HAL_NVIC_EnableIRQ(TIM3_IRQn);
 189              		.loc 1 114 5 view .LVU43
 190 0054 0022     		movs	r2, #0
 191 0056 1146     		mov	r1, r2
 192 0058 1D20     		movs	r0, #29
 193              	.LVL10:
 114:Core/Src/stm32f1xx_hal_msp.c ****     HAL_NVIC_EnableIRQ(TIM3_IRQn);
 194              		.loc 1 114 5 is_stmt 0 view .LVU44
 195 005a FFF7FEFF 		bl	HAL_NVIC_SetPriority
 196              	.LVL11:
 115:Core/Src/stm32f1xx_hal_msp.c ****   /* USER CODE BEGIN TIM3_MspInit 1 */
 197              		.loc 1 115 5 is_stmt 1 view .LVU45
 198 005e 1D20     		movs	r0, #29
 199 0060 FFF7FEFF 		bl	HAL_NVIC_EnableIRQ
 200              	.LVL12:
 201              		.loc 1 121 1 is_stmt 0 view .LVU46
 202 0064 D5E7     		b	.L5
 203              	.L12:
 204 0066 00BF     		.align	2
 205              	.L11:
 206 0068 00040040 		.word	1073742848
ARM GAS  /tmp/cc8YWo57.s 			page 7


 207 006c 00100240 		.word	1073876992
 208              		.cfi_endproc
 209              	.LFE66:
 211              		.section	.text.HAL_TIM_Base_MspDeInit,"ax",%progbits
 212              		.align	1
 213              		.global	HAL_TIM_Base_MspDeInit
 214              		.syntax unified
 215              		.thumb
 216              		.thumb_func
 218              	HAL_TIM_Base_MspDeInit:
 219              	.LVL13:
 220              	.LFB67:
 122:Core/Src/stm32f1xx_hal_msp.c **** 
 123:Core/Src/stm32f1xx_hal_msp.c **** /**
 124:Core/Src/stm32f1xx_hal_msp.c **** * @brief TIM_Base MSP De-Initialization
 125:Core/Src/stm32f1xx_hal_msp.c **** * This function freeze the hardware resources used in this example
 126:Core/Src/stm32f1xx_hal_msp.c **** * @param htim_base: TIM_Base handle pointer
 127:Core/Src/stm32f1xx_hal_msp.c **** * @retval None
 128:Core/Src/stm32f1xx_hal_msp.c **** */
 129:Core/Src/stm32f1xx_hal_msp.c **** void HAL_TIM_Base_MspDeInit(TIM_HandleTypeDef* htim_base)
 130:Core/Src/stm32f1xx_hal_msp.c **** {
 221              		.loc 1 130 1 is_stmt 1 view -0
 222              		.cfi_startproc
 223              		@ args = 0, pretend = 0, frame = 0
 224              		@ frame_needed = 0, uses_anonymous_args = 0
 225              		.loc 1 130 1 is_stmt 0 view .LVU48
 226 0000 08B5     		push	{r3, lr}
 227              	.LCFI6:
 228              		.cfi_def_cfa_offset 8
 229              		.cfi_offset 3, -8
 230              		.cfi_offset 14, -4
 131:Core/Src/stm32f1xx_hal_msp.c ****   if(htim_base->Instance==TIM2)
 231              		.loc 1 131 3 is_stmt 1 view .LVU49
 232              		.loc 1 131 15 is_stmt 0 view .LVU50
 233 0002 0368     		ldr	r3, [r0]
 234              		.loc 1 131 5 view .LVU51
 235 0004 B3F1804F 		cmp	r3, #1073741824
 236 0008 03D0     		beq	.L17
 132:Core/Src/stm32f1xx_hal_msp.c ****   {
 133:Core/Src/stm32f1xx_hal_msp.c ****   /* USER CODE BEGIN TIM2_MspDeInit 0 */
 134:Core/Src/stm32f1xx_hal_msp.c **** 
 135:Core/Src/stm32f1xx_hal_msp.c ****   /* USER CODE END TIM2_MspDeInit 0 */
 136:Core/Src/stm32f1xx_hal_msp.c ****     /* Peripheral clock disable */
 137:Core/Src/stm32f1xx_hal_msp.c ****     __HAL_RCC_TIM2_CLK_DISABLE();
 138:Core/Src/stm32f1xx_hal_msp.c **** 
 139:Core/Src/stm32f1xx_hal_msp.c ****     /* TIM2 interrupt DeInit */
 140:Core/Src/stm32f1xx_hal_msp.c ****     HAL_NVIC_DisableIRQ(TIM2_IRQn);
 141:Core/Src/stm32f1xx_hal_msp.c ****   /* USER CODE BEGIN TIM2_MspDeInit 1 */
 142:Core/Src/stm32f1xx_hal_msp.c **** 
 143:Core/Src/stm32f1xx_hal_msp.c ****   /* USER CODE END TIM2_MspDeInit 1 */
 144:Core/Src/stm32f1xx_hal_msp.c ****   }
 145:Core/Src/stm32f1xx_hal_msp.c ****   else if(htim_base->Instance==TIM3)
 237              		.loc 1 145 8 is_stmt 1 view .LVU52
 238              		.loc 1 145 10 is_stmt 0 view .LVU53
 239 000a 0B4A     		ldr	r2, .L19
 240 000c 9342     		cmp	r3, r2
 241 000e 09D0     		beq	.L18
ARM GAS  /tmp/cc8YWo57.s 			page 8


 242              	.LVL14:
 243              	.L13:
 146:Core/Src/stm32f1xx_hal_msp.c ****   {
 147:Core/Src/stm32f1xx_hal_msp.c ****   /* USER CODE BEGIN TIM3_MspDeInit 0 */
 148:Core/Src/stm32f1xx_hal_msp.c **** 
 149:Core/Src/stm32f1xx_hal_msp.c ****   /* USER CODE END TIM3_MspDeInit 0 */
 150:Core/Src/stm32f1xx_hal_msp.c ****     /* Peripheral clock disable */
 151:Core/Src/stm32f1xx_hal_msp.c ****     __HAL_RCC_TIM3_CLK_DISABLE();
 152:Core/Src/stm32f1xx_hal_msp.c **** 
 153:Core/Src/stm32f1xx_hal_msp.c ****     /* TIM3 interrupt DeInit */
 154:Core/Src/stm32f1xx_hal_msp.c ****     HAL_NVIC_DisableIRQ(TIM3_IRQn);
 155:Core/Src/stm32f1xx_hal_msp.c ****   /* USER CODE BEGIN TIM3_MspDeInit 1 */
 156:Core/Src/stm32f1xx_hal_msp.c **** 
 157:Core/Src/stm32f1xx_hal_msp.c ****   /* USER CODE END TIM3_MspDeInit 1 */
 158:Core/Src/stm32f1xx_hal_msp.c ****   }
 159:Core/Src/stm32f1xx_hal_msp.c **** 
 160:Core/Src/stm32f1xx_hal_msp.c **** }
 244              		.loc 1 160 1 view .LVU54
 245 0010 08BD     		pop	{r3, pc}
 246              	.LVL15:
 247              	.L17:
 137:Core/Src/stm32f1xx_hal_msp.c **** 
 248              		.loc 1 137 5 is_stmt 1 view .LVU55
 249 0012 0A4A     		ldr	r2, .L19+4
 250 0014 D369     		ldr	r3, [r2, #28]
 251 0016 23F00103 		bic	r3, r3, #1
 252 001a D361     		str	r3, [r2, #28]
 140:Core/Src/stm32f1xx_hal_msp.c ****   /* USER CODE BEGIN TIM2_MspDeInit 1 */
 253              		.loc 1 140 5 view .LVU56
 254 001c 1C20     		movs	r0, #28
 255              	.LVL16:
 140:Core/Src/stm32f1xx_hal_msp.c ****   /* USER CODE BEGIN TIM2_MspDeInit 1 */
 256              		.loc 1 140 5 is_stmt 0 view .LVU57
 257 001e FFF7FEFF 		bl	HAL_NVIC_DisableIRQ
 258              	.LVL17:
 259 0022 F5E7     		b	.L13
 260              	.LVL18:
 261              	.L18:
 151:Core/Src/stm32f1xx_hal_msp.c **** 
 262              		.loc 1 151 5 is_stmt 1 view .LVU58
 263 0024 02F50332 		add	r2, r2, #134144
 264 0028 D369     		ldr	r3, [r2, #28]
 265 002a 23F00203 		bic	r3, r3, #2
 266 002e D361     		str	r3, [r2, #28]
 154:Core/Src/stm32f1xx_hal_msp.c ****   /* USER CODE BEGIN TIM3_MspDeInit 1 */
 267              		.loc 1 154 5 view .LVU59
 268 0030 1D20     		movs	r0, #29
 269              	.LVL19:
 154:Core/Src/stm32f1xx_hal_msp.c ****   /* USER CODE BEGIN TIM3_MspDeInit 1 */
 270              		.loc 1 154 5 is_stmt 0 view .LVU60
 271 0032 FFF7FEFF 		bl	HAL_NVIC_DisableIRQ
 272              	.LVL20:
 273              		.loc 1 160 1 view .LVU61
 274 0036 EBE7     		b	.L13
 275              	.L20:
 276              		.align	2
 277              	.L19:
ARM GAS  /tmp/cc8YWo57.s 			page 9


 278 0038 00040040 		.word	1073742848
 279 003c 00100240 		.word	1073876992
 280              		.cfi_endproc
 281              	.LFE67:
 283              		.text
 284              	.Letext0:
 285              		.file 2 "Drivers/CMSIS/Device/ST/STM32F1xx/Include/stm32f103xb.h"
 286              		.file 3 "/usr/arm-none-eabi/include/machine/_default_types.h"
 287              		.file 4 "/usr/arm-none-eabi/include/sys/_stdint.h"
 288              		.file 5 "Drivers/STM32F1xx_HAL_Driver/Inc/stm32f1xx_hal_def.h"
 289              		.file 6 "Drivers/STM32F1xx_HAL_Driver/Inc/stm32f1xx_hal_dma.h"
 290              		.file 7 "Drivers/STM32F1xx_HAL_Driver/Inc/stm32f1xx_hal_tim.h"
 291              		.file 8 "Drivers/STM32F1xx_HAL_Driver/Inc/stm32f1xx_hal_cortex.h"
ARM GAS  /tmp/cc8YWo57.s 			page 10


DEFINED SYMBOLS
                            *ABS*:00000000 stm32f1xx_hal_msp.c
     /tmp/cc8YWo57.s:19     .text.HAL_MspInit:00000000 $t
     /tmp/cc8YWo57.s:25     .text.HAL_MspInit:00000000 HAL_MspInit
     /tmp/cc8YWo57.s:91     .text.HAL_MspInit:0000003c $d
     /tmp/cc8YWo57.s:97     .text.HAL_TIM_Base_MspInit:00000000 $t
     /tmp/cc8YWo57.s:103    .text.HAL_TIM_Base_MspInit:00000000 HAL_TIM_Base_MspInit
     /tmp/cc8YWo57.s:206    .text.HAL_TIM_Base_MspInit:00000068 $d
     /tmp/cc8YWo57.s:212    .text.HAL_TIM_Base_MspDeInit:00000000 $t
     /tmp/cc8YWo57.s:218    .text.HAL_TIM_Base_MspDeInit:00000000 HAL_TIM_Base_MspDeInit
     /tmp/cc8YWo57.s:278    .text.HAL_TIM_Base_MspDeInit:00000038 $d

UNDEFINED SYMBOLS
HAL_NVIC_SetPriority
HAL_NVIC_EnableIRQ
HAL_NVIC_DisableIRQ
