ARM GAS  /tmp/ccBPf4Jy.s 			page 1


   1              		.cpu cortex-m3
   2              		.arch armv7-m
   3              		.fpu softvfp
   4              		.eabi_attribute 20, 1
   5              		.eabi_attribute 21, 1
   6              		.eabi_attribute 23, 3
   7              		.eabi_attribute 24, 1
   8              		.eabi_attribute 25, 1
   9              		.eabi_attribute 26, 1
  10              		.eabi_attribute 30, 1
  11              		.eabi_attribute 34, 1
  12              		.eabi_attribute 18, 4
  13              		.file	"main.c"
  14              		.text
  15              	.Ltext0:
  16              		.cfi_sections	.debug_frame
  17              		.file 1 "Core/Src/main.c"
  18              		.section	.text.MX_GPIO_Init,"ax",%progbits
  19              		.align	1
  20              		.syntax unified
  21              		.thumb
  22              		.thumb_func
  24              	MX_GPIO_Init:
  25              	.LFB73:
   1:Core/Src/main.c **** /* USER CODE BEGIN Header */
   2:Core/Src/main.c **** /**
   3:Core/Src/main.c ****   ******************************************************************************
   4:Core/Src/main.c ****   * @file           : main.c
   5:Core/Src/main.c ****   * @brief          : Main program body
   6:Core/Src/main.c ****   ******************************************************************************
   7:Core/Src/main.c ****   * @attention
   8:Core/Src/main.c ****   *
   9:Core/Src/main.c ****   * Copyright (c) 2025 STMicroelectronics.
  10:Core/Src/main.c ****   * All rights reserved.
  11:Core/Src/main.c ****   *
  12:Core/Src/main.c ****   * This software is licensed under terms that can be found in the LICENSE file
  13:Core/Src/main.c ****   * in the root directory of this software component.
  14:Core/Src/main.c ****   * If no LICENSE file comes with this software, it is provided AS-IS.
  15:Core/Src/main.c ****   *
  16:Core/Src/main.c ****   ******************************************************************************
  17:Core/Src/main.c ****   */
  18:Core/Src/main.c **** /* USER CODE END Header */
  19:Core/Src/main.c **** /* Includes ------------------------------------------------------------------*/
  20:Core/Src/main.c **** #include "main.h"
  21:Core/Src/main.c **** 
  22:Core/Src/main.c **** /* Private includes ----------------------------------------------------------*/
  23:Core/Src/main.c **** /* USER CODE BEGIN Includes */
  24:Core/Src/main.c **** #include <stdio.h>
  25:Core/Src/main.c **** #include <string.h>
  26:Core/Src/main.c **** /* USER CODE END Includes */
  27:Core/Src/main.c **** 
  28:Core/Src/main.c **** /* Private typedef -----------------------------------------------------------*/
  29:Core/Src/main.c **** /* USER CODE BEGIN PTD */
  30:Core/Src/main.c **** int pwm_value=0;
  31:Core/Src/main.c **** int adc_value=0;
  32:Core/Src/main.c **** char buffer[50]=" ";
  33:Core/Src/main.c **** /* USER CODE END PTD */
ARM GAS  /tmp/ccBPf4Jy.s 			page 2


  34:Core/Src/main.c **** 
  35:Core/Src/main.c **** /* Private define ------------------------------------------------------------*/
  36:Core/Src/main.c **** /* USER CODE BEGIN PD */
  37:Core/Src/main.c **** 
  38:Core/Src/main.c **** /* USER CODE END PD */
  39:Core/Src/main.c **** 
  40:Core/Src/main.c **** /* Private macro -------------------------------------------------------------*/
  41:Core/Src/main.c **** /* USER CODE BEGIN PM */
  42:Core/Src/main.c **** 
  43:Core/Src/main.c **** /* USER CODE END PM */
  44:Core/Src/main.c **** 
  45:Core/Src/main.c **** /* Private variables ---------------------------------------------------------*/
  46:Core/Src/main.c **** ADC_HandleTypeDef hadc1;
  47:Core/Src/main.c **** 
  48:Core/Src/main.c **** TIM_HandleTypeDef htim1;
  49:Core/Src/main.c **** 
  50:Core/Src/main.c **** UART_HandleTypeDef huart2;
  51:Core/Src/main.c **** 
  52:Core/Src/main.c **** /* USER CODE BEGIN PV */
  53:Core/Src/main.c **** 
  54:Core/Src/main.c **** /* USER CODE END PV */
  55:Core/Src/main.c **** 
  56:Core/Src/main.c **** /* Private function prototypes -----------------------------------------------*/
  57:Core/Src/main.c **** void SystemClock_Config(void);
  58:Core/Src/main.c **** static void MX_GPIO_Init(void);
  59:Core/Src/main.c **** static void MX_ADC1_Init(void);
  60:Core/Src/main.c **** static void MX_TIM1_Init(void);
  61:Core/Src/main.c **** static void MX_USART2_UART_Init(void);
  62:Core/Src/main.c **** /* USER CODE BEGIN PFP */
  63:Core/Src/main.c **** 
  64:Core/Src/main.c **** /* USER CODE END PFP */
  65:Core/Src/main.c **** 
  66:Core/Src/main.c **** /* Private user code ---------------------------------------------------------*/
  67:Core/Src/main.c **** /* USER CODE BEGIN 0 */
  68:Core/Src/main.c **** 
  69:Core/Src/main.c **** /* USER CODE END 0 */
  70:Core/Src/main.c **** 
  71:Core/Src/main.c **** /**
  72:Core/Src/main.c ****   * @brief  The application entry point.
  73:Core/Src/main.c ****   * @retval int
  74:Core/Src/main.c ****   */
  75:Core/Src/main.c **** int main(void)
  76:Core/Src/main.c **** {
  77:Core/Src/main.c **** 
  78:Core/Src/main.c ****   /* USER CODE BEGIN 1 */
  79:Core/Src/main.c **** 
  80:Core/Src/main.c ****   /* USER CODE END 1 */
  81:Core/Src/main.c **** 
  82:Core/Src/main.c ****   /* MCU Configuration--------------------------------------------------------*/
  83:Core/Src/main.c **** 
  84:Core/Src/main.c ****   /* Reset of all peripherals, Initializes the Flash interface and the Systick. */
  85:Core/Src/main.c ****   HAL_Init();
  86:Core/Src/main.c **** 
  87:Core/Src/main.c ****   /* USER CODE BEGIN Init */
  88:Core/Src/main.c **** 
  89:Core/Src/main.c ****   /* USER CODE END Init */
  90:Core/Src/main.c **** 
ARM GAS  /tmp/ccBPf4Jy.s 			page 3


  91:Core/Src/main.c ****   /* Configure the system clock */
  92:Core/Src/main.c ****   SystemClock_Config();
  93:Core/Src/main.c **** 
  94:Core/Src/main.c ****   /* USER CODE BEGIN SysInit */
  95:Core/Src/main.c **** 
  96:Core/Src/main.c ****   /* USER CODE END SysInit */
  97:Core/Src/main.c **** 
  98:Core/Src/main.c ****   /* Initialize all configured peripherals */
  99:Core/Src/main.c ****   MX_GPIO_Init();
 100:Core/Src/main.c ****   MX_ADC1_Init();
 101:Core/Src/main.c ****   MX_TIM1_Init();
 102:Core/Src/main.c ****   MX_USART2_UART_Init();
 103:Core/Src/main.c ****   /* USER CODE BEGIN 2 */
 104:Core/Src/main.c ****   HAL_ADC_Start(&hadc1);
 105:Core/Src/main.c ****   HAL_TIM_PWM_Start(&htim1,TIM_CHANNEL_1);
 106:Core/Src/main.c **** 
 107:Core/Src/main.c ****   /* USER CODE END 2 */
 108:Core/Src/main.c **** 
 109:Core/Src/main.c ****   /* Infinite loop */
 110:Core/Src/main.c ****   /* USER CODE BEGIN WHILE */
 111:Core/Src/main.c ****   while (1)
 112:Core/Src/main.c ****   {
 113:Core/Src/main.c ****     /* USER CODE END WHILE */
 114:Core/Src/main.c **** 
 115:Core/Src/main.c ****     /* USER CODE BEGIN 3 */
 116:Core/Src/main.c ****     HAL_ADC_PollForConversion(&hadc1,100);
 117:Core/Src/main.c ****     adc_value = HAL_ADC_GetValue(&hadc1);
 118:Core/Src/main.c ****     pwm_value = (adc_value * 100) / 4095;
 119:Core/Src/main.c ****     __HAL_TIM_SET_COMPARE(&htim1, TIM_CHANNEL_1, pwm_value);
 120:Core/Src/main.c ****     sprintf(buffer,"%d\r\n",pwm_value);
 121:Core/Src/main.c ****     HAL_UART_Transmit(&huart2, (uint8_t *)&buffer, sizeof(buffer), 1000);
 122:Core/Src/main.c ****   }
 123:Core/Src/main.c ****   /* USER CODE END 3 */
 124:Core/Src/main.c **** }
 125:Core/Src/main.c **** 
 126:Core/Src/main.c **** /**
 127:Core/Src/main.c ****   * @brief System Clock Configuration
 128:Core/Src/main.c ****   * @retval None
 129:Core/Src/main.c ****   */
 130:Core/Src/main.c **** void SystemClock_Config(void)
 131:Core/Src/main.c **** {
 132:Core/Src/main.c ****   RCC_OscInitTypeDef RCC_OscInitStruct = {0};
 133:Core/Src/main.c ****   RCC_ClkInitTypeDef RCC_ClkInitStruct = {0};
 134:Core/Src/main.c ****   RCC_PeriphCLKInitTypeDef PeriphClkInit = {0};
 135:Core/Src/main.c **** 
 136:Core/Src/main.c ****   /** Initializes the RCC Oscillators according to the specified parameters
 137:Core/Src/main.c ****   * in the RCC_OscInitTypeDef structure.
 138:Core/Src/main.c ****   */
 139:Core/Src/main.c ****   RCC_OscInitStruct.OscillatorType = RCC_OSCILLATORTYPE_HSE;
 140:Core/Src/main.c ****   RCC_OscInitStruct.HSEState = RCC_HSE_ON;
 141:Core/Src/main.c ****   RCC_OscInitStruct.HSEPredivValue = RCC_HSE_PREDIV_DIV1;
 142:Core/Src/main.c ****   RCC_OscInitStruct.HSIState = RCC_HSI_ON;
 143:Core/Src/main.c ****   RCC_OscInitStruct.PLL.PLLState = RCC_PLL_ON;
 144:Core/Src/main.c ****   RCC_OscInitStruct.PLL.PLLSource = RCC_PLLSOURCE_HSE;
 145:Core/Src/main.c ****   RCC_OscInitStruct.PLL.PLLMUL = RCC_PLL_MUL9;
 146:Core/Src/main.c ****   if (HAL_RCC_OscConfig(&RCC_OscInitStruct) != HAL_OK)
 147:Core/Src/main.c ****   {
ARM GAS  /tmp/ccBPf4Jy.s 			page 4


 148:Core/Src/main.c ****     Error_Handler();
 149:Core/Src/main.c ****   }
 150:Core/Src/main.c **** 
 151:Core/Src/main.c ****   /** Initializes the CPU, AHB and APB buses clocks
 152:Core/Src/main.c ****   */
 153:Core/Src/main.c ****   RCC_ClkInitStruct.ClockType = RCC_CLOCKTYPE_HCLK|RCC_CLOCKTYPE_SYSCLK
 154:Core/Src/main.c ****                               |RCC_CLOCKTYPE_PCLK1|RCC_CLOCKTYPE_PCLK2;
 155:Core/Src/main.c ****   RCC_ClkInitStruct.SYSCLKSource = RCC_SYSCLKSOURCE_PLLCLK;
 156:Core/Src/main.c ****   RCC_ClkInitStruct.AHBCLKDivider = RCC_SYSCLK_DIV1;
 157:Core/Src/main.c ****   RCC_ClkInitStruct.APB1CLKDivider = RCC_HCLK_DIV2;
 158:Core/Src/main.c ****   RCC_ClkInitStruct.APB2CLKDivider = RCC_HCLK_DIV1;
 159:Core/Src/main.c **** 
 160:Core/Src/main.c ****   if (HAL_RCC_ClockConfig(&RCC_ClkInitStruct, FLASH_LATENCY_2) != HAL_OK)
 161:Core/Src/main.c ****   {
 162:Core/Src/main.c ****     Error_Handler();
 163:Core/Src/main.c ****   }
 164:Core/Src/main.c ****   PeriphClkInit.PeriphClockSelection = RCC_PERIPHCLK_ADC;
 165:Core/Src/main.c ****   PeriphClkInit.AdcClockSelection = RCC_ADCPCLK2_DIV6;
 166:Core/Src/main.c ****   if (HAL_RCCEx_PeriphCLKConfig(&PeriphClkInit) != HAL_OK)
 167:Core/Src/main.c ****   {
 168:Core/Src/main.c ****     Error_Handler();
 169:Core/Src/main.c ****   }
 170:Core/Src/main.c **** }
 171:Core/Src/main.c **** 
 172:Core/Src/main.c **** /**
 173:Core/Src/main.c ****   * @brief ADC1 Initialization Function
 174:Core/Src/main.c ****   * @param None
 175:Core/Src/main.c ****   * @retval None
 176:Core/Src/main.c ****   */
 177:Core/Src/main.c **** static void MX_ADC1_Init(void)
 178:Core/Src/main.c **** {
 179:Core/Src/main.c **** 
 180:Core/Src/main.c ****   /* USER CODE BEGIN ADC1_Init 0 */
 181:Core/Src/main.c **** 
 182:Core/Src/main.c ****   /* USER CODE END ADC1_Init 0 */
 183:Core/Src/main.c **** 
 184:Core/Src/main.c ****   ADC_ChannelConfTypeDef sConfig = {0};
 185:Core/Src/main.c **** 
 186:Core/Src/main.c ****   /* USER CODE BEGIN ADC1_Init 1 */
 187:Core/Src/main.c **** 
 188:Core/Src/main.c ****   /* USER CODE END ADC1_Init 1 */
 189:Core/Src/main.c **** 
 190:Core/Src/main.c ****   /** Common config
 191:Core/Src/main.c ****   */
 192:Core/Src/main.c ****   hadc1.Instance = ADC1;
 193:Core/Src/main.c ****   hadc1.Init.ScanConvMode = ADC_SCAN_DISABLE;
 194:Core/Src/main.c ****   hadc1.Init.ContinuousConvMode = ENABLE;
 195:Core/Src/main.c ****   hadc1.Init.DiscontinuousConvMode = DISABLE;
 196:Core/Src/main.c ****   hadc1.Init.ExternalTrigConv = ADC_SOFTWARE_START;
 197:Core/Src/main.c ****   hadc1.Init.DataAlign = ADC_DATAALIGN_RIGHT;
 198:Core/Src/main.c ****   hadc1.Init.NbrOfConversion = 1;
 199:Core/Src/main.c ****   if (HAL_ADC_Init(&hadc1) != HAL_OK)
 200:Core/Src/main.c ****   {
 201:Core/Src/main.c ****     Error_Handler();
 202:Core/Src/main.c ****   }
 203:Core/Src/main.c **** 
 204:Core/Src/main.c ****   /** Configure Regular Channel
ARM GAS  /tmp/ccBPf4Jy.s 			page 5


 205:Core/Src/main.c ****   */
 206:Core/Src/main.c ****   sConfig.Channel = ADC_CHANNEL_0;
 207:Core/Src/main.c ****   sConfig.Rank = ADC_REGULAR_RANK_1;
 208:Core/Src/main.c ****   sConfig.SamplingTime = ADC_SAMPLETIME_1CYCLE_5;
 209:Core/Src/main.c ****   if (HAL_ADC_ConfigChannel(&hadc1, &sConfig) != HAL_OK)
 210:Core/Src/main.c ****   {
 211:Core/Src/main.c ****     Error_Handler();
 212:Core/Src/main.c ****   }
 213:Core/Src/main.c ****   /* USER CODE BEGIN ADC1_Init 2 */
 214:Core/Src/main.c **** 
 215:Core/Src/main.c ****   /* USER CODE END ADC1_Init 2 */
 216:Core/Src/main.c **** 
 217:Core/Src/main.c **** }
 218:Core/Src/main.c **** 
 219:Core/Src/main.c **** /**
 220:Core/Src/main.c ****   * @brief TIM1 Initialization Function
 221:Core/Src/main.c ****   * @param None
 222:Core/Src/main.c ****   * @retval None
 223:Core/Src/main.c ****   */
 224:Core/Src/main.c **** static void MX_TIM1_Init(void)
 225:Core/Src/main.c **** {
 226:Core/Src/main.c **** 
 227:Core/Src/main.c ****   /* USER CODE BEGIN TIM1_Init 0 */
 228:Core/Src/main.c **** 
 229:Core/Src/main.c ****   /* USER CODE END TIM1_Init 0 */
 230:Core/Src/main.c **** 
 231:Core/Src/main.c ****   TIM_MasterConfigTypeDef sMasterConfig = {0};
 232:Core/Src/main.c ****   TIM_OC_InitTypeDef sConfigOC = {0};
 233:Core/Src/main.c ****   TIM_BreakDeadTimeConfigTypeDef sBreakDeadTimeConfig = {0};
 234:Core/Src/main.c **** 
 235:Core/Src/main.c ****   /* USER CODE BEGIN TIM1_Init 1 */
 236:Core/Src/main.c **** 
 237:Core/Src/main.c ****   /* USER CODE END TIM1_Init 1 */
 238:Core/Src/main.c ****   htim1.Instance = TIM1;
 239:Core/Src/main.c ****   htim1.Init.Prescaler = 72-1;
 240:Core/Src/main.c ****   htim1.Init.CounterMode = TIM_COUNTERMODE_UP;
 241:Core/Src/main.c ****   htim1.Init.Period = 100;
 242:Core/Src/main.c ****   htim1.Init.ClockDivision = TIM_CLOCKDIVISION_DIV1;
 243:Core/Src/main.c ****   htim1.Init.RepetitionCounter = 0;
 244:Core/Src/main.c ****   htim1.Init.AutoReloadPreload = TIM_AUTORELOAD_PRELOAD_DISABLE;
 245:Core/Src/main.c ****   if (HAL_TIM_PWM_Init(&htim1) != HAL_OK)
 246:Core/Src/main.c ****   {
 247:Core/Src/main.c ****     Error_Handler();
 248:Core/Src/main.c ****   }
 249:Core/Src/main.c ****   sMasterConfig.MasterOutputTrigger = TIM_TRGO_RESET;
 250:Core/Src/main.c ****   sMasterConfig.MasterSlaveMode = TIM_MASTERSLAVEMODE_DISABLE;
 251:Core/Src/main.c ****   if (HAL_TIMEx_MasterConfigSynchronization(&htim1, &sMasterConfig) != HAL_OK)
 252:Core/Src/main.c ****   {
 253:Core/Src/main.c ****     Error_Handler();
 254:Core/Src/main.c ****   }
 255:Core/Src/main.c ****   sConfigOC.OCMode = TIM_OCMODE_PWM1;
 256:Core/Src/main.c ****   sConfigOC.Pulse = 0;
 257:Core/Src/main.c ****   sConfigOC.OCPolarity = TIM_OCPOLARITY_HIGH;
 258:Core/Src/main.c ****   sConfigOC.OCNPolarity = TIM_OCNPOLARITY_HIGH;
 259:Core/Src/main.c ****   sConfigOC.OCFastMode = TIM_OCFAST_DISABLE;
 260:Core/Src/main.c ****   sConfigOC.OCIdleState = TIM_OCIDLESTATE_RESET;
 261:Core/Src/main.c ****   sConfigOC.OCNIdleState = TIM_OCNIDLESTATE_RESET;
ARM GAS  /tmp/ccBPf4Jy.s 			page 6


 262:Core/Src/main.c ****   if (HAL_TIM_PWM_ConfigChannel(&htim1, &sConfigOC, TIM_CHANNEL_1) != HAL_OK)
 263:Core/Src/main.c ****   {
 264:Core/Src/main.c ****     Error_Handler();
 265:Core/Src/main.c ****   }
 266:Core/Src/main.c ****   sBreakDeadTimeConfig.OffStateRunMode = TIM_OSSR_DISABLE;
 267:Core/Src/main.c ****   sBreakDeadTimeConfig.OffStateIDLEMode = TIM_OSSI_DISABLE;
 268:Core/Src/main.c ****   sBreakDeadTimeConfig.LockLevel = TIM_LOCKLEVEL_OFF;
 269:Core/Src/main.c ****   sBreakDeadTimeConfig.DeadTime = 0;
 270:Core/Src/main.c ****   sBreakDeadTimeConfig.BreakState = TIM_BREAK_DISABLE;
 271:Core/Src/main.c ****   sBreakDeadTimeConfig.BreakPolarity = TIM_BREAKPOLARITY_HIGH;
 272:Core/Src/main.c ****   sBreakDeadTimeConfig.AutomaticOutput = TIM_AUTOMATICOUTPUT_DISABLE;
 273:Core/Src/main.c ****   if (HAL_TIMEx_ConfigBreakDeadTime(&htim1, &sBreakDeadTimeConfig) != HAL_OK)
 274:Core/Src/main.c ****   {
 275:Core/Src/main.c ****     Error_Handler();
 276:Core/Src/main.c ****   }
 277:Core/Src/main.c ****   /* USER CODE BEGIN TIM1_Init 2 */
 278:Core/Src/main.c **** 
 279:Core/Src/main.c ****   /* USER CODE END TIM1_Init 2 */
 280:Core/Src/main.c ****   HAL_TIM_MspPostInit(&htim1);
 281:Core/Src/main.c **** 
 282:Core/Src/main.c **** }
 283:Core/Src/main.c **** 
 284:Core/Src/main.c **** /**
 285:Core/Src/main.c ****   * @brief USART2 Initialization Function
 286:Core/Src/main.c ****   * @param None
 287:Core/Src/main.c ****   * @retval None
 288:Core/Src/main.c ****   */
 289:Core/Src/main.c **** static void MX_USART2_UART_Init(void)
 290:Core/Src/main.c **** {
 291:Core/Src/main.c **** 
 292:Core/Src/main.c ****   /* USER CODE BEGIN USART2_Init 0 */
 293:Core/Src/main.c **** 
 294:Core/Src/main.c ****   /* USER CODE END USART2_Init 0 */
 295:Core/Src/main.c **** 
 296:Core/Src/main.c ****   /* USER CODE BEGIN USART2_Init 1 */
 297:Core/Src/main.c **** 
 298:Core/Src/main.c ****   /* USER CODE END USART2_Init 1 */
 299:Core/Src/main.c ****   huart2.Instance = USART2;
 300:Core/Src/main.c ****   huart2.Init.BaudRate = 115200;
 301:Core/Src/main.c ****   huart2.Init.WordLength = UART_WORDLENGTH_8B;
 302:Core/Src/main.c ****   huart2.Init.StopBits = UART_STOPBITS_1;
 303:Core/Src/main.c ****   huart2.Init.Parity = UART_PARITY_NONE;
 304:Core/Src/main.c ****   huart2.Init.Mode = UART_MODE_TX_RX;
 305:Core/Src/main.c ****   huart2.Init.HwFlowCtl = UART_HWCONTROL_NONE;
 306:Core/Src/main.c ****   huart2.Init.OverSampling = UART_OVERSAMPLING_16;
 307:Core/Src/main.c ****   if (HAL_UART_Init(&huart2) != HAL_OK)
 308:Core/Src/main.c ****   {
 309:Core/Src/main.c ****     Error_Handler();
 310:Core/Src/main.c ****   }
 311:Core/Src/main.c ****   /* USER CODE BEGIN USART2_Init 2 */
 312:Core/Src/main.c **** 
 313:Core/Src/main.c ****   /* USER CODE END USART2_Init 2 */
 314:Core/Src/main.c **** 
 315:Core/Src/main.c **** }
 316:Core/Src/main.c **** 
 317:Core/Src/main.c **** /**
 318:Core/Src/main.c ****   * @brief GPIO Initialization Function
ARM GAS  /tmp/ccBPf4Jy.s 			page 7


 319:Core/Src/main.c ****   * @param None
 320:Core/Src/main.c ****   * @retval None
 321:Core/Src/main.c ****   */
 322:Core/Src/main.c **** static void MX_GPIO_Init(void)
 323:Core/Src/main.c **** {
  26              		.loc 1 323 1 view -0
  27              		.cfi_startproc
  28              		@ args = 0, pretend = 0, frame = 8
  29              		@ frame_needed = 0, uses_anonymous_args = 0
  30              		@ link register save eliminated.
  31 0000 82B0     		sub	sp, sp, #8
  32              		.cfi_def_cfa_offset 8
 324:Core/Src/main.c **** /* USER CODE BEGIN MX_GPIO_Init_1 */
 325:Core/Src/main.c **** /* USER CODE END MX_GPIO_Init_1 */
 326:Core/Src/main.c **** 
 327:Core/Src/main.c ****   /* GPIO Ports Clock Enable */
 328:Core/Src/main.c ****   __HAL_RCC_GPIOD_CLK_ENABLE();
  33              		.loc 1 328 3 view .LVU1
  34              	.LBB4:
  35              		.loc 1 328 3 view .LVU2
  36              		.loc 1 328 3 view .LVU3
  37 0002 0A4B     		ldr	r3, .L3
  38 0004 9A69     		ldr	r2, [r3, #24]
  39 0006 42F02002 		orr	r2, r2, #32
  40 000a 9A61     		str	r2, [r3, #24]
  41              		.loc 1 328 3 view .LVU4
  42 000c 9A69     		ldr	r2, [r3, #24]
  43 000e 02F02002 		and	r2, r2, #32
  44 0012 0092     		str	r2, [sp]
  45              		.loc 1 328 3 view .LVU5
  46 0014 009A     		ldr	r2, [sp]
  47              	.LBE4:
  48              		.loc 1 328 3 view .LVU6
 329:Core/Src/main.c ****   __HAL_RCC_GPIOA_CLK_ENABLE();
  49              		.loc 1 329 3 view .LVU7
  50              	.LBB5:
  51              		.loc 1 329 3 view .LVU8
  52              		.loc 1 329 3 view .LVU9
  53 0016 9A69     		ldr	r2, [r3, #24]
  54 0018 42F00402 		orr	r2, r2, #4
  55 001c 9A61     		str	r2, [r3, #24]
  56              		.loc 1 329 3 view .LVU10
  57 001e 9B69     		ldr	r3, [r3, #24]
  58 0020 03F00403 		and	r3, r3, #4
  59 0024 0193     		str	r3, [sp, #4]
  60              		.loc 1 329 3 view .LVU11
  61 0026 019B     		ldr	r3, [sp, #4]
  62              	.LBE5:
  63              		.loc 1 329 3 view .LVU12
 330:Core/Src/main.c **** 
 331:Core/Src/main.c **** /* USER CODE BEGIN MX_GPIO_Init_2 */
 332:Core/Src/main.c **** /* USER CODE END MX_GPIO_Init_2 */
 333:Core/Src/main.c **** }
  64              		.loc 1 333 1 is_stmt 0 view .LVU13
  65 0028 02B0     		add	sp, sp, #8
  66              		.cfi_def_cfa_offset 0
  67              		@ sp needed
ARM GAS  /tmp/ccBPf4Jy.s 			page 8


  68 002a 7047     		bx	lr
  69              	.L4:
  70              		.align	2
  71              	.L3:
  72 002c 00100240 		.word	1073876992
  73              		.cfi_endproc
  74              	.LFE73:
  76              		.section	.text.Error_Handler,"ax",%progbits
  77              		.align	1
  78              		.global	Error_Handler
  79              		.syntax unified
  80              		.thumb
  81              		.thumb_func
  83              	Error_Handler:
  84              	.LFB74:
 334:Core/Src/main.c **** 
 335:Core/Src/main.c **** /* USER CODE BEGIN 4 */
 336:Core/Src/main.c **** 
 337:Core/Src/main.c **** /* USER CODE END 4 */
 338:Core/Src/main.c **** 
 339:Core/Src/main.c **** /**
 340:Core/Src/main.c ****   * @brief  This function is executed in case of error occurrence.
 341:Core/Src/main.c ****   * @retval None
 342:Core/Src/main.c ****   */
 343:Core/Src/main.c **** void Error_Handler(void)
 344:Core/Src/main.c **** {
  85              		.loc 1 344 1 is_stmt 1 view -0
  86              		.cfi_startproc
  87              		@ Volatile: function does not return.
  88              		@ args = 0, pretend = 0, frame = 0
  89              		@ frame_needed = 0, uses_anonymous_args = 0
  90              		@ link register save eliminated.
 345:Core/Src/main.c ****   /* USER CODE BEGIN Error_Handler_Debug */
 346:Core/Src/main.c ****   /* User can add his own implementation to report the HAL error return state */
 347:Core/Src/main.c ****   __disable_irq();
  91              		.loc 1 347 3 view .LVU15
  92              	.LBB6:
  93              	.LBI6:
  94              		.file 2 "Drivers/CMSIS/Include/cmsis_gcc.h"
   1:Drivers/CMSIS/Include/cmsis_gcc.h **** /**************************************************************************//**
   2:Drivers/CMSIS/Include/cmsis_gcc.h ****  * @file     cmsis_gcc.h
   3:Drivers/CMSIS/Include/cmsis_gcc.h ****  * @brief    CMSIS compiler GCC header file
   4:Drivers/CMSIS/Include/cmsis_gcc.h ****  * @version  V5.0.4
   5:Drivers/CMSIS/Include/cmsis_gcc.h ****  * @date     09. April 2018
   6:Drivers/CMSIS/Include/cmsis_gcc.h ****  ******************************************************************************/
   7:Drivers/CMSIS/Include/cmsis_gcc.h **** /*
   8:Drivers/CMSIS/Include/cmsis_gcc.h ****  * Copyright (c) 2009-2018 Arm Limited. All rights reserved.
   9:Drivers/CMSIS/Include/cmsis_gcc.h ****  *
  10:Drivers/CMSIS/Include/cmsis_gcc.h ****  * SPDX-License-Identifier: Apache-2.0
  11:Drivers/CMSIS/Include/cmsis_gcc.h ****  *
  12:Drivers/CMSIS/Include/cmsis_gcc.h ****  * Licensed under the Apache License, Version 2.0 (the License); you may
  13:Drivers/CMSIS/Include/cmsis_gcc.h ****  * not use this file except in compliance with the License.
  14:Drivers/CMSIS/Include/cmsis_gcc.h ****  * You may obtain a copy of the License at
  15:Drivers/CMSIS/Include/cmsis_gcc.h ****  *
  16:Drivers/CMSIS/Include/cmsis_gcc.h ****  * www.apache.org/licenses/LICENSE-2.0
  17:Drivers/CMSIS/Include/cmsis_gcc.h ****  *
  18:Drivers/CMSIS/Include/cmsis_gcc.h ****  * Unless required by applicable law or agreed to in writing, software
ARM GAS  /tmp/ccBPf4Jy.s 			page 9


  19:Drivers/CMSIS/Include/cmsis_gcc.h ****  * distributed under the License is distributed on an AS IS BASIS, WITHOUT
  20:Drivers/CMSIS/Include/cmsis_gcc.h ****  * WARRANTIES OR CONDITIONS OF ANY KIND, either express or implied.
  21:Drivers/CMSIS/Include/cmsis_gcc.h ****  * See the License for the specific language governing permissions and
  22:Drivers/CMSIS/Include/cmsis_gcc.h ****  * limitations under the License.
  23:Drivers/CMSIS/Include/cmsis_gcc.h ****  */
  24:Drivers/CMSIS/Include/cmsis_gcc.h **** 
  25:Drivers/CMSIS/Include/cmsis_gcc.h **** #ifndef __CMSIS_GCC_H
  26:Drivers/CMSIS/Include/cmsis_gcc.h **** #define __CMSIS_GCC_H
  27:Drivers/CMSIS/Include/cmsis_gcc.h **** 
  28:Drivers/CMSIS/Include/cmsis_gcc.h **** /* ignore some GCC warnings */
  29:Drivers/CMSIS/Include/cmsis_gcc.h **** #pragma GCC diagnostic push
  30:Drivers/CMSIS/Include/cmsis_gcc.h **** #pragma GCC diagnostic ignored "-Wsign-conversion"
  31:Drivers/CMSIS/Include/cmsis_gcc.h **** #pragma GCC diagnostic ignored "-Wconversion"
  32:Drivers/CMSIS/Include/cmsis_gcc.h **** #pragma GCC diagnostic ignored "-Wunused-parameter"
  33:Drivers/CMSIS/Include/cmsis_gcc.h **** 
  34:Drivers/CMSIS/Include/cmsis_gcc.h **** /* Fallback for __has_builtin */
  35:Drivers/CMSIS/Include/cmsis_gcc.h **** #ifndef __has_builtin
  36:Drivers/CMSIS/Include/cmsis_gcc.h ****   #define __has_builtin(x) (0)
  37:Drivers/CMSIS/Include/cmsis_gcc.h **** #endif
  38:Drivers/CMSIS/Include/cmsis_gcc.h **** 
  39:Drivers/CMSIS/Include/cmsis_gcc.h **** /* CMSIS compiler specific defines */
  40:Drivers/CMSIS/Include/cmsis_gcc.h **** #ifndef   __ASM
  41:Drivers/CMSIS/Include/cmsis_gcc.h ****   #define __ASM                                  __asm
  42:Drivers/CMSIS/Include/cmsis_gcc.h **** #endif
  43:Drivers/CMSIS/Include/cmsis_gcc.h **** #ifndef   __INLINE
  44:Drivers/CMSIS/Include/cmsis_gcc.h ****   #define __INLINE                               inline
  45:Drivers/CMSIS/Include/cmsis_gcc.h **** #endif
  46:Drivers/CMSIS/Include/cmsis_gcc.h **** #ifndef   __STATIC_INLINE
  47:Drivers/CMSIS/Include/cmsis_gcc.h ****   #define __STATIC_INLINE                        static inline
  48:Drivers/CMSIS/Include/cmsis_gcc.h **** #endif
  49:Drivers/CMSIS/Include/cmsis_gcc.h **** #ifndef   __STATIC_FORCEINLINE                 
  50:Drivers/CMSIS/Include/cmsis_gcc.h ****   #define __STATIC_FORCEINLINE                   __attribute__((always_inline)) static inline
  51:Drivers/CMSIS/Include/cmsis_gcc.h **** #endif                                           
  52:Drivers/CMSIS/Include/cmsis_gcc.h **** #ifndef   __NO_RETURN
  53:Drivers/CMSIS/Include/cmsis_gcc.h ****   #define __NO_RETURN                            __attribute__((__noreturn__))
  54:Drivers/CMSIS/Include/cmsis_gcc.h **** #endif
  55:Drivers/CMSIS/Include/cmsis_gcc.h **** #ifndef   __USED
  56:Drivers/CMSIS/Include/cmsis_gcc.h ****   #define __USED                                 __attribute__((used))
  57:Drivers/CMSIS/Include/cmsis_gcc.h **** #endif
  58:Drivers/CMSIS/Include/cmsis_gcc.h **** #ifndef   __WEAK
  59:Drivers/CMSIS/Include/cmsis_gcc.h ****   #define __WEAK                                 __attribute__((weak))
  60:Drivers/CMSIS/Include/cmsis_gcc.h **** #endif
  61:Drivers/CMSIS/Include/cmsis_gcc.h **** #ifndef   __PACKED
  62:Drivers/CMSIS/Include/cmsis_gcc.h ****   #define __PACKED                               __attribute__((packed, aligned(1)))
  63:Drivers/CMSIS/Include/cmsis_gcc.h **** #endif
  64:Drivers/CMSIS/Include/cmsis_gcc.h **** #ifndef   __PACKED_STRUCT
  65:Drivers/CMSIS/Include/cmsis_gcc.h ****   #define __PACKED_STRUCT                        struct __attribute__((packed, aligned(1)))
  66:Drivers/CMSIS/Include/cmsis_gcc.h **** #endif
  67:Drivers/CMSIS/Include/cmsis_gcc.h **** #ifndef   __PACKED_UNION
  68:Drivers/CMSIS/Include/cmsis_gcc.h ****   #define __PACKED_UNION                         union __attribute__((packed, aligned(1)))
  69:Drivers/CMSIS/Include/cmsis_gcc.h **** #endif
  70:Drivers/CMSIS/Include/cmsis_gcc.h **** #ifndef   __UNALIGNED_UINT32        /* deprecated */
  71:Drivers/CMSIS/Include/cmsis_gcc.h ****   #pragma GCC diagnostic push
  72:Drivers/CMSIS/Include/cmsis_gcc.h ****   #pragma GCC diagnostic ignored "-Wpacked"
  73:Drivers/CMSIS/Include/cmsis_gcc.h ****   #pragma GCC diagnostic ignored "-Wattributes"
  74:Drivers/CMSIS/Include/cmsis_gcc.h ****   struct __attribute__((packed)) T_UINT32 { uint32_t v; };
  75:Drivers/CMSIS/Include/cmsis_gcc.h ****   #pragma GCC diagnostic pop
ARM GAS  /tmp/ccBPf4Jy.s 			page 10


  76:Drivers/CMSIS/Include/cmsis_gcc.h ****   #define __UNALIGNED_UINT32(x)                  (((struct T_UINT32 *)(x))->v)
  77:Drivers/CMSIS/Include/cmsis_gcc.h **** #endif
  78:Drivers/CMSIS/Include/cmsis_gcc.h **** #ifndef   __UNALIGNED_UINT16_WRITE
  79:Drivers/CMSIS/Include/cmsis_gcc.h ****   #pragma GCC diagnostic push
  80:Drivers/CMSIS/Include/cmsis_gcc.h ****   #pragma GCC diagnostic ignored "-Wpacked"
  81:Drivers/CMSIS/Include/cmsis_gcc.h ****   #pragma GCC diagnostic ignored "-Wattributes"
  82:Drivers/CMSIS/Include/cmsis_gcc.h ****   __PACKED_STRUCT T_UINT16_WRITE { uint16_t v; };
  83:Drivers/CMSIS/Include/cmsis_gcc.h ****   #pragma GCC diagnostic pop
  84:Drivers/CMSIS/Include/cmsis_gcc.h ****   #define __UNALIGNED_UINT16_WRITE(addr, val)    (void)((((struct T_UINT16_WRITE *)(void *)(addr))-
  85:Drivers/CMSIS/Include/cmsis_gcc.h **** #endif
  86:Drivers/CMSIS/Include/cmsis_gcc.h **** #ifndef   __UNALIGNED_UINT16_READ
  87:Drivers/CMSIS/Include/cmsis_gcc.h ****   #pragma GCC diagnostic push
  88:Drivers/CMSIS/Include/cmsis_gcc.h ****   #pragma GCC diagnostic ignored "-Wpacked"
  89:Drivers/CMSIS/Include/cmsis_gcc.h ****   #pragma GCC diagnostic ignored "-Wattributes"
  90:Drivers/CMSIS/Include/cmsis_gcc.h ****   __PACKED_STRUCT T_UINT16_READ { uint16_t v; };
  91:Drivers/CMSIS/Include/cmsis_gcc.h ****   #pragma GCC diagnostic pop
  92:Drivers/CMSIS/Include/cmsis_gcc.h ****   #define __UNALIGNED_UINT16_READ(addr)          (((const struct T_UINT16_READ *)(const void *)(add
  93:Drivers/CMSIS/Include/cmsis_gcc.h **** #endif
  94:Drivers/CMSIS/Include/cmsis_gcc.h **** #ifndef   __UNALIGNED_UINT32_WRITE
  95:Drivers/CMSIS/Include/cmsis_gcc.h ****   #pragma GCC diagnostic push
  96:Drivers/CMSIS/Include/cmsis_gcc.h ****   #pragma GCC diagnostic ignored "-Wpacked"
  97:Drivers/CMSIS/Include/cmsis_gcc.h ****   #pragma GCC diagnostic ignored "-Wattributes"
  98:Drivers/CMSIS/Include/cmsis_gcc.h ****   __PACKED_STRUCT T_UINT32_WRITE { uint32_t v; };
  99:Drivers/CMSIS/Include/cmsis_gcc.h ****   #pragma GCC diagnostic pop
 100:Drivers/CMSIS/Include/cmsis_gcc.h ****   #define __UNALIGNED_UINT32_WRITE(addr, val)    (void)((((struct T_UINT32_WRITE *)(void *)(addr))-
 101:Drivers/CMSIS/Include/cmsis_gcc.h **** #endif
 102:Drivers/CMSIS/Include/cmsis_gcc.h **** #ifndef   __UNALIGNED_UINT32_READ
 103:Drivers/CMSIS/Include/cmsis_gcc.h ****   #pragma GCC diagnostic push
 104:Drivers/CMSIS/Include/cmsis_gcc.h ****   #pragma GCC diagnostic ignored "-Wpacked"
 105:Drivers/CMSIS/Include/cmsis_gcc.h ****   #pragma GCC diagnostic ignored "-Wattributes"
 106:Drivers/CMSIS/Include/cmsis_gcc.h ****   __PACKED_STRUCT T_UINT32_READ { uint32_t v; };
 107:Drivers/CMSIS/Include/cmsis_gcc.h ****   #pragma GCC diagnostic pop
 108:Drivers/CMSIS/Include/cmsis_gcc.h ****   #define __UNALIGNED_UINT32_READ(addr)          (((const struct T_UINT32_READ *)(const void *)(add
 109:Drivers/CMSIS/Include/cmsis_gcc.h **** #endif
 110:Drivers/CMSIS/Include/cmsis_gcc.h **** #ifndef   __ALIGNED
 111:Drivers/CMSIS/Include/cmsis_gcc.h ****   #define __ALIGNED(x)                           __attribute__((aligned(x)))
 112:Drivers/CMSIS/Include/cmsis_gcc.h **** #endif
 113:Drivers/CMSIS/Include/cmsis_gcc.h **** #ifndef   __RESTRICT
 114:Drivers/CMSIS/Include/cmsis_gcc.h ****   #define __RESTRICT                             __restrict
 115:Drivers/CMSIS/Include/cmsis_gcc.h **** #endif
 116:Drivers/CMSIS/Include/cmsis_gcc.h **** 
 117:Drivers/CMSIS/Include/cmsis_gcc.h **** 
 118:Drivers/CMSIS/Include/cmsis_gcc.h **** /* ###########################  Core Function Access  ########################### */
 119:Drivers/CMSIS/Include/cmsis_gcc.h **** /** \ingroup  CMSIS_Core_FunctionInterface
 120:Drivers/CMSIS/Include/cmsis_gcc.h ****     \defgroup CMSIS_Core_RegAccFunctions CMSIS Core Register Access Functions
 121:Drivers/CMSIS/Include/cmsis_gcc.h ****   @{
 122:Drivers/CMSIS/Include/cmsis_gcc.h ****  */
 123:Drivers/CMSIS/Include/cmsis_gcc.h **** 
 124:Drivers/CMSIS/Include/cmsis_gcc.h **** /**
 125:Drivers/CMSIS/Include/cmsis_gcc.h ****   \brief   Enable IRQ Interrupts
 126:Drivers/CMSIS/Include/cmsis_gcc.h ****   \details Enables IRQ interrupts by clearing the I-bit in the CPSR.
 127:Drivers/CMSIS/Include/cmsis_gcc.h ****            Can only be executed in Privileged modes.
 128:Drivers/CMSIS/Include/cmsis_gcc.h ****  */
 129:Drivers/CMSIS/Include/cmsis_gcc.h **** __STATIC_FORCEINLINE void __enable_irq(void)
 130:Drivers/CMSIS/Include/cmsis_gcc.h **** {
 131:Drivers/CMSIS/Include/cmsis_gcc.h ****   __ASM volatile ("cpsie i" : : : "memory");
 132:Drivers/CMSIS/Include/cmsis_gcc.h **** }
ARM GAS  /tmp/ccBPf4Jy.s 			page 11


 133:Drivers/CMSIS/Include/cmsis_gcc.h **** 
 134:Drivers/CMSIS/Include/cmsis_gcc.h **** 
 135:Drivers/CMSIS/Include/cmsis_gcc.h **** /**
 136:Drivers/CMSIS/Include/cmsis_gcc.h ****   \brief   Disable IRQ Interrupts
 137:Drivers/CMSIS/Include/cmsis_gcc.h ****   \details Disables IRQ interrupts by setting the I-bit in the CPSR.
 138:Drivers/CMSIS/Include/cmsis_gcc.h ****            Can only be executed in Privileged modes.
 139:Drivers/CMSIS/Include/cmsis_gcc.h ****  */
 140:Drivers/CMSIS/Include/cmsis_gcc.h **** __STATIC_FORCEINLINE void __disable_irq(void)
  95              		.loc 2 140 27 view .LVU16
  96              	.LBB7:
 141:Drivers/CMSIS/Include/cmsis_gcc.h **** {
 142:Drivers/CMSIS/Include/cmsis_gcc.h ****   __ASM volatile ("cpsid i" : : : "memory");
  97              		.loc 2 142 3 view .LVU17
  98              		.syntax unified
  99              	@ 142 "Drivers/CMSIS/Include/cmsis_gcc.h" 1
 100 0000 72B6     		cpsid i
 101              	@ 0 "" 2
 102              		.thumb
 103              		.syntax unified
 104              	.L6:
 105              	.LBE7:
 106              	.LBE6:
 348:Core/Src/main.c ****   while (1)
 107              		.loc 1 348 3 view .LVU18
 349:Core/Src/main.c ****   {
 350:Core/Src/main.c ****   }
 108              		.loc 1 350 3 view .LVU19
 348:Core/Src/main.c ****   while (1)
 109              		.loc 1 348 9 view .LVU20
 110 0002 FEE7     		b	.L6
 111              		.cfi_endproc
 112              	.LFE74:
 114              		.section	.text.MX_ADC1_Init,"ax",%progbits
 115              		.align	1
 116              		.syntax unified
 117              		.thumb
 118              		.thumb_func
 120              	MX_ADC1_Init:
 121              	.LFB70:
 178:Core/Src/main.c **** 
 122              		.loc 1 178 1 view -0
 123              		.cfi_startproc
 124              		@ args = 0, pretend = 0, frame = 16
 125              		@ frame_needed = 0, uses_anonymous_args = 0
 126 0000 00B5     		push	{lr}
 127              		.cfi_def_cfa_offset 4
 128              		.cfi_offset 14, -4
 129 0002 85B0     		sub	sp, sp, #20
 130              		.cfi_def_cfa_offset 24
 184:Core/Src/main.c **** 
 131              		.loc 1 184 3 view .LVU22
 184:Core/Src/main.c **** 
 132              		.loc 1 184 26 is_stmt 0 view .LVU23
 133 0004 0023     		movs	r3, #0
 134 0006 0193     		str	r3, [sp, #4]
 135 0008 0293     		str	r3, [sp, #8]
 136 000a 0393     		str	r3, [sp, #12]
ARM GAS  /tmp/ccBPf4Jy.s 			page 12


 192:Core/Src/main.c ****   hadc1.Init.ScanConvMode = ADC_SCAN_DISABLE;
 137              		.loc 1 192 3 is_stmt 1 view .LVU24
 192:Core/Src/main.c ****   hadc1.Init.ScanConvMode = ADC_SCAN_DISABLE;
 138              		.loc 1 192 18 is_stmt 0 view .LVU25
 139 000c 0F48     		ldr	r0, .L13
 140 000e 104A     		ldr	r2, .L13+4
 141 0010 0260     		str	r2, [r0]
 193:Core/Src/main.c ****   hadc1.Init.ContinuousConvMode = ENABLE;
 142              		.loc 1 193 3 is_stmt 1 view .LVU26
 193:Core/Src/main.c ****   hadc1.Init.ContinuousConvMode = ENABLE;
 143              		.loc 1 193 27 is_stmt 0 view .LVU27
 144 0012 8360     		str	r3, [r0, #8]
 194:Core/Src/main.c ****   hadc1.Init.DiscontinuousConvMode = DISABLE;
 145              		.loc 1 194 3 is_stmt 1 view .LVU28
 194:Core/Src/main.c ****   hadc1.Init.DiscontinuousConvMode = DISABLE;
 146              		.loc 1 194 33 is_stmt 0 view .LVU29
 147 0014 0122     		movs	r2, #1
 148 0016 0273     		strb	r2, [r0, #12]
 195:Core/Src/main.c ****   hadc1.Init.ExternalTrigConv = ADC_SOFTWARE_START;
 149              		.loc 1 195 3 is_stmt 1 view .LVU30
 195:Core/Src/main.c ****   hadc1.Init.ExternalTrigConv = ADC_SOFTWARE_START;
 150              		.loc 1 195 36 is_stmt 0 view .LVU31
 151 0018 0375     		strb	r3, [r0, #20]
 196:Core/Src/main.c ****   hadc1.Init.DataAlign = ADC_DATAALIGN_RIGHT;
 152              		.loc 1 196 3 is_stmt 1 view .LVU32
 196:Core/Src/main.c ****   hadc1.Init.DataAlign = ADC_DATAALIGN_RIGHT;
 153              		.loc 1 196 31 is_stmt 0 view .LVU33
 154 001a 4FF46021 		mov	r1, #917504
 155 001e C161     		str	r1, [r0, #28]
 197:Core/Src/main.c ****   hadc1.Init.NbrOfConversion = 1;
 156              		.loc 1 197 3 is_stmt 1 view .LVU34
 197:Core/Src/main.c ****   hadc1.Init.NbrOfConversion = 1;
 157              		.loc 1 197 24 is_stmt 0 view .LVU35
 158 0020 4360     		str	r3, [r0, #4]
 198:Core/Src/main.c ****   if (HAL_ADC_Init(&hadc1) != HAL_OK)
 159              		.loc 1 198 3 is_stmt 1 view .LVU36
 198:Core/Src/main.c ****   if (HAL_ADC_Init(&hadc1) != HAL_OK)
 160              		.loc 1 198 30 is_stmt 0 view .LVU37
 161 0022 0261     		str	r2, [r0, #16]
 199:Core/Src/main.c ****   {
 162              		.loc 1 199 3 is_stmt 1 view .LVU38
 199:Core/Src/main.c ****   {
 163              		.loc 1 199 7 is_stmt 0 view .LVU39
 164 0024 FFF7FEFF 		bl	HAL_ADC_Init
 165              	.LVL0:
 199:Core/Src/main.c ****   {
 166              		.loc 1 199 6 discriminator 1 view .LVU40
 167 0028 60B9     		cbnz	r0, .L11
 206:Core/Src/main.c ****   sConfig.Rank = ADC_REGULAR_RANK_1;
 168              		.loc 1 206 3 is_stmt 1 view .LVU41
 206:Core/Src/main.c ****   sConfig.Rank = ADC_REGULAR_RANK_1;
 169              		.loc 1 206 19 is_stmt 0 view .LVU42
 170 002a 0023     		movs	r3, #0
 171 002c 0193     		str	r3, [sp, #4]
 207:Core/Src/main.c ****   sConfig.SamplingTime = ADC_SAMPLETIME_1CYCLE_5;
 172              		.loc 1 207 3 is_stmt 1 view .LVU43
 207:Core/Src/main.c ****   sConfig.SamplingTime = ADC_SAMPLETIME_1CYCLE_5;
ARM GAS  /tmp/ccBPf4Jy.s 			page 13


 173              		.loc 1 207 16 is_stmt 0 view .LVU44
 174 002e 0122     		movs	r2, #1
 175 0030 0292     		str	r2, [sp, #8]
 208:Core/Src/main.c ****   if (HAL_ADC_ConfigChannel(&hadc1, &sConfig) != HAL_OK)
 176              		.loc 1 208 3 is_stmt 1 view .LVU45
 208:Core/Src/main.c ****   if (HAL_ADC_ConfigChannel(&hadc1, &sConfig) != HAL_OK)
 177              		.loc 1 208 24 is_stmt 0 view .LVU46
 178 0032 0393     		str	r3, [sp, #12]
 209:Core/Src/main.c ****   {
 179              		.loc 1 209 3 is_stmt 1 view .LVU47
 209:Core/Src/main.c ****   {
 180              		.loc 1 209 7 is_stmt 0 view .LVU48
 181 0034 01A9     		add	r1, sp, #4
 182 0036 0548     		ldr	r0, .L13
 183 0038 FFF7FEFF 		bl	HAL_ADC_ConfigChannel
 184              	.LVL1:
 209:Core/Src/main.c ****   {
 185              		.loc 1 209 6 discriminator 1 view .LVU49
 186 003c 20B9     		cbnz	r0, .L12
 217:Core/Src/main.c **** 
 187              		.loc 1 217 1 view .LVU50
 188 003e 05B0     		add	sp, sp, #20
 189              		.cfi_remember_state
 190              		.cfi_def_cfa_offset 4
 191              		@ sp needed
 192 0040 5DF804FB 		ldr	pc, [sp], #4
 193              	.L11:
 194              		.cfi_restore_state
 201:Core/Src/main.c ****   }
 195              		.loc 1 201 5 is_stmt 1 view .LVU51
 196 0044 FFF7FEFF 		bl	Error_Handler
 197              	.LVL2:
 198              	.L12:
 211:Core/Src/main.c ****   }
 199              		.loc 1 211 5 view .LVU52
 200 0048 FFF7FEFF 		bl	Error_Handler
 201              	.LVL3:
 202              	.L14:
 203              		.align	2
 204              	.L13:
 205 004c 00000000 		.word	hadc1
 206 0050 00240140 		.word	1073816576
 207              		.cfi_endproc
 208              	.LFE70:
 210              		.section	.text.MX_TIM1_Init,"ax",%progbits
 211              		.align	1
 212              		.syntax unified
 213              		.thumb
 214              		.thumb_func
 216              	MX_TIM1_Init:
 217              	.LFB71:
 225:Core/Src/main.c **** 
 218              		.loc 1 225 1 view -0
 219              		.cfi_startproc
 220              		@ args = 0, pretend = 0, frame = 72
 221              		@ frame_needed = 0, uses_anonymous_args = 0
 222 0000 10B5     		push	{r4, lr}
ARM GAS  /tmp/ccBPf4Jy.s 			page 14


 223              		.cfi_def_cfa_offset 8
 224              		.cfi_offset 4, -8
 225              		.cfi_offset 14, -4
 226 0002 92B0     		sub	sp, sp, #72
 227              		.cfi_def_cfa_offset 80
 231:Core/Src/main.c ****   TIM_OC_InitTypeDef sConfigOC = {0};
 228              		.loc 1 231 3 view .LVU54
 231:Core/Src/main.c ****   TIM_OC_InitTypeDef sConfigOC = {0};
 229              		.loc 1 231 27 is_stmt 0 view .LVU55
 230 0004 0024     		movs	r4, #0
 231 0006 1094     		str	r4, [sp, #64]
 232 0008 1194     		str	r4, [sp, #68]
 232:Core/Src/main.c ****   TIM_BreakDeadTimeConfigTypeDef sBreakDeadTimeConfig = {0};
 233              		.loc 1 232 3 is_stmt 1 view .LVU56
 232:Core/Src/main.c ****   TIM_BreakDeadTimeConfigTypeDef sBreakDeadTimeConfig = {0};
 234              		.loc 1 232 22 is_stmt 0 view .LVU57
 235 000a 0994     		str	r4, [sp, #36]
 236 000c 0A94     		str	r4, [sp, #40]
 237 000e 0B94     		str	r4, [sp, #44]
 238 0010 0C94     		str	r4, [sp, #48]
 239 0012 0D94     		str	r4, [sp, #52]
 240 0014 0E94     		str	r4, [sp, #56]
 241 0016 0F94     		str	r4, [sp, #60]
 233:Core/Src/main.c **** 
 242              		.loc 1 233 3 is_stmt 1 view .LVU58
 233:Core/Src/main.c **** 
 243              		.loc 1 233 34 is_stmt 0 view .LVU59
 244 0018 2022     		movs	r2, #32
 245 001a 2146     		mov	r1, r4
 246 001c 01A8     		add	r0, sp, #4
 247 001e FFF7FEFF 		bl	memset
 248              	.LVL4:
 238:Core/Src/main.c ****   htim1.Init.Prescaler = 72-1;
 249              		.loc 1 238 3 is_stmt 1 view .LVU60
 238:Core/Src/main.c ****   htim1.Init.Prescaler = 72-1;
 250              		.loc 1 238 18 is_stmt 0 view .LVU61
 251 0022 2048     		ldr	r0, .L25
 252 0024 204B     		ldr	r3, .L25+4
 253 0026 0360     		str	r3, [r0]
 239:Core/Src/main.c ****   htim1.Init.CounterMode = TIM_COUNTERMODE_UP;
 254              		.loc 1 239 3 is_stmt 1 view .LVU62
 239:Core/Src/main.c ****   htim1.Init.CounterMode = TIM_COUNTERMODE_UP;
 255              		.loc 1 239 24 is_stmt 0 view .LVU63
 256 0028 4723     		movs	r3, #71
 257 002a 4360     		str	r3, [r0, #4]
 240:Core/Src/main.c ****   htim1.Init.Period = 100;
 258              		.loc 1 240 3 is_stmt 1 view .LVU64
 240:Core/Src/main.c ****   htim1.Init.Period = 100;
 259              		.loc 1 240 26 is_stmt 0 view .LVU65
 260 002c 8460     		str	r4, [r0, #8]
 241:Core/Src/main.c ****   htim1.Init.ClockDivision = TIM_CLOCKDIVISION_DIV1;
 261              		.loc 1 241 3 is_stmt 1 view .LVU66
 241:Core/Src/main.c ****   htim1.Init.ClockDivision = TIM_CLOCKDIVISION_DIV1;
 262              		.loc 1 241 21 is_stmt 0 view .LVU67
 263 002e 6423     		movs	r3, #100
 264 0030 C360     		str	r3, [r0, #12]
 242:Core/Src/main.c ****   htim1.Init.RepetitionCounter = 0;
ARM GAS  /tmp/ccBPf4Jy.s 			page 15


 265              		.loc 1 242 3 is_stmt 1 view .LVU68
 242:Core/Src/main.c ****   htim1.Init.RepetitionCounter = 0;
 266              		.loc 1 242 28 is_stmt 0 view .LVU69
 267 0032 0461     		str	r4, [r0, #16]
 243:Core/Src/main.c ****   htim1.Init.AutoReloadPreload = TIM_AUTORELOAD_PRELOAD_DISABLE;
 268              		.loc 1 243 3 is_stmt 1 view .LVU70
 243:Core/Src/main.c ****   htim1.Init.AutoReloadPreload = TIM_AUTORELOAD_PRELOAD_DISABLE;
 269              		.loc 1 243 32 is_stmt 0 view .LVU71
 270 0034 4461     		str	r4, [r0, #20]
 244:Core/Src/main.c ****   if (HAL_TIM_PWM_Init(&htim1) != HAL_OK)
 271              		.loc 1 244 3 is_stmt 1 view .LVU72
 244:Core/Src/main.c ****   if (HAL_TIM_PWM_Init(&htim1) != HAL_OK)
 272              		.loc 1 244 32 is_stmt 0 view .LVU73
 273 0036 8461     		str	r4, [r0, #24]
 245:Core/Src/main.c ****   {
 274              		.loc 1 245 3 is_stmt 1 view .LVU74
 245:Core/Src/main.c ****   {
 275              		.loc 1 245 7 is_stmt 0 view .LVU75
 276 0038 FFF7FEFF 		bl	HAL_TIM_PWM_Init
 277              	.LVL5:
 245:Core/Src/main.c ****   {
 278              		.loc 1 245 6 discriminator 1 view .LVU76
 279 003c 0028     		cmp	r0, #0
 280 003e 29D1     		bne	.L21
 249:Core/Src/main.c ****   sMasterConfig.MasterSlaveMode = TIM_MASTERSLAVEMODE_DISABLE;
 281              		.loc 1 249 3 is_stmt 1 view .LVU77
 249:Core/Src/main.c ****   sMasterConfig.MasterSlaveMode = TIM_MASTERSLAVEMODE_DISABLE;
 282              		.loc 1 249 37 is_stmt 0 view .LVU78
 283 0040 0023     		movs	r3, #0
 284 0042 1093     		str	r3, [sp, #64]
 250:Core/Src/main.c ****   if (HAL_TIMEx_MasterConfigSynchronization(&htim1, &sMasterConfig) != HAL_OK)
 285              		.loc 1 250 3 is_stmt 1 view .LVU79
 250:Core/Src/main.c ****   if (HAL_TIMEx_MasterConfigSynchronization(&htim1, &sMasterConfig) != HAL_OK)
 286              		.loc 1 250 33 is_stmt 0 view .LVU80
 287 0044 1193     		str	r3, [sp, #68]
 251:Core/Src/main.c ****   {
 288              		.loc 1 251 3 is_stmt 1 view .LVU81
 251:Core/Src/main.c ****   {
 289              		.loc 1 251 7 is_stmt 0 view .LVU82
 290 0046 10A9     		add	r1, sp, #64
 291 0048 1648     		ldr	r0, .L25
 292 004a FFF7FEFF 		bl	HAL_TIMEx_MasterConfigSynchronization
 293              	.LVL6:
 251:Core/Src/main.c ****   {
 294              		.loc 1 251 6 discriminator 1 view .LVU83
 295 004e 18BB     		cbnz	r0, .L22
 255:Core/Src/main.c ****   sConfigOC.Pulse = 0;
 296              		.loc 1 255 3 is_stmt 1 view .LVU84
 255:Core/Src/main.c ****   sConfigOC.Pulse = 0;
 297              		.loc 1 255 20 is_stmt 0 view .LVU85
 298 0050 6023     		movs	r3, #96
 299 0052 0993     		str	r3, [sp, #36]
 256:Core/Src/main.c ****   sConfigOC.OCPolarity = TIM_OCPOLARITY_HIGH;
 300              		.loc 1 256 3 is_stmt 1 view .LVU86
 256:Core/Src/main.c ****   sConfigOC.OCPolarity = TIM_OCPOLARITY_HIGH;
 301              		.loc 1 256 19 is_stmt 0 view .LVU87
 302 0054 0022     		movs	r2, #0
ARM GAS  /tmp/ccBPf4Jy.s 			page 16


 303 0056 0A92     		str	r2, [sp, #40]
 257:Core/Src/main.c ****   sConfigOC.OCNPolarity = TIM_OCNPOLARITY_HIGH;
 304              		.loc 1 257 3 is_stmt 1 view .LVU88
 257:Core/Src/main.c ****   sConfigOC.OCNPolarity = TIM_OCNPOLARITY_HIGH;
 305              		.loc 1 257 24 is_stmt 0 view .LVU89
 306 0058 0B92     		str	r2, [sp, #44]
 258:Core/Src/main.c ****   sConfigOC.OCFastMode = TIM_OCFAST_DISABLE;
 307              		.loc 1 258 3 is_stmt 1 view .LVU90
 258:Core/Src/main.c ****   sConfigOC.OCFastMode = TIM_OCFAST_DISABLE;
 308              		.loc 1 258 25 is_stmt 0 view .LVU91
 309 005a 0C92     		str	r2, [sp, #48]
 259:Core/Src/main.c ****   sConfigOC.OCIdleState = TIM_OCIDLESTATE_RESET;
 310              		.loc 1 259 3 is_stmt 1 view .LVU92
 259:Core/Src/main.c ****   sConfigOC.OCIdleState = TIM_OCIDLESTATE_RESET;
 311              		.loc 1 259 24 is_stmt 0 view .LVU93
 312 005c 0D92     		str	r2, [sp, #52]
 260:Core/Src/main.c ****   sConfigOC.OCNIdleState = TIM_OCNIDLESTATE_RESET;
 313              		.loc 1 260 3 is_stmt 1 view .LVU94
 260:Core/Src/main.c ****   sConfigOC.OCNIdleState = TIM_OCNIDLESTATE_RESET;
 314              		.loc 1 260 25 is_stmt 0 view .LVU95
 315 005e 0E92     		str	r2, [sp, #56]
 261:Core/Src/main.c ****   if (HAL_TIM_PWM_ConfigChannel(&htim1, &sConfigOC, TIM_CHANNEL_1) != HAL_OK)
 316              		.loc 1 261 3 is_stmt 1 view .LVU96
 261:Core/Src/main.c ****   if (HAL_TIM_PWM_ConfigChannel(&htim1, &sConfigOC, TIM_CHANNEL_1) != HAL_OK)
 317              		.loc 1 261 26 is_stmt 0 view .LVU97
 318 0060 0F92     		str	r2, [sp, #60]
 262:Core/Src/main.c ****   {
 319              		.loc 1 262 3 is_stmt 1 view .LVU98
 262:Core/Src/main.c ****   {
 320              		.loc 1 262 7 is_stmt 0 view .LVU99
 321 0062 09A9     		add	r1, sp, #36
 322 0064 0F48     		ldr	r0, .L25
 323 0066 FFF7FEFF 		bl	HAL_TIM_PWM_ConfigChannel
 324              	.LVL7:
 262:Core/Src/main.c ****   {
 325              		.loc 1 262 6 discriminator 1 view .LVU100
 326 006a B8B9     		cbnz	r0, .L23
 266:Core/Src/main.c ****   sBreakDeadTimeConfig.OffStateIDLEMode = TIM_OSSI_DISABLE;
 327              		.loc 1 266 3 is_stmt 1 view .LVU101
 266:Core/Src/main.c ****   sBreakDeadTimeConfig.OffStateIDLEMode = TIM_OSSI_DISABLE;
 328              		.loc 1 266 40 is_stmt 0 view .LVU102
 329 006c 0023     		movs	r3, #0
 330 006e 0193     		str	r3, [sp, #4]
 267:Core/Src/main.c ****   sBreakDeadTimeConfig.LockLevel = TIM_LOCKLEVEL_OFF;
 331              		.loc 1 267 3 is_stmt 1 view .LVU103
 267:Core/Src/main.c ****   sBreakDeadTimeConfig.LockLevel = TIM_LOCKLEVEL_OFF;
 332              		.loc 1 267 41 is_stmt 0 view .LVU104
 333 0070 0293     		str	r3, [sp, #8]
 268:Core/Src/main.c ****   sBreakDeadTimeConfig.DeadTime = 0;
 334              		.loc 1 268 3 is_stmt 1 view .LVU105
 268:Core/Src/main.c ****   sBreakDeadTimeConfig.DeadTime = 0;
 335              		.loc 1 268 34 is_stmt 0 view .LVU106
 336 0072 0393     		str	r3, [sp, #12]
 269:Core/Src/main.c ****   sBreakDeadTimeConfig.BreakState = TIM_BREAK_DISABLE;
 337              		.loc 1 269 3 is_stmt 1 view .LVU107
 269:Core/Src/main.c ****   sBreakDeadTimeConfig.BreakState = TIM_BREAK_DISABLE;
 338              		.loc 1 269 33 is_stmt 0 view .LVU108
ARM GAS  /tmp/ccBPf4Jy.s 			page 17


 339 0074 0493     		str	r3, [sp, #16]
 270:Core/Src/main.c ****   sBreakDeadTimeConfig.BreakPolarity = TIM_BREAKPOLARITY_HIGH;
 340              		.loc 1 270 3 is_stmt 1 view .LVU109
 270:Core/Src/main.c ****   sBreakDeadTimeConfig.BreakPolarity = TIM_BREAKPOLARITY_HIGH;
 341              		.loc 1 270 35 is_stmt 0 view .LVU110
 342 0076 0593     		str	r3, [sp, #20]
 271:Core/Src/main.c ****   sBreakDeadTimeConfig.AutomaticOutput = TIM_AUTOMATICOUTPUT_DISABLE;
 343              		.loc 1 271 3 is_stmt 1 view .LVU111
 271:Core/Src/main.c ****   sBreakDeadTimeConfig.AutomaticOutput = TIM_AUTOMATICOUTPUT_DISABLE;
 344              		.loc 1 271 38 is_stmt 0 view .LVU112
 345 0078 4FF40052 		mov	r2, #8192
 346 007c 0692     		str	r2, [sp, #24]
 272:Core/Src/main.c ****   if (HAL_TIMEx_ConfigBreakDeadTime(&htim1, &sBreakDeadTimeConfig) != HAL_OK)
 347              		.loc 1 272 3 is_stmt 1 view .LVU113
 272:Core/Src/main.c ****   if (HAL_TIMEx_ConfigBreakDeadTime(&htim1, &sBreakDeadTimeConfig) != HAL_OK)
 348              		.loc 1 272 40 is_stmt 0 view .LVU114
 349 007e 0893     		str	r3, [sp, #32]
 273:Core/Src/main.c ****   {
 350              		.loc 1 273 3 is_stmt 1 view .LVU115
 273:Core/Src/main.c ****   {
 351              		.loc 1 273 7 is_stmt 0 view .LVU116
 352 0080 01A9     		add	r1, sp, #4
 353 0082 0848     		ldr	r0, .L25
 354 0084 FFF7FEFF 		bl	HAL_TIMEx_ConfigBreakDeadTime
 355              	.LVL8:
 273:Core/Src/main.c ****   {
 356              		.loc 1 273 6 discriminator 1 view .LVU117
 357 0088 50B9     		cbnz	r0, .L24
 280:Core/Src/main.c **** 
 358              		.loc 1 280 3 is_stmt 1 view .LVU118
 359 008a 0648     		ldr	r0, .L25
 360 008c FFF7FEFF 		bl	HAL_TIM_MspPostInit
 361              	.LVL9:
 282:Core/Src/main.c **** 
 362              		.loc 1 282 1 is_stmt 0 view .LVU119
 363 0090 12B0     		add	sp, sp, #72
 364              		.cfi_remember_state
 365              		.cfi_def_cfa_offset 8
 366              		@ sp needed
 367 0092 10BD     		pop	{r4, pc}
 368              	.L21:
 369              		.cfi_restore_state
 247:Core/Src/main.c ****   }
 370              		.loc 1 247 5 is_stmt 1 view .LVU120
 371 0094 FFF7FEFF 		bl	Error_Handler
 372              	.LVL10:
 373              	.L22:
 253:Core/Src/main.c ****   }
 374              		.loc 1 253 5 view .LVU121
 375 0098 FFF7FEFF 		bl	Error_Handler
 376              	.LVL11:
 377              	.L23:
 264:Core/Src/main.c ****   }
 378              		.loc 1 264 5 view .LVU122
 379 009c FFF7FEFF 		bl	Error_Handler
 380              	.LVL12:
 381              	.L24:
ARM GAS  /tmp/ccBPf4Jy.s 			page 18


 275:Core/Src/main.c ****   }
 382              		.loc 1 275 5 view .LVU123
 383 00a0 FFF7FEFF 		bl	Error_Handler
 384              	.LVL13:
 385              	.L26:
 386              		.align	2
 387              	.L25:
 388 00a4 00000000 		.word	htim1
 389 00a8 002C0140 		.word	1073818624
 390              		.cfi_endproc
 391              	.LFE71:
 393              		.section	.text.MX_USART2_UART_Init,"ax",%progbits
 394              		.align	1
 395              		.syntax unified
 396              		.thumb
 397              		.thumb_func
 399              	MX_USART2_UART_Init:
 400              	.LFB72:
 290:Core/Src/main.c **** 
 401              		.loc 1 290 1 view -0
 402              		.cfi_startproc
 403              		@ args = 0, pretend = 0, frame = 0
 404              		@ frame_needed = 0, uses_anonymous_args = 0
 405 0000 08B5     		push	{r3, lr}
 406              		.cfi_def_cfa_offset 8
 407              		.cfi_offset 3, -8
 408              		.cfi_offset 14, -4
 299:Core/Src/main.c ****   huart2.Init.BaudRate = 115200;
 409              		.loc 1 299 3 view .LVU125
 299:Core/Src/main.c ****   huart2.Init.BaudRate = 115200;
 410              		.loc 1 299 19 is_stmt 0 view .LVU126
 411 0002 0A48     		ldr	r0, .L31
 412 0004 0A4B     		ldr	r3, .L31+4
 413 0006 0360     		str	r3, [r0]
 300:Core/Src/main.c ****   huart2.Init.WordLength = UART_WORDLENGTH_8B;
 414              		.loc 1 300 3 is_stmt 1 view .LVU127
 300:Core/Src/main.c ****   huart2.Init.WordLength = UART_WORDLENGTH_8B;
 415              		.loc 1 300 24 is_stmt 0 view .LVU128
 416 0008 4FF4E133 		mov	r3, #115200
 417 000c 4360     		str	r3, [r0, #4]
 301:Core/Src/main.c ****   huart2.Init.StopBits = UART_STOPBITS_1;
 418              		.loc 1 301 3 is_stmt 1 view .LVU129
 301:Core/Src/main.c ****   huart2.Init.StopBits = UART_STOPBITS_1;
 419              		.loc 1 301 26 is_stmt 0 view .LVU130
 420 000e 0023     		movs	r3, #0
 421 0010 8360     		str	r3, [r0, #8]
 302:Core/Src/main.c ****   huart2.Init.Parity = UART_PARITY_NONE;
 422              		.loc 1 302 3 is_stmt 1 view .LVU131
 302:Core/Src/main.c ****   huart2.Init.Parity = UART_PARITY_NONE;
 423              		.loc 1 302 24 is_stmt 0 view .LVU132
 424 0012 C360     		str	r3, [r0, #12]
 303:Core/Src/main.c ****   huart2.Init.Mode = UART_MODE_TX_RX;
 425              		.loc 1 303 3 is_stmt 1 view .LVU133
 303:Core/Src/main.c ****   huart2.Init.Mode = UART_MODE_TX_RX;
 426              		.loc 1 303 22 is_stmt 0 view .LVU134
 427 0014 0361     		str	r3, [r0, #16]
 304:Core/Src/main.c ****   huart2.Init.HwFlowCtl = UART_HWCONTROL_NONE;
ARM GAS  /tmp/ccBPf4Jy.s 			page 19


 428              		.loc 1 304 3 is_stmt 1 view .LVU135
 304:Core/Src/main.c ****   huart2.Init.HwFlowCtl = UART_HWCONTROL_NONE;
 429              		.loc 1 304 20 is_stmt 0 view .LVU136
 430 0016 0C22     		movs	r2, #12
 431 0018 4261     		str	r2, [r0, #20]
 305:Core/Src/main.c ****   huart2.Init.OverSampling = UART_OVERSAMPLING_16;
 432              		.loc 1 305 3 is_stmt 1 view .LVU137
 305:Core/Src/main.c ****   huart2.Init.OverSampling = UART_OVERSAMPLING_16;
 433              		.loc 1 305 25 is_stmt 0 view .LVU138
 434 001a 8361     		str	r3, [r0, #24]
 306:Core/Src/main.c ****   if (HAL_UART_Init(&huart2) != HAL_OK)
 435              		.loc 1 306 3 is_stmt 1 view .LVU139
 306:Core/Src/main.c ****   if (HAL_UART_Init(&huart2) != HAL_OK)
 436              		.loc 1 306 28 is_stmt 0 view .LVU140
 437 001c C361     		str	r3, [r0, #28]
 307:Core/Src/main.c ****   {
 438              		.loc 1 307 3 is_stmt 1 view .LVU141
 307:Core/Src/main.c ****   {
 439              		.loc 1 307 7 is_stmt 0 view .LVU142
 440 001e FFF7FEFF 		bl	HAL_UART_Init
 441              	.LVL14:
 307:Core/Src/main.c ****   {
 442              		.loc 1 307 6 discriminator 1 view .LVU143
 443 0022 00B9     		cbnz	r0, .L30
 315:Core/Src/main.c **** 
 444              		.loc 1 315 1 view .LVU144
 445 0024 08BD     		pop	{r3, pc}
 446              	.L30:
 309:Core/Src/main.c ****   }
 447              		.loc 1 309 5 is_stmt 1 view .LVU145
 448 0026 FFF7FEFF 		bl	Error_Handler
 449              	.LVL15:
 450              	.L32:
 451 002a 00BF     		.align	2
 452              	.L31:
 453 002c 00000000 		.word	huart2
 454 0030 00440040 		.word	1073759232
 455              		.cfi_endproc
 456              	.LFE72:
 458              		.section	.text.SystemClock_Config,"ax",%progbits
 459              		.align	1
 460              		.global	SystemClock_Config
 461              		.syntax unified
 462              		.thumb
 463              		.thumb_func
 465              	SystemClock_Config:
 466              	.LFB69:
 131:Core/Src/main.c ****   RCC_OscInitTypeDef RCC_OscInitStruct = {0};
 467              		.loc 1 131 1 view -0
 468              		.cfi_startproc
 469              		@ args = 0, pretend = 0, frame = 80
 470              		@ frame_needed = 0, uses_anonymous_args = 0
 471 0000 10B5     		push	{r4, lr}
 472              		.cfi_def_cfa_offset 8
 473              		.cfi_offset 4, -8
 474              		.cfi_offset 14, -4
 475 0002 94B0     		sub	sp, sp, #80
ARM GAS  /tmp/ccBPf4Jy.s 			page 20


 476              		.cfi_def_cfa_offset 88
 132:Core/Src/main.c ****   RCC_ClkInitTypeDef RCC_ClkInitStruct = {0};
 477              		.loc 1 132 3 view .LVU147
 132:Core/Src/main.c ****   RCC_ClkInitTypeDef RCC_ClkInitStruct = {0};
 478              		.loc 1 132 22 is_stmt 0 view .LVU148
 479 0004 0AAC     		add	r4, sp, #40
 480 0006 2822     		movs	r2, #40
 481 0008 0021     		movs	r1, #0
 482 000a 2046     		mov	r0, r4
 483 000c FFF7FEFF 		bl	memset
 484              	.LVL16:
 133:Core/Src/main.c ****   RCC_PeriphCLKInitTypeDef PeriphClkInit = {0};
 485              		.loc 1 133 3 is_stmt 1 view .LVU149
 133:Core/Src/main.c ****   RCC_PeriphCLKInitTypeDef PeriphClkInit = {0};
 486              		.loc 1 133 22 is_stmt 0 view .LVU150
 487 0010 0023     		movs	r3, #0
 488 0012 0593     		str	r3, [sp, #20]
 489 0014 0693     		str	r3, [sp, #24]
 490 0016 0793     		str	r3, [sp, #28]
 491 0018 0893     		str	r3, [sp, #32]
 492 001a 0993     		str	r3, [sp, #36]
 134:Core/Src/main.c **** 
 493              		.loc 1 134 3 is_stmt 1 view .LVU151
 134:Core/Src/main.c **** 
 494              		.loc 1 134 28 is_stmt 0 view .LVU152
 495 001c 0193     		str	r3, [sp, #4]
 496 001e 0293     		str	r3, [sp, #8]
 497 0020 0393     		str	r3, [sp, #12]
 498 0022 0493     		str	r3, [sp, #16]
 139:Core/Src/main.c ****   RCC_OscInitStruct.HSEState = RCC_HSE_ON;
 499              		.loc 1 139 3 is_stmt 1 view .LVU153
 139:Core/Src/main.c ****   RCC_OscInitStruct.HSEState = RCC_HSE_ON;
 500              		.loc 1 139 36 is_stmt 0 view .LVU154
 501 0024 0122     		movs	r2, #1
 502 0026 0A92     		str	r2, [sp, #40]
 140:Core/Src/main.c ****   RCC_OscInitStruct.HSEPredivValue = RCC_HSE_PREDIV_DIV1;
 503              		.loc 1 140 3 is_stmt 1 view .LVU155
 140:Core/Src/main.c ****   RCC_OscInitStruct.HSEPredivValue = RCC_HSE_PREDIV_DIV1;
 504              		.loc 1 140 30 is_stmt 0 view .LVU156
 505 0028 4FF48033 		mov	r3, #65536
 506 002c 0B93     		str	r3, [sp, #44]
 141:Core/Src/main.c ****   RCC_OscInitStruct.HSIState = RCC_HSI_ON;
 507              		.loc 1 141 3 is_stmt 1 view .LVU157
 142:Core/Src/main.c ****   RCC_OscInitStruct.PLL.PLLState = RCC_PLL_ON;
 508              		.loc 1 142 3 view .LVU158
 142:Core/Src/main.c ****   RCC_OscInitStruct.PLL.PLLState = RCC_PLL_ON;
 509              		.loc 1 142 30 is_stmt 0 view .LVU159
 510 002e 0E92     		str	r2, [sp, #56]
 143:Core/Src/main.c ****   RCC_OscInitStruct.PLL.PLLSource = RCC_PLLSOURCE_HSE;
 511              		.loc 1 143 3 is_stmt 1 view .LVU160
 143:Core/Src/main.c ****   RCC_OscInitStruct.PLL.PLLSource = RCC_PLLSOURCE_HSE;
 512              		.loc 1 143 34 is_stmt 0 view .LVU161
 513 0030 0222     		movs	r2, #2
 514 0032 1192     		str	r2, [sp, #68]
 144:Core/Src/main.c ****   RCC_OscInitStruct.PLL.PLLMUL = RCC_PLL_MUL9;
 515              		.loc 1 144 3 is_stmt 1 view .LVU162
 144:Core/Src/main.c ****   RCC_OscInitStruct.PLL.PLLMUL = RCC_PLL_MUL9;
ARM GAS  /tmp/ccBPf4Jy.s 			page 21


 516              		.loc 1 144 35 is_stmt 0 view .LVU163
 517 0034 1293     		str	r3, [sp, #72]
 145:Core/Src/main.c ****   if (HAL_RCC_OscConfig(&RCC_OscInitStruct) != HAL_OK)
 518              		.loc 1 145 3 is_stmt 1 view .LVU164
 145:Core/Src/main.c ****   if (HAL_RCC_OscConfig(&RCC_OscInitStruct) != HAL_OK)
 519              		.loc 1 145 32 is_stmt 0 view .LVU165
 520 0036 4FF4E013 		mov	r3, #1835008
 521 003a 1393     		str	r3, [sp, #76]
 146:Core/Src/main.c ****   {
 522              		.loc 1 146 3 is_stmt 1 view .LVU166
 146:Core/Src/main.c ****   {
 523              		.loc 1 146 7 is_stmt 0 view .LVU167
 524 003c 2046     		mov	r0, r4
 525 003e FFF7FEFF 		bl	HAL_RCC_OscConfig
 526              	.LVL17:
 146:Core/Src/main.c ****   {
 527              		.loc 1 146 6 discriminator 1 view .LVU168
 528 0042 C0B9     		cbnz	r0, .L38
 153:Core/Src/main.c ****                               |RCC_CLOCKTYPE_PCLK1|RCC_CLOCKTYPE_PCLK2;
 529              		.loc 1 153 3 is_stmt 1 view .LVU169
 153:Core/Src/main.c ****                               |RCC_CLOCKTYPE_PCLK1|RCC_CLOCKTYPE_PCLK2;
 530              		.loc 1 153 31 is_stmt 0 view .LVU170
 531 0044 0F23     		movs	r3, #15
 532 0046 0593     		str	r3, [sp, #20]
 155:Core/Src/main.c ****   RCC_ClkInitStruct.AHBCLKDivider = RCC_SYSCLK_DIV1;
 533              		.loc 1 155 3 is_stmt 1 view .LVU171
 155:Core/Src/main.c ****   RCC_ClkInitStruct.AHBCLKDivider = RCC_SYSCLK_DIV1;
 534              		.loc 1 155 34 is_stmt 0 view .LVU172
 535 0048 0221     		movs	r1, #2
 536 004a 0691     		str	r1, [sp, #24]
 156:Core/Src/main.c ****   RCC_ClkInitStruct.APB1CLKDivider = RCC_HCLK_DIV2;
 537              		.loc 1 156 3 is_stmt 1 view .LVU173
 156:Core/Src/main.c ****   RCC_ClkInitStruct.APB1CLKDivider = RCC_HCLK_DIV2;
 538              		.loc 1 156 35 is_stmt 0 view .LVU174
 539 004c 0023     		movs	r3, #0
 540 004e 0793     		str	r3, [sp, #28]
 157:Core/Src/main.c ****   RCC_ClkInitStruct.APB2CLKDivider = RCC_HCLK_DIV1;
 541              		.loc 1 157 3 is_stmt 1 view .LVU175
 157:Core/Src/main.c ****   RCC_ClkInitStruct.APB2CLKDivider = RCC_HCLK_DIV1;
 542              		.loc 1 157 36 is_stmt 0 view .LVU176
 543 0050 4FF48062 		mov	r2, #1024
 544 0054 0892     		str	r2, [sp, #32]
 158:Core/Src/main.c **** 
 545              		.loc 1 158 3 is_stmt 1 view .LVU177
 158:Core/Src/main.c **** 
 546              		.loc 1 158 36 is_stmt 0 view .LVU178
 547 0056 0993     		str	r3, [sp, #36]
 160:Core/Src/main.c ****   {
 548              		.loc 1 160 3 is_stmt 1 view .LVU179
 160:Core/Src/main.c ****   {
 549              		.loc 1 160 7 is_stmt 0 view .LVU180
 550 0058 05A8     		add	r0, sp, #20
 551 005a FFF7FEFF 		bl	HAL_RCC_ClockConfig
 552              	.LVL18:
 160:Core/Src/main.c ****   {
 553              		.loc 1 160 6 discriminator 1 view .LVU181
 554 005e 60B9     		cbnz	r0, .L39
ARM GAS  /tmp/ccBPf4Jy.s 			page 22


 164:Core/Src/main.c ****   PeriphClkInit.AdcClockSelection = RCC_ADCPCLK2_DIV6;
 555              		.loc 1 164 3 is_stmt 1 view .LVU182
 164:Core/Src/main.c ****   PeriphClkInit.AdcClockSelection = RCC_ADCPCLK2_DIV6;
 556              		.loc 1 164 38 is_stmt 0 view .LVU183
 557 0060 0223     		movs	r3, #2
 558 0062 0193     		str	r3, [sp, #4]
 165:Core/Src/main.c ****   if (HAL_RCCEx_PeriphCLKConfig(&PeriphClkInit) != HAL_OK)
 559              		.loc 1 165 3 is_stmt 1 view .LVU184
 165:Core/Src/main.c ****   if (HAL_RCCEx_PeriphCLKConfig(&PeriphClkInit) != HAL_OK)
 560              		.loc 1 165 35 is_stmt 0 view .LVU185
 561 0064 4FF40043 		mov	r3, #32768
 562 0068 0393     		str	r3, [sp, #12]
 166:Core/Src/main.c ****   {
 563              		.loc 1 166 3 is_stmt 1 view .LVU186
 166:Core/Src/main.c ****   {
 564              		.loc 1 166 7 is_stmt 0 view .LVU187
 565 006a 01A8     		add	r0, sp, #4
 566 006c FFF7FEFF 		bl	HAL_RCCEx_PeriphCLKConfig
 567              	.LVL19:
 166:Core/Src/main.c ****   {
 568              		.loc 1 166 6 discriminator 1 view .LVU188
 569 0070 28B9     		cbnz	r0, .L40
 170:Core/Src/main.c **** 
 570              		.loc 1 170 1 view .LVU189
 571 0072 14B0     		add	sp, sp, #80
 572              		.cfi_remember_state
 573              		.cfi_def_cfa_offset 8
 574              		@ sp needed
 575 0074 10BD     		pop	{r4, pc}
 576              	.L38:
 577              		.cfi_restore_state
 148:Core/Src/main.c ****   }
 578              		.loc 1 148 5 is_stmt 1 view .LVU190
 579 0076 FFF7FEFF 		bl	Error_Handler
 580              	.LVL20:
 581              	.L39:
 162:Core/Src/main.c ****   }
 582              		.loc 1 162 5 view .LVU191
 583 007a FFF7FEFF 		bl	Error_Handler
 584              	.LVL21:
 585              	.L40:
 168:Core/Src/main.c ****   }
 586              		.loc 1 168 5 view .LVU192
 587 007e FFF7FEFF 		bl	Error_Handler
 588              	.LVL22:
 589              		.cfi_endproc
 590              	.LFE69:
 592              		.section	.rodata.main.str1.4,"aMS",%progbits,1
 593              		.align	2
 594              	.LC0:
 595 0000 25640D0A 		.ascii	"%d\015\012\000"
 595      00
 596              		.section	.text.main,"ax",%progbits
 597              		.align	1
 598              		.global	main
 599              		.syntax unified
 600              		.thumb
ARM GAS  /tmp/ccBPf4Jy.s 			page 23


 601              		.thumb_func
 603              	main:
 604              	.LFB68:
  76:Core/Src/main.c **** 
 605              		.loc 1 76 1 view -0
 606              		.cfi_startproc
 607              		@ Volatile: function does not return.
 608              		@ args = 0, pretend = 0, frame = 0
 609              		@ frame_needed = 0, uses_anonymous_args = 0
 610 0000 08B5     		push	{r3, lr}
 611              		.cfi_def_cfa_offset 8
 612              		.cfi_offset 3, -8
 613              		.cfi_offset 14, -4
  85:Core/Src/main.c **** 
 614              		.loc 1 85 3 view .LVU194
 615 0002 FFF7FEFF 		bl	HAL_Init
 616              	.LVL23:
  92:Core/Src/main.c **** 
 617              		.loc 1 92 3 view .LVU195
 618 0006 FFF7FEFF 		bl	SystemClock_Config
 619              	.LVL24:
  99:Core/Src/main.c ****   MX_ADC1_Init();
 620              		.loc 1 99 3 view .LVU196
 621 000a FFF7FEFF 		bl	MX_GPIO_Init
 622              	.LVL25:
 100:Core/Src/main.c ****   MX_TIM1_Init();
 623              		.loc 1 100 3 view .LVU197
 624 000e FFF7FEFF 		bl	MX_ADC1_Init
 625              	.LVL26:
 101:Core/Src/main.c ****   MX_USART2_UART_Init();
 626              		.loc 1 101 3 view .LVU198
 627 0012 FFF7FEFF 		bl	MX_TIM1_Init
 628              	.LVL27:
 102:Core/Src/main.c ****   /* USER CODE BEGIN 2 */
 629              		.loc 1 102 3 view .LVU199
 630 0016 FFF7FEFF 		bl	MX_USART2_UART_Init
 631              	.LVL28:
 104:Core/Src/main.c ****   HAL_TIM_PWM_Start(&htim1,TIM_CHANNEL_1);
 632              		.loc 1 104 3 view .LVU200
 633 001a 1648     		ldr	r0, .L44
 634 001c FFF7FEFF 		bl	HAL_ADC_Start
 635              	.LVL29:
 105:Core/Src/main.c **** 
 636              		.loc 1 105 3 view .LVU201
 637 0020 0021     		movs	r1, #0
 638 0022 1548     		ldr	r0, .L44+4
 639 0024 FFF7FEFF 		bl	HAL_TIM_PWM_Start
 640              	.LVL30:
 641              	.L42:
 111:Core/Src/main.c ****   {
 642              		.loc 1 111 3 view .LVU202
 116:Core/Src/main.c ****     adc_value = HAL_ADC_GetValue(&hadc1);
 643              		.loc 1 116 5 view .LVU203
 644 0028 124C     		ldr	r4, .L44
 645 002a 6421     		movs	r1, #100
 646 002c 2046     		mov	r0, r4
 647 002e FFF7FEFF 		bl	HAL_ADC_PollForConversion
ARM GAS  /tmp/ccBPf4Jy.s 			page 24


 648              	.LVL31:
 117:Core/Src/main.c ****     pwm_value = (adc_value * 100) / 4095;
 649              		.loc 1 117 5 view .LVU204
 117:Core/Src/main.c ****     pwm_value = (adc_value * 100) / 4095;
 650              		.loc 1 117 17 is_stmt 0 view .LVU205
 651 0032 2046     		mov	r0, r4
 652 0034 FFF7FEFF 		bl	HAL_ADC_GetValue
 653              	.LVL32:
 117:Core/Src/main.c ****     pwm_value = (adc_value * 100) / 4095;
 654              		.loc 1 117 15 discriminator 1 view .LVU206
 655 0038 104B     		ldr	r3, .L44+8
 656 003a 1860     		str	r0, [r3]
 118:Core/Src/main.c ****     __HAL_TIM_SET_COMPARE(&htim1, TIM_CHANNEL_1, pwm_value);
 657              		.loc 1 118 5 is_stmt 1 view .LVU207
 118:Core/Src/main.c ****     __HAL_TIM_SET_COMPARE(&htim1, TIM_CHANNEL_1, pwm_value);
 658              		.loc 1 118 28 is_stmt 0 view .LVU208
 659 003c 6423     		movs	r3, #100
 660 003e 03FB00F0 		mul	r0, r3, r0
 118:Core/Src/main.c ****     __HAL_TIM_SET_COMPARE(&htim1, TIM_CHANNEL_1, pwm_value);
 661              		.loc 1 118 35 view .LVU209
 662 0042 0F4B     		ldr	r3, .L44+12
 663 0044 83FB0023 		smull	r2, r3, r3, r0
 664 0048 0344     		add	r3, r3, r0
 665 004a C217     		asrs	r2, r0, #31
 666 004c C2EBE322 		rsb	r2, r2, r3, asr #11
 118:Core/Src/main.c ****     __HAL_TIM_SET_COMPARE(&htim1, TIM_CHANNEL_1, pwm_value);
 667              		.loc 1 118 15 view .LVU210
 668 0050 0C4B     		ldr	r3, .L44+16
 669 0052 1A60     		str	r2, [r3]
 119:Core/Src/main.c ****     sprintf(buffer,"%d\r\n",pwm_value);
 670              		.loc 1 119 5 is_stmt 1 view .LVU211
 671 0054 084B     		ldr	r3, .L44+4
 672 0056 1B68     		ldr	r3, [r3]
 673 0058 5A63     		str	r2, [r3, #52]
 120:Core/Src/main.c ****     HAL_UART_Transmit(&huart2, (uint8_t *)&buffer, sizeof(buffer), 1000);
 674              		.loc 1 120 5 view .LVU212
 675 005a 0B4C     		ldr	r4, .L44+20
 676 005c 0B49     		ldr	r1, .L44+24
 677 005e 2046     		mov	r0, r4
 678 0060 FFF7FEFF 		bl	sprintf
 679              	.LVL33:
 121:Core/Src/main.c ****   }
 680              		.loc 1 121 5 discriminator 1 view .LVU213
 681 0064 4FF47A73 		mov	r3, #1000
 682 0068 3222     		movs	r2, #50
 683 006a 2146     		mov	r1, r4
 684 006c 0848     		ldr	r0, .L44+28
 685 006e FFF7FEFF 		bl	HAL_UART_Transmit
 686              	.LVL34:
 111:Core/Src/main.c ****   {
 687              		.loc 1 111 9 view .LVU214
 688 0072 D9E7     		b	.L42
 689              	.L45:
 690              		.align	2
 691              	.L44:
 692 0074 00000000 		.word	hadc1
 693 0078 00000000 		.word	htim1
ARM GAS  /tmp/ccBPf4Jy.s 			page 25


 694 007c 00000000 		.word	adc_value
 695 0080 81000880 		.word	-2146959231
 696 0084 00000000 		.word	pwm_value
 697 0088 00000000 		.word	buffer
 698 008c 00000000 		.word	.LC0
 699 0090 00000000 		.word	huart2
 700              		.cfi_endproc
 701              	.LFE68:
 703              		.global	huart2
 704              		.section	.bss.huart2,"aw",%nobits
 705              		.align	2
 708              	huart2:
 709 0000 00000000 		.space	72
 709      00000000 
 709      00000000 
 709      00000000 
 709      00000000 
 710              		.global	htim1
 711              		.section	.bss.htim1,"aw",%nobits
 712              		.align	2
 715              	htim1:
 716 0000 00000000 		.space	72
 716      00000000 
 716      00000000 
 716      00000000 
 716      00000000 
 717              		.global	hadc1
 718              		.section	.bss.hadc1,"aw",%nobits
 719              		.align	2
 722              	hadc1:
 723 0000 00000000 		.space	48
 723      00000000 
 723      00000000 
 723      00000000 
 723      00000000 
 724              		.global	buffer
 725              		.section	.data.buffer,"aw"
 726              		.align	2
 729              	buffer:
 730 0000 2000     		.ascii	" \000"
 731 0002 00000000 		.space	48
 731      00000000 
 731      00000000 
 731      00000000 
 731      00000000 
 732              		.global	adc_value
 733              		.section	.bss.adc_value,"aw",%nobits
 734              		.align	2
 737              	adc_value:
 738 0000 00000000 		.space	4
 739              		.global	pwm_value
 740              		.section	.bss.pwm_value,"aw",%nobits
 741              		.align	2
 744              	pwm_value:
 745 0000 00000000 		.space	4
 746              		.text
 747              	.Letext0:
ARM GAS  /tmp/ccBPf4Jy.s 			page 26


 748              		.file 3 "/usr/arm-none-eabi/include/machine/_default_types.h"
 749              		.file 4 "/usr/arm-none-eabi/include/sys/_stdint.h"
 750              		.file 5 "Drivers/CMSIS/Device/ST/STM32F1xx/Include/stm32f103xb.h"
 751              		.file 6 "Drivers/CMSIS/Device/ST/STM32F1xx/Include/stm32f1xx.h"
 752              		.file 7 "Drivers/STM32F1xx_HAL_Driver/Inc/stm32f1xx_hal_def.h"
 753              		.file 8 "Drivers/STM32F1xx_HAL_Driver/Inc/stm32f1xx_hal_rcc.h"
 754              		.file 9 "Drivers/STM32F1xx_HAL_Driver/Inc/stm32f1xx_hal_rcc_ex.h"
 755              		.file 10 "Drivers/STM32F1xx_HAL_Driver/Inc/stm32f1xx_hal_dma.h"
 756              		.file 11 "Drivers/STM32F1xx_HAL_Driver/Inc/stm32f1xx_hal_adc.h"
 757              		.file 12 "Drivers/STM32F1xx_HAL_Driver/Inc/stm32f1xx_hal_tim.h"
 758              		.file 13 "Drivers/STM32F1xx_HAL_Driver/Inc/stm32f1xx_hal_uart.h"
 759              		.file 14 "Drivers/STM32F1xx_HAL_Driver/Inc/stm32f1xx_hal_tim_ex.h"
 760              		.file 15 "/usr/arm-none-eabi/include/stdio.h"
 761              		.file 16 "Core/Inc/main.h"
 762              		.file 17 "Drivers/STM32F1xx_HAL_Driver/Inc/stm32f1xx_hal.h"
 763              		.file 18 "<built-in>"
ARM GAS  /tmp/ccBPf4Jy.s 			page 27


DEFINED SYMBOLS
                            *ABS*:00000000 main.c
     /tmp/ccBPf4Jy.s:19     .text.MX_GPIO_Init:00000000 $t
     /tmp/ccBPf4Jy.s:24     .text.MX_GPIO_Init:00000000 MX_GPIO_Init
     /tmp/ccBPf4Jy.s:72     .text.MX_GPIO_Init:0000002c $d
     /tmp/ccBPf4Jy.s:77     .text.Error_Handler:00000000 $t
     /tmp/ccBPf4Jy.s:83     .text.Error_Handler:00000000 Error_Handler
     /tmp/ccBPf4Jy.s:115    .text.MX_ADC1_Init:00000000 $t
     /tmp/ccBPf4Jy.s:120    .text.MX_ADC1_Init:00000000 MX_ADC1_Init
     /tmp/ccBPf4Jy.s:205    .text.MX_ADC1_Init:0000004c $d
     /tmp/ccBPf4Jy.s:722    .bss.hadc1:00000000 hadc1
     /tmp/ccBPf4Jy.s:211    .text.MX_TIM1_Init:00000000 $t
     /tmp/ccBPf4Jy.s:216    .text.MX_TIM1_Init:00000000 MX_TIM1_Init
     /tmp/ccBPf4Jy.s:388    .text.MX_TIM1_Init:000000a4 $d
     /tmp/ccBPf4Jy.s:715    .bss.htim1:00000000 htim1
     /tmp/ccBPf4Jy.s:394    .text.MX_USART2_UART_Init:00000000 $t
     /tmp/ccBPf4Jy.s:399    .text.MX_USART2_UART_Init:00000000 MX_USART2_UART_Init
     /tmp/ccBPf4Jy.s:453    .text.MX_USART2_UART_Init:0000002c $d
     /tmp/ccBPf4Jy.s:708    .bss.huart2:00000000 huart2
     /tmp/ccBPf4Jy.s:459    .text.SystemClock_Config:00000000 $t
     /tmp/ccBPf4Jy.s:465    .text.SystemClock_Config:00000000 SystemClock_Config
     /tmp/ccBPf4Jy.s:593    .rodata.main.str1.4:00000000 $d
     /tmp/ccBPf4Jy.s:597    .text.main:00000000 $t
     /tmp/ccBPf4Jy.s:603    .text.main:00000000 main
     /tmp/ccBPf4Jy.s:692    .text.main:00000074 $d
     /tmp/ccBPf4Jy.s:737    .bss.adc_value:00000000 adc_value
     /tmp/ccBPf4Jy.s:744    .bss.pwm_value:00000000 pwm_value
     /tmp/ccBPf4Jy.s:729    .data.buffer:00000000 buffer
     /tmp/ccBPf4Jy.s:705    .bss.huart2:00000000 $d
     /tmp/ccBPf4Jy.s:712    .bss.htim1:00000000 $d
     /tmp/ccBPf4Jy.s:719    .bss.hadc1:00000000 $d
     /tmp/ccBPf4Jy.s:726    .data.buffer:00000000 $d
     /tmp/ccBPf4Jy.s:734    .bss.adc_value:00000000 $d
     /tmp/ccBPf4Jy.s:741    .bss.pwm_value:00000000 $d

UNDEFINED SYMBOLS
HAL_ADC_Init
HAL_ADC_ConfigChannel
memset
HAL_TIM_PWM_Init
HAL_TIMEx_MasterConfigSynchronization
HAL_TIM_PWM_ConfigChannel
HAL_TIMEx_ConfigBreakDeadTime
HAL_TIM_MspPostInit
HAL_UART_Init
HAL_RCC_OscConfig
HAL_RCC_ClockConfig
HAL_RCCEx_PeriphCLKConfig
HAL_Init
HAL_ADC_Start
HAL_TIM_PWM_Start
HAL_ADC_PollForConversion
HAL_ADC_GetValue
sprintf
HAL_UART_Transmit
