ARM GAS  /tmp/cc6qflY9.s 			page 1


   1              		.cpu cortex-m3
   2              		.arch armv7-m
   3              		.fpu softvfp
   4              		.eabi_attribute 20, 1
   5              		.eabi_attribute 21, 1
   6              		.eabi_attribute 23, 3
   7              		.eabi_attribute 24, 1
   8              		.eabi_attribute 25, 1
   9              		.eabi_attribute 26, 1
  10              		.eabi_attribute 30, 1
  11              		.eabi_attribute 34, 1
  12              		.eabi_attribute 18, 4
  13              		.file	"main.c"
  14              		.text
  15              		.section	.text.MX_GPIO_Init,"ax",%progbits
  16              		.align	1
  17              		.syntax unified
  18              		.thumb
  19              		.thumb_func
  21              	MX_GPIO_Init:
  22              		@ args = 0, pretend = 0, frame = 32
  23              		@ frame_needed = 0, uses_anonymous_args = 0
  24 0000 2DE9F043 		push	{r4, r5, r6, r7, r8, r9, lr}
  25 0004 89B0     		sub	sp, sp, #36
  26 0006 04AD     		add	r5, sp, #16
  27 0008 0024     		movs	r4, #0
  28 000a 0494     		str	r4, [sp, #16]
  29 000c 0594     		str	r4, [sp, #20]
  30 000e 0694     		str	r4, [sp, #24]
  31 0010 0794     		str	r4, [sp, #28]
  32 0012 264B     		ldr	r3, .L3
  33 0014 9A69     		ldr	r2, [r3, #24]
  34 0016 42F01002 		orr	r2, r2, #16
  35 001a 9A61     		str	r2, [r3, #24]
  36 001c 9A69     		ldr	r2, [r3, #24]
  37 001e 02F01002 		and	r2, r2, #16
  38 0022 0092     		str	r2, [sp]
  39 0024 009A     		ldr	r2, [sp]
  40 0026 9A69     		ldr	r2, [r3, #24]
  41 0028 42F02002 		orr	r2, r2, #32
  42 002c 9A61     		str	r2, [r3, #24]
  43 002e 9A69     		ldr	r2, [r3, #24]
  44 0030 02F02002 		and	r2, r2, #32
  45 0034 0192     		str	r2, [sp, #4]
  46 0036 019A     		ldr	r2, [sp, #4]
  47 0038 9A69     		ldr	r2, [r3, #24]
  48 003a 42F00402 		orr	r2, r2, #4
  49 003e 9A61     		str	r2, [r3, #24]
  50 0040 9A69     		ldr	r2, [r3, #24]
  51 0042 02F00402 		and	r2, r2, #4
  52 0046 0292     		str	r2, [sp, #8]
  53 0048 029A     		ldr	r2, [sp, #8]
  54 004a 9A69     		ldr	r2, [r3, #24]
  55 004c 42F00802 		orr	r2, r2, #8
  56 0050 9A61     		str	r2, [r3, #24]
  57 0052 9B69     		ldr	r3, [r3, #24]
  58 0054 03F00803 		and	r3, r3, #8
ARM GAS  /tmp/cc6qflY9.s 			page 2


  59 0058 0393     		str	r3, [sp, #12]
  60 005a 039B     		ldr	r3, [sp, #12]
  61 005c DFF85090 		ldr	r9, .L3+4
  62 0060 2246     		mov	r2, r4
  63 0062 4FF40051 		mov	r1, #8192
  64 0066 4846     		mov	r0, r9
  65 0068 FFF7FEFF 		bl	HAL_GPIO_WritePin
  66 006c 114F     		ldr	r7, .L3+8
  67 006e 2246     		mov	r2, r4
  68 0070 0121     		movs	r1, #1
  69 0072 3846     		mov	r0, r7
  70 0074 FFF7FEFF 		bl	HAL_GPIO_WritePin
  71 0078 4FF40053 		mov	r3, #8192
  72 007c 0493     		str	r3, [sp, #16]
  73 007e 0126     		movs	r6, #1
  74 0080 0596     		str	r6, [sp, #20]
  75 0082 0694     		str	r4, [sp, #24]
  76 0084 4FF00208 		mov	r8, #2
  77 0088 CDF81C80 		str	r8, [sp, #28]
  78 008c 2946     		mov	r1, r5
  79 008e 4846     		mov	r0, r9
  80 0090 FFF7FEFF 		bl	HAL_GPIO_Init
  81 0094 0496     		str	r6, [sp, #16]
  82 0096 0596     		str	r6, [sp, #20]
  83 0098 0694     		str	r4, [sp, #24]
  84 009a CDF81C80 		str	r8, [sp, #28]
  85 009e 2946     		mov	r1, r5
  86 00a0 3846     		mov	r0, r7
  87 00a2 FFF7FEFF 		bl	HAL_GPIO_Init
  88 00a6 09B0     		add	sp, sp, #36
  89              		@ sp needed
  90 00a8 BDE8F083 		pop	{r4, r5, r6, r7, r8, r9, pc}
  91              	.L4:
  92              		.align	2
  93              	.L3:
  94 00ac 00100240 		.word	1073876992
  95 00b0 00100140 		.word	1073811456
  96 00b4 000C0140 		.word	1073810432
  98              		.section	.text.same,"ax",%progbits
  99              		.align	1
 100              		.global	same
 101              		.syntax unified
 102              		.thumb
 103              		.thumb_func
 105              	same:
 106              		@ args = 0, pretend = 0, frame = 0
 107              		@ frame_needed = 0, uses_anonymous_args = 0
 108 0000 08B5     		push	{r3, lr}
 109 0002 0021     		movs	r1, #0
 110              	.L6:
 111 0004 0029     		cmp	r1, #0
 112 0006 08DD     		ble	.L14
 113 0008 0023     		movs	r3, #0
 114              	.L9:
 115 000a D3B1     		cbz	r3, .L11
 116 000c 0022     		movs	r2, #0
 117 000e 4FF40051 		mov	r1, #8192
ARM GAS  /tmp/cc6qflY9.s 			page 3


 118 0012 0F48     		ldr	r0, .L17
 119 0014 FFF7FEFF 		bl	HAL_GPIO_WritePin
 120              	.L5:
 121 0018 08BD     		pop	{r3, pc}
 122              	.L14:
 123 001a 0023     		movs	r3, #0
 124              	.L10:
 125 001c 032B     		cmp	r3, #3
 126 001e 09DC     		bgt	.L16
 127 0020 10F803C0 		ldrb	ip, [r0, r3]	@ zero_extendqisi2
 128 0024 0B4A     		ldr	r2, .L17+4
 129 0026 02EB8102 		add	r2, r2, r1, lsl #2
 130 002a D25C     		ldrb	r2, [r2, r3]	@ zero_extendqisi2
 131 002c 9445     		cmp	ip, r2
 132 002e 06D1     		bne	.L13
 133 0030 0133     		adds	r3, r3, #1
 134 0032 F3E7     		b	.L10
 135              	.L16:
 136 0034 0123     		movs	r3, #1
 137              	.L7:
 138 0036 002B     		cmp	r3, #0
 139 0038 E7D1     		bne	.L9
 140 003a 0131     		adds	r1, r1, #1
 141 003c E2E7     		b	.L6
 142              	.L13:
 143 003e 0023     		movs	r3, #0
 144 0040 F9E7     		b	.L7
 145              	.L11:
 146 0042 0122     		movs	r2, #1
 147 0044 4FF40051 		mov	r1, #8192
 148 0048 0148     		ldr	r0, .L17
 149 004a FFF7FEFF 		bl	HAL_GPIO_WritePin
 150 004e E3E7     		b	.L5
 151              	.L18:
 152              		.align	2
 153              	.L17:
 154 0050 00100140 		.word	1073811456
 155 0054 00000000 		.word	dogru_uid
 157              		.section	.text.Error_Handler,"ax",%progbits
 158              		.align	1
 159              		.global	Error_Handler
 160              		.syntax unified
 161              		.thumb
 162              		.thumb_func
 164              	Error_Handler:
 165              		@ Volatile: function does not return.
 166              		@ args = 0, pretend = 0, frame = 0
 167              		@ frame_needed = 0, uses_anonymous_args = 0
 168              		@ link register save eliminated.
 169              		.syntax unified
 170              	@ 142 "Drivers/CMSIS/Include/cmsis_gcc.h" 1
 171 0000 72B6     		cpsid i
 172              	@ 0 "" 2
 173              		.thumb
 174              		.syntax unified
 175              	.L20:
 176 0002 FEE7     		b	.L20
ARM GAS  /tmp/cc6qflY9.s 			page 4


 178              		.section	.text.MX_SPI1_Init,"ax",%progbits
 179              		.align	1
 180              		.syntax unified
 181              		.thumb
 182              		.thumb_func
 184              	MX_SPI1_Init:
 185              		@ args = 0, pretend = 0, frame = 0
 186              		@ frame_needed = 0, uses_anonymous_args = 0
 187 0000 08B5     		push	{r3, lr}
 188 0002 0D48     		ldr	r0, .L25
 189 0004 0D4B     		ldr	r3, .L25+4
 190 0006 0360     		str	r3, [r0]
 191 0008 4FF48273 		mov	r3, #260
 192 000c 4360     		str	r3, [r0, #4]
 193 000e 0023     		movs	r3, #0
 194 0010 8360     		str	r3, [r0, #8]
 195 0012 C360     		str	r3, [r0, #12]
 196 0014 0361     		str	r3, [r0, #16]
 197 0016 4361     		str	r3, [r0, #20]
 198 0018 4FF40072 		mov	r2, #512
 199 001c 8261     		str	r2, [r0, #24]
 200 001e 1022     		movs	r2, #16
 201 0020 C261     		str	r2, [r0, #28]
 202 0022 0362     		str	r3, [r0, #32]
 203 0024 4362     		str	r3, [r0, #36]
 204 0026 8362     		str	r3, [r0, #40]
 205 0028 0A23     		movs	r3, #10
 206 002a C362     		str	r3, [r0, #44]
 207 002c FFF7FEFF 		bl	HAL_SPI_Init
 208 0030 00B9     		cbnz	r0, .L24
 209 0032 08BD     		pop	{r3, pc}
 210              	.L24:
 211 0034 FFF7FEFF 		bl	Error_Handler
 212              	.L26:
 213              		.align	2
 214              	.L25:
 215 0038 00000000 		.word	hspi1
 216 003c 00300140 		.word	1073819648
 218              		.section	.text.SystemClock_Config,"ax",%progbits
 219              		.align	1
 220              		.global	SystemClock_Config
 221              		.syntax unified
 222              		.thumb
 223              		.thumb_func
 225              	SystemClock_Config:
 226              		@ args = 0, pretend = 0, frame = 64
 227              		@ frame_needed = 0, uses_anonymous_args = 0
 228 0000 10B5     		push	{r4, lr}
 229 0002 90B0     		sub	sp, sp, #64
 230 0004 06AC     		add	r4, sp, #24
 231 0006 2822     		movs	r2, #40
 232 0008 0021     		movs	r1, #0
 233 000a 2046     		mov	r0, r4
 234 000c FFF7FEFF 		bl	memset
 235 0010 0023     		movs	r3, #0
 236 0012 0193     		str	r3, [sp, #4]
 237 0014 0293     		str	r3, [sp, #8]
ARM GAS  /tmp/cc6qflY9.s 			page 5


 238 0016 0393     		str	r3, [sp, #12]
 239 0018 0493     		str	r3, [sp, #16]
 240 001a 0593     		str	r3, [sp, #20]
 241 001c 0122     		movs	r2, #1
 242 001e 0692     		str	r2, [sp, #24]
 243 0020 4FF48033 		mov	r3, #65536
 244 0024 0793     		str	r3, [sp, #28]
 245 0026 0A92     		str	r2, [sp, #40]
 246 0028 0222     		movs	r2, #2
 247 002a 0D92     		str	r2, [sp, #52]
 248 002c 0E93     		str	r3, [sp, #56]
 249 002e 4FF4E013 		mov	r3, #1835008
 250 0032 0F93     		str	r3, [sp, #60]
 251 0034 2046     		mov	r0, r4
 252 0036 FFF7FEFF 		bl	HAL_RCC_OscConfig
 253 003a 78B9     		cbnz	r0, .L31
 254 003c 0F23     		movs	r3, #15
 255 003e 0193     		str	r3, [sp, #4]
 256 0040 0221     		movs	r1, #2
 257 0042 0291     		str	r1, [sp, #8]
 258 0044 0023     		movs	r3, #0
 259 0046 0393     		str	r3, [sp, #12]
 260 0048 4FF48062 		mov	r2, #1024
 261 004c 0492     		str	r2, [sp, #16]
 262 004e 0593     		str	r3, [sp, #20]
 263 0050 01A8     		add	r0, sp, #4
 264 0052 FFF7FEFF 		bl	HAL_RCC_ClockConfig
 265 0056 18B9     		cbnz	r0, .L32
 266 0058 10B0     		add	sp, sp, #64
 267              		@ sp needed
 268 005a 10BD     		pop	{r4, pc}
 269              	.L31:
 270 005c FFF7FEFF 		bl	Error_Handler
 271              	.L32:
 272 0060 FFF7FEFF 		bl	Error_Handler
 274              		.section	.text.main,"ax",%progbits
 275              		.align	1
 276              		.global	main
 277              		.syntax unified
 278              		.thumb
 279              		.thumb_func
 281              	main:
 282              		@ args = 0, pretend = 0, frame = 16
 283              		@ frame_needed = 0, uses_anonymous_args = 0
 284 0000 00B5     		push	{lr}
 285 0002 85B0     		sub	sp, sp, #20
 286 0004 FFF7FEFF 		bl	HAL_Init
 287 0008 FFF7FEFF 		bl	SystemClock_Config
 288 000c FFF7FEFF 		bl	MX_GPIO_Init
 289 0010 FFF7FEFF 		bl	MX_SPI1_Init
 290 0014 0122     		movs	r2, #1
 291 0016 4FF40051 		mov	r1, #8192
 292 001a 0F48     		ldr	r0, .L37
 293 001c FFF7FEFF 		bl	HAL_GPIO_WritePin
 294 0020 FFF7FEFF 		bl	MFRC522_Init
 295 0024 02E0     		b	.L35
 296              	.L34:
ARM GAS  /tmp/cc6qflY9.s 			page 6


 297 0026 6420     		movs	r0, #100
 298 0028 FFF7FEFF 		bl	HAL_Delay
 299              	.L35:
 300 002c 01A9     		add	r1, sp, #4
 301 002e 2620     		movs	r0, #38
 302 0030 FFF7FEFF 		bl	MFRC522_Request
 303 0034 0028     		cmp	r0, #0
 304 0036 F6D1     		bne	.L34
 305 0038 02A8     		add	r0, sp, #8
 306 003a FFF7FEFF 		bl	MFRC522_Anticoll
 307 003e 0028     		cmp	r0, #0
 308 0040 F1D1     		bne	.L34
 309 0042 02A8     		add	r0, sp, #8
 310 0044 FFF7FEFF 		bl	same
 311 0048 4FF47A70 		mov	r0, #1000
 312 004c FFF7FEFF 		bl	HAL_Delay
 313 0050 FFF7FEFF 		bl	MFRC522_Halt
 314 0054 E7E7     		b	.L34
 315              	.L38:
 316 0056 00BF     		.align	2
 317              	.L37:
 318 0058 00100140 		.word	1073811456
 320              		.global	hspi1
 321              		.section	.bss.hspi1,"aw",%nobits
 322              		.align	2
 325              	hspi1:
 326 0000 00000000 		.space	88
 326      00000000 
 326      00000000 
 326      00000000 
 326      00000000 
 327              		.global	dogru_uid
 328              		.section	.data.dogru_uid,"aw"
 329              		.align	2
 332              	dogru_uid:
 333 0000 9250ECCA 		.ascii	"\222P\354\312"
 334              		.ident	"GCC: (Arch Repository) 14.2.0"
ARM GAS  /tmp/cc6qflY9.s 			page 7


DEFINED SYMBOLS
                            *ABS*:00000000 main.c
     /tmp/cc6qflY9.s:16     .text.MX_GPIO_Init:00000000 $t
     /tmp/cc6qflY9.s:21     .text.MX_GPIO_Init:00000000 MX_GPIO_Init
     /tmp/cc6qflY9.s:94     .text.MX_GPIO_Init:000000ac $d
     /tmp/cc6qflY9.s:99     .text.same:00000000 $t
     /tmp/cc6qflY9.s:105    .text.same:00000000 same
     /tmp/cc6qflY9.s:154    .text.same:00000050 $d
     /tmp/cc6qflY9.s:332    .data.dogru_uid:00000000 dogru_uid
     /tmp/cc6qflY9.s:158    .text.Error_Handler:00000000 $t
     /tmp/cc6qflY9.s:164    .text.Error_Handler:00000000 Error_Handler
     /tmp/cc6qflY9.s:179    .text.MX_SPI1_Init:00000000 $t
     /tmp/cc6qflY9.s:184    .text.MX_SPI1_Init:00000000 MX_SPI1_Init
     /tmp/cc6qflY9.s:215    .text.MX_SPI1_Init:00000038 $d
     /tmp/cc6qflY9.s:325    .bss.hspi1:00000000 hspi1
     /tmp/cc6qflY9.s:219    .text.SystemClock_Config:00000000 $t
     /tmp/cc6qflY9.s:225    .text.SystemClock_Config:00000000 SystemClock_Config
     /tmp/cc6qflY9.s:275    .text.main:00000000 $t
     /tmp/cc6qflY9.s:281    .text.main:00000000 main
     /tmp/cc6qflY9.s:318    .text.main:00000058 $d
     /tmp/cc6qflY9.s:322    .bss.hspi1:00000000 $d
     /tmp/cc6qflY9.s:329    .data.dogru_uid:00000000 $d

UNDEFINED SYMBOLS
HAL_GPIO_WritePin
HAL_GPIO_Init
HAL_SPI_Init
memset
HAL_RCC_OscConfig
HAL_RCC_ClockConfig
HAL_Init
MFRC522_Init
HAL_Delay
MFRC522_Request
MFRC522_Anticoll
MFRC522_Halt
