ARM GAS  /tmp/cchEY7Gs.s 			page 1


   1              		.cpu cortex-m3
   2              		.arch armv7-m
   3              		.fpu softvfp
   4              		.eabi_attribute 20, 1
   5              		.eabi_attribute 21, 1
   6              		.eabi_attribute 23, 3
   7              		.eabi_attribute 24, 1
   8              		.eabi_attribute 25, 1
   9              		.eabi_attribute 26, 1
  10              		.eabi_attribute 30, 1
  11              		.eabi_attribute 34, 1
  12              		.eabi_attribute 18, 4
  13              		.file	"main.c"
  14              		.text
  15              	.Ltext0:
  16              		.cfi_sections	.debug_frame
  17              		.file 1 "Core/Src/main.c"
  18              		.section	.text.MX_GPIO_Init,"ax",%progbits
  19              		.align	1
  20              		.syntax unified
  21              		.thumb
  22              		.thumb_func
  24              	MX_GPIO_Init:
  25              	.LFB67:
   1:Core/Src/main.c **** /* USER CODE BEGIN Header */
   2:Core/Src/main.c **** /**
   3:Core/Src/main.c ****   ******************************************************************************
   4:Core/Src/main.c ****   * @file           : main.c
   5:Core/Src/main.c ****   * @brief          : Main program body
   6:Core/Src/main.c ****   ******************************************************************************
   7:Core/Src/main.c ****   * @attention
   8:Core/Src/main.c ****   *
   9:Core/Src/main.c ****   * Copyright (c) 2025 STMicroelectronics.
  10:Core/Src/main.c ****   * All rights reserved.
  11:Core/Src/main.c ****   *
  12:Core/Src/main.c ****   * This software is licensed under terms that can be found in the LICENSE file
  13:Core/Src/main.c ****   * in the root directory of this software component.
  14:Core/Src/main.c ****   * If no LICENSE file comes with this software, it is provided AS-IS.
  15:Core/Src/main.c ****   *
  16:Core/Src/main.c ****   ******************************************************************************
  17:Core/Src/main.c ****   */
  18:Core/Src/main.c **** /* USER CODE END Header */
  19:Core/Src/main.c **** /* Includes ------------------------------------------------------------------*/
  20:Core/Src/main.c **** #include "main.h"
  21:Core/Src/main.c **** 
  22:Core/Src/main.c **** /* Private includes ----------------------------------------------------------*/
  23:Core/Src/main.c **** /* USER CODE BEGIN Includes */
  24:Core/Src/main.c **** 
  25:Core/Src/main.c **** /* USER CODE END Includes */
  26:Core/Src/main.c **** 
  27:Core/Src/main.c **** /* Private typedef -----------------------------------------------------------*/
  28:Core/Src/main.c **** /* USER CODE BEGIN PTD */
  29:Core/Src/main.c **** 
  30:Core/Src/main.c **** /* USER CODE END PTD */
  31:Core/Src/main.c **** 
  32:Core/Src/main.c **** /* Private define ------------------------------------------------------------*/
  33:Core/Src/main.c **** /* USER CODE BEGIN PD */
ARM GAS  /tmp/cchEY7Gs.s 			page 2


  34:Core/Src/main.c **** 
  35:Core/Src/main.c **** /* USER CODE END PD */
  36:Core/Src/main.c **** 
  37:Core/Src/main.c **** /* Private macro -------------------------------------------------------------*/
  38:Core/Src/main.c **** /* USER CODE BEGIN PM */
  39:Core/Src/main.c **** 
  40:Core/Src/main.c **** /* USER CODE END PM */
  41:Core/Src/main.c **** 
  42:Core/Src/main.c **** /* Private variables ---------------------------------------------------------*/
  43:Core/Src/main.c **** 
  44:Core/Src/main.c **** /* USER CODE BEGIN PV */
  45:Core/Src/main.c **** 
  46:Core/Src/main.c **** /* USER CODE END PV */
  47:Core/Src/main.c **** 
  48:Core/Src/main.c **** /* Private function prototypes -----------------------------------------------*/
  49:Core/Src/main.c **** void SystemClock_Config(void);
  50:Core/Src/main.c **** static void MX_GPIO_Init(void);
  51:Core/Src/main.c **** /* USER CODE BEGIN PFP */
  52:Core/Src/main.c **** 
  53:Core/Src/main.c **** /* USER CODE END PFP */
  54:Core/Src/main.c **** 
  55:Core/Src/main.c **** /* Private user code ---------------------------------------------------------*/
  56:Core/Src/main.c **** /* USER CODE BEGIN 0 */
  57:Core/Src/main.c **** 
  58:Core/Src/main.c **** /* USER CODE END 0 */
  59:Core/Src/main.c **** 
  60:Core/Src/main.c **** /**
  61:Core/Src/main.c ****   * @brief  The application entry point.
  62:Core/Src/main.c ****   * @retval int
  63:Core/Src/main.c ****   */
  64:Core/Src/main.c **** int main(void)
  65:Core/Src/main.c **** {
  66:Core/Src/main.c **** 
  67:Core/Src/main.c ****   /* USER CODE BEGIN 1 */
  68:Core/Src/main.c **** 
  69:Core/Src/main.c ****   /* USER CODE END 1 */
  70:Core/Src/main.c **** 
  71:Core/Src/main.c ****   /* MCU Configuration--------------------------------------------------------*/
  72:Core/Src/main.c **** 
  73:Core/Src/main.c ****   /* Reset of all peripherals, Initializes the Flash interface and the Systick. */
  74:Core/Src/main.c ****   HAL_Init();
  75:Core/Src/main.c **** 
  76:Core/Src/main.c ****   /* USER CODE BEGIN Init */
  77:Core/Src/main.c **** 
  78:Core/Src/main.c ****   /* USER CODE END Init */
  79:Core/Src/main.c **** 
  80:Core/Src/main.c ****   /* Configure the system clock */
  81:Core/Src/main.c ****   SystemClock_Config();
  82:Core/Src/main.c **** 
  83:Core/Src/main.c ****   /* USER CODE BEGIN SysInit */
  84:Core/Src/main.c **** 
  85:Core/Src/main.c ****   /* USER CODE END SysInit */
  86:Core/Src/main.c **** 
  87:Core/Src/main.c ****   /* Initialize all configured peripherals */
  88:Core/Src/main.c ****   MX_GPIO_Init();
  89:Core/Src/main.c ****   /* USER CODE BEGIN 2 */
  90:Core/Src/main.c **** 
ARM GAS  /tmp/cchEY7Gs.s 			page 3


  91:Core/Src/main.c ****   /* USER CODE END 2 */
  92:Core/Src/main.c **** 
  93:Core/Src/main.c ****   /* Infinite loop */
  94:Core/Src/main.c ****   /* USER CODE BEGIN WHILE */
  95:Core/Src/main.c ****   while (1)
  96:Core/Src/main.c ****   {
  97:Core/Src/main.c ****     /* USER CODE END WHILE */
  98:Core/Src/main.c **** 
  99:Core/Src/main.c ****     /* USER CODE BEGIN 3 */
 100:Core/Src/main.c ****     HAL_GPIO_WritePin(GPIOC,led13_Pin,GPIO_PIN_SET);  
 101:Core/Src/main.c ****     if(HAL_GPIO_ReadPin(GPIOA,buton_Pin)==1)
 102:Core/Src/main.c ****       HAL_GPIO_WritePin(GPIOC,led13_Pin,GPIO_PIN_RESET);
 103:Core/Src/main.c ****   }
 104:Core/Src/main.c ****   /* USER CODE END 3 */
 105:Core/Src/main.c **** }
 106:Core/Src/main.c **** 
 107:Core/Src/main.c **** /**
 108:Core/Src/main.c ****   * @brief System Clock Configuration
 109:Core/Src/main.c ****   * @retval None
 110:Core/Src/main.c ****   */
 111:Core/Src/main.c **** void SystemClock_Config(void)
 112:Core/Src/main.c **** {
 113:Core/Src/main.c ****   RCC_OscInitTypeDef RCC_OscInitStruct = {0};
 114:Core/Src/main.c ****   RCC_ClkInitTypeDef RCC_ClkInitStruct = {0};
 115:Core/Src/main.c **** 
 116:Core/Src/main.c ****   /** Initializes the RCC Oscillators according to the specified parameters
 117:Core/Src/main.c ****   * in the RCC_OscInitTypeDef structure.
 118:Core/Src/main.c ****   */
 119:Core/Src/main.c ****   RCC_OscInitStruct.OscillatorType = RCC_OSCILLATORTYPE_HSE;
 120:Core/Src/main.c ****   RCC_OscInitStruct.HSEState = RCC_HSE_ON;
 121:Core/Src/main.c ****   RCC_OscInitStruct.HSEPredivValue = RCC_HSE_PREDIV_DIV1;
 122:Core/Src/main.c ****   RCC_OscInitStruct.HSIState = RCC_HSI_ON;
 123:Core/Src/main.c ****   RCC_OscInitStruct.PLL.PLLState = RCC_PLL_ON;
 124:Core/Src/main.c ****   RCC_OscInitStruct.PLL.PLLSource = RCC_PLLSOURCE_HSE;
 125:Core/Src/main.c ****   RCC_OscInitStruct.PLL.PLLMUL = RCC_PLL_MUL9;
 126:Core/Src/main.c ****   if (HAL_RCC_OscConfig(&RCC_OscInitStruct) != HAL_OK)
 127:Core/Src/main.c ****   {
 128:Core/Src/main.c ****     Error_Handler();
 129:Core/Src/main.c ****   }
 130:Core/Src/main.c **** 
 131:Core/Src/main.c ****   /** Initializes the CPU, AHB and APB buses clocks
 132:Core/Src/main.c ****   */
 133:Core/Src/main.c ****   RCC_ClkInitStruct.ClockType = RCC_CLOCKTYPE_HCLK|RCC_CLOCKTYPE_SYSCLK
 134:Core/Src/main.c ****                               |RCC_CLOCKTYPE_PCLK1|RCC_CLOCKTYPE_PCLK2;
 135:Core/Src/main.c ****   RCC_ClkInitStruct.SYSCLKSource = RCC_SYSCLKSOURCE_PLLCLK;
 136:Core/Src/main.c ****   RCC_ClkInitStruct.AHBCLKDivider = RCC_SYSCLK_DIV1;
 137:Core/Src/main.c ****   RCC_ClkInitStruct.APB1CLKDivider = RCC_HCLK_DIV2;
 138:Core/Src/main.c ****   RCC_ClkInitStruct.APB2CLKDivider = RCC_HCLK_DIV1;
 139:Core/Src/main.c **** 
 140:Core/Src/main.c ****   if (HAL_RCC_ClockConfig(&RCC_ClkInitStruct, FLASH_LATENCY_2) != HAL_OK)
 141:Core/Src/main.c ****   {
 142:Core/Src/main.c ****     Error_Handler();
 143:Core/Src/main.c ****   }
 144:Core/Src/main.c **** }
 145:Core/Src/main.c **** 
 146:Core/Src/main.c **** /**
 147:Core/Src/main.c ****   * @brief GPIO Initialization Function
ARM GAS  /tmp/cchEY7Gs.s 			page 4


 148:Core/Src/main.c ****   * @param None
 149:Core/Src/main.c ****   * @retval None
 150:Core/Src/main.c ****   */
 151:Core/Src/main.c **** static void MX_GPIO_Init(void)
 152:Core/Src/main.c **** {
  26              		.loc 1 152 1 view -0
  27              		.cfi_startproc
  28              		@ args = 0, pretend = 0, frame = 32
  29              		@ frame_needed = 0, uses_anonymous_args = 0
  30 0000 F0B5     		push	{r4, r5, r6, r7, lr}
  31              		.cfi_def_cfa_offset 20
  32              		.cfi_offset 4, -20
  33              		.cfi_offset 5, -16
  34              		.cfi_offset 6, -12
  35              		.cfi_offset 7, -8
  36              		.cfi_offset 14, -4
  37 0002 89B0     		sub	sp, sp, #36
  38              		.cfi_def_cfa_offset 56
 153:Core/Src/main.c ****   GPIO_InitTypeDef GPIO_InitStruct = {0};
  39              		.loc 1 153 3 view .LVU1
  40              		.loc 1 153 20 is_stmt 0 view .LVU2
  41 0004 04AD     		add	r5, sp, #16
  42 0006 0024     		movs	r4, #0
  43 0008 0494     		str	r4, [sp, #16]
  44 000a 0594     		str	r4, [sp, #20]
  45 000c 0694     		str	r4, [sp, #24]
  46 000e 0794     		str	r4, [sp, #28]
 154:Core/Src/main.c **** /* USER CODE BEGIN MX_GPIO_Init_1 */
 155:Core/Src/main.c **** /* USER CODE END MX_GPIO_Init_1 */
 156:Core/Src/main.c **** 
 157:Core/Src/main.c ****   /* GPIO Ports Clock Enable */
 158:Core/Src/main.c ****   __HAL_RCC_GPIOC_CLK_ENABLE();
  47              		.loc 1 158 3 is_stmt 1 view .LVU3
  48              	.LBB4:
  49              		.loc 1 158 3 view .LVU4
  50              		.loc 1 158 3 view .LVU5
  51 0010 1B4B     		ldr	r3, .L3
  52 0012 9A69     		ldr	r2, [r3, #24]
  53 0014 42F01002 		orr	r2, r2, #16
  54 0018 9A61     		str	r2, [r3, #24]
  55              		.loc 1 158 3 view .LVU6
  56 001a 9A69     		ldr	r2, [r3, #24]
  57 001c 02F01002 		and	r2, r2, #16
  58 0020 0192     		str	r2, [sp, #4]
  59              		.loc 1 158 3 view .LVU7
  60 0022 019A     		ldr	r2, [sp, #4]
  61              	.LBE4:
  62              		.loc 1 158 3 view .LVU8
 159:Core/Src/main.c ****   __HAL_RCC_GPIOD_CLK_ENABLE();
  63              		.loc 1 159 3 view .LVU9
  64              	.LBB5:
  65              		.loc 1 159 3 view .LVU10
  66              		.loc 1 159 3 view .LVU11
  67 0024 9A69     		ldr	r2, [r3, #24]
  68 0026 42F02002 		orr	r2, r2, #32
  69 002a 9A61     		str	r2, [r3, #24]
  70              		.loc 1 159 3 view .LVU12
ARM GAS  /tmp/cchEY7Gs.s 			page 5


  71 002c 9A69     		ldr	r2, [r3, #24]
  72 002e 02F02002 		and	r2, r2, #32
  73 0032 0292     		str	r2, [sp, #8]
  74              		.loc 1 159 3 view .LVU13
  75 0034 029A     		ldr	r2, [sp, #8]
  76              	.LBE5:
  77              		.loc 1 159 3 view .LVU14
 160:Core/Src/main.c ****   __HAL_RCC_GPIOA_CLK_ENABLE();
  78              		.loc 1 160 3 view .LVU15
  79              	.LBB6:
  80              		.loc 1 160 3 view .LVU16
  81              		.loc 1 160 3 view .LVU17
  82 0036 9A69     		ldr	r2, [r3, #24]
  83 0038 42F00402 		orr	r2, r2, #4
  84 003c 9A61     		str	r2, [r3, #24]
  85              		.loc 1 160 3 view .LVU18
  86 003e 9B69     		ldr	r3, [r3, #24]
  87 0040 03F00403 		and	r3, r3, #4
  88 0044 0393     		str	r3, [sp, #12]
  89              		.loc 1 160 3 view .LVU19
  90 0046 039B     		ldr	r3, [sp, #12]
  91              	.LBE6:
  92              		.loc 1 160 3 view .LVU20
 161:Core/Src/main.c **** 
 162:Core/Src/main.c ****   /*Configure GPIO pin Output Level */
 163:Core/Src/main.c ****   HAL_GPIO_WritePin(led13_GPIO_Port, led13_Pin, GPIO_PIN_RESET);
  93              		.loc 1 163 3 view .LVU21
  94 0048 0E4F     		ldr	r7, .L3+4
  95 004a 2246     		mov	r2, r4
  96 004c 4FF40051 		mov	r1, #8192
  97 0050 3846     		mov	r0, r7
  98 0052 FFF7FEFF 		bl	HAL_GPIO_WritePin
  99              	.LVL0:
 164:Core/Src/main.c **** 
 165:Core/Src/main.c ****   /*Configure GPIO pin : led13_Pin */
 166:Core/Src/main.c ****   GPIO_InitStruct.Pin = led13_Pin;
 100              		.loc 1 166 3 view .LVU22
 101              		.loc 1 166 23 is_stmt 0 view .LVU23
 102 0056 4FF40053 		mov	r3, #8192
 103 005a 0493     		str	r3, [sp, #16]
 167:Core/Src/main.c ****   GPIO_InitStruct.Mode = GPIO_MODE_OUTPUT_PP;
 104              		.loc 1 167 3 is_stmt 1 view .LVU24
 105              		.loc 1 167 24 is_stmt 0 view .LVU25
 106 005c 0126     		movs	r6, #1
 107 005e 0596     		str	r6, [sp, #20]
 168:Core/Src/main.c ****   GPIO_InitStruct.Pull = GPIO_NOPULL;
 108              		.loc 1 168 3 is_stmt 1 view .LVU26
 109              		.loc 1 168 24 is_stmt 0 view .LVU27
 110 0060 0694     		str	r4, [sp, #24]
 169:Core/Src/main.c ****   GPIO_InitStruct.Speed = GPIO_SPEED_FREQ_LOW;
 111              		.loc 1 169 3 is_stmt 1 view .LVU28
 112              		.loc 1 169 25 is_stmt 0 view .LVU29
 113 0062 0223     		movs	r3, #2
 114 0064 0793     		str	r3, [sp, #28]
 170:Core/Src/main.c ****   HAL_GPIO_Init(led13_GPIO_Port, &GPIO_InitStruct);
 115              		.loc 1 170 3 is_stmt 1 view .LVU30
 116 0066 2946     		mov	r1, r5
ARM GAS  /tmp/cchEY7Gs.s 			page 6


 117 0068 3846     		mov	r0, r7
 118 006a FFF7FEFF 		bl	HAL_GPIO_Init
 119              	.LVL1:
 171:Core/Src/main.c **** 
 172:Core/Src/main.c ****   /*Configure GPIO pin : buton_Pin */
 173:Core/Src/main.c ****   GPIO_InitStruct.Pin = buton_Pin;
 120              		.loc 1 173 3 view .LVU31
 121              		.loc 1 173 23 is_stmt 0 view .LVU32
 122 006e 0496     		str	r6, [sp, #16]
 174:Core/Src/main.c ****   GPIO_InitStruct.Mode = GPIO_MODE_INPUT;
 123              		.loc 1 174 3 is_stmt 1 view .LVU33
 124              		.loc 1 174 24 is_stmt 0 view .LVU34
 125 0070 0594     		str	r4, [sp, #20]
 175:Core/Src/main.c ****   GPIO_InitStruct.Pull = GPIO_NOPULL;
 126              		.loc 1 175 3 is_stmt 1 view .LVU35
 127              		.loc 1 175 24 is_stmt 0 view .LVU36
 128 0072 0694     		str	r4, [sp, #24]
 176:Core/Src/main.c ****   HAL_GPIO_Init(buton_GPIO_Port, &GPIO_InitStruct);
 129              		.loc 1 176 3 is_stmt 1 view .LVU37
 130 0074 2946     		mov	r1, r5
 131 0076 0448     		ldr	r0, .L3+8
 132 0078 FFF7FEFF 		bl	HAL_GPIO_Init
 133              	.LVL2:
 177:Core/Src/main.c **** 
 178:Core/Src/main.c **** /* USER CODE BEGIN MX_GPIO_Init_2 */
 179:Core/Src/main.c **** /* USER CODE END MX_GPIO_Init_2 */
 180:Core/Src/main.c **** }
 134              		.loc 1 180 1 is_stmt 0 view .LVU38
 135 007c 09B0     		add	sp, sp, #36
 136              		.cfi_def_cfa_offset 20
 137              		@ sp needed
 138 007e F0BD     		pop	{r4, r5, r6, r7, pc}
 139              	.L4:
 140              		.align	2
 141              	.L3:
 142 0080 00100240 		.word	1073876992
 143 0084 00100140 		.word	1073811456
 144 0088 00080140 		.word	1073809408
 145              		.cfi_endproc
 146              	.LFE67:
 148              		.section	.text.Error_Handler,"ax",%progbits
 149              		.align	1
 150              		.global	Error_Handler
 151              		.syntax unified
 152              		.thumb
 153              		.thumb_func
 155              	Error_Handler:
 156              	.LFB68:
 181:Core/Src/main.c **** 
 182:Core/Src/main.c **** /* USER CODE BEGIN 4 */
 183:Core/Src/main.c **** 
 184:Core/Src/main.c **** /* USER CODE END 4 */
 185:Core/Src/main.c **** 
 186:Core/Src/main.c **** /**
 187:Core/Src/main.c ****   * @brief  This function is executed in case of error occurrence.
 188:Core/Src/main.c ****   * @retval None
 189:Core/Src/main.c ****   */
ARM GAS  /tmp/cchEY7Gs.s 			page 7


 190:Core/Src/main.c **** void Error_Handler(void)
 191:Core/Src/main.c **** {
 157              		.loc 1 191 1 is_stmt 1 view -0
 158              		.cfi_startproc
 159              		@ Volatile: function does not return.
 160              		@ args = 0, pretend = 0, frame = 0
 161              		@ frame_needed = 0, uses_anonymous_args = 0
 162              		@ link register save eliminated.
 192:Core/Src/main.c ****   /* USER CODE BEGIN Error_Handler_Debug */
 193:Core/Src/main.c ****   /* User can add his own implementation to report the HAL error return state */
 194:Core/Src/main.c ****   __disable_irq();
 163              		.loc 1 194 3 view .LVU40
 164              	.LBB7:
 165              	.LBI7:
 166              		.file 2 "Drivers/CMSIS/Include/cmsis_gcc.h"
   1:Drivers/CMSIS/Include/cmsis_gcc.h **** /**************************************************************************//**
   2:Drivers/CMSIS/Include/cmsis_gcc.h ****  * @file     cmsis_gcc.h
   3:Drivers/CMSIS/Include/cmsis_gcc.h ****  * @brief    CMSIS compiler GCC header file
   4:Drivers/CMSIS/Include/cmsis_gcc.h ****  * @version  V5.0.4
   5:Drivers/CMSIS/Include/cmsis_gcc.h ****  * @date     09. April 2018
   6:Drivers/CMSIS/Include/cmsis_gcc.h ****  ******************************************************************************/
   7:Drivers/CMSIS/Include/cmsis_gcc.h **** /*
   8:Drivers/CMSIS/Include/cmsis_gcc.h ****  * Copyright (c) 2009-2018 Arm Limited. All rights reserved.
   9:Drivers/CMSIS/Include/cmsis_gcc.h ****  *
  10:Drivers/CMSIS/Include/cmsis_gcc.h ****  * SPDX-License-Identifier: Apache-2.0
  11:Drivers/CMSIS/Include/cmsis_gcc.h ****  *
  12:Drivers/CMSIS/Include/cmsis_gcc.h ****  * Licensed under the Apache License, Version 2.0 (the License); you may
  13:Drivers/CMSIS/Include/cmsis_gcc.h ****  * not use this file except in compliance with the License.
  14:Drivers/CMSIS/Include/cmsis_gcc.h ****  * You may obtain a copy of the License at
  15:Drivers/CMSIS/Include/cmsis_gcc.h ****  *
  16:Drivers/CMSIS/Include/cmsis_gcc.h ****  * www.apache.org/licenses/LICENSE-2.0
  17:Drivers/CMSIS/Include/cmsis_gcc.h ****  *
  18:Drivers/CMSIS/Include/cmsis_gcc.h ****  * Unless required by applicable law or agreed to in writing, software
  19:Drivers/CMSIS/Include/cmsis_gcc.h ****  * distributed under the License is distributed on an AS IS BASIS, WITHOUT
  20:Drivers/CMSIS/Include/cmsis_gcc.h ****  * WARRANTIES OR CONDITIONS OF ANY KIND, either express or implied.
  21:Drivers/CMSIS/Include/cmsis_gcc.h ****  * See the License for the specific language governing permissions and
  22:Drivers/CMSIS/Include/cmsis_gcc.h ****  * limitations under the License.
  23:Drivers/CMSIS/Include/cmsis_gcc.h ****  */
  24:Drivers/CMSIS/Include/cmsis_gcc.h **** 
  25:Drivers/CMSIS/Include/cmsis_gcc.h **** #ifndef __CMSIS_GCC_H
  26:Drivers/CMSIS/Include/cmsis_gcc.h **** #define __CMSIS_GCC_H
  27:Drivers/CMSIS/Include/cmsis_gcc.h **** 
  28:Drivers/CMSIS/Include/cmsis_gcc.h **** /* ignore some GCC warnings */
  29:Drivers/CMSIS/Include/cmsis_gcc.h **** #pragma GCC diagnostic push
  30:Drivers/CMSIS/Include/cmsis_gcc.h **** #pragma GCC diagnostic ignored "-Wsign-conversion"
  31:Drivers/CMSIS/Include/cmsis_gcc.h **** #pragma GCC diagnostic ignored "-Wconversion"
  32:Drivers/CMSIS/Include/cmsis_gcc.h **** #pragma GCC diagnostic ignored "-Wunused-parameter"
  33:Drivers/CMSIS/Include/cmsis_gcc.h **** 
  34:Drivers/CMSIS/Include/cmsis_gcc.h **** /* Fallback for __has_builtin */
  35:Drivers/CMSIS/Include/cmsis_gcc.h **** #ifndef __has_builtin
  36:Drivers/CMSIS/Include/cmsis_gcc.h ****   #define __has_builtin(x) (0)
  37:Drivers/CMSIS/Include/cmsis_gcc.h **** #endif
  38:Drivers/CMSIS/Include/cmsis_gcc.h **** 
  39:Drivers/CMSIS/Include/cmsis_gcc.h **** /* CMSIS compiler specific defines */
  40:Drivers/CMSIS/Include/cmsis_gcc.h **** #ifndef   __ASM
  41:Drivers/CMSIS/Include/cmsis_gcc.h ****   #define __ASM                                  __asm
  42:Drivers/CMSIS/Include/cmsis_gcc.h **** #endif
ARM GAS  /tmp/cchEY7Gs.s 			page 8


  43:Drivers/CMSIS/Include/cmsis_gcc.h **** #ifndef   __INLINE
  44:Drivers/CMSIS/Include/cmsis_gcc.h ****   #define __INLINE                               inline
  45:Drivers/CMSIS/Include/cmsis_gcc.h **** #endif
  46:Drivers/CMSIS/Include/cmsis_gcc.h **** #ifndef   __STATIC_INLINE
  47:Drivers/CMSIS/Include/cmsis_gcc.h ****   #define __STATIC_INLINE                        static inline
  48:Drivers/CMSIS/Include/cmsis_gcc.h **** #endif
  49:Drivers/CMSIS/Include/cmsis_gcc.h **** #ifndef   __STATIC_FORCEINLINE                 
  50:Drivers/CMSIS/Include/cmsis_gcc.h ****   #define __STATIC_FORCEINLINE                   __attribute__((always_inline)) static inline
  51:Drivers/CMSIS/Include/cmsis_gcc.h **** #endif                                           
  52:Drivers/CMSIS/Include/cmsis_gcc.h **** #ifndef   __NO_RETURN
  53:Drivers/CMSIS/Include/cmsis_gcc.h ****   #define __NO_RETURN                            __attribute__((__noreturn__))
  54:Drivers/CMSIS/Include/cmsis_gcc.h **** #endif
  55:Drivers/CMSIS/Include/cmsis_gcc.h **** #ifndef   __USED
  56:Drivers/CMSIS/Include/cmsis_gcc.h ****   #define __USED                                 __attribute__((used))
  57:Drivers/CMSIS/Include/cmsis_gcc.h **** #endif
  58:Drivers/CMSIS/Include/cmsis_gcc.h **** #ifndef   __WEAK
  59:Drivers/CMSIS/Include/cmsis_gcc.h ****   #define __WEAK                                 __attribute__((weak))
  60:Drivers/CMSIS/Include/cmsis_gcc.h **** #endif
  61:Drivers/CMSIS/Include/cmsis_gcc.h **** #ifndef   __PACKED
  62:Drivers/CMSIS/Include/cmsis_gcc.h ****   #define __PACKED                               __attribute__((packed, aligned(1)))
  63:Drivers/CMSIS/Include/cmsis_gcc.h **** #endif
  64:Drivers/CMSIS/Include/cmsis_gcc.h **** #ifndef   __PACKED_STRUCT
  65:Drivers/CMSIS/Include/cmsis_gcc.h ****   #define __PACKED_STRUCT                        struct __attribute__((packed, aligned(1)))
  66:Drivers/CMSIS/Include/cmsis_gcc.h **** #endif
  67:Drivers/CMSIS/Include/cmsis_gcc.h **** #ifndef   __PACKED_UNION
  68:Drivers/CMSIS/Include/cmsis_gcc.h ****   #define __PACKED_UNION                         union __attribute__((packed, aligned(1)))
  69:Drivers/CMSIS/Include/cmsis_gcc.h **** #endif
  70:Drivers/CMSIS/Include/cmsis_gcc.h **** #ifndef   __UNALIGNED_UINT32        /* deprecated */
  71:Drivers/CMSIS/Include/cmsis_gcc.h ****   #pragma GCC diagnostic push
  72:Drivers/CMSIS/Include/cmsis_gcc.h ****   #pragma GCC diagnostic ignored "-Wpacked"
  73:Drivers/CMSIS/Include/cmsis_gcc.h ****   #pragma GCC diagnostic ignored "-Wattributes"
  74:Drivers/CMSIS/Include/cmsis_gcc.h ****   struct __attribute__((packed)) T_UINT32 { uint32_t v; };
  75:Drivers/CMSIS/Include/cmsis_gcc.h ****   #pragma GCC diagnostic pop
  76:Drivers/CMSIS/Include/cmsis_gcc.h ****   #define __UNALIGNED_UINT32(x)                  (((struct T_UINT32 *)(x))->v)
  77:Drivers/CMSIS/Include/cmsis_gcc.h **** #endif
  78:Drivers/CMSIS/Include/cmsis_gcc.h **** #ifndef   __UNALIGNED_UINT16_WRITE
  79:Drivers/CMSIS/Include/cmsis_gcc.h ****   #pragma GCC diagnostic push
  80:Drivers/CMSIS/Include/cmsis_gcc.h ****   #pragma GCC diagnostic ignored "-Wpacked"
  81:Drivers/CMSIS/Include/cmsis_gcc.h ****   #pragma GCC diagnostic ignored "-Wattributes"
  82:Drivers/CMSIS/Include/cmsis_gcc.h ****   __PACKED_STRUCT T_UINT16_WRITE { uint16_t v; };
  83:Drivers/CMSIS/Include/cmsis_gcc.h ****   #pragma GCC diagnostic pop
  84:Drivers/CMSIS/Include/cmsis_gcc.h ****   #define __UNALIGNED_UINT16_WRITE(addr, val)    (void)((((struct T_UINT16_WRITE *)(void *)(addr))-
  85:Drivers/CMSIS/Include/cmsis_gcc.h **** #endif
  86:Drivers/CMSIS/Include/cmsis_gcc.h **** #ifndef   __UNALIGNED_UINT16_READ
  87:Drivers/CMSIS/Include/cmsis_gcc.h ****   #pragma GCC diagnostic push
  88:Drivers/CMSIS/Include/cmsis_gcc.h ****   #pragma GCC diagnostic ignored "-Wpacked"
  89:Drivers/CMSIS/Include/cmsis_gcc.h ****   #pragma GCC diagnostic ignored "-Wattributes"
  90:Drivers/CMSIS/Include/cmsis_gcc.h ****   __PACKED_STRUCT T_UINT16_READ { uint16_t v; };
  91:Drivers/CMSIS/Include/cmsis_gcc.h ****   #pragma GCC diagnostic pop
  92:Drivers/CMSIS/Include/cmsis_gcc.h ****   #define __UNALIGNED_UINT16_READ(addr)          (((const struct T_UINT16_READ *)(const void *)(add
  93:Drivers/CMSIS/Include/cmsis_gcc.h **** #endif
  94:Drivers/CMSIS/Include/cmsis_gcc.h **** #ifndef   __UNALIGNED_UINT32_WRITE
  95:Drivers/CMSIS/Include/cmsis_gcc.h ****   #pragma GCC diagnostic push
  96:Drivers/CMSIS/Include/cmsis_gcc.h ****   #pragma GCC diagnostic ignored "-Wpacked"
  97:Drivers/CMSIS/Include/cmsis_gcc.h ****   #pragma GCC diagnostic ignored "-Wattributes"
  98:Drivers/CMSIS/Include/cmsis_gcc.h ****   __PACKED_STRUCT T_UINT32_WRITE { uint32_t v; };
  99:Drivers/CMSIS/Include/cmsis_gcc.h ****   #pragma GCC diagnostic pop
ARM GAS  /tmp/cchEY7Gs.s 			page 9


 100:Drivers/CMSIS/Include/cmsis_gcc.h ****   #define __UNALIGNED_UINT32_WRITE(addr, val)    (void)((((struct T_UINT32_WRITE *)(void *)(addr))-
 101:Drivers/CMSIS/Include/cmsis_gcc.h **** #endif
 102:Drivers/CMSIS/Include/cmsis_gcc.h **** #ifndef   __UNALIGNED_UINT32_READ
 103:Drivers/CMSIS/Include/cmsis_gcc.h ****   #pragma GCC diagnostic push
 104:Drivers/CMSIS/Include/cmsis_gcc.h ****   #pragma GCC diagnostic ignored "-Wpacked"
 105:Drivers/CMSIS/Include/cmsis_gcc.h ****   #pragma GCC diagnostic ignored "-Wattributes"
 106:Drivers/CMSIS/Include/cmsis_gcc.h ****   __PACKED_STRUCT T_UINT32_READ { uint32_t v; };
 107:Drivers/CMSIS/Include/cmsis_gcc.h ****   #pragma GCC diagnostic pop
 108:Drivers/CMSIS/Include/cmsis_gcc.h ****   #define __UNALIGNED_UINT32_READ(addr)          (((const struct T_UINT32_READ *)(const void *)(add
 109:Drivers/CMSIS/Include/cmsis_gcc.h **** #endif
 110:Drivers/CMSIS/Include/cmsis_gcc.h **** #ifndef   __ALIGNED
 111:Drivers/CMSIS/Include/cmsis_gcc.h ****   #define __ALIGNED(x)                           __attribute__((aligned(x)))
 112:Drivers/CMSIS/Include/cmsis_gcc.h **** #endif
 113:Drivers/CMSIS/Include/cmsis_gcc.h **** #ifndef   __RESTRICT
 114:Drivers/CMSIS/Include/cmsis_gcc.h ****   #define __RESTRICT                             __restrict
 115:Drivers/CMSIS/Include/cmsis_gcc.h **** #endif
 116:Drivers/CMSIS/Include/cmsis_gcc.h **** 
 117:Drivers/CMSIS/Include/cmsis_gcc.h **** 
 118:Drivers/CMSIS/Include/cmsis_gcc.h **** /* ###########################  Core Function Access  ########################### */
 119:Drivers/CMSIS/Include/cmsis_gcc.h **** /** \ingroup  CMSIS_Core_FunctionInterface
 120:Drivers/CMSIS/Include/cmsis_gcc.h ****     \defgroup CMSIS_Core_RegAccFunctions CMSIS Core Register Access Functions
 121:Drivers/CMSIS/Include/cmsis_gcc.h ****   @{
 122:Drivers/CMSIS/Include/cmsis_gcc.h ****  */
 123:Drivers/CMSIS/Include/cmsis_gcc.h **** 
 124:Drivers/CMSIS/Include/cmsis_gcc.h **** /**
 125:Drivers/CMSIS/Include/cmsis_gcc.h ****   \brief   Enable IRQ Interrupts
 126:Drivers/CMSIS/Include/cmsis_gcc.h ****   \details Enables IRQ interrupts by clearing the I-bit in the CPSR.
 127:Drivers/CMSIS/Include/cmsis_gcc.h ****            Can only be executed in Privileged modes.
 128:Drivers/CMSIS/Include/cmsis_gcc.h ****  */
 129:Drivers/CMSIS/Include/cmsis_gcc.h **** __STATIC_FORCEINLINE void __enable_irq(void)
 130:Drivers/CMSIS/Include/cmsis_gcc.h **** {
 131:Drivers/CMSIS/Include/cmsis_gcc.h ****   __ASM volatile ("cpsie i" : : : "memory");
 132:Drivers/CMSIS/Include/cmsis_gcc.h **** }
 133:Drivers/CMSIS/Include/cmsis_gcc.h **** 
 134:Drivers/CMSIS/Include/cmsis_gcc.h **** 
 135:Drivers/CMSIS/Include/cmsis_gcc.h **** /**
 136:Drivers/CMSIS/Include/cmsis_gcc.h ****   \brief   Disable IRQ Interrupts
 137:Drivers/CMSIS/Include/cmsis_gcc.h ****   \details Disables IRQ interrupts by setting the I-bit in the CPSR.
 138:Drivers/CMSIS/Include/cmsis_gcc.h ****            Can only be executed in Privileged modes.
 139:Drivers/CMSIS/Include/cmsis_gcc.h ****  */
 140:Drivers/CMSIS/Include/cmsis_gcc.h **** __STATIC_FORCEINLINE void __disable_irq(void)
 167              		.loc 2 140 27 view .LVU41
 168              	.LBB8:
 141:Drivers/CMSIS/Include/cmsis_gcc.h **** {
 142:Drivers/CMSIS/Include/cmsis_gcc.h ****   __ASM volatile ("cpsid i" : : : "memory");
 169              		.loc 2 142 3 view .LVU42
 170              		.syntax unified
 171              	@ 142 "Drivers/CMSIS/Include/cmsis_gcc.h" 1
 172 0000 72B6     		cpsid i
 173              	@ 0 "" 2
 174              		.thumb
 175              		.syntax unified
 176              	.L6:
 177              	.LBE8:
 178              	.LBE7:
 195:Core/Src/main.c ****   while (1)
 179              		.loc 1 195 3 view .LVU43
ARM GAS  /tmp/cchEY7Gs.s 			page 10


 196:Core/Src/main.c ****   {
 197:Core/Src/main.c ****   }
 180              		.loc 1 197 3 view .LVU44
 195:Core/Src/main.c ****   while (1)
 181              		.loc 1 195 9 view .LVU45
 182 0002 FEE7     		b	.L6
 183              		.cfi_endproc
 184              	.LFE68:
 186              		.section	.text.SystemClock_Config,"ax",%progbits
 187              		.align	1
 188              		.global	SystemClock_Config
 189              		.syntax unified
 190              		.thumb
 191              		.thumb_func
 193              	SystemClock_Config:
 194              	.LFB66:
 112:Core/Src/main.c ****   RCC_OscInitTypeDef RCC_OscInitStruct = {0};
 195              		.loc 1 112 1 view -0
 196              		.cfi_startproc
 197              		@ args = 0, pretend = 0, frame = 64
 198              		@ frame_needed = 0, uses_anonymous_args = 0
 199 0000 10B5     		push	{r4, lr}
 200              		.cfi_def_cfa_offset 8
 201              		.cfi_offset 4, -8
 202              		.cfi_offset 14, -4
 203 0002 90B0     		sub	sp, sp, #64
 204              		.cfi_def_cfa_offset 72
 113:Core/Src/main.c ****   RCC_ClkInitTypeDef RCC_ClkInitStruct = {0};
 205              		.loc 1 113 3 view .LVU47
 113:Core/Src/main.c ****   RCC_ClkInitTypeDef RCC_ClkInitStruct = {0};
 206              		.loc 1 113 22 is_stmt 0 view .LVU48
 207 0004 06AC     		add	r4, sp, #24
 208 0006 2822     		movs	r2, #40
 209 0008 0021     		movs	r1, #0
 210 000a 2046     		mov	r0, r4
 211 000c FFF7FEFF 		bl	memset
 212              	.LVL3:
 114:Core/Src/main.c **** 
 213              		.loc 1 114 3 is_stmt 1 view .LVU49
 114:Core/Src/main.c **** 
 214              		.loc 1 114 22 is_stmt 0 view .LVU50
 215 0010 0023     		movs	r3, #0
 216 0012 0193     		str	r3, [sp, #4]
 217 0014 0293     		str	r3, [sp, #8]
 218 0016 0393     		str	r3, [sp, #12]
 219 0018 0493     		str	r3, [sp, #16]
 220 001a 0593     		str	r3, [sp, #20]
 119:Core/Src/main.c ****   RCC_OscInitStruct.HSEState = RCC_HSE_ON;
 221              		.loc 1 119 3 is_stmt 1 view .LVU51
 119:Core/Src/main.c ****   RCC_OscInitStruct.HSEState = RCC_HSE_ON;
 222              		.loc 1 119 36 is_stmt 0 view .LVU52
 223 001c 0122     		movs	r2, #1
 224 001e 0692     		str	r2, [sp, #24]
 120:Core/Src/main.c ****   RCC_OscInitStruct.HSEPredivValue = RCC_HSE_PREDIV_DIV1;
 225              		.loc 1 120 3 is_stmt 1 view .LVU53
 120:Core/Src/main.c ****   RCC_OscInitStruct.HSEPredivValue = RCC_HSE_PREDIV_DIV1;
 226              		.loc 1 120 30 is_stmt 0 view .LVU54
ARM GAS  /tmp/cchEY7Gs.s 			page 11


 227 0020 4FF48033 		mov	r3, #65536
 228 0024 0793     		str	r3, [sp, #28]
 121:Core/Src/main.c ****   RCC_OscInitStruct.HSIState = RCC_HSI_ON;
 229              		.loc 1 121 3 is_stmt 1 view .LVU55
 122:Core/Src/main.c ****   RCC_OscInitStruct.PLL.PLLState = RCC_PLL_ON;
 230              		.loc 1 122 3 view .LVU56
 122:Core/Src/main.c ****   RCC_OscInitStruct.PLL.PLLState = RCC_PLL_ON;
 231              		.loc 1 122 30 is_stmt 0 view .LVU57
 232 0026 0A92     		str	r2, [sp, #40]
 123:Core/Src/main.c ****   RCC_OscInitStruct.PLL.PLLSource = RCC_PLLSOURCE_HSE;
 233              		.loc 1 123 3 is_stmt 1 view .LVU58
 123:Core/Src/main.c ****   RCC_OscInitStruct.PLL.PLLSource = RCC_PLLSOURCE_HSE;
 234              		.loc 1 123 34 is_stmt 0 view .LVU59
 235 0028 0222     		movs	r2, #2
 236 002a 0D92     		str	r2, [sp, #52]
 124:Core/Src/main.c ****   RCC_OscInitStruct.PLL.PLLMUL = RCC_PLL_MUL9;
 237              		.loc 1 124 3 is_stmt 1 view .LVU60
 124:Core/Src/main.c ****   RCC_OscInitStruct.PLL.PLLMUL = RCC_PLL_MUL9;
 238              		.loc 1 124 35 is_stmt 0 view .LVU61
 239 002c 0E93     		str	r3, [sp, #56]
 125:Core/Src/main.c ****   if (HAL_RCC_OscConfig(&RCC_OscInitStruct) != HAL_OK)
 240              		.loc 1 125 3 is_stmt 1 view .LVU62
 125:Core/Src/main.c ****   if (HAL_RCC_OscConfig(&RCC_OscInitStruct) != HAL_OK)
 241              		.loc 1 125 32 is_stmt 0 view .LVU63
 242 002e 4FF4E013 		mov	r3, #1835008
 243 0032 0F93     		str	r3, [sp, #60]
 126:Core/Src/main.c ****   {
 244              		.loc 1 126 3 is_stmt 1 view .LVU64
 126:Core/Src/main.c ****   {
 245              		.loc 1 126 7 is_stmt 0 view .LVU65
 246 0034 2046     		mov	r0, r4
 247 0036 FFF7FEFF 		bl	HAL_RCC_OscConfig
 248              	.LVL4:
 126:Core/Src/main.c ****   {
 249              		.loc 1 126 6 discriminator 1 view .LVU66
 250 003a 78B9     		cbnz	r0, .L11
 133:Core/Src/main.c ****                               |RCC_CLOCKTYPE_PCLK1|RCC_CLOCKTYPE_PCLK2;
 251              		.loc 1 133 3 is_stmt 1 view .LVU67
 133:Core/Src/main.c ****                               |RCC_CLOCKTYPE_PCLK1|RCC_CLOCKTYPE_PCLK2;
 252              		.loc 1 133 31 is_stmt 0 view .LVU68
 253 003c 0F23     		movs	r3, #15
 254 003e 0193     		str	r3, [sp, #4]
 135:Core/Src/main.c ****   RCC_ClkInitStruct.AHBCLKDivider = RCC_SYSCLK_DIV1;
 255              		.loc 1 135 3 is_stmt 1 view .LVU69
 135:Core/Src/main.c ****   RCC_ClkInitStruct.AHBCLKDivider = RCC_SYSCLK_DIV1;
 256              		.loc 1 135 34 is_stmt 0 view .LVU70
 257 0040 0221     		movs	r1, #2
 258 0042 0291     		str	r1, [sp, #8]
 136:Core/Src/main.c ****   RCC_ClkInitStruct.APB1CLKDivider = RCC_HCLK_DIV2;
 259              		.loc 1 136 3 is_stmt 1 view .LVU71
 136:Core/Src/main.c ****   RCC_ClkInitStruct.APB1CLKDivider = RCC_HCLK_DIV2;
 260              		.loc 1 136 35 is_stmt 0 view .LVU72
 261 0044 0023     		movs	r3, #0
 262 0046 0393     		str	r3, [sp, #12]
 137:Core/Src/main.c ****   RCC_ClkInitStruct.APB2CLKDivider = RCC_HCLK_DIV1;
 263              		.loc 1 137 3 is_stmt 1 view .LVU73
 137:Core/Src/main.c ****   RCC_ClkInitStruct.APB2CLKDivider = RCC_HCLK_DIV1;
ARM GAS  /tmp/cchEY7Gs.s 			page 12


 264              		.loc 1 137 36 is_stmt 0 view .LVU74
 265 0048 4FF48062 		mov	r2, #1024
 266 004c 0492     		str	r2, [sp, #16]
 138:Core/Src/main.c **** 
 267              		.loc 1 138 3 is_stmt 1 view .LVU75
 138:Core/Src/main.c **** 
 268              		.loc 1 138 36 is_stmt 0 view .LVU76
 269 004e 0593     		str	r3, [sp, #20]
 140:Core/Src/main.c ****   {
 270              		.loc 1 140 3 is_stmt 1 view .LVU77
 140:Core/Src/main.c ****   {
 271              		.loc 1 140 7 is_stmt 0 view .LVU78
 272 0050 01A8     		add	r0, sp, #4
 273 0052 FFF7FEFF 		bl	HAL_RCC_ClockConfig
 274              	.LVL5:
 140:Core/Src/main.c ****   {
 275              		.loc 1 140 6 discriminator 1 view .LVU79
 276 0056 18B9     		cbnz	r0, .L12
 144:Core/Src/main.c **** 
 277              		.loc 1 144 1 view .LVU80
 278 0058 10B0     		add	sp, sp, #64
 279              		.cfi_remember_state
 280              		.cfi_def_cfa_offset 8
 281              		@ sp needed
 282 005a 10BD     		pop	{r4, pc}
 283              	.L11:
 284              		.cfi_restore_state
 128:Core/Src/main.c ****   }
 285              		.loc 1 128 5 is_stmt 1 view .LVU81
 286 005c FFF7FEFF 		bl	Error_Handler
 287              	.LVL6:
 288              	.L12:
 142:Core/Src/main.c ****   }
 289              		.loc 1 142 5 view .LVU82
 290 0060 FFF7FEFF 		bl	Error_Handler
 291              	.LVL7:
 292              		.cfi_endproc
 293              	.LFE66:
 295              		.section	.text.main,"ax",%progbits
 296              		.align	1
 297              		.global	main
 298              		.syntax unified
 299              		.thumb
 300              		.thumb_func
 302              	main:
 303              	.LFB65:
  65:Core/Src/main.c **** 
 304              		.loc 1 65 1 view -0
 305              		.cfi_startproc
 306              		@ Volatile: function does not return.
 307              		@ args = 0, pretend = 0, frame = 0
 308              		@ frame_needed = 0, uses_anonymous_args = 0
 309 0000 08B5     		push	{r3, lr}
 310              		.cfi_def_cfa_offset 8
 311              		.cfi_offset 3, -8
 312              		.cfi_offset 14, -4
  74:Core/Src/main.c **** 
ARM GAS  /tmp/cchEY7Gs.s 			page 13


 313              		.loc 1 74 3 view .LVU84
 314 0002 FFF7FEFF 		bl	HAL_Init
 315              	.LVL8:
  81:Core/Src/main.c **** 
 316              		.loc 1 81 3 view .LVU85
 317 0006 FFF7FEFF 		bl	SystemClock_Config
 318              	.LVL9:
  88:Core/Src/main.c ****   /* USER CODE BEGIN 2 */
 319              		.loc 1 88 3 view .LVU86
 320 000a FFF7FEFF 		bl	MX_GPIO_Init
 321              	.LVL10:
 322              	.L14:
  95:Core/Src/main.c ****   {
 323              		.loc 1 95 3 view .LVU87
 100:Core/Src/main.c ****     if(HAL_GPIO_ReadPin(GPIOA,buton_Pin)==1)
 324              		.loc 1 100 5 view .LVU88
 325 000e 0122     		movs	r2, #1
 326 0010 4FF40051 		mov	r1, #8192
 327 0014 0748     		ldr	r0, .L17
 328 0016 FFF7FEFF 		bl	HAL_GPIO_WritePin
 329              	.LVL11:
 101:Core/Src/main.c ****       HAL_GPIO_WritePin(GPIOC,led13_Pin,GPIO_PIN_RESET);
 330              		.loc 1 101 5 view .LVU89
 101:Core/Src/main.c ****       HAL_GPIO_WritePin(GPIOC,led13_Pin,GPIO_PIN_RESET);
 331              		.loc 1 101 8 is_stmt 0 view .LVU90
 332 001a 0121     		movs	r1, #1
 333 001c 0648     		ldr	r0, .L17+4
 334 001e FFF7FEFF 		bl	HAL_GPIO_ReadPin
 335              	.LVL12:
 101:Core/Src/main.c ****       HAL_GPIO_WritePin(GPIOC,led13_Pin,GPIO_PIN_RESET);
 336              		.loc 1 101 7 discriminator 1 view .LVU91
 337 0022 0128     		cmp	r0, #1
 338 0024 F3D1     		bne	.L14
 102:Core/Src/main.c ****   }
 339              		.loc 1 102 7 is_stmt 1 view .LVU92
 340 0026 0022     		movs	r2, #0
 341 0028 4FF40051 		mov	r1, #8192
 342 002c 0148     		ldr	r0, .L17
 343 002e FFF7FEFF 		bl	HAL_GPIO_WritePin
 344              	.LVL13:
 345 0032 ECE7     		b	.L14
 346              	.L18:
 347              		.align	2
 348              	.L17:
 349 0034 00100140 		.word	1073811456
 350 0038 00080140 		.word	1073809408
 351              		.cfi_endproc
 352              	.LFE65:
 354              		.text
 355              	.Letext0:
 356              		.file 3 "/usr/arm-none-eabi/include/machine/_default_types.h"
 357              		.file 4 "/usr/arm-none-eabi/include/sys/_stdint.h"
 358              		.file 5 "Drivers/CMSIS/Device/ST/STM32F1xx/Include/stm32f103xb.h"
 359              		.file 6 "Drivers/STM32F1xx_HAL_Driver/Inc/stm32f1xx_hal_def.h"
 360              		.file 7 "Drivers/STM32F1xx_HAL_Driver/Inc/stm32f1xx_hal_rcc.h"
 361              		.file 8 "Drivers/STM32F1xx_HAL_Driver/Inc/stm32f1xx_hal_rcc_ex.h"
 362              		.file 9 "Drivers/STM32F1xx_HAL_Driver/Inc/stm32f1xx_hal_gpio.h"
ARM GAS  /tmp/cchEY7Gs.s 			page 14


 363              		.file 10 "Drivers/STM32F1xx_HAL_Driver/Inc/stm32f1xx_hal.h"
 364              		.file 11 "<built-in>"
ARM GAS  /tmp/cchEY7Gs.s 			page 15


DEFINED SYMBOLS
                            *ABS*:00000000 main.c
     /tmp/cchEY7Gs.s:19     .text.MX_GPIO_Init:00000000 $t
     /tmp/cchEY7Gs.s:24     .text.MX_GPIO_Init:00000000 MX_GPIO_Init
     /tmp/cchEY7Gs.s:142    .text.MX_GPIO_Init:00000080 $d
     /tmp/cchEY7Gs.s:149    .text.Error_Handler:00000000 $t
     /tmp/cchEY7Gs.s:155    .text.Error_Handler:00000000 Error_Handler
     /tmp/cchEY7Gs.s:187    .text.SystemClock_Config:00000000 $t
     /tmp/cchEY7Gs.s:193    .text.SystemClock_Config:00000000 SystemClock_Config
     /tmp/cchEY7Gs.s:296    .text.main:00000000 $t
     /tmp/cchEY7Gs.s:302    .text.main:00000000 main
     /tmp/cchEY7Gs.s:349    .text.main:00000034 $d

UNDEFINED SYMBOLS
HAL_GPIO_WritePin
HAL_GPIO_Init
memset
HAL_RCC_OscConfig
HAL_RCC_ClockConfig
HAL_Init
HAL_GPIO_ReadPin
