ARM GAS  /tmp/ccr2CDnY.s 			page 1


   1              		.cpu cortex-m3
   2              		.arch armv7-m
   3              		.fpu softvfp
   4              		.eabi_attribute 20, 1
   5              		.eabi_attribute 21, 1
   6              		.eabi_attribute 23, 3
   7              		.eabi_attribute 24, 1
   8              		.eabi_attribute 25, 1
   9              		.eabi_attribute 26, 1
  10              		.eabi_attribute 30, 1
  11              		.eabi_attribute 34, 1
  12              		.eabi_attribute 18, 4
  13              		.file	"main.c"
  14              		.text
  15              	.Ltext0:
  16              		.cfi_sections	.debug_frame
  17              		.file 1 "Core/Src/main.c"
  18              		.section	.text.MX_GPIO_Init,"ax",%progbits
  19              		.align	1
  20              		.syntax unified
  21              		.thumb
  22              		.thumb_func
  24              	MX_GPIO_Init:
  25              	.LFB67:
   1:Core/Src/main.c **** /* USER CODE BEGIN Header */
   2:Core/Src/main.c **** /**
   3:Core/Src/main.c ****   ******************************************************************************
   4:Core/Src/main.c ****   * @file           : main.c
   5:Core/Src/main.c ****   * @brief          : Main program body
   6:Core/Src/main.c ****   ******************************************************************************
   7:Core/Src/main.c ****   * @attention
   8:Core/Src/main.c ****   *
   9:Core/Src/main.c ****   * Copyright (c) 2025 STMicroelectronics.
  10:Core/Src/main.c ****   * All rights reserved.
  11:Core/Src/main.c ****   *
  12:Core/Src/main.c ****   * This software is licensed under terms that can be found in the LICENSE file
  13:Core/Src/main.c ****   * in the root directory of this software component.
  14:Core/Src/main.c ****   * If no LICENSE file comes with this software, it is provided AS-IS.
  15:Core/Src/main.c ****   *
  16:Core/Src/main.c ****   ******************************************************************************
  17:Core/Src/main.c ****   */
  18:Core/Src/main.c **** /* USER CODE END Header */
  19:Core/Src/main.c **** /* Includes ------------------------------------------------------------------*/
  20:Core/Src/main.c **** #include "main.h"
  21:Core/Src/main.c **** 
  22:Core/Src/main.c **** /* Private includes ----------------------------------------------------------*/
  23:Core/Src/main.c **** /* USER CODE BEGIN Includes */
  24:Core/Src/main.c **** 
  25:Core/Src/main.c **** /* USER CODE END Includes */
  26:Core/Src/main.c **** 
  27:Core/Src/main.c **** /* Private typedef -----------------------------------------------------------*/
  28:Core/Src/main.c **** /* USER CODE BEGIN PTD */
  29:Core/Src/main.c **** 
  30:Core/Src/main.c **** /* USER CODE END PTD */
  31:Core/Src/main.c **** 
  32:Core/Src/main.c **** /* Private define ------------------------------------------------------------*/
  33:Core/Src/main.c **** /* USER CODE BEGIN PD */
ARM GAS  /tmp/ccr2CDnY.s 			page 2


  34:Core/Src/main.c **** 
  35:Core/Src/main.c **** /* USER CODE END PD */
  36:Core/Src/main.c **** 
  37:Core/Src/main.c **** /* Private macro -------------------------------------------------------------*/
  38:Core/Src/main.c **** /* USER CODE BEGIN PM */
  39:Core/Src/main.c **** 
  40:Core/Src/main.c **** /* USER CODE END PM */
  41:Core/Src/main.c **** 
  42:Core/Src/main.c **** /* Private variables ---------------------------------------------------------*/
  43:Core/Src/main.c **** 
  44:Core/Src/main.c **** /* USER CODE BEGIN PV */
  45:Core/Src/main.c **** 
  46:Core/Src/main.c **** /* USER CODE END PV */
  47:Core/Src/main.c **** 
  48:Core/Src/main.c **** /* Private function prototypes -----------------------------------------------*/
  49:Core/Src/main.c **** void SystemClock_Config(void);
  50:Core/Src/main.c **** static void MX_GPIO_Init(void);
  51:Core/Src/main.c **** /* USER CODE BEGIN PFP */
  52:Core/Src/main.c **** 
  53:Core/Src/main.c **** /* USER CODE END PFP */
  54:Core/Src/main.c **** 
  55:Core/Src/main.c **** /* Private user code ---------------------------------------------------------*/
  56:Core/Src/main.c **** /* USER CODE BEGIN 0 */
  57:Core/Src/main.c **** 
  58:Core/Src/main.c **** /* USER CODE END 0 */
  59:Core/Src/main.c **** 
  60:Core/Src/main.c **** /**
  61:Core/Src/main.c ****   * @brief  The application entry point.
  62:Core/Src/main.c ****   * @retval int
  63:Core/Src/main.c ****   */
  64:Core/Src/main.c **** int main(void)
  65:Core/Src/main.c **** {
  66:Core/Src/main.c **** 
  67:Core/Src/main.c ****   /* USER CODE BEGIN 1 */
  68:Core/Src/main.c **** 
  69:Core/Src/main.c ****   /* USER CODE END 1 */
  70:Core/Src/main.c **** 
  71:Core/Src/main.c ****   /* MCU Configuration--------------------------------------------------------*/
  72:Core/Src/main.c **** 
  73:Core/Src/main.c ****   /* Reset of all peripherals, Initializes the Flash interface and the Systick. */
  74:Core/Src/main.c ****   HAL_Init();
  75:Core/Src/main.c **** 
  76:Core/Src/main.c ****   /* USER CODE BEGIN Init */
  77:Core/Src/main.c **** 
  78:Core/Src/main.c ****   /* USER CODE END Init */
  79:Core/Src/main.c **** 
  80:Core/Src/main.c ****   /* Configure the system clock */
  81:Core/Src/main.c ****   SystemClock_Config();
  82:Core/Src/main.c **** 
  83:Core/Src/main.c ****   /* USER CODE BEGIN SysInit */
  84:Core/Src/main.c **** 
  85:Core/Src/main.c ****   /* USER CODE END SysInit */
  86:Core/Src/main.c **** 
  87:Core/Src/main.c ****   /* Initialize all configured peripherals */
  88:Core/Src/main.c ****   MX_GPIO_Init();
  89:Core/Src/main.c ****   /* USER CODE BEGIN 2 */
  90:Core/Src/main.c **** 
ARM GAS  /tmp/ccr2CDnY.s 			page 3


  91:Core/Src/main.c ****   /* USER CODE END 2 */
  92:Core/Src/main.c **** 
  93:Core/Src/main.c ****   /* Infinite loop */
  94:Core/Src/main.c ****   /* USER CODE BEGIN WHILE */
  95:Core/Src/main.c ****   while (1)
  96:Core/Src/main.c ****   {
  97:Core/Src/main.c ****     /* USER CODE END WHILE */
  98:Core/Src/main.c **** 
  99:Core/Src/main.c ****     /* USER CODE BEGIN 3 */
 100:Core/Src/main.c ****   }
 101:Core/Src/main.c ****   /* USER CODE END 3 */
 102:Core/Src/main.c **** }
 103:Core/Src/main.c **** 
 104:Core/Src/main.c **** /**
 105:Core/Src/main.c ****   * @brief System Clock Configuration
 106:Core/Src/main.c ****   * @retval None
 107:Core/Src/main.c ****   */
 108:Core/Src/main.c **** void SystemClock_Config(void)
 109:Core/Src/main.c **** {
 110:Core/Src/main.c ****   RCC_OscInitTypeDef RCC_OscInitStruct = {0};
 111:Core/Src/main.c ****   RCC_ClkInitTypeDef RCC_ClkInitStruct = {0};
 112:Core/Src/main.c **** 
 113:Core/Src/main.c ****   /** Initializes the RCC Oscillators according to the specified parameters
 114:Core/Src/main.c ****   * in the RCC_OscInitTypeDef structure.
 115:Core/Src/main.c ****   */
 116:Core/Src/main.c ****   RCC_OscInitStruct.OscillatorType = RCC_OSCILLATORTYPE_HSE;
 117:Core/Src/main.c ****   RCC_OscInitStruct.HSEState = RCC_HSE_ON;
 118:Core/Src/main.c ****   RCC_OscInitStruct.HSEPredivValue = RCC_HSE_PREDIV_DIV1;
 119:Core/Src/main.c ****   RCC_OscInitStruct.HSIState = RCC_HSI_ON;
 120:Core/Src/main.c ****   RCC_OscInitStruct.PLL.PLLState = RCC_PLL_ON;
 121:Core/Src/main.c ****   RCC_OscInitStruct.PLL.PLLSource = RCC_PLLSOURCE_HSE;
 122:Core/Src/main.c ****   RCC_OscInitStruct.PLL.PLLMUL = RCC_PLL_MUL9;
 123:Core/Src/main.c ****   if (HAL_RCC_OscConfig(&RCC_OscInitStruct) != HAL_OK)
 124:Core/Src/main.c ****   {
 125:Core/Src/main.c ****     Error_Handler();
 126:Core/Src/main.c ****   }
 127:Core/Src/main.c **** 
 128:Core/Src/main.c ****   /** Initializes the CPU, AHB and APB buses clocks
 129:Core/Src/main.c ****   */
 130:Core/Src/main.c ****   RCC_ClkInitStruct.ClockType = RCC_CLOCKTYPE_HCLK|RCC_CLOCKTYPE_SYSCLK
 131:Core/Src/main.c ****                               |RCC_CLOCKTYPE_PCLK1|RCC_CLOCKTYPE_PCLK2;
 132:Core/Src/main.c ****   RCC_ClkInitStruct.SYSCLKSource = RCC_SYSCLKSOURCE_PLLCLK;
 133:Core/Src/main.c ****   RCC_ClkInitStruct.AHBCLKDivider = RCC_SYSCLK_DIV1;
 134:Core/Src/main.c ****   RCC_ClkInitStruct.APB1CLKDivider = RCC_HCLK_DIV2;
 135:Core/Src/main.c ****   RCC_ClkInitStruct.APB2CLKDivider = RCC_HCLK_DIV1;
 136:Core/Src/main.c **** 
 137:Core/Src/main.c ****   if (HAL_RCC_ClockConfig(&RCC_ClkInitStruct, FLASH_LATENCY_2) != HAL_OK)
 138:Core/Src/main.c ****   {
 139:Core/Src/main.c ****     Error_Handler();
 140:Core/Src/main.c ****   }
 141:Core/Src/main.c **** }
 142:Core/Src/main.c **** 
 143:Core/Src/main.c **** /**
 144:Core/Src/main.c ****   * @brief GPIO Initialization Function
 145:Core/Src/main.c ****   * @param None
 146:Core/Src/main.c ****   * @retval None
 147:Core/Src/main.c ****   */
ARM GAS  /tmp/ccr2CDnY.s 			page 4


 148:Core/Src/main.c **** static void MX_GPIO_Init(void)
 149:Core/Src/main.c **** {
  26              		.loc 1 149 1 view -0
  27              		.cfi_startproc
  28              		@ args = 0, pretend = 0, frame = 32
  29              		@ frame_needed = 0, uses_anonymous_args = 0
  30 0000 F0B5     		push	{r4, r5, r6, r7, lr}
  31              		.cfi_def_cfa_offset 20
  32              		.cfi_offset 4, -20
  33              		.cfi_offset 5, -16
  34              		.cfi_offset 6, -12
  35              		.cfi_offset 7, -8
  36              		.cfi_offset 14, -4
  37 0002 89B0     		sub	sp, sp, #36
  38              		.cfi_def_cfa_offset 56
 150:Core/Src/main.c ****   GPIO_InitTypeDef GPIO_InitStruct = {0};
  39              		.loc 1 150 3 view .LVU1
  40              		.loc 1 150 20 is_stmt 0 view .LVU2
  41 0004 04AD     		add	r5, sp, #16
  42 0006 0024     		movs	r4, #0
  43 0008 0494     		str	r4, [sp, #16]
  44 000a 0594     		str	r4, [sp, #20]
  45 000c 0694     		str	r4, [sp, #24]
  46 000e 0794     		str	r4, [sp, #28]
 151:Core/Src/main.c **** /* USER CODE BEGIN MX_GPIO_Init_1 */
 152:Core/Src/main.c **** /* USER CODE END MX_GPIO_Init_1 */
 153:Core/Src/main.c **** 
 154:Core/Src/main.c ****   /* GPIO Ports Clock Enable */
 155:Core/Src/main.c ****   __HAL_RCC_GPIOC_CLK_ENABLE();
  47              		.loc 1 155 3 is_stmt 1 view .LVU3
  48              	.LBB4:
  49              		.loc 1 155 3 view .LVU4
  50              		.loc 1 155 3 view .LVU5
  51 0010 244B     		ldr	r3, .L3
  52 0012 9A69     		ldr	r2, [r3, #24]
  53 0014 42F01002 		orr	r2, r2, #16
  54 0018 9A61     		str	r2, [r3, #24]
  55              		.loc 1 155 3 view .LVU6
  56 001a 9A69     		ldr	r2, [r3, #24]
  57 001c 02F01002 		and	r2, r2, #16
  58 0020 0092     		str	r2, [sp]
  59              		.loc 1 155 3 view .LVU7
  60 0022 009A     		ldr	r2, [sp]
  61              	.LBE4:
  62              		.loc 1 155 3 view .LVU8
 156:Core/Src/main.c ****   __HAL_RCC_GPIOD_CLK_ENABLE();
  63              		.loc 1 156 3 view .LVU9
  64              	.LBB5:
  65              		.loc 1 156 3 view .LVU10
  66              		.loc 1 156 3 view .LVU11
  67 0024 9A69     		ldr	r2, [r3, #24]
  68 0026 42F02002 		orr	r2, r2, #32
  69 002a 9A61     		str	r2, [r3, #24]
  70              		.loc 1 156 3 view .LVU12
  71 002c 9A69     		ldr	r2, [r3, #24]
  72 002e 02F02002 		and	r2, r2, #32
  73 0032 0192     		str	r2, [sp, #4]
ARM GAS  /tmp/ccr2CDnY.s 			page 5


  74              		.loc 1 156 3 view .LVU13
  75 0034 019A     		ldr	r2, [sp, #4]
  76              	.LBE5:
  77              		.loc 1 156 3 view .LVU14
 157:Core/Src/main.c ****   __HAL_RCC_GPIOB_CLK_ENABLE();
  78              		.loc 1 157 3 view .LVU15
  79              	.LBB6:
  80              		.loc 1 157 3 view .LVU16
  81              		.loc 1 157 3 view .LVU17
  82 0036 9A69     		ldr	r2, [r3, #24]
  83 0038 42F00802 		orr	r2, r2, #8
  84 003c 9A61     		str	r2, [r3, #24]
  85              		.loc 1 157 3 view .LVU18
  86 003e 9A69     		ldr	r2, [r3, #24]
  87 0040 02F00802 		and	r2, r2, #8
  88 0044 0292     		str	r2, [sp, #8]
  89              		.loc 1 157 3 view .LVU19
  90 0046 029A     		ldr	r2, [sp, #8]
  91              	.LBE6:
  92              		.loc 1 157 3 view .LVU20
 158:Core/Src/main.c ****   __HAL_RCC_GPIOA_CLK_ENABLE();
  93              		.loc 1 158 3 view .LVU21
  94              	.LBB7:
  95              		.loc 1 158 3 view .LVU22
  96              		.loc 1 158 3 view .LVU23
  97 0048 9A69     		ldr	r2, [r3, #24]
  98 004a 42F00402 		orr	r2, r2, #4
  99 004e 9A61     		str	r2, [r3, #24]
 100              		.loc 1 158 3 view .LVU24
 101 0050 9B69     		ldr	r3, [r3, #24]
 102 0052 03F00403 		and	r3, r3, #4
 103 0056 0393     		str	r3, [sp, #12]
 104              		.loc 1 158 3 view .LVU25
 105 0058 039B     		ldr	r3, [sp, #12]
 106              	.LBE7:
 107              		.loc 1 158 3 view .LVU26
 159:Core/Src/main.c **** 
 160:Core/Src/main.c ****   /*Configure GPIO pin Output Level */
 161:Core/Src/main.c ****   HAL_GPIO_WritePin(pc13ledi_GPIO_Port, pc13ledi_Pin, GPIO_PIN_RESET);
 108              		.loc 1 161 3 view .LVU27
 109 005a 134F     		ldr	r7, .L3+4
 110 005c 2246     		mov	r2, r4
 111 005e 4FF40051 		mov	r1, #8192
 112 0062 3846     		mov	r0, r7
 113 0064 FFF7FEFF 		bl	HAL_GPIO_WritePin
 114              	.LVL0:
 162:Core/Src/main.c **** 
 163:Core/Src/main.c ****   /*Configure GPIO pin : pc13ledi_Pin */
 164:Core/Src/main.c ****   GPIO_InitStruct.Pin = pc13ledi_Pin;
 115              		.loc 1 164 3 view .LVU28
 116              		.loc 1 164 23 is_stmt 0 view .LVU29
 117 0068 4FF40053 		mov	r3, #8192
 118 006c 0493     		str	r3, [sp, #16]
 165:Core/Src/main.c ****   GPIO_InitStruct.Mode = GPIO_MODE_OUTPUT_PP;
 119              		.loc 1 165 3 is_stmt 1 view .LVU30
 120              		.loc 1 165 24 is_stmt 0 view .LVU31
 121 006e 0126     		movs	r6, #1
ARM GAS  /tmp/ccr2CDnY.s 			page 6


 122 0070 0596     		str	r6, [sp, #20]
 166:Core/Src/main.c ****   GPIO_InitStruct.Pull = GPIO_NOPULL;
 123              		.loc 1 166 3 is_stmt 1 view .LVU32
 124              		.loc 1 166 24 is_stmt 0 view .LVU33
 125 0072 0694     		str	r4, [sp, #24]
 167:Core/Src/main.c ****   GPIO_InitStruct.Speed = GPIO_SPEED_FREQ_LOW;
 126              		.loc 1 167 3 is_stmt 1 view .LVU34
 127              		.loc 1 167 25 is_stmt 0 view .LVU35
 128 0074 0223     		movs	r3, #2
 129 0076 0793     		str	r3, [sp, #28]
 168:Core/Src/main.c ****   HAL_GPIO_Init(pc13ledi_GPIO_Port, &GPIO_InitStruct);
 130              		.loc 1 168 3 is_stmt 1 view .LVU36
 131 0078 2946     		mov	r1, r5
 132 007a 3846     		mov	r0, r7
 133 007c FFF7FEFF 		bl	HAL_GPIO_Init
 134              	.LVL1:
 169:Core/Src/main.c **** 
 170:Core/Src/main.c ****   /*Configure GPIO pin : PB0 */
 171:Core/Src/main.c ****   GPIO_InitStruct.Pin = GPIO_PIN_0;
 135              		.loc 1 171 3 view .LVU37
 136              		.loc 1 171 23 is_stmt 0 view .LVU38
 137 0080 0496     		str	r6, [sp, #16]
 172:Core/Src/main.c ****   GPIO_InitStruct.Mode = GPIO_MODE_IT_RISING;
 138              		.loc 1 172 3 is_stmt 1 view .LVU39
 139              		.loc 1 172 24 is_stmt 0 view .LVU40
 140 0082 0A4B     		ldr	r3, .L3+8
 141 0084 0593     		str	r3, [sp, #20]
 173:Core/Src/main.c ****   GPIO_InitStruct.Pull = GPIO_NOPULL;
 142              		.loc 1 173 3 is_stmt 1 view .LVU41
 143              		.loc 1 173 24 is_stmt 0 view .LVU42
 144 0086 0694     		str	r4, [sp, #24]
 174:Core/Src/main.c ****   HAL_GPIO_Init(GPIOB, &GPIO_InitStruct);
 145              		.loc 1 174 3 is_stmt 1 view .LVU43
 146 0088 2946     		mov	r1, r5
 147 008a 0948     		ldr	r0, .L3+12
 148 008c FFF7FEFF 		bl	HAL_GPIO_Init
 149              	.LVL2:
 175:Core/Src/main.c **** 
 176:Core/Src/main.c ****   /* EXTI interrupt init*/
 177:Core/Src/main.c ****   HAL_NVIC_SetPriority(EXTI0_IRQn, 0, 0);
 150              		.loc 1 177 3 view .LVU44
 151 0090 2246     		mov	r2, r4
 152 0092 2146     		mov	r1, r4
 153 0094 0620     		movs	r0, #6
 154 0096 FFF7FEFF 		bl	HAL_NVIC_SetPriority
 155              	.LVL3:
 178:Core/Src/main.c ****   HAL_NVIC_EnableIRQ(EXTI0_IRQn);
 156              		.loc 1 178 3 view .LVU45
 157 009a 0620     		movs	r0, #6
 158 009c FFF7FEFF 		bl	HAL_NVIC_EnableIRQ
 159              	.LVL4:
 179:Core/Src/main.c **** 
 180:Core/Src/main.c **** /* USER CODE BEGIN MX_GPIO_Init_2 */
 181:Core/Src/main.c **** /* USER CODE END MX_GPIO_Init_2 */
 182:Core/Src/main.c **** }
 160              		.loc 1 182 1 is_stmt 0 view .LVU46
 161 00a0 09B0     		add	sp, sp, #36
ARM GAS  /tmp/ccr2CDnY.s 			page 7


 162              		.cfi_def_cfa_offset 20
 163              		@ sp needed
 164 00a2 F0BD     		pop	{r4, r5, r6, r7, pc}
 165              	.L4:
 166              		.align	2
 167              	.L3:
 168 00a4 00100240 		.word	1073876992
 169 00a8 00100140 		.word	1073811456
 170 00ac 00001110 		.word	269549568
 171 00b0 000C0140 		.word	1073810432
 172              		.cfi_endproc
 173              	.LFE67:
 175              		.section	.text.Error_Handler,"ax",%progbits
 176              		.align	1
 177              		.global	Error_Handler
 178              		.syntax unified
 179              		.thumb
 180              		.thumb_func
 182              	Error_Handler:
 183              	.LFB68:
 183:Core/Src/main.c **** 
 184:Core/Src/main.c **** /* USER CODE BEGIN 4 */
 185:Core/Src/main.c **** 
 186:Core/Src/main.c **** /* USER CODE END 4 */
 187:Core/Src/main.c **** 
 188:Core/Src/main.c **** /**
 189:Core/Src/main.c ****   * @brief  This function is executed in case of error occurrence.
 190:Core/Src/main.c ****   * @retval None
 191:Core/Src/main.c ****   */
 192:Core/Src/main.c **** void Error_Handler(void)
 193:Core/Src/main.c **** {
 184              		.loc 1 193 1 is_stmt 1 view -0
 185              		.cfi_startproc
 186              		@ Volatile: function does not return.
 187              		@ args = 0, pretend = 0, frame = 0
 188              		@ frame_needed = 0, uses_anonymous_args = 0
 189              		@ link register save eliminated.
 194:Core/Src/main.c ****   /* USER CODE BEGIN Error_Handler_Debug */
 195:Core/Src/main.c ****   /* User can add his own implementation to report the HAL error return state */
 196:Core/Src/main.c ****   __disable_irq();
 190              		.loc 1 196 3 view .LVU48
 191              	.LBB8:
 192              	.LBI8:
 193              		.file 2 "Drivers/CMSIS/Include/cmsis_gcc.h"
   1:Drivers/CMSIS/Include/cmsis_gcc.h **** /**************************************************************************//**
   2:Drivers/CMSIS/Include/cmsis_gcc.h ****  * @file     cmsis_gcc.h
   3:Drivers/CMSIS/Include/cmsis_gcc.h ****  * @brief    CMSIS compiler GCC header file
   4:Drivers/CMSIS/Include/cmsis_gcc.h ****  * @version  V5.0.4
   5:Drivers/CMSIS/Include/cmsis_gcc.h ****  * @date     09. April 2018
   6:Drivers/CMSIS/Include/cmsis_gcc.h ****  ******************************************************************************/
   7:Drivers/CMSIS/Include/cmsis_gcc.h **** /*
   8:Drivers/CMSIS/Include/cmsis_gcc.h ****  * Copyright (c) 2009-2018 Arm Limited. All rights reserved.
   9:Drivers/CMSIS/Include/cmsis_gcc.h ****  *
  10:Drivers/CMSIS/Include/cmsis_gcc.h ****  * SPDX-License-Identifier: Apache-2.0
  11:Drivers/CMSIS/Include/cmsis_gcc.h ****  *
  12:Drivers/CMSIS/Include/cmsis_gcc.h ****  * Licensed under the Apache License, Version 2.0 (the License); you may
  13:Drivers/CMSIS/Include/cmsis_gcc.h ****  * not use this file except in compliance with the License.
ARM GAS  /tmp/ccr2CDnY.s 			page 8


  14:Drivers/CMSIS/Include/cmsis_gcc.h ****  * You may obtain a copy of the License at
  15:Drivers/CMSIS/Include/cmsis_gcc.h ****  *
  16:Drivers/CMSIS/Include/cmsis_gcc.h ****  * www.apache.org/licenses/LICENSE-2.0
  17:Drivers/CMSIS/Include/cmsis_gcc.h ****  *
  18:Drivers/CMSIS/Include/cmsis_gcc.h ****  * Unless required by applicable law or agreed to in writing, software
  19:Drivers/CMSIS/Include/cmsis_gcc.h ****  * distributed under the License is distributed on an AS IS BASIS, WITHOUT
  20:Drivers/CMSIS/Include/cmsis_gcc.h ****  * WARRANTIES OR CONDITIONS OF ANY KIND, either express or implied.
  21:Drivers/CMSIS/Include/cmsis_gcc.h ****  * See the License for the specific language governing permissions and
  22:Drivers/CMSIS/Include/cmsis_gcc.h ****  * limitations under the License.
  23:Drivers/CMSIS/Include/cmsis_gcc.h ****  */
  24:Drivers/CMSIS/Include/cmsis_gcc.h **** 
  25:Drivers/CMSIS/Include/cmsis_gcc.h **** #ifndef __CMSIS_GCC_H
  26:Drivers/CMSIS/Include/cmsis_gcc.h **** #define __CMSIS_GCC_H
  27:Drivers/CMSIS/Include/cmsis_gcc.h **** 
  28:Drivers/CMSIS/Include/cmsis_gcc.h **** /* ignore some GCC warnings */
  29:Drivers/CMSIS/Include/cmsis_gcc.h **** #pragma GCC diagnostic push
  30:Drivers/CMSIS/Include/cmsis_gcc.h **** #pragma GCC diagnostic ignored "-Wsign-conversion"
  31:Drivers/CMSIS/Include/cmsis_gcc.h **** #pragma GCC diagnostic ignored "-Wconversion"
  32:Drivers/CMSIS/Include/cmsis_gcc.h **** #pragma GCC diagnostic ignored "-Wunused-parameter"
  33:Drivers/CMSIS/Include/cmsis_gcc.h **** 
  34:Drivers/CMSIS/Include/cmsis_gcc.h **** /* Fallback for __has_builtin */
  35:Drivers/CMSIS/Include/cmsis_gcc.h **** #ifndef __has_builtin
  36:Drivers/CMSIS/Include/cmsis_gcc.h ****   #define __has_builtin(x) (0)
  37:Drivers/CMSIS/Include/cmsis_gcc.h **** #endif
  38:Drivers/CMSIS/Include/cmsis_gcc.h **** 
  39:Drivers/CMSIS/Include/cmsis_gcc.h **** /* CMSIS compiler specific defines */
  40:Drivers/CMSIS/Include/cmsis_gcc.h **** #ifndef   __ASM
  41:Drivers/CMSIS/Include/cmsis_gcc.h ****   #define __ASM                                  __asm
  42:Drivers/CMSIS/Include/cmsis_gcc.h **** #endif
  43:Drivers/CMSIS/Include/cmsis_gcc.h **** #ifndef   __INLINE
  44:Drivers/CMSIS/Include/cmsis_gcc.h ****   #define __INLINE                               inline
  45:Drivers/CMSIS/Include/cmsis_gcc.h **** #endif
  46:Drivers/CMSIS/Include/cmsis_gcc.h **** #ifndef   __STATIC_INLINE
  47:Drivers/CMSIS/Include/cmsis_gcc.h ****   #define __STATIC_INLINE                        static inline
  48:Drivers/CMSIS/Include/cmsis_gcc.h **** #endif
  49:Drivers/CMSIS/Include/cmsis_gcc.h **** #ifndef   __STATIC_FORCEINLINE                 
  50:Drivers/CMSIS/Include/cmsis_gcc.h ****   #define __STATIC_FORCEINLINE                   __attribute__((always_inline)) static inline
  51:Drivers/CMSIS/Include/cmsis_gcc.h **** #endif                                           
  52:Drivers/CMSIS/Include/cmsis_gcc.h **** #ifndef   __NO_RETURN
  53:Drivers/CMSIS/Include/cmsis_gcc.h ****   #define __NO_RETURN                            __attribute__((__noreturn__))
  54:Drivers/CMSIS/Include/cmsis_gcc.h **** #endif
  55:Drivers/CMSIS/Include/cmsis_gcc.h **** #ifndef   __USED
  56:Drivers/CMSIS/Include/cmsis_gcc.h ****   #define __USED                                 __attribute__((used))
  57:Drivers/CMSIS/Include/cmsis_gcc.h **** #endif
  58:Drivers/CMSIS/Include/cmsis_gcc.h **** #ifndef   __WEAK
  59:Drivers/CMSIS/Include/cmsis_gcc.h ****   #define __WEAK                                 __attribute__((weak))
  60:Drivers/CMSIS/Include/cmsis_gcc.h **** #endif
  61:Drivers/CMSIS/Include/cmsis_gcc.h **** #ifndef   __PACKED
  62:Drivers/CMSIS/Include/cmsis_gcc.h ****   #define __PACKED                               __attribute__((packed, aligned(1)))
  63:Drivers/CMSIS/Include/cmsis_gcc.h **** #endif
  64:Drivers/CMSIS/Include/cmsis_gcc.h **** #ifndef   __PACKED_STRUCT
  65:Drivers/CMSIS/Include/cmsis_gcc.h ****   #define __PACKED_STRUCT                        struct __attribute__((packed, aligned(1)))
  66:Drivers/CMSIS/Include/cmsis_gcc.h **** #endif
  67:Drivers/CMSIS/Include/cmsis_gcc.h **** #ifndef   __PACKED_UNION
  68:Drivers/CMSIS/Include/cmsis_gcc.h ****   #define __PACKED_UNION                         union __attribute__((packed, aligned(1)))
  69:Drivers/CMSIS/Include/cmsis_gcc.h **** #endif
  70:Drivers/CMSIS/Include/cmsis_gcc.h **** #ifndef   __UNALIGNED_UINT32        /* deprecated */
ARM GAS  /tmp/ccr2CDnY.s 			page 9


  71:Drivers/CMSIS/Include/cmsis_gcc.h ****   #pragma GCC diagnostic push
  72:Drivers/CMSIS/Include/cmsis_gcc.h ****   #pragma GCC diagnostic ignored "-Wpacked"
  73:Drivers/CMSIS/Include/cmsis_gcc.h ****   #pragma GCC diagnostic ignored "-Wattributes"
  74:Drivers/CMSIS/Include/cmsis_gcc.h ****   struct __attribute__((packed)) T_UINT32 { uint32_t v; };
  75:Drivers/CMSIS/Include/cmsis_gcc.h ****   #pragma GCC diagnostic pop
  76:Drivers/CMSIS/Include/cmsis_gcc.h ****   #define __UNALIGNED_UINT32(x)                  (((struct T_UINT32 *)(x))->v)
  77:Drivers/CMSIS/Include/cmsis_gcc.h **** #endif
  78:Drivers/CMSIS/Include/cmsis_gcc.h **** #ifndef   __UNALIGNED_UINT16_WRITE
  79:Drivers/CMSIS/Include/cmsis_gcc.h ****   #pragma GCC diagnostic push
  80:Drivers/CMSIS/Include/cmsis_gcc.h ****   #pragma GCC diagnostic ignored "-Wpacked"
  81:Drivers/CMSIS/Include/cmsis_gcc.h ****   #pragma GCC diagnostic ignored "-Wattributes"
  82:Drivers/CMSIS/Include/cmsis_gcc.h ****   __PACKED_STRUCT T_UINT16_WRITE { uint16_t v; };
  83:Drivers/CMSIS/Include/cmsis_gcc.h ****   #pragma GCC diagnostic pop
  84:Drivers/CMSIS/Include/cmsis_gcc.h ****   #define __UNALIGNED_UINT16_WRITE(addr, val)    (void)((((struct T_UINT16_WRITE *)(void *)(addr))-
  85:Drivers/CMSIS/Include/cmsis_gcc.h **** #endif
  86:Drivers/CMSIS/Include/cmsis_gcc.h **** #ifndef   __UNALIGNED_UINT16_READ
  87:Drivers/CMSIS/Include/cmsis_gcc.h ****   #pragma GCC diagnostic push
  88:Drivers/CMSIS/Include/cmsis_gcc.h ****   #pragma GCC diagnostic ignored "-Wpacked"
  89:Drivers/CMSIS/Include/cmsis_gcc.h ****   #pragma GCC diagnostic ignored "-Wattributes"
  90:Drivers/CMSIS/Include/cmsis_gcc.h ****   __PACKED_STRUCT T_UINT16_READ { uint16_t v; };
  91:Drivers/CMSIS/Include/cmsis_gcc.h ****   #pragma GCC diagnostic pop
  92:Drivers/CMSIS/Include/cmsis_gcc.h ****   #define __UNALIGNED_UINT16_READ(addr)          (((const struct T_UINT16_READ *)(const void *)(add
  93:Drivers/CMSIS/Include/cmsis_gcc.h **** #endif
  94:Drivers/CMSIS/Include/cmsis_gcc.h **** #ifndef   __UNALIGNED_UINT32_WRITE
  95:Drivers/CMSIS/Include/cmsis_gcc.h ****   #pragma GCC diagnostic push
  96:Drivers/CMSIS/Include/cmsis_gcc.h ****   #pragma GCC diagnostic ignored "-Wpacked"
  97:Drivers/CMSIS/Include/cmsis_gcc.h ****   #pragma GCC diagnostic ignored "-Wattributes"
  98:Drivers/CMSIS/Include/cmsis_gcc.h ****   __PACKED_STRUCT T_UINT32_WRITE { uint32_t v; };
  99:Drivers/CMSIS/Include/cmsis_gcc.h ****   #pragma GCC diagnostic pop
 100:Drivers/CMSIS/Include/cmsis_gcc.h ****   #define __UNALIGNED_UINT32_WRITE(addr, val)    (void)((((struct T_UINT32_WRITE *)(void *)(addr))-
 101:Drivers/CMSIS/Include/cmsis_gcc.h **** #endif
 102:Drivers/CMSIS/Include/cmsis_gcc.h **** #ifndef   __UNALIGNED_UINT32_READ
 103:Drivers/CMSIS/Include/cmsis_gcc.h ****   #pragma GCC diagnostic push
 104:Drivers/CMSIS/Include/cmsis_gcc.h ****   #pragma GCC diagnostic ignored "-Wpacked"
 105:Drivers/CMSIS/Include/cmsis_gcc.h ****   #pragma GCC diagnostic ignored "-Wattributes"
 106:Drivers/CMSIS/Include/cmsis_gcc.h ****   __PACKED_STRUCT T_UINT32_READ { uint32_t v; };
 107:Drivers/CMSIS/Include/cmsis_gcc.h ****   #pragma GCC diagnostic pop
 108:Drivers/CMSIS/Include/cmsis_gcc.h ****   #define __UNALIGNED_UINT32_READ(addr)          (((const struct T_UINT32_READ *)(const void *)(add
 109:Drivers/CMSIS/Include/cmsis_gcc.h **** #endif
 110:Drivers/CMSIS/Include/cmsis_gcc.h **** #ifndef   __ALIGNED
 111:Drivers/CMSIS/Include/cmsis_gcc.h ****   #define __ALIGNED(x)                           __attribute__((aligned(x)))
 112:Drivers/CMSIS/Include/cmsis_gcc.h **** #endif
 113:Drivers/CMSIS/Include/cmsis_gcc.h **** #ifndef   __RESTRICT
 114:Drivers/CMSIS/Include/cmsis_gcc.h ****   #define __RESTRICT                             __restrict
 115:Drivers/CMSIS/Include/cmsis_gcc.h **** #endif
 116:Drivers/CMSIS/Include/cmsis_gcc.h **** 
 117:Drivers/CMSIS/Include/cmsis_gcc.h **** 
 118:Drivers/CMSIS/Include/cmsis_gcc.h **** /* ###########################  Core Function Access  ########################### */
 119:Drivers/CMSIS/Include/cmsis_gcc.h **** /** \ingroup  CMSIS_Core_FunctionInterface
 120:Drivers/CMSIS/Include/cmsis_gcc.h ****     \defgroup CMSIS_Core_RegAccFunctions CMSIS Core Register Access Functions
 121:Drivers/CMSIS/Include/cmsis_gcc.h ****   @{
 122:Drivers/CMSIS/Include/cmsis_gcc.h ****  */
 123:Drivers/CMSIS/Include/cmsis_gcc.h **** 
 124:Drivers/CMSIS/Include/cmsis_gcc.h **** /**
 125:Drivers/CMSIS/Include/cmsis_gcc.h ****   \brief   Enable IRQ Interrupts
 126:Drivers/CMSIS/Include/cmsis_gcc.h ****   \details Enables IRQ interrupts by clearing the I-bit in the CPSR.
 127:Drivers/CMSIS/Include/cmsis_gcc.h ****            Can only be executed in Privileged modes.
ARM GAS  /tmp/ccr2CDnY.s 			page 10


 128:Drivers/CMSIS/Include/cmsis_gcc.h ****  */
 129:Drivers/CMSIS/Include/cmsis_gcc.h **** __STATIC_FORCEINLINE void __enable_irq(void)
 130:Drivers/CMSIS/Include/cmsis_gcc.h **** {
 131:Drivers/CMSIS/Include/cmsis_gcc.h ****   __ASM volatile ("cpsie i" : : : "memory");
 132:Drivers/CMSIS/Include/cmsis_gcc.h **** }
 133:Drivers/CMSIS/Include/cmsis_gcc.h **** 
 134:Drivers/CMSIS/Include/cmsis_gcc.h **** 
 135:Drivers/CMSIS/Include/cmsis_gcc.h **** /**
 136:Drivers/CMSIS/Include/cmsis_gcc.h ****   \brief   Disable IRQ Interrupts
 137:Drivers/CMSIS/Include/cmsis_gcc.h ****   \details Disables IRQ interrupts by setting the I-bit in the CPSR.
 138:Drivers/CMSIS/Include/cmsis_gcc.h ****            Can only be executed in Privileged modes.
 139:Drivers/CMSIS/Include/cmsis_gcc.h ****  */
 140:Drivers/CMSIS/Include/cmsis_gcc.h **** __STATIC_FORCEINLINE void __disable_irq(void)
 194              		.loc 2 140 27 view .LVU49
 195              	.LBB9:
 141:Drivers/CMSIS/Include/cmsis_gcc.h **** {
 142:Drivers/CMSIS/Include/cmsis_gcc.h ****   __ASM volatile ("cpsid i" : : : "memory");
 196              		.loc 2 142 3 view .LVU50
 197              		.syntax unified
 198              	@ 142 "Drivers/CMSIS/Include/cmsis_gcc.h" 1
 199 0000 72B6     		cpsid i
 200              	@ 0 "" 2
 201              		.thumb
 202              		.syntax unified
 203              	.L6:
 204              	.LBE9:
 205              	.LBE8:
 197:Core/Src/main.c ****   while (1)
 206              		.loc 1 197 3 view .LVU51
 198:Core/Src/main.c ****   {
 199:Core/Src/main.c ****   }
 207              		.loc 1 199 3 view .LVU52
 197:Core/Src/main.c ****   while (1)
 208              		.loc 1 197 9 view .LVU53
 209 0002 FEE7     		b	.L6
 210              		.cfi_endproc
 211              	.LFE68:
 213              		.section	.text.SystemClock_Config,"ax",%progbits
 214              		.align	1
 215              		.global	SystemClock_Config
 216              		.syntax unified
 217              		.thumb
 218              		.thumb_func
 220              	SystemClock_Config:
 221              	.LFB66:
 109:Core/Src/main.c ****   RCC_OscInitTypeDef RCC_OscInitStruct = {0};
 222              		.loc 1 109 1 view -0
 223              		.cfi_startproc
 224              		@ args = 0, pretend = 0, frame = 64
 225              		@ frame_needed = 0, uses_anonymous_args = 0
 226 0000 10B5     		push	{r4, lr}
 227              		.cfi_def_cfa_offset 8
 228              		.cfi_offset 4, -8
 229              		.cfi_offset 14, -4
 230 0002 90B0     		sub	sp, sp, #64
 231              		.cfi_def_cfa_offset 72
 110:Core/Src/main.c ****   RCC_ClkInitTypeDef RCC_ClkInitStruct = {0};
ARM GAS  /tmp/ccr2CDnY.s 			page 11


 232              		.loc 1 110 3 view .LVU55
 110:Core/Src/main.c ****   RCC_ClkInitTypeDef RCC_ClkInitStruct = {0};
 233              		.loc 1 110 22 is_stmt 0 view .LVU56
 234 0004 06AC     		add	r4, sp, #24
 235 0006 2822     		movs	r2, #40
 236 0008 0021     		movs	r1, #0
 237 000a 2046     		mov	r0, r4
 238 000c FFF7FEFF 		bl	memset
 239              	.LVL5:
 111:Core/Src/main.c **** 
 240              		.loc 1 111 3 is_stmt 1 view .LVU57
 111:Core/Src/main.c **** 
 241              		.loc 1 111 22 is_stmt 0 view .LVU58
 242 0010 0023     		movs	r3, #0
 243 0012 0193     		str	r3, [sp, #4]
 244 0014 0293     		str	r3, [sp, #8]
 245 0016 0393     		str	r3, [sp, #12]
 246 0018 0493     		str	r3, [sp, #16]
 247 001a 0593     		str	r3, [sp, #20]
 116:Core/Src/main.c ****   RCC_OscInitStruct.HSEState = RCC_HSE_ON;
 248              		.loc 1 116 3 is_stmt 1 view .LVU59
 116:Core/Src/main.c ****   RCC_OscInitStruct.HSEState = RCC_HSE_ON;
 249              		.loc 1 116 36 is_stmt 0 view .LVU60
 250 001c 0122     		movs	r2, #1
 251 001e 0692     		str	r2, [sp, #24]
 117:Core/Src/main.c ****   RCC_OscInitStruct.HSEPredivValue = RCC_HSE_PREDIV_DIV1;
 252              		.loc 1 117 3 is_stmt 1 view .LVU61
 117:Core/Src/main.c ****   RCC_OscInitStruct.HSEPredivValue = RCC_HSE_PREDIV_DIV1;
 253              		.loc 1 117 30 is_stmt 0 view .LVU62
 254 0020 4FF48033 		mov	r3, #65536
 255 0024 0793     		str	r3, [sp, #28]
 118:Core/Src/main.c ****   RCC_OscInitStruct.HSIState = RCC_HSI_ON;
 256              		.loc 1 118 3 is_stmt 1 view .LVU63
 119:Core/Src/main.c ****   RCC_OscInitStruct.PLL.PLLState = RCC_PLL_ON;
 257              		.loc 1 119 3 view .LVU64
 119:Core/Src/main.c ****   RCC_OscInitStruct.PLL.PLLState = RCC_PLL_ON;
 258              		.loc 1 119 30 is_stmt 0 view .LVU65
 259 0026 0A92     		str	r2, [sp, #40]
 120:Core/Src/main.c ****   RCC_OscInitStruct.PLL.PLLSource = RCC_PLLSOURCE_HSE;
 260              		.loc 1 120 3 is_stmt 1 view .LVU66
 120:Core/Src/main.c ****   RCC_OscInitStruct.PLL.PLLSource = RCC_PLLSOURCE_HSE;
 261              		.loc 1 120 34 is_stmt 0 view .LVU67
 262 0028 0222     		movs	r2, #2
 263 002a 0D92     		str	r2, [sp, #52]
 121:Core/Src/main.c ****   RCC_OscInitStruct.PLL.PLLMUL = RCC_PLL_MUL9;
 264              		.loc 1 121 3 is_stmt 1 view .LVU68
 121:Core/Src/main.c ****   RCC_OscInitStruct.PLL.PLLMUL = RCC_PLL_MUL9;
 265              		.loc 1 121 35 is_stmt 0 view .LVU69
 266 002c 0E93     		str	r3, [sp, #56]
 122:Core/Src/main.c ****   if (HAL_RCC_OscConfig(&RCC_OscInitStruct) != HAL_OK)
 267              		.loc 1 122 3 is_stmt 1 view .LVU70
 122:Core/Src/main.c ****   if (HAL_RCC_OscConfig(&RCC_OscInitStruct) != HAL_OK)
 268              		.loc 1 122 32 is_stmt 0 view .LVU71
 269 002e 4FF4E013 		mov	r3, #1835008
 270 0032 0F93     		str	r3, [sp, #60]
 123:Core/Src/main.c ****   {
 271              		.loc 1 123 3 is_stmt 1 view .LVU72
ARM GAS  /tmp/ccr2CDnY.s 			page 12


 123:Core/Src/main.c ****   {
 272              		.loc 1 123 7 is_stmt 0 view .LVU73
 273 0034 2046     		mov	r0, r4
 274 0036 FFF7FEFF 		bl	HAL_RCC_OscConfig
 275              	.LVL6:
 123:Core/Src/main.c ****   {
 276              		.loc 1 123 6 discriminator 1 view .LVU74
 277 003a 78B9     		cbnz	r0, .L11
 130:Core/Src/main.c ****                               |RCC_CLOCKTYPE_PCLK1|RCC_CLOCKTYPE_PCLK2;
 278              		.loc 1 130 3 is_stmt 1 view .LVU75
 130:Core/Src/main.c ****                               |RCC_CLOCKTYPE_PCLK1|RCC_CLOCKTYPE_PCLK2;
 279              		.loc 1 130 31 is_stmt 0 view .LVU76
 280 003c 0F23     		movs	r3, #15
 281 003e 0193     		str	r3, [sp, #4]
 132:Core/Src/main.c ****   RCC_ClkInitStruct.AHBCLKDivider = RCC_SYSCLK_DIV1;
 282              		.loc 1 132 3 is_stmt 1 view .LVU77
 132:Core/Src/main.c ****   RCC_ClkInitStruct.AHBCLKDivider = RCC_SYSCLK_DIV1;
 283              		.loc 1 132 34 is_stmt 0 view .LVU78
 284 0040 0221     		movs	r1, #2
 285 0042 0291     		str	r1, [sp, #8]
 133:Core/Src/main.c ****   RCC_ClkInitStruct.APB1CLKDivider = RCC_HCLK_DIV2;
 286              		.loc 1 133 3 is_stmt 1 view .LVU79
 133:Core/Src/main.c ****   RCC_ClkInitStruct.APB1CLKDivider = RCC_HCLK_DIV2;
 287              		.loc 1 133 35 is_stmt 0 view .LVU80
 288 0044 0023     		movs	r3, #0
 289 0046 0393     		str	r3, [sp, #12]
 134:Core/Src/main.c ****   RCC_ClkInitStruct.APB2CLKDivider = RCC_HCLK_DIV1;
 290              		.loc 1 134 3 is_stmt 1 view .LVU81
 134:Core/Src/main.c ****   RCC_ClkInitStruct.APB2CLKDivider = RCC_HCLK_DIV1;
 291              		.loc 1 134 36 is_stmt 0 view .LVU82
 292 0048 4FF48062 		mov	r2, #1024
 293 004c 0492     		str	r2, [sp, #16]
 135:Core/Src/main.c **** 
 294              		.loc 1 135 3 is_stmt 1 view .LVU83
 135:Core/Src/main.c **** 
 295              		.loc 1 135 36 is_stmt 0 view .LVU84
 296 004e 0593     		str	r3, [sp, #20]
 137:Core/Src/main.c ****   {
 297              		.loc 1 137 3 is_stmt 1 view .LVU85
 137:Core/Src/main.c ****   {
 298              		.loc 1 137 7 is_stmt 0 view .LVU86
 299 0050 01A8     		add	r0, sp, #4
 300 0052 FFF7FEFF 		bl	HAL_RCC_ClockConfig
 301              	.LVL7:
 137:Core/Src/main.c ****   {
 302              		.loc 1 137 6 discriminator 1 view .LVU87
 303 0056 18B9     		cbnz	r0, .L12
 141:Core/Src/main.c **** 
 304              		.loc 1 141 1 view .LVU88
 305 0058 10B0     		add	sp, sp, #64
 306              		.cfi_remember_state
 307              		.cfi_def_cfa_offset 8
 308              		@ sp needed
 309 005a 10BD     		pop	{r4, pc}
 310              	.L11:
 311              		.cfi_restore_state
 125:Core/Src/main.c ****   }
ARM GAS  /tmp/ccr2CDnY.s 			page 13


 312              		.loc 1 125 5 is_stmt 1 view .LVU89
 313 005c FFF7FEFF 		bl	Error_Handler
 314              	.LVL8:
 315              	.L12:
 139:Core/Src/main.c ****   }
 316              		.loc 1 139 5 view .LVU90
 317 0060 FFF7FEFF 		bl	Error_Handler
 318              	.LVL9:
 319              		.cfi_endproc
 320              	.LFE66:
 322              		.section	.text.main,"ax",%progbits
 323              		.align	1
 324              		.global	main
 325              		.syntax unified
 326              		.thumb
 327              		.thumb_func
 329              	main:
 330              	.LFB65:
  65:Core/Src/main.c **** 
 331              		.loc 1 65 1 view -0
 332              		.cfi_startproc
 333              		@ Volatile: function does not return.
 334              		@ args = 0, pretend = 0, frame = 0
 335              		@ frame_needed = 0, uses_anonymous_args = 0
 336 0000 08B5     		push	{r3, lr}
 337              		.cfi_def_cfa_offset 8
 338              		.cfi_offset 3, -8
 339              		.cfi_offset 14, -4
  74:Core/Src/main.c **** 
 340              		.loc 1 74 3 view .LVU92
 341 0002 FFF7FEFF 		bl	HAL_Init
 342              	.LVL10:
  81:Core/Src/main.c **** 
 343              		.loc 1 81 3 view .LVU93
 344 0006 FFF7FEFF 		bl	SystemClock_Config
 345              	.LVL11:
  88:Core/Src/main.c ****   /* USER CODE BEGIN 2 */
 346              		.loc 1 88 3 view .LVU94
 347 000a FFF7FEFF 		bl	MX_GPIO_Init
 348              	.LVL12:
 349              	.L14:
  95:Core/Src/main.c ****   {
 350              		.loc 1 95 3 view .LVU95
 100:Core/Src/main.c ****   /* USER CODE END 3 */
 351              		.loc 1 100 3 view .LVU96
  95:Core/Src/main.c ****   {
 352              		.loc 1 95 9 view .LVU97
 353 000e FEE7     		b	.L14
 354              		.cfi_endproc
 355              	.LFE65:
 357              		.text
 358              	.Letext0:
 359              		.file 3 "Drivers/CMSIS/Device/ST/STM32F1xx/Include/stm32f103xb.h"
 360              		.file 4 "/usr/arm-none-eabi/include/machine/_default_types.h"
 361              		.file 5 "/usr/arm-none-eabi/include/sys/_stdint.h"
 362              		.file 6 "Drivers/STM32F1xx_HAL_Driver/Inc/stm32f1xx_hal_def.h"
 363              		.file 7 "Drivers/STM32F1xx_HAL_Driver/Inc/stm32f1xx_hal_rcc.h"
ARM GAS  /tmp/ccr2CDnY.s 			page 14


 364              		.file 8 "Drivers/STM32F1xx_HAL_Driver/Inc/stm32f1xx_hal_rcc_ex.h"
 365              		.file 9 "Drivers/STM32F1xx_HAL_Driver/Inc/stm32f1xx_hal_gpio.h"
 366              		.file 10 "Drivers/STM32F1xx_HAL_Driver/Inc/stm32f1xx_hal_cortex.h"
 367              		.file 11 "Drivers/STM32F1xx_HAL_Driver/Inc/stm32f1xx_hal.h"
 368              		.file 12 "<built-in>"
ARM GAS  /tmp/ccr2CDnY.s 			page 15


DEFINED SYMBOLS
                            *ABS*:00000000 main.c
     /tmp/ccr2CDnY.s:19     .text.MX_GPIO_Init:00000000 $t
     /tmp/ccr2CDnY.s:24     .text.MX_GPIO_Init:00000000 MX_GPIO_Init
     /tmp/ccr2CDnY.s:168    .text.MX_GPIO_Init:000000a4 $d
     /tmp/ccr2CDnY.s:176    .text.Error_Handler:00000000 $t
     /tmp/ccr2CDnY.s:182    .text.Error_Handler:00000000 Error_Handler
     /tmp/ccr2CDnY.s:214    .text.SystemClock_Config:00000000 $t
     /tmp/ccr2CDnY.s:220    .text.SystemClock_Config:00000000 SystemClock_Config
     /tmp/ccr2CDnY.s:323    .text.main:00000000 $t
     /tmp/ccr2CDnY.s:329    .text.main:00000000 main

UNDEFINED SYMBOLS
HAL_GPIO_WritePin
HAL_GPIO_Init
HAL_NVIC_SetPriority
HAL_NVIC_EnableIRQ
memset
HAL_RCC_OscConfig
HAL_RCC_ClockConfig
HAL_Init
